Godot Engine v4.6.1.stable.official.14d19694e - https://godotengine.org

---  GUT  ---
[1m[INFO]:  [0musing [/Users/aisa/Library/Application Support/Godot/app_userdata/Detective Investigation] for temporary output.
Godot version:  4.6.1
GUT version:  9.6.0
[4m

res://tests/unit/data/test_resource_classes.gd
[0m* test_evidence_from_dict_full
* test_evidence_from_dict_defaults
* test_evidence_validate_invalid_discovery_method
* test_evidence_validate_missing_id
* test_evidence_validate_derived_from_cannot_reference_self
* test_evidence_validate_lab_analysis_results_cannot_reference_self
* test_evidence_validate_lab_analysis_results_cannot_duplicate_ids
* test_evidence_validate_invalid_weight
* test_evidence_weight_and_importance_level_remain_independent
* test_evidence_importance_level_legacy_names_still_parse
* test_evidence_to_dict_roundtrip
* test_person_from_dict_full
* test_person_from_dict_defaults
* test_person_validate_missing_fields
* test_person_to_dict_roundtrip
* test_relationship_from_dict
* test_relationship_validate_missing_person_b
* test_relationship_to_dict
* test_statement_from_dict_full
* test_statement_validate_missing_fields
* test_statement_to_dict_roundtrip
* test_event_from_dict_full
* test_event_validate_missing_day
* test_event_to_dict_roundtrip
* test_location_from_dict_full
* test_location_validate_missing_fields
* test_location_to_dict_roundtrip
* test_investigable_object_from_dict
* test_investigable_object_validate
* test_interrogation_topic_from_dict
* test_interrogation_topic_validate_missing_fields
* test_action_from_dict
* test_action_validate_negative_time_cost
* test_event_trigger_from_dict
* test_event_trigger_validate
* test_insight_from_dict
* test_insight_validate_empty_sources
* test_lab_request_from_dict
* test_lab_request_validate_invalid_days
* test_lab_request_validate_missing_fields
* test_surveillance_from_dict
* test_surveillance_validate_invalid_active_days
* test_case_data_from_dict_minimal
* test_case_data_validate_empty
* test_case_data_validate_invalid_days
* test_case_data_validates_nested_resources
* test_case_data_to_dict_roundtrip
* test_case_data_handles_missing_sections
* test_enum_helper_parse_valid
* test_enum_helper_parse_case_insensitive
* test_enum_helper_parse_with_whitespace
* test_enum_helper_parse_invalid_returns_default
WARNING: EnumHelper: Unknown enum value 'NONEXISTENT'
     at: push_warning (core/variant/variant_utility.cpp:1034)
     GDScript backtrace (most recent call first):
         [0] parse_enum (res://scripts/data/enum_helper.gd:25)
         [1] test_enum_helper_parse_invalid_returns_default (res://tests/unit/data/test_resource_classes.gd:710)
         [2] _run_test (res://addons/gut/gut.gd:615)
         [3] _test_the_scripts (res://addons/gut/gut.gd:818)
         [4] test_scripts (res://addons/gut/gut.gd:1030)
         [5] run_tests (res://addons/gut/gui/GutRunner.gd:198)
         [6] _run_tests (res://addons/gut/cli/gut_cli.gd:238)
         [7] main (res://addons/gut/cli/gut_cli.gd:284)
         [8] _init (res://addons/gut/gut_cmdln.gd:38)
[34m[ExpectedError][0mExpected push_warning error containing 'EnumHelper'.  
* test_enum_helper_parse_empty_returns_default
* test_enum_helper_to_string
* test_enum_helper_to_string_unknown
* test_enum_helper_parse_array
* test_enum_helper_array_to_strings
[1m57/57 passed.
[0m[4m

res://tests/unit/test_action_button_component.gd
[0m* test_action_button_scene_has_expected_structure
* test_action_button_uses_full_width_sizing
* test_action_button_content_margin_matches_list_button_padding
* test_action_button_action_text_export_updates_label
* test_action_button_cost_label_uses_singular_and_plural
* test_action_button_hourglass_uses_material_ligature
* test_action_button_emits_pressed_signal_on_left_click
* test_action_button_disabled_blocks_pressed_signal
* test_action_button_panel_style_has_side_expand_margins_for_shadow
* test_action_button_right_section_width_scales_with_cost_content
* test_action_button_hover_updates_background_intensity
[1m11/11 passed.
[0m[4m

res://tests/unit/test_action_system.gd
[0m* test_initial_state
WARNING: [CaseManager] Validation: EvidenceData: discovery_method is required for evidence 'ev_required'
     at: push_warning (core/variant/variant_utility.cpp:1034)
     GDScript backtrace (most recent call first):
         [0] load_case (res://scripts/managers/case_manager.gd:114)
         [1] before_each (res://tests/unit/test_action_system.gd:183)
         [2] _run_test (res://addons/gut/gut.gd:605)
         [3] _test_the_scripts (res://addons/gut/gut.gd:818)
WARNING: [CaseManager] Validation: EvidenceData: discovery_method is required for evidence 'ev_result'
     at: push_warning (core/variant/variant_utility.cpp:1034)
     GDScript backtrace (most recent call first):
         [0] load_case (res://scripts/managers/case_manager.gd:114)
         [1] before_each (res://tests/unit/test_action_system.gd:183)
         [2] _run_test (res://addons/gut/gut.gd:605)
         [3] _test_the_scripts (res://addons/gut/gut.gd:818)
* test_reset_clears_state
WARNING: [CaseManager] Validation: EvidenceData: discovery_method is required for evidence 'ev_required'
     at: push_warning (core/variant/variant_utility.cpp:1034)
     GDScript backtrace (most recent call first):
         [0] load_case (res://scripts/managers/case_manager.gd:114)
         [1] before_each (res://tests/unit/test_action_system.gd:183)
         [2] _run_test (res://addons/gut/gut.gd:605)
         [3] _test_the_scripts (res://addons/gut/gut.gd:818)
WARNING: [CaseManager] Validation: EvidenceData: discovery_method is required for evidence 'ev_result'
     at: push_warning (core/variant/variant_utility.cpp:1034)
     GDScript backtrace (most recent call first):
         [0] load_case (res://scripts/managers/case_manager.gd:114)
         [1] before_each (res://tests/unit/test_action_system.gd:183)
         [2] _run_test (res://addons/gut/gut.gd:605)
         [3] _test_the_scripts (res://addons/gut/gut.gd:818)
* test_available_action_with_no_requirements
WARNING: [CaseManager] Validation: EvidenceData: discovery_method is required for evidence 'ev_required'
     at: push_warning (core/variant/variant_utility.cpp:1034)
     GDScript backtrace (most recent call first):
         [0] load_case (res://scripts/managers/case_manager.gd:114)
         [1] before_each (res://tests/unit/test_action_system.gd:183)
         [2] _run_test (res://addons/gut/gut.gd:605)
         [3] _test_the_scripts (res://addons/gut/gut.gd:818)
WARNING: [CaseManager] Validation: EvidenceData: discovery_method is required for evidence 'ev_result'
     at: push_warning (core/variant/variant_utility.cpp:1034)
     GDScript backtrace (most recent call first):
         [0] load_case (res://scripts/managers/case_manager.gd:114)
         [1] before_each (res://tests/unit/test_action_system.gd:183)
         [2] _run_test (res://addons/gut/gut.gd:605)
         [3] _test_the_scripts (res://addons/gut/gut.gd:818)
* test_unavailable_action_missing_evidence
WARNING: [CaseManager] Validation: EvidenceData: discovery_method is required for evidence 'ev_required'
     at: push_warning (core/variant/variant_utility.cpp:1034)
     GDScript backtrace (most recent call first):
         [0] load_case (res://scripts/managers/case_manager.gd:114)
         [1] before_each (res://tests/unit/test_action_system.gd:183)
         [2] _run_test (res://addons/gut/gut.gd:605)
         [3] _test_the_scripts (res://addons/gut/gut.gd:818)
WARNING: [CaseManager] Validation: EvidenceData: discovery_method is required for evidence 'ev_result'
     at: push_warning (core/variant/variant_utility.cpp:1034)
     GDScript backtrace (most recent call first):
         [0] load_case (res://scripts/managers/case_manager.gd:114)
         [1] before_each (res://tests/unit/test_action_system.gd:183)
         [2] _run_test (res://addons/gut/gut.gd:605)
         [3] _test_the_scripts (res://addons/gut/gut.gd:818)
* test_available_action_with_evidence_met
WARNING: [CaseManager] Validation: EvidenceData: discovery_method is required for evidence 'ev_required'
     at: push_warning (core/variant/variant_utility.cpp:1034)
     GDScript backtrace (most recent call first):
         [0] load_case (res://scripts/managers/case_manager.gd:114)
         [1] before_each (res://tests/unit/test_action_system.gd:183)
         [2] _run_test (res://addons/gut/gut.gd:605)
         [3] _test_the_scripts (res://addons/gut/gut.gd:818)
WARNING: [CaseManager] Validation: EvidenceData: discovery_method is required for evidence 'ev_result'
     at: push_warning (core/variant/variant_utility.cpp:1034)
     GDScript backtrace (most recent call first):
         [0] load_case (res://scripts/managers/case_manager.gd:114)
         [1] before_each (res://tests/unit/test_action_system.gd:183)
         [2] _run_test (res://addons/gut/gut.gd:605)
         [3] _test_the_scripts (res://addons/gut/gut.gd:818)
* test_unavailable_action_missing_warrant
WARNING: [CaseManager] Validation: EvidenceData: discovery_method is required for evidence 'ev_required'
     at: push_warning (core/variant/variant_utility.cpp:1034)
     GDScript backtrace (most recent call first):
         [0] load_case (res://scripts/managers/case_manager.gd:114)
         [1] before_each (res://tests/unit/test_action_system.gd:183)
         [2] _run_test (res://addons/gut/gut.gd:605)
         [3] _test_the_scripts (res://addons/gut/gut.gd:818)
WARNING: [CaseManager] Validation: EvidenceData: discovery_method is required for evidence 'ev_result'
     at: push_warning (core/variant/variant_utility.cpp:1034)
     GDScript backtrace (most recent call first):
         [0] load_case (res://scripts/managers/case_manager.gd:114)
         [1] before_each (res://tests/unit/test_action_system.gd:183)
         [2] _run_test (res://addons/gut/gut.gd:605)
         [3] _test_the_scripts (res://addons/gut/gut.gd:818)
* test_available_action_with_warrant_met
WARNING: [CaseManager] Validation: EvidenceData: discovery_method is required for evidence 'ev_required'
     at: push_warning (core/variant/variant_utility.cpp:1034)
     GDScript backtrace (most recent call first):
         [0] load_case (res://scripts/managers/case_manager.gd:114)
         [1] before_each (res://tests/unit/test_action_system.gd:183)
         [2] _run_test (res://addons/gut/gut.gd:605)
         [3] _test_the_scripts (res://addons/gut/gut.gd:818)
WARNING: [CaseManager] Validation: EvidenceData: discovery_method is required for evidence 'ev_result'
     at: push_warning (core/variant/variant_utility.cpp:1034)
     GDScript backtrace (most recent call first):
         [0] load_case (res://scripts/managers/case_manager.gd:114)
         [1] before_each (res://tests/unit/test_action_system.gd:183)
         [2] _run_test (res://addons/gut/gut.gd:605)
         [3] _test_the_scripts (res://addons/gut/gut.gd:818)
* test_unavailable_during_morning
WARNING: [CaseManager] Validation: EvidenceData: discovery_method is required for evidence 'ev_required'
     at: push_warning (core/variant/variant_utility.cpp:1034)
     GDScript backtrace (most recent call first):
         [0] load_case (res://scripts/managers/case_manager.gd:114)
         [1] before_each (res://tests/unit/test_action_system.gd:183)
         [2] _run_test (res://addons/gut/gut.gd:605)
         [3] _test_the_scripts (res://addons/gut/gut.gd:818)
WARNING: [CaseManager] Validation: EvidenceData: discovery_method is required for evidence 'ev_result'
     at: push_warning (core/variant/variant_utility.cpp:1034)
     GDScript backtrace (most recent call first):
         [0] load_case (res://scripts/managers/case_manager.gd:114)
         [1] before_each (res://tests/unit/test_action_system.gd:183)
         [2] _run_test (res://addons/gut/gut.gd:605)
         [3] _test_the_scripts (res://addons/gut/gut.gd:818)
* test_unavailable_during_night
WARNING: [CaseManager] Validation: EvidenceData: discovery_method is required for evidence 'ev_required'
     at: push_warning (core/variant/variant_utility.cpp:1034)
     GDScript backtrace (most recent call first):
         [0] load_case (res://scripts/managers/case_manager.gd:114)
         [1] before_each (res://tests/unit/test_action_system.gd:183)
         [2] _run_test (res://addons/gut/gut.gd:605)
         [3] _test_the_scripts (res://addons/gut/gut.gd:818)
WARNING: [CaseManager] Validation: EvidenceData: discovery_method is required for evidence 'ev_result'
     at: push_warning (core/variant/variant_utility.cpp:1034)
     GDScript backtrace (most recent call first):
         [0] load_case (res://scripts/managers/case_manager.gd:114)
         [1] before_each (res://tests/unit/test_action_system.gd:183)
         [2] _run_test (res://addons/gut/gut.gd:605)
         [3] _test_the_scripts (res://addons/gut/gut.gd:818)
* test_available_during_daytime
WARNING: [CaseManager] Validation: EvidenceData: discovery_method is required for evidence 'ev_required'
     at: push_warning (core/variant/variant_utility.cpp:1034)
     GDScript backtrace (most recent call first):
         [0] load_case (res://scripts/managers/case_manager.gd:114)
         [1] before_each (res://tests/unit/test_action_system.gd:183)
         [2] _run_test (res://addons/gut/gut.gd:605)
         [3] _test_the_scripts (res://addons/gut/gut.gd:818)
WARNING: [CaseManager] Validation: EvidenceData: discovery_method is required for evidence 'ev_result'
     at: push_warning (core/variant/variant_utility.cpp:1034)
     GDScript backtrace (most recent call first):
         [0] load_case (res://scripts/managers/case_manager.gd:114)
         [1] before_each (res://tests/unit/test_action_system.gd:183)
         [2] _run_test (res://addons/gut/gut.gd:605)
         [3] _test_the_scripts (res://addons/gut/gut.gd:818)
* test_passive_action_no_slot_check
WARNING: [CaseManager] Validation: EvidenceData: discovery_method is required for evidence 'ev_required'
     at: push_warning (core/variant/variant_utility.cpp:1034)
     GDScript backtrace (most recent call first):
         [0] load_case (res://scripts/managers/case_manager.gd:114)
         [1] before_each (res://tests/unit/test_action_system.gd:183)
         [2] _run_test (res://addons/gut/gut.gd:605)
         [3] _test_the_scripts (res://addons/gut/gut.gd:818)
WARNING: [CaseManager] Validation: EvidenceData: discovery_method is required for evidence 'ev_result'
     at: push_warning (core/variant/variant_utility.cpp:1034)
     GDScript backtrace (most recent call first):
         [0] load_case (res://scripts/managers/case_manager.gd:114)
         [1] before_each (res://tests/unit/test_action_system.gd:183)
         [2] _run_test (res://addons/gut/gut.gd:605)
         [3] _test_the_scripts (res://addons/gut/gut.gd:818)
* test_unavailable_when_no_actions_remaining
WARNING: [CaseManager] Validation: EvidenceData: discovery_method is required for evidence 'ev_required'
     at: push_warning (core/variant/variant_utility.cpp:1034)
     GDScript backtrace (most recent call first):
         [0] load_case (res://scripts/managers/case_manager.gd:114)
         [1] before_each (res://tests/unit/test_action_system.gd:183)
         [2] _run_test (res://addons/gut/gut.gd:605)
         [3] _test_the_scripts (res://addons/gut/gut.gd:818)
WARNING: [CaseManager] Validation: EvidenceData: discovery_method is required for evidence 'ev_result'
     at: push_warning (core/variant/variant_utility.cpp:1034)
     GDScript backtrace (most recent call first):
         [0] load_case (res://scripts/managers/case_manager.gd:114)
         [1] before_each (res://tests/unit/test_action_system.gd:183)
         [2] _run_test (res://addons/gut/gut.gd:605)
         [3] _test_the_scripts (res://addons/gut/gut.gd:818)
* test_passive_action_available_when_no_actions_remaining
WARNING: [CaseManager] Validation: EvidenceData: discovery_method is required for evidence 'ev_required'
     at: push_warning (core/variant/variant_utility.cpp:1034)
     GDScript backtrace (most recent call first):
         [0] load_case (res://scripts/managers/case_manager.gd:114)
         [1] before_each (res://tests/unit/test_action_system.gd:183)
         [2] _run_test (res://addons/gut/gut.gd:605)
         [3] _test_the_scripts (res://addons/gut/gut.gd:818)
WARNING: [CaseManager] Validation: EvidenceData: discovery_method is required for evidence 'ev_result'
     at: push_warning (core/variant/variant_utility.cpp:1034)
     GDScript backtrace (most recent call first):
         [0] load_case (res://scripts/managers/case_manager.gd:114)
         [1] before_each (res://tests/unit/test_action_system.gd:183)
         [2] _run_test (res://addons/gut/gut.gd:605)
         [3] _test_the_scripts (res://addons/gut/gut.gd:818)
* test_nonexistent_action
WARNING: [CaseManager] Validation: EvidenceData: discovery_method is required for evidence 'ev_required'
     at: push_warning (core/variant/variant_utility.cpp:1034)
     GDScript backtrace (most recent call first):
         [0] load_case (res://scripts/managers/case_manager.gd:114)
         [1] before_each (res://tests/unit/test_action_system.gd:183)
         [2] _run_test (res://addons/gut/gut.gd:605)
         [3] _test_the_scripts (res://addons/gut/gut.gd:818)
WARNING: [CaseManager] Validation: EvidenceData: discovery_method is required for evidence 'ev_result'
     at: push_warning (core/variant/variant_utility.cpp:1034)
     GDScript backtrace (most recent call first):
         [0] load_case (res://scripts/managers/case_manager.gd:114)
         [1] before_each (res://tests/unit/test_action_system.gd:183)
         [2] _run_test (res://addons/gut/gut.gd:605)
         [3] _test_the_scripts (res://addons/gut/gut.gd:818)
* test_action_completed_requirement
WARNING: [CaseManager] Validation: EvidenceData: discovery_method is required for evidence 'ev_required'
     at: push_warning (core/variant/variant_utility.cpp:1034)
     GDScript backtrace (most recent call first):
         [0] load_case (res://scripts/managers/case_manager.gd:114)
         [1] before_each (res://tests/unit/test_action_system.gd:183)
         [2] _run_test (res://addons/gut/gut.gd:605)
         [3] _test_the_scripts (res://addons/gut/gut.gd:818)
WARNING: [CaseManager] Validation: EvidenceData: discovery_method is required for evidence 'ev_result'
     at: push_warning (core/variant/variant_utility.cpp:1034)
     GDScript backtrace (most recent call first):
         [0] load_case (res://scripts/managers/case_manager.gd:114)
         [1] before_each (res://tests/unit/test_action_system.gd:183)
         [2] _run_test (res://addons/gut/gut.gd:605)
         [3] _test_the_scripts (res://addons/gut/gut.gd:818)
* test_day_requirement
WARNING: [CaseManager] Validation: EvidenceData: discovery_method is required for evidence 'ev_required'
     at: push_warning (core/variant/variant_utility.cpp:1034)
     GDScript backtrace (most recent call first):
         [0] load_case (res://scripts/managers/case_manager.gd:114)
         [1] before_each (res://tests/unit/test_action_system.gd:183)
         [2] _run_test (res://addons/gut/gut.gd:605)
         [3] _test_the_scripts (res://addons/gut/gut.gd:818)
WARNING: [CaseManager] Validation: EvidenceData: discovery_method is required for evidence 'ev_result'
     at: push_warning (core/variant/variant_utility.cpp:1034)
     GDScript backtrace (most recent call first):
         [0] load_case (res://scripts/managers/case_manager.gd:114)
         [1] before_each (res://tests/unit/test_action_system.gd:183)
         [2] _run_test (res://addons/gut/gut.gd:605)
         [3] _test_the_scripts (res://addons/gut/gut.gd:818)
* test_interrogation_limit_check
WARNING: [CaseManager] Validation: EvidenceData: discovery_method is required for evidence 'ev_required'
     at: push_warning (core/variant/variant_utility.cpp:1034)
     GDScript backtrace (most recent call first):
         [0] load_case (res://scripts/managers/case_manager.gd:114)
         [1] before_each (res://tests/unit/test_action_system.gd:183)
         [2] _run_test (res://addons/gut/gut.gd:605)
         [3] _test_the_scripts (res://addons/gut/gut.gd:818)
WARNING: [CaseManager] Validation: EvidenceData: discovery_method is required for evidence 'ev_result'
     at: push_warning (core/variant/variant_utility.cpp:1034)
     GDScript backtrace (most recent call first):
         [0] load_case (res://scripts/managers/case_manager.gd:114)
         [1] before_each (res://tests/unit/test_action_system.gd:183)
         [2] _run_test (res://addons/gut/gut.gd:605)
         [3] _test_the_scripts (res://addons/gut/gut.gd:818)
* test_get_available_actions_filters_correctly
WARNING: [CaseManager] Validation: EvidenceData: discovery_method is required for evidence 'ev_required'
     at: push_warning (core/variant/variant_utility.cpp:1034)
     GDScript backtrace (most recent call first):
         [0] load_case (res://scripts/managers/case_manager.gd:114)
         [1] before_each (res://tests/unit/test_action_system.gd:183)
         [2] _run_test (res://addons/gut/gut.gd:605)
         [3] _test_the_scripts (res://addons/gut/gut.gd:818)
WARNING: [CaseManager] Validation: EvidenceData: discovery_method is required for evidence 'ev_result'
     at: push_warning (core/variant/variant_utility.cpp:1034)
     GDScript backtrace (most recent call first):
         [0] load_case (res://scripts/managers/case_manager.gd:114)
         [1] before_each (res://tests/unit/test_action_system.gd:183)
         [2] _run_test (res://addons/gut/gut.gd:605)
         [3] _test_the_scripts (res://addons/gut/gut.gd:818)
* test_get_passive_actions
WARNING: [CaseManager] Validation: EvidenceData: discovery_method is required for evidence 'ev_required'
     at: push_warning (core/variant/variant_utility.cpp:1034)
     GDScript backtrace (most recent call first):
         [0] load_case (res://scripts/managers/case_manager.gd:114)
         [1] before_each (res://tests/unit/test_action_system.gd:183)
         [2] _run_test (res://addons/gut/gut.gd:605)
         [3] _test_the_scripts (res://addons/gut/gut.gd:818)
WARNING: [CaseManager] Validation: EvidenceData: discovery_method is required for evidence 'ev_result'
     at: push_warning (core/variant/variant_utility.cpp:1034)
     GDScript backtrace (most recent call first):
         [0] load_case (res://scripts/managers/case_manager.gd:114)
         [1] before_each (res://tests/unit/test_action_system.gd:183)
         [2] _run_test (res://addons/gut/gut.gd:605)
         [3] _test_the_scripts (res://addons/gut/gut.gd:818)
* test_execute_major_action_succeeds
WARNING: [CaseManager] Validation: EvidenceData: discovery_method is required for evidence 'ev_required'
     at: push_warning (core/variant/variant_utility.cpp:1034)
     GDScript backtrace (most recent call first):
         [0] load_case (res://scripts/managers/case_manager.gd:114)
         [1] before_each (res://tests/unit/test_action_system.gd:183)
         [2] _run_test (res://addons/gut/gut.gd:605)
         [3] _test_the_scripts (res://addons/gut/gut.gd:818)
WARNING: [CaseManager] Validation: EvidenceData: discovery_method is required for evidence 'ev_result'
     at: push_warning (core/variant/variant_utility.cpp:1034)
     GDScript backtrace (most recent call first):
         [0] load_case (res://scripts/managers/case_manager.gd:114)
         [1] before_each (res://tests/unit/test_action_system.gd:183)
         [2] _run_test (res://addons/gut/gut.gd:605)
         [3] _test_the_scripts (res://addons/gut/gut.gd:818)
* test_execute_action_tracks_execution
WARNING: [CaseManager] Validation: EvidenceData: discovery_method is required for evidence 'ev_required'
     at: push_warning (core/variant/variant_utility.cpp:1034)
     GDScript backtrace (most recent call first):
         [0] load_case (res://scripts/managers/case_manager.gd:114)
         [1] before_each (res://tests/unit/test_action_system.gd:183)
         [2] _run_test (res://addons/gut/gut.gd:605)
         [3] _test_the_scripts (res://addons/gut/gut.gd:818)
WARNING: [CaseManager] Validation: EvidenceData: discovery_method is required for evidence 'ev_result'
     at: push_warning (core/variant/variant_utility.cpp:1034)
     GDScript backtrace (most recent call first):
         [0] load_case (res://scripts/managers/case_manager.gd:114)
         [1] before_each (res://tests/unit/test_action_system.gd:183)
         [2] _run_test (res://addons/gut/gut.gd:605)
         [3] _test_the_scripts (res://addons/gut/gut.gd:818)
* test_execute_action_emits_signal
WARNING: [CaseManager] Validation: EvidenceData: discovery_method is required for evidence 'ev_required'
     at: push_warning (core/variant/variant_utility.cpp:1034)
     GDScript backtrace (most recent call first):
         [0] load_case (res://scripts/managers/case_manager.gd:114)
         [1] before_each (res://tests/unit/test_action_system.gd:183)
         [2] _run_test (res://addons/gut/gut.gd:605)
         [3] _test_the_scripts (res://addons/gut/gut.gd:818)
WARNING: [CaseManager] Validation: EvidenceData: discovery_method is required for evidence 'ev_result'
     at: push_warning (core/variant/variant_utility.cpp:1034)
     GDScript backtrace (most recent call first):
         [0] load_case (res://scripts/managers/case_manager.gd:114)
         [1] before_each (res://tests/unit/test_action_system.gd:183)
         [2] _run_test (res://addons/gut/gut.gd:605)
         [3] _test_the_scripts (res://addons/gut/gut.gd:818)
* test_execute_action_fails_when_unavailable
WARNING: [CaseManager] Validation: EvidenceData: discovery_method is required for evidence 'ev_required'
     at: push_warning (core/variant/variant_utility.cpp:1034)
     GDScript backtrace (most recent call first):
         [0] load_case (res://scripts/managers/case_manager.gd:114)
         [1] before_each (res://tests/unit/test_action_system.gd:183)
         [2] _run_test (res://addons/gut/gut.gd:605)
         [3] _test_the_scripts (res://addons/gut/gut.gd:818)
WARNING: [CaseManager] Validation: EvidenceData: discovery_method is required for evidence 'ev_result'
     at: push_warning (core/variant/variant_utility.cpp:1034)
     GDScript backtrace (most recent call first):
         [0] load_case (res://scripts/managers/case_manager.gd:114)
         [1] before_each (res://tests/unit/test_action_system.gd:183)
         [2] _run_test (res://addons/gut/gut.gd:605)
         [3] _test_the_scripts (res://addons/gut/gut.gd:818)
* test_execute_passive_action_no_slot_cost
WARNING: [CaseManager] Validation: EvidenceData: discovery_method is required for evidence 'ev_required'
     at: push_warning (core/variant/variant_utility.cpp:1034)
     GDScript backtrace (most recent call first):
         [0] load_case (res://scripts/managers/case_manager.gd:114)
         [1] before_each (res://tests/unit/test_action_system.gd:183)
         [2] _run_test (res://addons/gut/gut.gd:605)
         [3] _test_the_scripts (res://addons/gut/gut.gd:818)
WARNING: [CaseManager] Validation: EvidenceData: discovery_method is required for evidence 'ev_result'
     at: push_warning (core/variant/variant_utility.cpp:1034)
     GDScript backtrace (most recent call first):
         [0] load_case (res://scripts/managers/case_manager.gd:114)
         [1] before_each (res://tests/unit/test_action_system.gd:183)
         [2] _run_test (res://addons/gut/gut.gd:605)
         [3] _test_the_scripts (res://addons/gut/gut.gd:818)
* test_execute_major_action_already_completed
WARNING: [CaseManager] Validation: EvidenceData: discovery_method is required for evidence 'ev_required'
     at: push_warning (core/variant/variant_utility.cpp:1034)
     GDScript backtrace (most recent call first):
         [0] load_case (res://scripts/managers/case_manager.gd:114)
         [1] before_each (res://tests/unit/test_action_system.gd:183)
         [2] _run_test (res://addons/gut/gut.gd:605)
         [3] _test_the_scripts (res://addons/gut/gut.gd:818)
WARNING: [CaseManager] Validation: EvidenceData: discovery_method is required for evidence 'ev_result'
     at: push_warning (core/variant/variant_utility.cpp:1034)
     GDScript backtrace (most recent call first):
         [0] load_case (res://scripts/managers/case_manager.gd:114)
         [1] before_each (res://tests/unit/test_action_system.gd:183)
         [2] _run_test (res://addons/gut/gut.gd:605)
         [3] _test_the_scripts (res://addons/gut/gut.gd:818)
* test_execute_action_does_not_change_phase
WARNING: [CaseManager] Validation: EvidenceData: discovery_method is required for evidence 'ev_required'
     at: push_warning (core/variant/variant_utility.cpp:1034)
     GDScript backtrace (most recent call first):
         [0] load_case (res://scripts/managers/case_manager.gd:114)
         [1] before_each (res://tests/unit/test_action_system.gd:183)
         [2] _run_test (res://addons/gut/gut.gd:605)
         [3] _test_the_scripts (res://addons/gut/gut.gd:818)
WARNING: [CaseManager] Validation: EvidenceData: discovery_method is required for evidence 'ev_result'
     at: push_warning (core/variant/variant_utility.cpp:1034)
     GDScript backtrace (most recent call first):
         [0] load_case (res://scripts/managers/case_manager.gd:114)
         [1] before_each (res://tests/unit/test_action_system.gd:183)
         [2] _run_test (res://addons/gut/gut.gd:605)
         [3] _test_the_scripts (res://addons/gut/gut.gd:818)
* test_execute_action_records_interrogation
WARNING: [CaseManager] Validation: EvidenceData: discovery_method is required for evidence 'ev_required'
     at: push_warning (core/variant/variant_utility.cpp:1034)
     GDScript backtrace (most recent call first):
         [0] load_case (res://scripts/managers/case_manager.gd:114)
         [1] before_each (res://tests/unit/test_action_system.gd:183)
         [2] _run_test (res://addons/gut/gut.gd:605)
         [3] _test_the_scripts (res://addons/gut/gut.gd:818)
WARNING: [CaseManager] Validation: EvidenceData: discovery_method is required for evidence 'ev_result'
     at: push_warning (core/variant/variant_utility.cpp:1034)
     GDScript backtrace (most recent call first):
         [0] load_case (res://scripts/managers/case_manager.gd:114)
         [1] before_each (res://tests/unit/test_action_system.gd:183)
         [2] _run_test (res://addons/gut/gut.gd:605)
         [3] _test_the_scripts (res://addons/gut/gut.gd:818)
* test_execute_action_visits_location
WARNING: [CaseManager] Validation: EvidenceData: discovery_method is required for evidence 'ev_required'
     at: push_warning (core/variant/variant_utility.cpp:1034)
     GDScript backtrace (most recent call first):
         [0] load_case (res://scripts/managers/case_manager.gd:114)
         [1] before_each (res://tests/unit/test_action_system.gd:183)
         [2] _run_test (res://addons/gut/gut.gd:605)
         [3] _test_the_scripts (res://addons/gut/gut.gd:818)
WARNING: [CaseManager] Validation: EvidenceData: discovery_method is required for evidence 'ev_result'
     at: push_warning (core/variant/variant_utility.cpp:1034)
     GDScript backtrace (most recent call first):
         [0] load_case (res://scripts/managers/case_manager.gd:114)
         [1] before_each (res://tests/unit/test_action_system.gd:183)
         [2] _run_test (res://addons/gut/gut.gd:605)
         [3] _test_the_scripts (res://addons/gut/gut.gd:818)
* test_execute_action_logs_to_investigation_log
WARNING: [CaseManager] Validation: EvidenceData: discovery_method is required for evidence 'ev_required'
     at: push_warning (core/variant/variant_utility.cpp:1034)
     GDScript backtrace (most recent call first):
         [0] load_case (res://scripts/managers/case_manager.gd:114)
         [1] before_each (res://tests/unit/test_action_system.gd:183)
         [2] _run_test (res://addons/gut/gut.gd:605)
         [3] _test_the_scripts (res://addons/gut/gut.gd:818)
WARNING: [CaseManager] Validation: EvidenceData: discovery_method is required for evidence 'ev_result'
     at: push_warning (core/variant/variant_utility.cpp:1034)
     GDScript backtrace (most recent call first):
         [0] load_case (res://scripts/managers/case_manager.gd:114)
         [1] before_each (res://tests/unit/test_action_system.gd:183)
         [2] _run_test (res://addons/gut/gut.gd:605)
         [3] _test_the_scripts (res://addons/gut/gut.gd:818)
* test_result_evidence_discovery
WARNING: [CaseManager] Validation: EvidenceData: discovery_method is required for evidence 'ev_required'
     at: push_warning (core/variant/variant_utility.cpp:1034)
     GDScript backtrace (most recent call first):
         [0] load_case (res://scripts/managers/case_manager.gd:114)
         [1] before_each (res://tests/unit/test_action_system.gd:183)
         [2] _run_test (res://addons/gut/gut.gd:605)
         [3] _test_the_scripts (res://addons/gut/gut.gd:818)
WARNING: [CaseManager] Validation: EvidenceData: discovery_method is required for evidence 'ev_result'
     at: push_warning (core/variant/variant_utility.cpp:1034)
     GDScript backtrace (most recent call first):
         [0] load_case (res://scripts/managers/case_manager.gd:114)
         [1] before_each (res://tests/unit/test_action_system.gd:183)
         [2] _run_test (res://addons/gut/gut.gd:605)
         [3] _test_the_scripts (res://addons/gut/gut.gd:818)
* test_result_insight_discovery
WARNING: [CaseManager] Validation: EvidenceData: discovery_method is required for evidence 'ev_required'
     at: push_warning (core/variant/variant_utility.cpp:1034)
     GDScript backtrace (most recent call first):
         [0] load_case (res://scripts/managers/case_manager.gd:114)
         [1] before_each (res://tests/unit/test_action_system.gd:183)
         [2] _run_test (res://addons/gut/gut.gd:605)
         [3] _test_the_scripts (res://addons/gut/gut.gd:818)
WARNING: [CaseManager] Validation: EvidenceData: discovery_method is required for evidence 'ev_result'
     at: push_warning (core/variant/variant_utility.cpp:1034)
     GDScript backtrace (most recent call first):
         [0] load_case (res://scripts/managers/case_manager.gd:114)
         [1] before_each (res://tests/unit/test_action_system.gd:183)
         [2] _run_test (res://addons/gut/gut.gd:605)
         [3] _test_the_scripts (res://addons/gut/gut.gd:818)
* test_result_mandatory_completion
WARNING: [CaseManager] Validation: EvidenceData: discovery_method is required for evidence 'ev_required'
     at: push_warning (core/variant/variant_utility.cpp:1034)
     GDScript backtrace (most recent call first):
         [0] load_case (res://scripts/managers/case_manager.gd:114)
         [1] before_each (res://tests/unit/test_action_system.gd:183)
         [2] _run_test (res://addons/gut/gut.gd:605)
         [3] _test_the_scripts (res://addons/gut/gut.gd:818)
WARNING: [CaseManager] Validation: EvidenceData: discovery_method is required for evidence 'ev_result'
     at: push_warning (core/variant/variant_utility.cpp:1034)
     GDScript backtrace (most recent call first):
         [0] load_case (res://scripts/managers/case_manager.gd:114)
         [1] before_each (res://tests/unit/test_action_system.gd:183)
         [2] _run_test (res://addons/gut/gut.gd:605)
         [3] _test_the_scripts (res://addons/gut/gut.gd:818)
* test_result_warrant_grant
WARNING: [CaseManager] Validation: EvidenceData: discovery_method is required for evidence 'ev_required'
     at: push_warning (core/variant/variant_utility.cpp:1034)
     GDScript backtrace (most recent call first):
         [0] load_case (res://scripts/managers/case_manager.gd:114)
         [1] before_each (res://tests/unit/test_action_system.gd:183)
         [2] _run_test (res://addons/gut/gut.gd:605)
         [3] _test_the_scripts (res://addons/gut/gut.gd:818)
WARNING: [CaseManager] Validation: EvidenceData: discovery_method is required for evidence 'ev_result'
     at: push_warning (core/variant/variant_utility.cpp:1034)
     GDScript backtrace (most recent call first):
         [0] load_case (res://scripts/managers/case_manager.gd:114)
         [1] before_each (res://tests/unit/test_action_system.gd:183)
         [2] _run_test (res://addons/gut/gut.gd:605)
         [3] _test_the_scripts (res://addons/gut/gut.gd:818)
* test_result_emits_signal
WARNING: [CaseManager] Validation: EvidenceData: discovery_method is required for evidence 'ev_required'
     at: push_warning (core/variant/variant_utility.cpp:1034)
     GDScript backtrace (most recent call first):
         [0] load_case (res://scripts/managers/case_manager.gd:114)
         [1] before_each (res://tests/unit/test_action_system.gd:183)
         [2] _run_test (res://addons/gut/gut.gd:605)
         [3] _test_the_scripts (res://addons/gut/gut.gd:818)
WARNING: [CaseManager] Validation: EvidenceData: discovery_method is required for evidence 'ev_result'
     at: push_warning (core/variant/variant_utility.cpp:1034)
     GDScript backtrace (most recent call first):
         [0] load_case (res://scripts/managers/case_manager.gd:114)
         [1] before_each (res://tests/unit/test_action_system.gd:183)
         [2] _run_test (res://addons/gut/gut.gd:605)
         [3] _test_the_scripts (res://addons/gut/gut.gd:818)
* test_lab_request_creation
WARNING: [CaseManager] Validation: EvidenceData: discovery_method is required for evidence 'ev_required'
     at: push_warning (core/variant/variant_utility.cpp:1034)
     GDScript backtrace (most recent call first):
         [0] load_case (res://scripts/managers/case_manager.gd:114)
         [1] before_each (res://tests/unit/test_action_system.gd:183)
         [2] _run_test (res://addons/gut/gut.gd:605)
         [3] _test_the_scripts (res://addons/gut/gut.gd:818)
WARNING: [CaseManager] Validation: EvidenceData: discovery_method is required for evidence 'ev_result'
     at: push_warning (core/variant/variant_utility.cpp:1034)
     GDScript backtrace (most recent call first):
         [0] load_case (res://scripts/managers/case_manager.gd:114)
         [1] before_each (res://tests/unit/test_action_system.gd:183)
         [2] _run_test (res://addons/gut/gut.gd:605)
         [3] _test_the_scripts (res://addons/gut/gut.gd:818)
* test_surveillance_creation
WARNING: [CaseManager] Validation: EvidenceData: discovery_method is required for evidence 'ev_required'
     at: push_warning (core/variant/variant_utility.cpp:1034)
     GDScript backtrace (most recent call first):
         [0] load_case (res://scripts/managers/case_manager.gd:114)
         [1] before_each (res://tests/unit/test_action_system.gd:183)
         [2] _run_test (res://addons/gut/gut.gd:605)
         [3] _test_the_scripts (res://addons/gut/gut.gd:818)
WARNING: [CaseManager] Validation: EvidenceData: discovery_method is required for evidence 'ev_result'
     at: push_warning (core/variant/variant_utility.cpp:1034)
     GDScript backtrace (most recent call first):
         [0] load_case (res://scripts/managers/case_manager.gd:114)
         [1] before_each (res://tests/unit/test_action_system.gd:183)
         [2] _run_test (res://addons/gut/gut.gd:605)
         [3] _test_the_scripts (res://addons/gut/gut.gd:818)
* test_on_new_day_clears_daily_actions
WARNING: [CaseManager] Validation: EvidenceData: discovery_method is required for evidence 'ev_required'
     at: push_warning (core/variant/variant_utility.cpp:1034)
     GDScript backtrace (most recent call first):
         [0] load_case (res://scripts/managers/case_manager.gd:114)
         [1] before_each (res://tests/unit/test_action_system.gd:183)
         [2] _run_test (res://addons/gut/gut.gd:605)
         [3] _test_the_scripts (res://addons/gut/gut.gd:818)
WARNING: [CaseManager] Validation: EvidenceData: discovery_method is required for evidence 'ev_result'
     at: push_warning (core/variant/variant_utility.cpp:1034)
     GDScript backtrace (most recent call first):
         [0] load_case (res://scripts/managers/case_manager.gd:114)
         [1] before_each (res://tests/unit/test_action_system.gd:183)
         [2] _run_test (res://addons/gut/gut.gd:605)
         [3] _test_the_scripts (res://addons/gut/gut.gd:818)
* test_on_new_day_preserves_total_executed
WARNING: [CaseManager] Validation: EvidenceData: discovery_method is required for evidence 'ev_required'
     at: push_warning (core/variant/variant_utility.cpp:1034)
     GDScript backtrace (most recent call first):
         [0] load_case (res://scripts/managers/case_manager.gd:114)
         [1] before_each (res://tests/unit/test_action_system.gd:183)
         [2] _run_test (res://addons/gut/gut.gd:605)
         [3] _test_the_scripts (res://addons/gut/gut.gd:818)
WARNING: [CaseManager] Validation: EvidenceData: discovery_method is required for evidence 'ev_result'
     at: push_warning (core/variant/variant_utility.cpp:1034)
     GDScript backtrace (most recent call first):
         [0] load_case (res://scripts/managers/case_manager.gd:114)
         [1] before_each (res://tests/unit/test_action_system.gd:183)
         [2] _run_test (res://addons/gut/gut.gd:605)
         [3] _test_the_scripts (res://addons/gut/gut.gd:818)
* test_serialize_returns_dictionary
WARNING: [CaseManager] Validation: EvidenceData: discovery_method is required for evidence 'ev_required'
     at: push_warning (core/variant/variant_utility.cpp:1034)
     GDScript backtrace (most recent call first):
         [0] load_case (res://scripts/managers/case_manager.gd:114)
         [1] before_each (res://tests/unit/test_action_system.gd:183)
         [2] _run_test (res://addons/gut/gut.gd:605)
         [3] _test_the_scripts (res://addons/gut/gut.gd:818)
WARNING: [CaseManager] Validation: EvidenceData: discovery_method is required for evidence 'ev_result'
     at: push_warning (core/variant/variant_utility.cpp:1034)
     GDScript backtrace (most recent call first):
         [0] load_case (res://scripts/managers/case_manager.gd:114)
         [1] before_each (res://tests/unit/test_action_system.gd:183)
         [2] _run_test (res://addons/gut/gut.gd:605)
         [3] _test_the_scripts (res://addons/gut/gut.gd:818)
* test_deserialize_restores_state
WARNING: [CaseManager] Validation: EvidenceData: discovery_method is required for evidence 'ev_required'
     at: push_warning (core/variant/variant_utility.cpp:1034)
     GDScript backtrace (most recent call first):
         [0] load_case (res://scripts/managers/case_manager.gd:114)
         [1] before_each (res://tests/unit/test_action_system.gd:183)
         [2] _run_test (res://addons/gut/gut.gd:605)
         [3] _test_the_scripts (res://addons/gut/gut.gd:818)
WARNING: [CaseManager] Validation: EvidenceData: discovery_method is required for evidence 'ev_result'
     at: push_warning (core/variant/variant_utility.cpp:1034)
     GDScript backtrace (most recent call first):
         [0] load_case (res://scripts/managers/case_manager.gd:114)
         [1] before_each (res://tests/unit/test_action_system.gd:183)
         [2] _run_test (res://addons/gut/gut.gd:605)
         [3] _test_the_scripts (res://addons/gut/gut.gd:818)
* test_serialize_round_trip
WARNING: [CaseManager] Validation: EvidenceData: discovery_method is required for evidence 'ev_required'
     at: push_warning (core/variant/variant_utility.cpp:1034)
     GDScript backtrace (most recent call first):
         [0] load_case (res://scripts/managers/case_manager.gd:114)
         [1] before_each (res://tests/unit/test_action_system.gd:183)
         [2] _run_test (res://addons/gut/gut.gd:605)
         [3] _test_the_scripts (res://addons/gut/gut.gd:818)
WARNING: [CaseManager] Validation: EvidenceData: discovery_method is required for evidence 'ev_result'
     at: push_warning (core/variant/variant_utility.cpp:1034)
     GDScript backtrace (most recent call first):
         [0] load_case (res://scripts/managers/case_manager.gd:114)
         [1] before_each (res://tests/unit/test_action_system.gd:183)
         [2] _run_test (res://addons/gut/gut.gd:605)
         [3] _test_the_scripts (res://addons/gut/gut.gd:818)
[1m41/41 passed.
[0m[4m

res://tests/unit/test_asset_fallback.gd
[0m* test_nonexistent_asset_returns_texture
* test_nonexistent_asset_returns_magenta_texture
* test_missing_texture_is_64x64
* test_cache_returns_same_texture
* test_different_paths_can_share_missing_texture
* test_clear_cache_empties_cache
* test_reset_clears_cache
* test_loads_existing_resource
* test_existing_resource_is_cached
* test_constructs_placeholder_path_from_filename
* test_already_prefixed_placeholder_name_not_doubled
* test_serialize_returns_empty_dict
* test_deserialize_does_not_crash
* test_nonexistent_path_returns_texture
* test_loads_existing_placeholder
[1m15/15 passed.
[0m[4m

res://tests/unit/test_audio_manager.gd
[0m* test_sfx_volume_default_is_one
* test_set_sfx_volume_normal
* test_set_sfx_volume_clamps_high
* test_set_sfx_volume_clamps_low
* test_music_volume_default_is_one
* test_set_music_volume_normal
* test_set_music_volume_clamps_high
* test_set_music_volume_clamps_low
* test_play_sfx_missing_key_does_not_crash
WARNING: [AudioManager] Unknown SFX key: 'nonexistent_sound'
     at: push_warning (core/variant/variant_utility.cpp:1034)
     GDScript backtrace (most recent call first):
         [0] play_sfx (res://scripts/managers/audio_manager.gd:63)
         [1] test_play_sfx_missing_key_does_not_crash (res://tests/unit/test_audio_manager.gd:66)
         [2] _run_test (res://addons/gut/gut.gd:615)
         [3] _test_the_scripts (res://addons/gut/gut.gd:818)
* test_play_sfx_missing_key_does_not_emit_signal
WARNING: [AudioManager] Unknown SFX key: 'nonexistent_sound'
     at: push_warning (core/variant/variant_utility.cpp:1034)
     GDScript backtrace (most recent call first):
         [0] play_sfx (res://scripts/managers/audio_manager.gd:63)
         [1] test_play_sfx_missing_key_does_not_emit_signal (res://tests/unit/test_audio_manager.gd:72)
         [2] _run_test (res://addons/gut/gut.gd:615)
         [3] _test_the_scripts (res://addons/gut/gut.gd:818)
* test_play_music_missing_key_does_not_crash
WARNING: [AudioManager] Unknown music key: 'nonexistent_track'
     at: push_warning (core/variant/variant_utility.cpp:1034)
     GDScript backtrace (most recent call first):
         [0] play_music (res://scripts/managers/audio_manager.gd:79)
         [1] test_play_music_missing_key_does_not_crash (res://tests/unit/test_audio_manager.gd:81)
         [2] _run_test (res://addons/gut/gut.gd:615)
         [3] _test_the_scripts (res://addons/gut/gut.gd:818)
* test_play_music_missing_key_does_not_emit_signal
WARNING: [AudioManager] Unknown music key: 'nonexistent_track'
     at: push_warning (core/variant/variant_utility.cpp:1034)
     GDScript backtrace (most recent call first):
         [0] play_music (res://scripts/managers/audio_manager.gd:79)
         [1] test_play_music_missing_key_does_not_emit_signal (res://tests/unit/test_audio_manager.gd:87)
         [2] _run_test (res://addons/gut/gut.gd:615)
         [3] _test_the_scripts (res://addons/gut/gut.gd:818)
* test_stop_music_when_nothing_playing_does_not_crash
* test_stop_music_clears_current_music
* test_is_music_playing_false_by_default
* test_serialize_returns_volumes
* test_deserialize_restores_volumes
* test_deserialize_clamps_invalid_volumes
* test_deserialize_empty_dict_uses_defaults
* test_reset_restores_default_sfx_volume
* test_reset_restores_default_music_volume
* test_reset_clears_current_music
* test_has_play_sfx_method
* test_has_play_music_method
* test_has_stop_music_method
* test_has_set_sfx_volume_method
* test_has_set_music_volume_method
[1m27/27 passed.
[0m[4m

res://tests/unit/test_back_button_helper.gd
[0m* test_apply_back_button_icon_uses_end_day_metrics_and_keeps_content_inside
* test_apply_back_button_icon_rebuilds_content_without_duplicates
* test_set_list_button_selected_toggles_pressed_state
* test_apply_list_button_style_sets_parent_box_separation_to_zero
[1m4/4 passed.
[0m[4m

res://tests/unit/test_board_manager.gd
[0m* test_add_node_returns_data
* test_add_node_with_note
* test_add_node_invalid_type_returns_empty
ERROR: [BoardManager] Invalid node type: invalid_type
   at: push_error (core/variant/variant_utility.cpp:1024)
   GDScript backtrace (most recent call first):
       [0] add_node (res://scripts/managers/board_manager.gd:71)
       [1] test_add_node_invalid_type_returns_empty (res://tests/unit/test_board_manager.gd:34)
       [2] _run_test (res://addons/gut/gut.gd:615)
       [3] _test_the_scripts (res://addons/gut/gut.gd:818)
[34m[ExpectedError][0mExpected push_error error containing '[BoardManager] Invalid node type: invalid_type'.  
* test_add_node_increments_count
* test_add_node_generates_unique_ids
* test_add_node_emits_signal
* test_duplicate_nodes_allowed_for_same_reference
* test_add_node_clamps_position
* test_all_three_node_types_valid
* test_get_node_returns_correct_data
* test_get_node_nonexistent_returns_empty
* test_get_all_nodes
* test_get_nodes_by_type
* test_move_node_updates_position
* test_move_node_emits_signal
* test_move_node_nonexistent_returns_false
WARNING: [BoardManager] Node not found: nonexistent
     at: push_warning (core/variant/variant_utility.cpp:1034)
     GDScript backtrace (most recent call first):
         [0] move_node (res://scripts/managers/board_manager.gd:119)
         [1] test_move_node_nonexistent_returns_false (res://tests/unit/test_board_manager.gd:132)
         [2] _run_test (res://addons/gut/gut.gd:615)
         [3] _test_the_scripts (res://addons/gut/gut.gd:818)
[34m[ExpectedError][0mExpected push_warning error containing '[BoardManager]'.  
* test_move_node_clamps_position
* test_set_node_note
* test_set_node_note_emits_signal
* test_set_node_note_nonexistent_returns_false
WARNING: [BoardManager] Node not found: nonexistent
     at: push_warning (core/variant/variant_utility.cpp:1034)
     GDScript backtrace (most recent call first):
         [0] set_node_note (res://scripts/managers/board_manager.gd:133)
         [1] test_set_node_note_nonexistent_returns_false (res://tests/unit/test_board_manager.gd:160)
         [2] _run_test (res://addons/gut/gut.gd:615)
         [3] _test_the_scripts (res://addons/gut/gut.gd:818)
[34m[ExpectedError][0mExpected push_warning error containing '[BoardManager]'.  
* test_remove_node
* test_remove_node_emits_signal
* test_remove_node_nonexistent_returns_false
WARNING: [BoardManager] Node not found: nonexistent
     at: push_warning (core/variant/variant_utility.cpp:1034)
     GDScript backtrace (most recent call first):
         [0] remove_node (res://scripts/managers/board_manager.gd:97)
         [1] test_remove_node_nonexistent_returns_false (res://tests/unit/test_board_manager.gd:184)
         [2] _run_test (res://addons/gut/gut.gd:615)
         [3] _test_the_scripts (res://addons/gut/gut.gd:818)
[34m[ExpectedError][0mExpected push_warning error containing '[BoardManager]'.  
* test_remove_node_removes_associated_connections
* test_add_connection_returns_data
* test_add_connection_without_note
* test_add_connection_emits_signal
* test_add_connection_invalid_source_returns_empty
ERROR: [BoardManager] Source node not found: nonexistent
   at: push_error (core/variant/variant_utility.cpp:1024)
   GDScript backtrace (most recent call first):
       [0] add_connection (res://scripts/managers/board_manager.gd:173)
       [1] test_add_connection_invalid_source_returns_empty (res://tests/unit/test_board_manager.gd:235)
       [2] _run_test (res://addons/gut/gut.gd:615)
       [3] _test_the_scripts (res://addons/gut/gut.gd:818)
[34m[ExpectedError][0mExpected push_error error containing '[BoardManager] Source node not found: nonexistent'.  
* test_add_connection_invalid_target_returns_empty
ERROR: [BoardManager] Target node not found: nonexistent
   at: push_error (core/variant/variant_utility.cpp:1024)
   GDScript backtrace (most recent call first):
       [0] add_connection (res://scripts/managers/board_manager.gd:176)
       [1] test_add_connection_invalid_target_returns_empty (res://tests/unit/test_board_manager.gd:242)
       [2] _run_test (res://addons/gut/gut.gd:615)
       [3] _test_the_scripts (res://addons/gut/gut.gd:818)
[34m[ExpectedError][0mExpected push_error error containing '[BoardManager] Target node not found: nonexistent'.  
* test_add_connection_self_loop_returns_empty
WARNING: [BoardManager] Cannot connect node to itself.
     at: push_warning (core/variant/variant_utility.cpp:1034)
     GDScript backtrace (most recent call first):
         [0] add_connection (res://scripts/managers/board_manager.gd:179)
         [1] test_add_connection_self_loop_returns_empty (res://tests/unit/test_board_manager.gd:249)
         [2] _run_test (res://addons/gut/gut.gd:615)
         [3] _test_the_scripts (res://addons/gut/gut.gd:818)
[34m[ExpectedError][0mExpected push_warning error containing '[BoardManager]'.  
* test_get_connection_returns_data
* test_get_all_connections
* test_get_connections_for_node
* test_set_connection_note
* test_set_connection_note_emits_signal
* test_set_connection_note_nonexistent_returns_false
WARNING: [BoardManager] Connection not found: nonexistent
     at: push_warning (core/variant/variant_utility.cpp:1034)
     GDScript backtrace (most recent call first):
         [0] set_connection_note (res://scripts/managers/board_manager.gd:217)
         [1] test_set_connection_note_nonexistent_returns_false (res://tests/unit/test_board_manager.gd:315)
         [2] _run_test (res://addons/gut/gut.gd:615)
         [3] _test_the_scripts (res://addons/gut/gut.gd:818)
[34m[ExpectedError][0mExpected push_warning error containing '[BoardManager]'.  
* test_remove_connection
* test_remove_connection_emits_signal
* test_remove_connection_nonexistent_returns_false
WARNING: [BoardManager] Connection not found: nonexistent
     at: push_warning (core/variant/variant_utility.cpp:1034)
     GDScript backtrace (most recent call first):
         [0] remove_connection (res://scripts/managers/board_manager.gd:206)
         [1] test_remove_connection_nonexistent_returns_false (res://tests/unit/test_board_manager.gd:343)
         [2] _run_test (res://addons/gut/gut.gd:615)
         [3] _test_the_scripts (res://addons/gut/gut.gd:818)
[34m[ExpectedError][0mExpected push_warning error containing '[BoardManager]'.  
* test_clear_board
* test_clear_board_emits_signal
* test_has_content_false_when_empty
* test_has_content_true_when_nodes_exist
* test_send_to_board
* test_send_to_board_staggers_positions
* test_send_to_board_second_node_offset_by_col_stride
* test_send_to_board_wraps_to_next_row_after_inbox_cols
* test_send_to_board_cursor_unaffected_by_add_node
* test_send_to_board_cursor_unaffected_by_remove_node
* test_send_to_board_cursor_resets_on_clear_board
* test_send_to_board_cursor_serialized_and_restored
* test_reset_clears_everything
* test_serialize_returns_dictionary
* test_serialize_contains_all_nodes
* test_serialize_contains_all_connections
* test_deserialize_restores_nodes
* test_deserialize_restores_connections
* test_serialize_round_trip_preserves_node_positions
* test_deserialize_restores_id_counters
[1m59/59 passed.
[0m[4m

res://tests/unit/test_card_components.gd
[0m* test_evidence_polaroid_setup_populates_name
WARNING: [CaseManager] Validation: EvidenceData: discovery_method is required for evidence 'ev_fingerprint'
     at: push_warning (core/variant/variant_utility.cpp:1034)
     GDScript backtrace (most recent call first):
         [0] load_case (res://scripts/managers/case_manager.gd:114)
         [1] before_each (res://tests/unit/test_card_components.gd:131)
         [2] _run_test (res://addons/gut/gut.gd:605)
         [3] _test_the_scripts (res://addons/gut/gut.gd:818)
WARNING: [CaseManager] Validation: EvidenceData: discovery_method is required for evidence 'ev_photo'
     at: push_warning (core/variant/variant_utility.cpp:1034)
     GDScript backtrace (most recent call first):
         [0] load_case (res://scripts/managers/case_manager.gd:114)
         [1] before_each (res://tests/unit/test_card_components.gd:131)
         [2] _run_test (res://addons/gut/gut.gd:605)
         [3] _test_the_scripts (res://addons/gut/gut.gd:818)
WARNING: [CaseManager] Validation: EvidenceData: discovery_method is required for evidence 'ev_processed'
     at: push_warning (core/variant/variant_utility.cpp:1034)
     GDScript backtrace (most recent call first):
         [0] load_case (res://scripts/managers/case_manager.gd:114)
         [1] before_each (res://tests/unit/test_card_components.gd:131)
         [2] _run_test (res://addons/gut/gut.gd:605)
         [3] _test_the_scripts (res://addons/gut/gut.gd:818)
WARNING: [CaseManager] Validation: EvidenceData: discovery_method is required for evidence 'ev_in_lab'
     at: push_warning (core/variant/variant_utility.cpp:1034)
     GDScript backtrace (most recent call first):
         [0] load_case (res://scripts/managers/case_manager.gd:114)
         [1] before_each (res://tests/unit/test_card_components.gd:131)
         [2] _run_test (res://addons/gut/gut.gd:605)
         [3] _test_the_scripts (res://addons/gut/gut.gd:818)
* test_evidence_polaroid_emits_signal
WARNING: [CaseManager] Validation: EvidenceData: discovery_method is required for evidence 'ev_fingerprint'
     at: push_warning (core/variant/variant_utility.cpp:1034)
     GDScript backtrace (most recent call first):
         [0] load_case (res://scripts/managers/case_manager.gd:114)
         [1] before_each (res://tests/unit/test_card_components.gd:131)
         [2] _run_test (res://addons/gut/gut.gd:605)
         [3] _test_the_scripts (res://addons/gut/gut.gd:818)
WARNING: [CaseManager] Validation: EvidenceData: discovery_method is required for evidence 'ev_photo'
     at: push_warning (core/variant/variant_utility.cpp:1034)
     GDScript backtrace (most recent call first):
         [0] load_case (res://scripts/managers/case_manager.gd:114)
         [1] before_each (res://tests/unit/test_card_components.gd:131)
         [2] _run_test (res://addons/gut/gut.gd:605)
         [3] _test_the_scripts (res://addons/gut/gut.gd:818)
WARNING: [CaseManager] Validation: EvidenceData: discovery_method is required for evidence 'ev_processed'
     at: push_warning (core/variant/variant_utility.cpp:1034)
     GDScript backtrace (most recent call first):
         [0] load_case (res://scripts/managers/case_manager.gd:114)
         [1] before_each (res://tests/unit/test_card_components.gd:131)
         [2] _run_test (res://addons/gut/gut.gd:605)
         [3] _test_the_scripts (res://addons/gut/gut.gd:818)
WARNING: [CaseManager] Validation: EvidenceData: discovery_method is required for evidence 'ev_in_lab'
     at: push_warning (core/variant/variant_utility.cpp:1034)
     GDScript backtrace (most recent call first):
         [0] load_case (res://scripts/managers/case_manager.gd:114)
         [1] before_each (res://tests/unit/test_card_components.gd:131)
         [2] _run_test (res://addons/gut/gut.gd:605)
         [3] _test_the_scripts (res://addons/gut/gut.gd:818)
* test_suspect_card_setup_populates_name
WARNING: [CaseManager] Validation: EvidenceData: discovery_method is required for evidence 'ev_fingerprint'
     at: push_warning (core/variant/variant_utility.cpp:1034)
     GDScript backtrace (most recent call first):
         [0] load_case (res://scripts/managers/case_manager.gd:114)
         [1] before_each (res://tests/unit/test_card_components.gd:131)
         [2] _run_test (res://addons/gut/gut.gd:605)
         [3] _test_the_scripts (res://addons/gut/gut.gd:818)
WARNING: [CaseManager] Validation: EvidenceData: discovery_method is required for evidence 'ev_photo'
     at: push_warning (core/variant/variant_utility.cpp:1034)
     GDScript backtrace (most recent call first):
         [0] load_case (res://scripts/managers/case_manager.gd:114)
         [1] before_each (res://tests/unit/test_card_components.gd:131)
         [2] _run_test (res://addons/gut/gut.gd:605)
         [3] _test_the_scripts (res://addons/gut/gut.gd:818)
WARNING: [CaseManager] Validation: EvidenceData: discovery_method is required for evidence 'ev_processed'
     at: push_warning (core/variant/variant_utility.cpp:1034)
     GDScript backtrace (most recent call first):
         [0] load_case (res://scripts/managers/case_manager.gd:114)
         [1] before_each (res://tests/unit/test_card_components.gd:131)
         [2] _run_test (res://addons/gut/gut.gd:605)
         [3] _test_the_scripts (res://addons/gut/gut.gd:818)
WARNING: [CaseManager] Validation: EvidenceData: discovery_method is required for evidence 'ev_in_lab'
     at: push_warning (core/variant/variant_utility.cpp:1034)
     GDScript backtrace (most recent call first):
         [0] load_case (res://scripts/managers/case_manager.gd:114)
         [1] before_each (res://tests/unit/test_card_components.gd:131)
         [2] _run_test (res://addons/gut/gut.gd:605)
         [3] _test_the_scripts (res://addons/gut/gut.gd:818)
* test_suspect_card_setup_populates_role_badge
WARNING: [CaseManager] Validation: EvidenceData: discovery_method is required for evidence 'ev_fingerprint'
     at: push_warning (core/variant/variant_utility.cpp:1034)
     GDScript backtrace (most recent call first):
         [0] load_case (res://scripts/managers/case_manager.gd:114)
         [1] before_each (res://tests/unit/test_card_components.gd:131)
         [2] _run_test (res://addons/gut/gut.gd:605)
         [3] _test_the_scripts (res://addons/gut/gut.gd:818)
WARNING: [CaseManager] Validation: EvidenceData: discovery_method is required for evidence 'ev_photo'
     at: push_warning (core/variant/variant_utility.cpp:1034)
     GDScript backtrace (most recent call first):
         [0] load_case (res://scripts/managers/case_manager.gd:114)
         [1] before_each (res://tests/unit/test_card_components.gd:131)
         [2] _run_test (res://addons/gut/gut.gd:605)
         [3] _test_the_scripts (res://addons/gut/gut.gd:818)
WARNING: [CaseManager] Validation: EvidenceData: discovery_method is required for evidence 'ev_processed'
     at: push_warning (core/variant/variant_utility.cpp:1034)
     GDScript backtrace (most recent call first):
         [0] load_case (res://scripts/managers/case_manager.gd:114)
         [1] before_each (res://tests/unit/test_card_components.gd:131)
         [2] _run_test (res://addons/gut/gut.gd:605)
         [3] _test_the_scripts (res://addons/gut/gut.gd:818)
WARNING: [CaseManager] Validation: EvidenceData: discovery_method is required for evidence 'ev_in_lab'
     at: push_warning (core/variant/variant_utility.cpp:1034)
     GDScript backtrace (most recent call first):
         [0] load_case (res://scripts/managers/case_manager.gd:114)
         [1] before_each (res://tests/unit/test_card_components.gd:131)
         [2] _run_test (res://addons/gut/gut.gd:605)
         [3] _test_the_scripts (res://addons/gut/gut.gd:818)
* test_suspect_card_witness_role_badge
WARNING: [CaseManager] Validation: EvidenceData: discovery_method is required for evidence 'ev_fingerprint'
     at: push_warning (core/variant/variant_utility.cpp:1034)
     GDScript backtrace (most recent call first):
         [0] load_case (res://scripts/managers/case_manager.gd:114)
         [1] before_each (res://tests/unit/test_card_components.gd:131)
         [2] _run_test (res://addons/gut/gut.gd:605)
         [3] _test_the_scripts (res://addons/gut/gut.gd:818)
WARNING: [CaseManager] Validation: EvidenceData: discovery_method is required for evidence 'ev_photo'
     at: push_warning (core/variant/variant_utility.cpp:1034)
     GDScript backtrace (most recent call first):
         [0] load_case (res://scripts/managers/case_manager.gd:114)
         [1] before_each (res://tests/unit/test_card_components.gd:131)
         [2] _run_test (res://addons/gut/gut.gd:605)
         [3] _test_the_scripts (res://addons/gut/gut.gd:818)
WARNING: [CaseManager] Validation: EvidenceData: discovery_method is required for evidence 'ev_processed'
     at: push_warning (core/variant/variant_utility.cpp:1034)
     GDScript backtrace (most recent call first):
         [0] load_case (res://scripts/managers/case_manager.gd:114)
         [1] before_each (res://tests/unit/test_card_components.gd:131)
         [2] _run_test (res://addons/gut/gut.gd:605)
         [3] _test_the_scripts (res://addons/gut/gut.gd:818)
WARNING: [CaseManager] Validation: EvidenceData: discovery_method is required for evidence 'ev_in_lab'
     at: push_warning (core/variant/variant_utility.cpp:1034)
     GDScript backtrace (most recent call first):
         [0] load_case (res://scripts/managers/case_manager.gd:114)
         [1] before_each (res://tests/unit/test_card_components.gd:131)
         [2] _run_test (res://addons/gut/gut.gd:605)
         [3] _test_the_scripts (res://addons/gut/gut.gd:818)
* test_suspect_card_available_status
WARNING: [CaseManager] Validation: EvidenceData: discovery_method is required for evidence 'ev_fingerprint'
     at: push_warning (core/variant/variant_utility.cpp:1034)
     GDScript backtrace (most recent call first):
         [0] load_case (res://scripts/managers/case_manager.gd:114)
         [1] before_each (res://tests/unit/test_card_components.gd:131)
         [2] _run_test (res://addons/gut/gut.gd:605)
         [3] _test_the_scripts (res://addons/gut/gut.gd:818)
WARNING: [CaseManager] Validation: EvidenceData: discovery_method is required for evidence 'ev_photo'
     at: push_warning (core/variant/variant_utility.cpp:1034)
     GDScript backtrace (most recent call first):
         [0] load_case (res://scripts/managers/case_manager.gd:114)
         [1] before_each (res://tests/unit/test_card_components.gd:131)
         [2] _run_test (res://addons/gut/gut.gd:605)
         [3] _test_the_scripts (res://addons/gut/gut.gd:818)
WARNING: [CaseManager] Validation: EvidenceData: discovery_method is required for evidence 'ev_processed'
     at: push_warning (core/variant/variant_utility.cpp:1034)
     GDScript backtrace (most recent call first):
         [0] load_case (res://scripts/managers/case_manager.gd:114)
         [1] before_each (res://tests/unit/test_card_components.gd:131)
         [2] _run_test (res://addons/gut/gut.gd:605)
         [3] _test_the_scripts (res://addons/gut/gut.gd:818)
WARNING: [CaseManager] Validation: EvidenceData: discovery_method is required for evidence 'ev_in_lab'
     at: push_warning (core/variant/variant_utility.cpp:1034)
     GDScript backtrace (most recent call first):
         [0] load_case (res://scripts/managers/case_manager.gd:114)
         [1] before_each (res://tests/unit/test_card_components.gd:131)
         [2] _run_test (res://addons/gut/gut.gd:605)
         [3] _test_the_scripts (res://addons/gut/gut.gd:818)
* test_suspect_card_emits_interrogate_signal
WARNING: [CaseManager] Validation: EvidenceData: discovery_method is required for evidence 'ev_fingerprint'
     at: push_warning (core/variant/variant_utility.cpp:1034)
     GDScript backtrace (most recent call first):
         [0] load_case (res://scripts/managers/case_manager.gd:114)
         [1] before_each (res://tests/unit/test_card_components.gd:131)
         [2] _run_test (res://addons/gut/gut.gd:605)
         [3] _test_the_scripts (res://addons/gut/gut.gd:818)
WARNING: [CaseManager] Validation: EvidenceData: discovery_method is required for evidence 'ev_photo'
     at: push_warning (core/variant/variant_utility.cpp:1034)
     GDScript backtrace (most recent call first):
         [0] load_case (res://scripts/managers/case_manager.gd:114)
         [1] before_each (res://tests/unit/test_card_components.gd:131)
         [2] _run_test (res://addons/gut/gut.gd:605)
         [3] _test_the_scripts (res://addons/gut/gut.gd:818)
WARNING: [CaseManager] Validation: EvidenceData: discovery_method is required for evidence 'ev_processed'
     at: push_warning (core/variant/variant_utility.cpp:1034)
     GDScript backtrace (most recent call first):
         [0] load_case (res://scripts/managers/case_manager.gd:114)
         [1] before_each (res://tests/unit/test_card_components.gd:131)
         [2] _run_test (res://addons/gut/gut.gd:605)
         [3] _test_the_scripts (res://addons/gut/gut.gd:818)
WARNING: [CaseManager] Validation: EvidenceData: discovery_method is required for evidence 'ev_in_lab'
     at: push_warning (core/variant/variant_utility.cpp:1034)
     GDScript backtrace (most recent call first):
         [0] load_case (res://scripts/managers/case_manager.gd:114)
         [1] before_each (res://tests/unit/test_card_components.gd:131)
         [2] _run_test (res://addons/gut/gut.gd:605)
         [3] _test_the_scripts (res://addons/gut/gut.gd:818)
* test_evidence_polaroid_hover_includes_image_region
WARNING: [CaseManager] Validation: EvidenceData: discovery_method is required for evidence 'ev_fingerprint'
     at: push_warning (core/variant/variant_utility.cpp:1034)
     GDScript backtrace (most recent call first):
         [0] load_case (res://scripts/managers/case_manager.gd:114)
         [1] before_each (res://tests/unit/test_card_components.gd:131)
         [2] _run_test (res://addons/gut/gut.gd:605)
         [3] _test_the_scripts (res://addons/gut/gut.gd:818)
WARNING: [CaseManager] Validation: EvidenceData: discovery_method is required for evidence 'ev_photo'
     at: push_warning (core/variant/variant_utility.cpp:1034)
     GDScript backtrace (most recent call first):
         [0] load_case (res://scripts/managers/case_manager.gd:114)
         [1] before_each (res://tests/unit/test_card_components.gd:131)
         [2] _run_test (res://addons/gut/gut.gd:605)
         [3] _test_the_scripts (res://addons/gut/gut.gd:818)
WARNING: [CaseManager] Validation: EvidenceData: discovery_method is required for evidence 'ev_processed'
     at: push_warning (core/variant/variant_utility.cpp:1034)
     GDScript backtrace (most recent call first):
         [0] load_case (res://scripts/managers/case_manager.gd:114)
         [1] before_each (res://tests/unit/test_card_components.gd:131)
         [2] _run_test (res://addons/gut/gut.gd:605)
         [3] _test_the_scripts (res://addons/gut/gut.gd:818)
WARNING: [CaseManager] Validation: EvidenceData: discovery_method is required for evidence 'ev_in_lab'
     at: push_warning (core/variant/variant_utility.cpp:1034)
     GDScript backtrace (most recent call first):
         [0] load_case (res://scripts/managers/case_manager.gd:114)
         [1] before_each (res://tests/unit/test_card_components.gd:131)
         [2] _run_test (res://addons/gut/gut.gd:605)
         [3] _test_the_scripts (res://addons/gut/gut.gd:818)
* test_evidence_polaroid_new_badge_shown_when_unreviewed
WARNING: [CaseManager] Validation: EvidenceData: discovery_method is required for evidence 'ev_fingerprint'
     at: push_warning (core/variant/variant_utility.cpp:1034)
     GDScript backtrace (most recent call first):
         [0] load_case (res://scripts/managers/case_manager.gd:114)
         [1] before_each (res://tests/unit/test_card_components.gd:131)
         [2] _run_test (res://addons/gut/gut.gd:605)
         [3] _test_the_scripts (res://addons/gut/gut.gd:818)
WARNING: [CaseManager] Validation: EvidenceData: discovery_method is required for evidence 'ev_photo'
     at: push_warning (core/variant/variant_utility.cpp:1034)
     GDScript backtrace (most recent call first):
         [0] load_case (res://scripts/managers/case_manager.gd:114)
         [1] before_each (res://tests/unit/test_card_components.gd:131)
         [2] _run_test (res://addons/gut/gut.gd:605)
         [3] _test_the_scripts (res://addons/gut/gut.gd:818)
WARNING: [CaseManager] Validation: EvidenceData: discovery_method is required for evidence 'ev_processed'
     at: push_warning (core/variant/variant_utility.cpp:1034)
     GDScript backtrace (most recent call first):
         [0] load_case (res://scripts/managers/case_manager.gd:114)
         [1] before_each (res://tests/unit/test_card_components.gd:131)
         [2] _run_test (res://addons/gut/gut.gd:605)
         [3] _test_the_scripts (res://addons/gut/gut.gd:818)
WARNING: [CaseManager] Validation: EvidenceData: discovery_method is required for evidence 'ev_in_lab'
     at: push_warning (core/variant/variant_utility.cpp:1034)
     GDScript backtrace (most recent call first):
         [0] load_case (res://scripts/managers/case_manager.gd:114)
         [1] before_each (res://tests/unit/test_card_components.gd:131)
         [2] _run_test (res://addons/gut/gut.gd:605)
         [3] _test_the_scripts (res://addons/gut/gut.gd:818)
* test_evidence_polaroid_no_new_badge_after_mark_reviewed
WARNING: [CaseManager] Validation: EvidenceData: discovery_method is required for evidence 'ev_fingerprint'
     at: push_warning (core/variant/variant_utility.cpp:1034)
     GDScript backtrace (most recent call first):
         [0] load_case (res://scripts/managers/case_manager.gd:114)
         [1] before_each (res://tests/unit/test_card_components.gd:131)
         [2] _run_test (res://addons/gut/gut.gd:605)
         [3] _test_the_scripts (res://addons/gut/gut.gd:818)
WARNING: [CaseManager] Validation: EvidenceData: discovery_method is required for evidence 'ev_photo'
     at: push_warning (core/variant/variant_utility.cpp:1034)
     GDScript backtrace (most recent call first):
         [0] load_case (res://scripts/managers/case_manager.gd:114)
         [1] before_each (res://tests/unit/test_card_components.gd:131)
         [2] _run_test (res://addons/gut/gut.gd:605)
         [3] _test_the_scripts (res://addons/gut/gut.gd:818)
WARNING: [CaseManager] Validation: EvidenceData: discovery_method is required for evidence 'ev_processed'
     at: push_warning (core/variant/variant_utility.cpp:1034)
     GDScript backtrace (most recent call first):
         [0] load_case (res://scripts/managers/case_manager.gd:114)
         [1] before_each (res://tests/unit/test_card_components.gd:131)
         [2] _run_test (res://addons/gut/gut.gd:605)
         [3] _test_the_scripts (res://addons/gut/gut.gd:818)
WARNING: [CaseManager] Validation: EvidenceData: discovery_method is required for evidence 'ev_in_lab'
     at: push_warning (core/variant/variant_utility.cpp:1034)
     GDScript backtrace (most recent call first):
         [0] load_case (res://scripts/managers/case_manager.gd:114)
         [1] before_each (res://tests/unit/test_card_components.gd:131)
         [2] _run_test (res://addons/gut/gut.gd:605)
         [3] _test_the_scripts (res://addons/gut/gut.gd:818)
* test_evidence_polaroid_lab_badge_shown_when_processing
WARNING: [CaseManager] Validation: EvidenceData: discovery_method is required for evidence 'ev_fingerprint'
     at: push_warning (core/variant/variant_utility.cpp:1034)
     GDScript backtrace (most recent call first):
         [0] load_case (res://scripts/managers/case_manager.gd:114)
         [1] before_each (res://tests/unit/test_card_components.gd:131)
         [2] _run_test (res://addons/gut/gut.gd:605)
         [3] _test_the_scripts (res://addons/gut/gut.gd:818)
WARNING: [CaseManager] Validation: EvidenceData: discovery_method is required for evidence 'ev_photo'
     at: push_warning (core/variant/variant_utility.cpp:1034)
     GDScript backtrace (most recent call first):
         [0] load_case (res://scripts/managers/case_manager.gd:114)
         [1] before_each (res://tests/unit/test_card_components.gd:131)
         [2] _run_test (res://addons/gut/gut.gd:605)
         [3] _test_the_scripts (res://addons/gut/gut.gd:818)
WARNING: [CaseManager] Validation: EvidenceData: discovery_method is required for evidence 'ev_processed'
     at: push_warning (core/variant/variant_utility.cpp:1034)
     GDScript backtrace (most recent call first):
         [0] load_case (res://scripts/managers/case_manager.gd:114)
         [1] before_each (res://tests/unit/test_card_components.gd:131)
         [2] _run_test (res://addons/gut/gut.gd:605)
         [3] _test_the_scripts (res://addons/gut/gut.gd:818)
WARNING: [CaseManager] Validation: EvidenceData: discovery_method is required for evidence 'ev_in_lab'
     at: push_warning (core/variant/variant_utility.cpp:1034)
     GDScript backtrace (most recent call first):
         [0] load_case (res://scripts/managers/case_manager.gd:114)
         [1] before_each (res://tests/unit/test_card_components.gd:131)
         [2] _run_test (res://addons/gut/gut.gd:605)
         [3] _test_the_scripts (res://addons/gut/gut.gd:818)
* test_evidence_polaroid_pinned_dot_shown_when_pinned
WARNING: [CaseManager] Validation: EvidenceData: discovery_method is required for evidence 'ev_fingerprint'
     at: push_warning (core/variant/variant_utility.cpp:1034)
     GDScript backtrace (most recent call first):
         [0] load_case (res://scripts/managers/case_manager.gd:114)
         [1] before_each (res://tests/unit/test_card_components.gd:131)
         [2] _run_test (res://addons/gut/gut.gd:605)
         [3] _test_the_scripts (res://addons/gut/gut.gd:818)
WARNING: [CaseManager] Validation: EvidenceData: discovery_method is required for evidence 'ev_photo'
     at: push_warning (core/variant/variant_utility.cpp:1034)
     GDScript backtrace (most recent call first):
         [0] load_case (res://scripts/managers/case_manager.gd:114)
         [1] before_each (res://tests/unit/test_card_components.gd:131)
         [2] _run_test (res://addons/gut/gut.gd:605)
         [3] _test_the_scripts (res://addons/gut/gut.gd:818)
WARNING: [CaseManager] Validation: EvidenceData: discovery_method is required for evidence 'ev_processed'
     at: push_warning (core/variant/variant_utility.cpp:1034)
     GDScript backtrace (most recent call first):
         [0] load_case (res://scripts/managers/case_manager.gd:114)
         [1] before_each (res://tests/unit/test_card_components.gd:131)
         [2] _run_test (res://addons/gut/gut.gd:605)
         [3] _test_the_scripts (res://addons/gut/gut.gd:818)
WARNING: [CaseManager] Validation: EvidenceData: discovery_method is required for evidence 'ev_in_lab'
     at: push_warning (core/variant/variant_utility.cpp:1034)
     GDScript backtrace (most recent call first):
         [0] load_case (res://scripts/managers/case_manager.gd:114)
         [1] before_each (res://tests/unit/test_card_components.gd:131)
         [2] _run_test (res://addons/gut/gut.gd:605)
         [3] _test_the_scripts (res://addons/gut/gut.gd:818)
[1m12/12 passed.
[0m[4m

res://tests/unit/test_case_loader.gd
[0m* test_discovery_rule_from_dict_full
* test_discovery_rule_from_dict_defaults
* test_discovery_rule_validate_all_required
* test_discovery_rule_validate_valid
* test_discovery_rule_to_dict_roundtrip
* test_discovery_rule_conditions_not_shared
* test_case_data_includes_discovery_rules
* test_case_data_discovery_rules_default_empty
* test_case_data_validates_discovery_rules
* test_case_data_to_dict_includes_discovery_rules
* test_case_data_validates_missing_derived_from_parent
* test_case_data_validates_derived_from_cycle
* test_case_data_validates_lab_output_matches_derived_from
* test_case_data_validates_missing_lab_analysis_result_target
* test_case_data_validates_lab_analysis_result_requires_matching_lab_request
* test_case_data_validates_lab_request_output_declared_on_input_evidence
* test_riverside_lab_outputs_define_derived_from
* test_riverside_raw_lab_evidence_define_lab_analysis_results
* test_load_riverside_apartment_case
* test_riverside_case_metadata
* test_riverside_suspects_loaded
* test_riverside_locations_loaded
* test_riverside_evidence_loaded
* test_riverside_critical_evidence
* test_riverside_events_loaded
* test_riverside_event_triggers_loaded
* test_riverside_statements_loaded
* test_riverside_actions_loaded
* test_riverside_insights_loaded
* test_riverside_discovery_rules_loaded
* test_riverside_lab_requests_loaded
* test_riverside_interrogation_topics_loaded
* test_riverside_interrogation_triggers_loaded
* test_riverside_surveillance_requests_loaded
* test_riverside_case_validates
* test_load_nonexistent_folder_returns_null
* test_load_nonexistent_folder_reports_error
* test_case_manager_load_case_folder
* test_case_manager_folder_query_persons
* test_case_manager_folder_query_evidence
* test_case_manager_folder_query_locations
* test_case_manager_folder_query_evidence_by_location
* test_case_manager_folder_query_triggers
* test_case_manager_folder_query_discovery_rules
* test_case_manager_folder_query_discovery_rule_by_evidence
* test_case_manager_folder_load_nonexistent
ERROR: Failed to load case folder 'nonexistent_case': Case folder not found or missing case.json: res://data/cases/nonexistent_case
   at: push_error (core/variant/variant_utility.cpp:1024)
   GDScript backtrace (most recent call first):
       [0] load_case_folder (res://scripts/managers/case_manager.gd:136)
       [1] test_case_manager_folder_load_nonexistent (res://tests/unit/test_case_loader.gd:652)
       [2] _run_test (res://addons/gut/gut.gd:615)
       [3] _test_the_scripts (res://addons/gut/gut.gd:818)
[34m[ExpectedError][0mExpected push_error error containing 'Failed to load case folder'.  
* test_case_manager_folder_emits_case_loaded
* test_case_manager_folder_emits_load_failed
ERROR: Failed to load case folder 'nonexistent_case': Case folder not found or missing case.json: res://data/cases/nonexistent_case
   at: push_error (core/variant/variant_utility.cpp:1024)
   GDScript backtrace (most recent call first):
       [0] load_case_folder (res://scripts/managers/case_manager.gd:136)
       [1] test_case_manager_folder_emits_load_failed (res://tests/unit/test_case_loader.gd:669)
       [2] _run_test (res://addons/gut/gut.gd:615)
       [3] _test_the_scripts (res://addons/gut/gut.gd:818)
[34m[ExpectedError][0mExpected push_error error containing 'Failed to load case folder'.  
* test_morning_briefing_day1_unlocks_locations
* test_morning_briefing_day1_unlocks_suspects
* test_morning_briefing_day2_content
* test_office_unlock_trigger
* test_julia_search_warrant_trigger
* test_final_day_adds_mandatory_action
* test_discovery_rule_hidden_safe_conditions
* test_discovery_rule_personal_journal_day_gate
* test_discovery_rule_deleted_messages_warrant
* test_discovery_rule_julia_shoes_warrant
* test_all_evidence_references_valid_locations
* test_all_evidence_references_valid_persons
* test_all_statements_reference_valid_persons
* test_critical_evidence_exists_in_evidence_list
* test_discovery_rules_reference_valid_evidence
* test_discovery_rules_reference_valid_locations
* test_solution_suspect_exists_in_persons
* test_investigable_objects_reference_valid_evidence
[1m66/66 passed.
[0m[4m

res://tests/unit/test_case_manager.gd
[0m* test_load_case_succeeds
* test_load_case_emits_signal
* test_load_nonexistent_case_fails
ERROR: Case file not found: res://data/cases/nonexistent.json
   at: push_error (core/variant/variant_utility.cpp:1024)
   GDScript backtrace (most recent call first):
       [0] load_case (res://scripts/managers/case_manager.gd:83)
       [1] test_load_nonexistent_case_fails (res://tests/unit/test_case_manager.gd:230)
       [2] _run_test (res://addons/gut/gut.gd:615)
       [3] _test_the_scripts (res://addons/gut/gut.gd:818)
[34m[ExpectedError][0mExpected push_error error containing 'Case file not found'.  
* test_unload_case_clears_data
* test_get_case_data_returns_typed_resource
* test_get_evidence_returns_typed_resource
* test_get_evidence_returns_null_for_invalid_id
* test_get_parent_evidence_id_for_riverside_lab_output
* test_get_parent_evidence_returns_resource_for_derived_output
* test_get_derived_evidence_returns_children_for_parent
* test_get_lab_request_for_output_returns_matching_request
* test_get_lab_requests_for_evidence_returns_matching_requests
* test_get_lab_requests_for_evidence_returns_empty_for_unknown_input
* test_get_person_returns_typed_resource
* test_get_person_returns_null_for_invalid_id
* test_person_relationships_are_typed
* test_get_statements_by_person
* test_get_statements_by_person_returns_empty_for_unknown
* test_get_events_for_day
* test_get_events_for_empty_day
* test_get_evidence_for_person
* test_get_evidence_for_person_multiple
* test_get_evidence_by_location
* test_get_evidence_by_location_returns_empty_for_unknown
* test_get_suspects
* test_get_triggers_by_type
* test_get_triggers_for_day
* test_get_interrogation_topic
* test_get_topics_for_person
* test_get_action
* test_get_insight
* test_get_all_evidence_returns_typed_array
* test_get_all_locations_returns_typed_array
* test_get_all_persons_returns_typed_array
* test_evidence_location_resolves_to_name
* test_evidence_data_has_image_field
[1m36/36 passed.
[0m[4m

res://tests/unit/test_case_selection_screen_ui.gd
[0m* test_case_list_rows_use_list_button_variation
* test_select_case_updates_pressed_state_instead_of_disabling
[1m2/2 passed.
[0m[4m

res://tests/unit/test_conclusion_manager.gd
[0m* test_submit_valid_report
WARNING: [CaseManager] Validation: EvidenceData: discovery_method is required for evidence 'ev_knife'
     at: push_warning (core/variant/variant_utility.cpp:1034)
     GDScript backtrace (most recent call first):
         [0] load_case (res://scripts/managers/case_manager.gd:114)
         [1] before_each (res://tests/unit/test_conclusion_manager.gd:142)
         [2] _run_test (res://addons/gut/gut.gd:605)
         [3] _test_the_scripts (res://addons/gut/gut.gd:818)
WARNING: [CaseManager] Validation: EvidenceData: discovery_method is required for evidence 'ev_motive_doc'
     at: push_warning (core/variant/variant_utility.cpp:1034)
     GDScript backtrace (most recent call first):
         [0] load_case (res://scripts/managers/case_manager.gd:114)
         [1] before_each (res://tests/unit/test_conclusion_manager.gd:142)
         [2] _run_test (res://addons/gut/gut.gd:605)
         [3] _test_the_scripts (res://addons/gut/gut.gd:818)
WARNING: [CaseManager] Validation: EvidenceData: discovery_method is required for evidence 'ev_prints'
     at: push_warning (core/variant/variant_utility.cpp:1034)
     GDScript backtrace (most recent call first):
         [0] load_case (res://scripts/managers/case_manager.gd:114)
         [1] before_each (res://tests/unit/test_conclusion_manager.gd:142)
         [2] _run_test (res://addons/gut/gut.gd:605)
         [3] _test_the_scripts (res://addons/gut/gut.gd:818)
WARNING: [CaseManager] Validation: EvidenceData: discovery_method is required for evidence 'ev_alibi'
     at: push_warning (core/variant/variant_utility.cpp:1034)
     GDScript backtrace (most recent call first):
         [0] load_case (res://scripts/managers/case_manager.gd:114)
         [1] before_each (res://tests/unit/test_conclusion_manager.gd:142)
         [2] _run_test (res://addons/gut/gut.gd:605)
         [3] _test_the_scripts (res://addons/gut/gut.gd:818)
WARNING: [CaseManager] Validation: EvidenceData: discovery_method is required for evidence 'ev_hidden'
     at: push_warning (core/variant/variant_utility.cpp:1034)
     GDScript backtrace (most recent call first):
         [0] load_case (res://scripts/managers/case_manager.gd:114)
         [1] before_each (res://tests/unit/test_conclusion_manager.gd:142)
         [2] _run_test (res://addons/gut/gut.gd:605)
         [3] _test_the_scripts (res://addons/gut/gut.gd:818)
* test_submit_report_missing_section
WARNING: [CaseManager] Validation: EvidenceData: discovery_method is required for evidence 'ev_knife'
     at: push_warning (core/variant/variant_utility.cpp:1034)
     GDScript backtrace (most recent call first):
         [0] load_case (res://scripts/managers/case_manager.gd:114)
         [1] before_each (res://tests/unit/test_conclusion_manager.gd:142)
         [2] _run_test (res://addons/gut/gut.gd:605)
         [3] _test_the_scripts (res://addons/gut/gut.gd:818)
WARNING: [CaseManager] Validation: EvidenceData: discovery_method is required for evidence 'ev_motive_doc'
     at: push_warning (core/variant/variant_utility.cpp:1034)
     GDScript backtrace (most recent call first):
         [0] load_case (res://scripts/managers/case_manager.gd:114)
         [1] before_each (res://tests/unit/test_conclusion_manager.gd:142)
         [2] _run_test (res://addons/gut/gut.gd:605)
         [3] _test_the_scripts (res://addons/gut/gut.gd:818)
WARNING: [CaseManager] Validation: EvidenceData: discovery_method is required for evidence 'ev_prints'
     at: push_warning (core/variant/variant_utility.cpp:1034)
     GDScript backtrace (most recent call first):
         [0] load_case (res://scripts/managers/case_manager.gd:114)
         [1] before_each (res://tests/unit/test_conclusion_manager.gd:142)
         [2] _run_test (res://addons/gut/gut.gd:605)
         [3] _test_the_scripts (res://addons/gut/gut.gd:818)
WARNING: [CaseManager] Validation: EvidenceData: discovery_method is required for evidence 'ev_alibi'
     at: push_warning (core/variant/variant_utility.cpp:1034)
     GDScript backtrace (most recent call first):
         [0] load_case (res://scripts/managers/case_manager.gd:114)
         [1] before_each (res://tests/unit/test_conclusion_manager.gd:142)
         [2] _run_test (res://addons/gut/gut.gd:605)
         [3] _test_the_scripts (res://addons/gut/gut.gd:818)
WARNING: [CaseManager] Validation: EvidenceData: discovery_method is required for evidence 'ev_hidden'
     at: push_warning (core/variant/variant_utility.cpp:1034)
     GDScript backtrace (most recent call first):
         [0] load_case (res://scripts/managers/case_manager.gd:114)
         [1] before_each (res://tests/unit/test_conclusion_manager.gd:142)
         [2] _run_test (res://addons/gut/gut.gd:605)
         [3] _test_the_scripts (res://addons/gut/gut.gd:818)
WARNING: [ConclusionManager] Missing report section: weapon
     at: push_warning (core/variant/variant_utility.cpp:1034)
     GDScript backtrace (most recent call first):
         [0] submit_report (res://scripts/managers/conclusion_manager.gd:97)
         [1] test_submit_report_missing_section (res://tests/unit/test_conclusion_manager.gd:171)
         [2] _run_test (res://addons/gut/gut.gd:615)
         [3] _test_the_scripts (res://addons/gut/gut.gd:818)
[34m[ExpectedError][0mExpected push_warning error containing '[ConclusionManager] Missing report section: weapon'.  
* test_submit_report_invalid_section_format
WARNING: [CaseManager] Validation: EvidenceData: discovery_method is required for evidence 'ev_knife'
     at: push_warning (core/variant/variant_utility.cpp:1034)
     GDScript backtrace (most recent call first):
         [0] load_case (res://scripts/managers/case_manager.gd:114)
         [1] before_each (res://tests/unit/test_conclusion_manager.gd:142)
         [2] _run_test (res://addons/gut/gut.gd:605)
         [3] _test_the_scripts (res://addons/gut/gut.gd:818)
WARNING: [CaseManager] Validation: EvidenceData: discovery_method is required for evidence 'ev_motive_doc'
     at: push_warning (core/variant/variant_utility.cpp:1034)
     GDScript backtrace (most recent call first):
         [0] load_case (res://scripts/managers/case_manager.gd:114)
         [1] before_each (res://tests/unit/test_conclusion_manager.gd:142)
         [2] _run_test (res://addons/gut/gut.gd:605)
         [3] _test_the_scripts (res://addons/gut/gut.gd:818)
WARNING: [CaseManager] Validation: EvidenceData: discovery_method is required for evidence 'ev_prints'
     at: push_warning (core/variant/variant_utility.cpp:1034)
     GDScript backtrace (most recent call first):
         [0] load_case (res://scripts/managers/case_manager.gd:114)
         [1] before_each (res://tests/unit/test_conclusion_manager.gd:142)
         [2] _run_test (res://addons/gut/gut.gd:605)
         [3] _test_the_scripts (res://addons/gut/gut.gd:818)
WARNING: [CaseManager] Validation: EvidenceData: discovery_method is required for evidence 'ev_alibi'
     at: push_warning (core/variant/variant_utility.cpp:1034)
     GDScript backtrace (most recent call first):
         [0] load_case (res://scripts/managers/case_manager.gd:114)
         [1] before_each (res://tests/unit/test_conclusion_manager.gd:142)
         [2] _run_test (res://addons/gut/gut.gd:605)
         [3] _test_the_scripts (res://addons/gut/gut.gd:818)
WARNING: [CaseManager] Validation: EvidenceData: discovery_method is required for evidence 'ev_hidden'
     at: push_warning (core/variant/variant_utility.cpp:1034)
     GDScript backtrace (most recent call first):
         [0] load_case (res://scripts/managers/case_manager.gd:114)
         [1] before_each (res://tests/unit/test_conclusion_manager.gd:142)
         [2] _run_test (res://addons/gut/gut.gd:605)
         [3] _test_the_scripts (res://addons/gut/gut.gd:818)
WARNING: [ConclusionManager] Invalid section format: suspect
     at: push_warning (core/variant/variant_utility.cpp:1034)
     GDScript backtrace (most recent call first):
         [0] submit_report (res://scripts/managers/conclusion_manager.gd:101)
         [1] test_submit_report_invalid_section_format (res://tests/unit/test_conclusion_manager.gd:185)
         [2] _run_test (res://addons/gut/gut.gd:615)
         [3] _test_the_scripts (res://addons/gut/gut.gd:818)
[34m[ExpectedError][0mExpected push_warning error containing '[ConclusionManager] Invalid section format: suspect'.  
* test_submit_report_already_submitted
WARNING: [CaseManager] Validation: EvidenceData: discovery_method is required for evidence 'ev_knife'
     at: push_warning (core/variant/variant_utility.cpp:1034)
     GDScript backtrace (most recent call first):
         [0] load_case (res://scripts/managers/case_manager.gd:114)
         [1] before_each (res://tests/unit/test_conclusion_manager.gd:142)
         [2] _run_test (res://addons/gut/gut.gd:605)
         [3] _test_the_scripts (res://addons/gut/gut.gd:818)
WARNING: [CaseManager] Validation: EvidenceData: discovery_method is required for evidence 'ev_motive_doc'
     at: push_warning (core/variant/variant_utility.cpp:1034)
     GDScript backtrace (most recent call first):
         [0] load_case (res://scripts/managers/case_manager.gd:114)
         [1] before_each (res://tests/unit/test_conclusion_manager.gd:142)
         [2] _run_test (res://addons/gut/gut.gd:605)
         [3] _test_the_scripts (res://addons/gut/gut.gd:818)
WARNING: [CaseManager] Validation: EvidenceData: discovery_method is required for evidence 'ev_prints'
     at: push_warning (core/variant/variant_utility.cpp:1034)
     GDScript backtrace (most recent call first):
         [0] load_case (res://scripts/managers/case_manager.gd:114)
         [1] before_each (res://tests/unit/test_conclusion_manager.gd:142)
         [2] _run_test (res://addons/gut/gut.gd:605)
         [3] _test_the_scripts (res://addons/gut/gut.gd:818)
WARNING: [CaseManager] Validation: EvidenceData: discovery_method is required for evidence 'ev_alibi'
     at: push_warning (core/variant/variant_utility.cpp:1034)
     GDScript backtrace (most recent call first):
         [0] load_case (res://scripts/managers/case_manager.gd:114)
         [1] before_each (res://tests/unit/test_conclusion_manager.gd:142)
         [2] _run_test (res://addons/gut/gut.gd:605)
         [3] _test_the_scripts (res://addons/gut/gut.gd:818)
WARNING: [CaseManager] Validation: EvidenceData: discovery_method is required for evidence 'ev_hidden'
     at: push_warning (core/variant/variant_utility.cpp:1034)
     GDScript backtrace (most recent call first):
         [0] load_case (res://scripts/managers/case_manager.gd:114)
         [1] before_each (res://tests/unit/test_conclusion_manager.gd:142)
         [2] _run_test (res://addons/gut/gut.gd:605)
         [3] _test_the_scripts (res://addons/gut/gut.gd:818)
WARNING: [ConclusionManager] Report already submitted.
     at: push_warning (core/variant/variant_utility.cpp:1034)
     GDScript backtrace (most recent call first):
         [0] submit_report (res://scripts/managers/conclusion_manager.gd:92)
         [1] test_submit_report_already_submitted (res://tests/unit/test_conclusion_manager.gd:193)
         [2] _run_test (res://addons/gut/gut.gd:615)
         [3] _test_the_scripts (res://addons/gut/gut.gd:818)
[34m[ExpectedError][0mExpected push_warning error containing '[ConclusionManager] Report already submitted.'.  
* test_get_report_returns_copy
WARNING: [CaseManager] Validation: EvidenceData: discovery_method is required for evidence 'ev_knife'
     at: push_warning (core/variant/variant_utility.cpp:1034)
     GDScript backtrace (most recent call first):
         [0] load_case (res://scripts/managers/case_manager.gd:114)
         [1] before_each (res://tests/unit/test_conclusion_manager.gd:142)
         [2] _run_test (res://addons/gut/gut.gd:605)
         [3] _test_the_scripts (res://addons/gut/gut.gd:818)
WARNING: [CaseManager] Validation: EvidenceData: discovery_method is required for evidence 'ev_motive_doc'
     at: push_warning (core/variant/variant_utility.cpp:1034)
     GDScript backtrace (most recent call first):
         [0] load_case (res://scripts/managers/case_manager.gd:114)
         [1] before_each (res://tests/unit/test_conclusion_manager.gd:142)
         [2] _run_test (res://addons/gut/gut.gd:605)
         [3] _test_the_scripts (res://addons/gut/gut.gd:818)
WARNING: [CaseManager] Validation: EvidenceData: discovery_method is required for evidence 'ev_prints'
     at: push_warning (core/variant/variant_utility.cpp:1034)
     GDScript backtrace (most recent call first):
         [0] load_case (res://scripts/managers/case_manager.gd:114)
         [1] before_each (res://tests/unit/test_conclusion_manager.gd:142)
         [2] _run_test (res://addons/gut/gut.gd:605)
         [3] _test_the_scripts (res://addons/gut/gut.gd:818)
WARNING: [CaseManager] Validation: EvidenceData: discovery_method is required for evidence 'ev_alibi'
     at: push_warning (core/variant/variant_utility.cpp:1034)
     GDScript backtrace (most recent call first):
         [0] load_case (res://scripts/managers/case_manager.gd:114)
         [1] before_each (res://tests/unit/test_conclusion_manager.gd:142)
         [2] _run_test (res://addons/gut/gut.gd:605)
         [3] _test_the_scripts (res://addons/gut/gut.gd:818)
WARNING: [CaseManager] Validation: EvidenceData: discovery_method is required for evidence 'ev_hidden'
     at: push_warning (core/variant/variant_utility.cpp:1034)
     GDScript backtrace (most recent call first):
         [0] load_case (res://scripts/managers/case_manager.gd:114)
         [1] before_each (res://tests/unit/test_conclusion_manager.gd:142)
         [2] _run_test (res://addons/gut/gut.gd:605)
         [3] _test_the_scripts (res://addons/gut/gut.gd:818)
* test_report_submitted_signal
WARNING: [CaseManager] Validation: EvidenceData: discovery_method is required for evidence 'ev_knife'
     at: push_warning (core/variant/variant_utility.cpp:1034)
     GDScript backtrace (most recent call first):
         [0] load_case (res://scripts/managers/case_manager.gd:114)
         [1] before_each (res://tests/unit/test_conclusion_manager.gd:142)
         [2] _run_test (res://addons/gut/gut.gd:605)
         [3] _test_the_scripts (res://addons/gut/gut.gd:818)
WARNING: [CaseManager] Validation: EvidenceData: discovery_method is required for evidence 'ev_motive_doc'
     at: push_warning (core/variant/variant_utility.cpp:1034)
     GDScript backtrace (most recent call first):
         [0] load_case (res://scripts/managers/case_manager.gd:114)
         [1] before_each (res://tests/unit/test_conclusion_manager.gd:142)
         [2] _run_test (res://addons/gut/gut.gd:605)
         [3] _test_the_scripts (res://addons/gut/gut.gd:818)
WARNING: [CaseManager] Validation: EvidenceData: discovery_method is required for evidence 'ev_prints'
     at: push_warning (core/variant/variant_utility.cpp:1034)
     GDScript backtrace (most recent call first):
         [0] load_case (res://scripts/managers/case_manager.gd:114)
         [1] before_each (res://tests/unit/test_conclusion_manager.gd:142)
         [2] _run_test (res://addons/gut/gut.gd:605)
         [3] _test_the_scripts (res://addons/gut/gut.gd:818)
WARNING: [CaseManager] Validation: EvidenceData: discovery_method is required for evidence 'ev_alibi'
     at: push_warning (core/variant/variant_utility.cpp:1034)
     GDScript backtrace (most recent call first):
         [0] load_case (res://scripts/managers/case_manager.gd:114)
         [1] before_each (res://tests/unit/test_conclusion_manager.gd:142)
         [2] _run_test (res://addons/gut/gut.gd:605)
         [3] _test_the_scripts (res://addons/gut/gut.gd:818)
WARNING: [CaseManager] Validation: EvidenceData: discovery_method is required for evidence 'ev_hidden'
     at: push_warning (core/variant/variant_utility.cpp:1034)
     GDScript backtrace (most recent call first):
         [0] load_case (res://scripts/managers/case_manager.gd:114)
         [1] before_each (res://tests/unit/test_conclusion_manager.gd:142)
         [2] _run_test (res://addons/gut/gut.gd:605)
         [3] _test_the_scripts (res://addons/gut/gut.gd:818)
* test_prosecutor_evaluated_signal
WARNING: [CaseManager] Validation: EvidenceData: discovery_method is required for evidence 'ev_knife'
     at: push_warning (core/variant/variant_utility.cpp:1034)
     GDScript backtrace (most recent call first):
         [0] load_case (res://scripts/managers/case_manager.gd:114)
         [1] before_each (res://tests/unit/test_conclusion_manager.gd:142)
         [2] _run_test (res://addons/gut/gut.gd:605)
         [3] _test_the_scripts (res://addons/gut/gut.gd:818)
WARNING: [CaseManager] Validation: EvidenceData: discovery_method is required for evidence 'ev_motive_doc'
     at: push_warning (core/variant/variant_utility.cpp:1034)
     GDScript backtrace (most recent call first):
         [0] load_case (res://scripts/managers/case_manager.gd:114)
         [1] before_each (res://tests/unit/test_conclusion_manager.gd:142)
         [2] _run_test (res://addons/gut/gut.gd:605)
         [3] _test_the_scripts (res://addons/gut/gut.gd:818)
WARNING: [CaseManager] Validation: EvidenceData: discovery_method is required for evidence 'ev_prints'
     at: push_warning (core/variant/variant_utility.cpp:1034)
     GDScript backtrace (most recent call first):
         [0] load_case (res://scripts/managers/case_manager.gd:114)
         [1] before_each (res://tests/unit/test_conclusion_manager.gd:142)
         [2] _run_test (res://addons/gut/gut.gd:605)
         [3] _test_the_scripts (res://addons/gut/gut.gd:818)
WARNING: [CaseManager] Validation: EvidenceData: discovery_method is required for evidence 'ev_alibi'
     at: push_warning (core/variant/variant_utility.cpp:1034)
     GDScript backtrace (most recent call first):
         [0] load_case (res://scripts/managers/case_manager.gd:114)
         [1] before_each (res://tests/unit/test_conclusion_manager.gd:142)
         [2] _run_test (res://addons/gut/gut.gd:605)
         [3] _test_the_scripts (res://addons/gut/gut.gd:818)
WARNING: [CaseManager] Validation: EvidenceData: discovery_method is required for evidence 'ev_hidden'
     at: push_warning (core/variant/variant_utility.cpp:1034)
     GDScript backtrace (most recent call first):
         [0] load_case (res://scripts/managers/case_manager.gd:114)
         [1] before_each (res://tests/unit/test_conclusion_manager.gd:142)
         [2] _run_test (res://addons/gut/gut.gd:605)
         [3] _test_the_scripts (res://addons/gut/gut.gd:818)
* test_evidence_score_with_high_weight
WARNING: [CaseManager] Validation: EvidenceData: discovery_method is required for evidence 'ev_knife'
     at: push_warning (core/variant/variant_utility.cpp:1034)
     GDScript backtrace (most recent call first):
         [0] load_case (res://scripts/managers/case_manager.gd:114)
         [1] before_each (res://tests/unit/test_conclusion_manager.gd:142)
         [2] _run_test (res://addons/gut/gut.gd:605)
         [3] _test_the_scripts (res://addons/gut/gut.gd:818)
WARNING: [CaseManager] Validation: EvidenceData: discovery_method is required for evidence 'ev_motive_doc'
     at: push_warning (core/variant/variant_utility.cpp:1034)
     GDScript backtrace (most recent call first):
         [0] load_case (res://scripts/managers/case_manager.gd:114)
         [1] before_each (res://tests/unit/test_conclusion_manager.gd:142)
         [2] _run_test (res://addons/gut/gut.gd:605)
         [3] _test_the_scripts (res://addons/gut/gut.gd:818)
WARNING: [CaseManager] Validation: EvidenceData: discovery_method is required for evidence 'ev_prints'
     at: push_warning (core/variant/variant_utility.cpp:1034)
     GDScript backtrace (most recent call first):
         [0] load_case (res://scripts/managers/case_manager.gd:114)
         [1] before_each (res://tests/unit/test_conclusion_manager.gd:142)
         [2] _run_test (res://addons/gut/gut.gd:605)
         [3] _test_the_scripts (res://addons/gut/gut.gd:818)
WARNING: [CaseManager] Validation: EvidenceData: discovery_method is required for evidence 'ev_alibi'
     at: push_warning (core/variant/variant_utility.cpp:1034)
     GDScript backtrace (most recent call first):
         [0] load_case (res://scripts/managers/case_manager.gd:114)
         [1] before_each (res://tests/unit/test_conclusion_manager.gd:142)
         [2] _run_test (res://addons/gut/gut.gd:605)
         [3] _test_the_scripts (res://addons/gut/gut.gd:818)
WARNING: [CaseManager] Validation: EvidenceData: discovery_method is required for evidence 'ev_hidden'
     at: push_warning (core/variant/variant_utility.cpp:1034)
     GDScript backtrace (most recent call first):
         [0] load_case (res://scripts/managers/case_manager.gd:114)
         [1] before_each (res://tests/unit/test_conclusion_manager.gd:142)
         [2] _run_test (res://addons/gut/gut.gd:605)
         [3] _test_the_scripts (res://addons/gut/gut.gd:818)
* test_evidence_score_with_multiple_items
WARNING: [CaseManager] Validation: EvidenceData: discovery_method is required for evidence 'ev_knife'
     at: push_warning (core/variant/variant_utility.cpp:1034)
     GDScript backtrace (most recent call first):
         [0] load_case (res://scripts/managers/case_manager.gd:114)
         [1] before_each (res://tests/unit/test_conclusion_manager.gd:142)
         [2] _run_test (res://addons/gut/gut.gd:605)
         [3] _test_the_scripts (res://addons/gut/gut.gd:818)
WARNING: [CaseManager] Validation: EvidenceData: discovery_method is required for evidence 'ev_motive_doc'
     at: push_warning (core/variant/variant_utility.cpp:1034)
     GDScript backtrace (most recent call first):
         [0] load_case (res://scripts/managers/case_manager.gd:114)
         [1] before_each (res://tests/unit/test_conclusion_manager.gd:142)
         [2] _run_test (res://addons/gut/gut.gd:605)
         [3] _test_the_scripts (res://addons/gut/gut.gd:818)
WARNING: [CaseManager] Validation: EvidenceData: discovery_method is required for evidence 'ev_prints'
     at: push_warning (core/variant/variant_utility.cpp:1034)
     GDScript backtrace (most recent call first):
         [0] load_case (res://scripts/managers/case_manager.gd:114)
         [1] before_each (res://tests/unit/test_conclusion_manager.gd:142)
         [2] _run_test (res://addons/gut/gut.gd:605)
         [3] _test_the_scripts (res://addons/gut/gut.gd:818)
WARNING: [CaseManager] Validation: EvidenceData: discovery_method is required for evidence 'ev_alibi'
     at: push_warning (core/variant/variant_utility.cpp:1034)
     GDScript backtrace (most recent call first):
         [0] load_case (res://scripts/managers/case_manager.gd:114)
         [1] before_each (res://tests/unit/test_conclusion_manager.gd:142)
         [2] _run_test (res://addons/gut/gut.gd:605)
         [3] _test_the_scripts (res://addons/gut/gut.gd:818)
WARNING: [CaseManager] Validation: EvidenceData: discovery_method is required for evidence 'ev_hidden'
     at: push_warning (core/variant/variant_utility.cpp:1034)
     GDScript backtrace (most recent call first):
         [0] load_case (res://scripts/managers/case_manager.gd:114)
         [1] before_each (res://tests/unit/test_conclusion_manager.gd:142)
         [2] _run_test (res://addons/gut/gut.gd:605)
         [3] _test_the_scripts (res://addons/gut/gut.gd:818)
* test_evidence_score_with_no_evidence
WARNING: [CaseManager] Validation: EvidenceData: discovery_method is required for evidence 'ev_knife'
     at: push_warning (core/variant/variant_utility.cpp:1034)
     GDScript backtrace (most recent call first):
         [0] load_case (res://scripts/managers/case_manager.gd:114)
         [1] before_each (res://tests/unit/test_conclusion_manager.gd:142)
         [2] _run_test (res://addons/gut/gut.gd:605)
         [3] _test_the_scripts (res://addons/gut/gut.gd:818)
WARNING: [CaseManager] Validation: EvidenceData: discovery_method is required for evidence 'ev_motive_doc'
     at: push_warning (core/variant/variant_utility.cpp:1034)
     GDScript backtrace (most recent call first):
         [0] load_case (res://scripts/managers/case_manager.gd:114)
         [1] before_each (res://tests/unit/test_conclusion_manager.gd:142)
         [2] _run_test (res://addons/gut/gut.gd:605)
         [3] _test_the_scripts (res://addons/gut/gut.gd:818)
WARNING: [CaseManager] Validation: EvidenceData: discovery_method is required for evidence 'ev_prints'
     at: push_warning (core/variant/variant_utility.cpp:1034)
     GDScript backtrace (most recent call first):
         [0] load_case (res://scripts/managers/case_manager.gd:114)
         [1] before_each (res://tests/unit/test_conclusion_manager.gd:142)
         [2] _run_test (res://addons/gut/gut.gd:605)
         [3] _test_the_scripts (res://addons/gut/gut.gd:818)
WARNING: [CaseManager] Validation: EvidenceData: discovery_method is required for evidence 'ev_alibi'
     at: push_warning (core/variant/variant_utility.cpp:1034)
     GDScript backtrace (most recent call first):
         [0] load_case (res://scripts/managers/case_manager.gd:114)
         [1] before_each (res://tests/unit/test_conclusion_manager.gd:142)
         [2] _run_test (res://addons/gut/gut.gd:605)
         [3] _test_the_scripts (res://addons/gut/gut.gd:818)
WARNING: [CaseManager] Validation: EvidenceData: discovery_method is required for evidence 'ev_hidden'
     at: push_warning (core/variant/variant_utility.cpp:1034)
     GDScript backtrace (most recent call first):
         [0] load_case (res://scripts/managers/case_manager.gd:114)
         [1] before_each (res://tests/unit/test_conclusion_manager.gd:142)
         [2] _run_test (res://addons/gut/gut.gd:605)
         [3] _test_the_scripts (res://addons/gut/gut.gd:818)
* test_evidence_score_with_low_weight
WARNING: [CaseManager] Validation: EvidenceData: discovery_method is required for evidence 'ev_knife'
     at: push_warning (core/variant/variant_utility.cpp:1034)
     GDScript backtrace (most recent call first):
         [0] load_case (res://scripts/managers/case_manager.gd:114)
         [1] before_each (res://tests/unit/test_conclusion_manager.gd:142)
         [2] _run_test (res://addons/gut/gut.gd:605)
         [3] _test_the_scripts (res://addons/gut/gut.gd:818)
WARNING: [CaseManager] Validation: EvidenceData: discovery_method is required for evidence 'ev_motive_doc'
     at: push_warning (core/variant/variant_utility.cpp:1034)
     GDScript backtrace (most recent call first):
         [0] load_case (res://scripts/managers/case_manager.gd:114)
         [1] before_each (res://tests/unit/test_conclusion_manager.gd:142)
         [2] _run_test (res://addons/gut/gut.gd:605)
         [3] _test_the_scripts (res://addons/gut/gut.gd:818)
WARNING: [CaseManager] Validation: EvidenceData: discovery_method is required for evidence 'ev_prints'
     at: push_warning (core/variant/variant_utility.cpp:1034)
     GDScript backtrace (most recent call first):
         [0] load_case (res://scripts/managers/case_manager.gd:114)
         [1] before_each (res://tests/unit/test_conclusion_manager.gd:142)
         [2] _run_test (res://addons/gut/gut.gd:605)
         [3] _test_the_scripts (res://addons/gut/gut.gd:818)
WARNING: [CaseManager] Validation: EvidenceData: discovery_method is required for evidence 'ev_alibi'
     at: push_warning (core/variant/variant_utility.cpp:1034)
     GDScript backtrace (most recent call first):
         [0] load_case (res://scripts/managers/case_manager.gd:114)
         [1] before_each (res://tests/unit/test_conclusion_manager.gd:142)
         [2] _run_test (res://addons/gut/gut.gd:605)
         [3] _test_the_scripts (res://addons/gut/gut.gd:818)
WARNING: [CaseManager] Validation: EvidenceData: discovery_method is required for evidence 'ev_hidden'
     at: push_warning (core/variant/variant_utility.cpp:1034)
     GDScript backtrace (most recent call first):
         [0] load_case (res://scripts/managers/case_manager.gd:114)
         [1] before_each (res://tests/unit/test_conclusion_manager.gd:142)
         [2] _run_test (res://addons/gut/gut.gd:605)
         [3] _test_the_scripts (res://addons/gut/gut.gd:818)
* test_evidence_score_uses_weight_not_importance_level
WARNING: [CaseManager] Validation: EvidenceData: discovery_method is required for evidence 'ev_knife'
     at: push_warning (core/variant/variant_utility.cpp:1034)
     GDScript backtrace (most recent call first):
         [0] load_case (res://scripts/managers/case_manager.gd:114)
         [1] before_each (res://tests/unit/test_conclusion_manager.gd:142)
         [2] _run_test (res://addons/gut/gut.gd:605)
         [3] _test_the_scripts (res://addons/gut/gut.gd:818)
WARNING: [CaseManager] Validation: EvidenceData: discovery_method is required for evidence 'ev_motive_doc'
     at: push_warning (core/variant/variant_utility.cpp:1034)
     GDScript backtrace (most recent call first):
         [0] load_case (res://scripts/managers/case_manager.gd:114)
         [1] before_each (res://tests/unit/test_conclusion_manager.gd:142)
         [2] _run_test (res://addons/gut/gut.gd:605)
         [3] _test_the_scripts (res://addons/gut/gut.gd:818)
WARNING: [CaseManager] Validation: EvidenceData: discovery_method is required for evidence 'ev_prints'
     at: push_warning (core/variant/variant_utility.cpp:1034)
     GDScript backtrace (most recent call first):
         [0] load_case (res://scripts/managers/case_manager.gd:114)
         [1] before_each (res://tests/unit/test_conclusion_manager.gd:142)
         [2] _run_test (res://addons/gut/gut.gd:605)
         [3] _test_the_scripts (res://addons/gut/gut.gd:818)
WARNING: [CaseManager] Validation: EvidenceData: discovery_method is required for evidence 'ev_alibi'
     at: push_warning (core/variant/variant_utility.cpp:1034)
     GDScript backtrace (most recent call first):
         [0] load_case (res://scripts/managers/case_manager.gd:114)
         [1] before_each (res://tests/unit/test_conclusion_manager.gd:142)
         [2] _run_test (res://addons/gut/gut.gd:605)
         [3] _test_the_scripts (res://addons/gut/gut.gd:818)
WARNING: [CaseManager] Validation: EvidenceData: discovery_method is required for evidence 'ev_hidden'
     at: push_warning (core/variant/variant_utility.cpp:1034)
     GDScript backtrace (most recent call first):
         [0] load_case (res://scripts/managers/case_manager.gd:114)
         [1] before_each (res://tests/unit/test_conclusion_manager.gd:142)
         [2] _run_test (res://addons/gut/gut.gd:605)
         [3] _test_the_scripts (res://addons/gut/gut.gd:818)
* test_timeline_exact_match
WARNING: [CaseManager] Validation: EvidenceData: discovery_method is required for evidence 'ev_knife'
     at: push_warning (core/variant/variant_utility.cpp:1034)
     GDScript backtrace (most recent call first):
         [0] load_case (res://scripts/managers/case_manager.gd:114)
         [1] before_each (res://tests/unit/test_conclusion_manager.gd:142)
         [2] _run_test (res://addons/gut/gut.gd:605)
         [3] _test_the_scripts (res://addons/gut/gut.gd:818)
WARNING: [CaseManager] Validation: EvidenceData: discovery_method is required for evidence 'ev_motive_doc'
     at: push_warning (core/variant/variant_utility.cpp:1034)
     GDScript backtrace (most recent call first):
         [0] load_case (res://scripts/managers/case_manager.gd:114)
         [1] before_each (res://tests/unit/test_conclusion_manager.gd:142)
         [2] _run_test (res://addons/gut/gut.gd:605)
         [3] _test_the_scripts (res://addons/gut/gut.gd:818)
WARNING: [CaseManager] Validation: EvidenceData: discovery_method is required for evidence 'ev_prints'
     at: push_warning (core/variant/variant_utility.cpp:1034)
     GDScript backtrace (most recent call first):
         [0] load_case (res://scripts/managers/case_manager.gd:114)
         [1] before_each (res://tests/unit/test_conclusion_manager.gd:142)
         [2] _run_test (res://addons/gut/gut.gd:605)
         [3] _test_the_scripts (res://addons/gut/gut.gd:818)
WARNING: [CaseManager] Validation: EvidenceData: discovery_method is required for evidence 'ev_alibi'
     at: push_warning (core/variant/variant_utility.cpp:1034)
     GDScript backtrace (most recent call first):
         [0] load_case (res://scripts/managers/case_manager.gd:114)
         [1] before_each (res://tests/unit/test_conclusion_manager.gd:142)
         [2] _run_test (res://addons/gut/gut.gd:605)
         [3] _test_the_scripts (res://addons/gut/gut.gd:818)
WARNING: [CaseManager] Validation: EvidenceData: discovery_method is required for evidence 'ev_hidden'
     at: push_warning (core/variant/variant_utility.cpp:1034)
     GDScript backtrace (most recent call first):
         [0] load_case (res://scripts/managers/case_manager.gd:114)
         [1] before_each (res://tests/unit/test_conclusion_manager.gd:142)
         [2] _run_test (res://addons/gut/gut.gd:605)
         [3] _test_the_scripts (res://addons/gut/gut.gd:818)
* test_timeline_within_15_minutes
WARNING: [CaseManager] Validation: EvidenceData: discovery_method is required for evidence 'ev_knife'
     at: push_warning (core/variant/variant_utility.cpp:1034)
     GDScript backtrace (most recent call first):
         [0] load_case (res://scripts/managers/case_manager.gd:114)
         [1] before_each (res://tests/unit/test_conclusion_manager.gd:142)
         [2] _run_test (res://addons/gut/gut.gd:605)
         [3] _test_the_scripts (res://addons/gut/gut.gd:818)
WARNING: [CaseManager] Validation: EvidenceData: discovery_method is required for evidence 'ev_motive_doc'
     at: push_warning (core/variant/variant_utility.cpp:1034)
     GDScript backtrace (most recent call first):
         [0] load_case (res://scripts/managers/case_manager.gd:114)
         [1] before_each (res://tests/unit/test_conclusion_manager.gd:142)
         [2] _run_test (res://addons/gut/gut.gd:605)
         [3] _test_the_scripts (res://addons/gut/gut.gd:818)
WARNING: [CaseManager] Validation: EvidenceData: discovery_method is required for evidence 'ev_prints'
     at: push_warning (core/variant/variant_utility.cpp:1034)
     GDScript backtrace (most recent call first):
         [0] load_case (res://scripts/managers/case_manager.gd:114)
         [1] before_each (res://tests/unit/test_conclusion_manager.gd:142)
         [2] _run_test (res://addons/gut/gut.gd:605)
         [3] _test_the_scripts (res://addons/gut/gut.gd:818)
WARNING: [CaseManager] Validation: EvidenceData: discovery_method is required for evidence 'ev_alibi'
     at: push_warning (core/variant/variant_utility.cpp:1034)
     GDScript backtrace (most recent call first):
         [0] load_case (res://scripts/managers/case_manager.gd:114)
         [1] before_each (res://tests/unit/test_conclusion_manager.gd:142)
         [2] _run_test (res://addons/gut/gut.gd:605)
         [3] _test_the_scripts (res://addons/gut/gut.gd:818)
WARNING: [CaseManager] Validation: EvidenceData: discovery_method is required for evidence 'ev_hidden'
     at: push_warning (core/variant/variant_utility.cpp:1034)
     GDScript backtrace (most recent call first):
         [0] load_case (res://scripts/managers/case_manager.gd:114)
         [1] before_each (res://tests/unit/test_conclusion_manager.gd:142)
         [2] _run_test (res://addons/gut/gut.gd:605)
         [3] _test_the_scripts (res://addons/gut/gut.gd:818)
* test_timeline_within_hour
WARNING: [CaseManager] Validation: EvidenceData: discovery_method is required for evidence 'ev_knife'
     at: push_warning (core/variant/variant_utility.cpp:1034)
     GDScript backtrace (most recent call first):
         [0] load_case (res://scripts/managers/case_manager.gd:114)
         [1] before_each (res://tests/unit/test_conclusion_manager.gd:142)
         [2] _run_test (res://addons/gut/gut.gd:605)
         [3] _test_the_scripts (res://addons/gut/gut.gd:818)
WARNING: [CaseManager] Validation: EvidenceData: discovery_method is required for evidence 'ev_motive_doc'
     at: push_warning (core/variant/variant_utility.cpp:1034)
     GDScript backtrace (most recent call first):
         [0] load_case (res://scripts/managers/case_manager.gd:114)
         [1] before_each (res://tests/unit/test_conclusion_manager.gd:142)
         [2] _run_test (res://addons/gut/gut.gd:605)
         [3] _test_the_scripts (res://addons/gut/gut.gd:818)
WARNING: [CaseManager] Validation: EvidenceData: discovery_method is required for evidence 'ev_prints'
     at: push_warning (core/variant/variant_utility.cpp:1034)
     GDScript backtrace (most recent call first):
         [0] load_case (res://scripts/managers/case_manager.gd:114)
         [1] before_each (res://tests/unit/test_conclusion_manager.gd:142)
         [2] _run_test (res://addons/gut/gut.gd:605)
         [3] _test_the_scripts (res://addons/gut/gut.gd:818)
WARNING: [CaseManager] Validation: EvidenceData: discovery_method is required for evidence 'ev_alibi'
     at: push_warning (core/variant/variant_utility.cpp:1034)
     GDScript backtrace (most recent call first):
         [0] load_case (res://scripts/managers/case_manager.gd:114)
         [1] before_each (res://tests/unit/test_conclusion_manager.gd:142)
         [2] _run_test (res://addons/gut/gut.gd:605)
         [3] _test_the_scripts (res://addons/gut/gut.gd:818)
WARNING: [CaseManager] Validation: EvidenceData: discovery_method is required for evidence 'ev_hidden'
     at: push_warning (core/variant/variant_utility.cpp:1034)
     GDScript backtrace (most recent call first):
         [0] load_case (res://scripts/managers/case_manager.gd:114)
         [1] before_each (res://tests/unit/test_conclusion_manager.gd:142)
         [2] _run_test (res://addons/gut/gut.gd:605)
         [3] _test_the_scripts (res://addons/gut/gut.gd:818)
* test_timeline_right_day_wrong_time
WARNING: [CaseManager] Validation: EvidenceData: discovery_method is required for evidence 'ev_knife'
     at: push_warning (core/variant/variant_utility.cpp:1034)
     GDScript backtrace (most recent call first):
         [0] load_case (res://scripts/managers/case_manager.gd:114)
         [1] before_each (res://tests/unit/test_conclusion_manager.gd:142)
         [2] _run_test (res://addons/gut/gut.gd:605)
         [3] _test_the_scripts (res://addons/gut/gut.gd:818)
WARNING: [CaseManager] Validation: EvidenceData: discovery_method is required for evidence 'ev_motive_doc'
     at: push_warning (core/variant/variant_utility.cpp:1034)
     GDScript backtrace (most recent call first):
         [0] load_case (res://scripts/managers/case_manager.gd:114)
         [1] before_each (res://tests/unit/test_conclusion_manager.gd:142)
         [2] _run_test (res://addons/gut/gut.gd:605)
         [3] _test_the_scripts (res://addons/gut/gut.gd:818)
WARNING: [CaseManager] Validation: EvidenceData: discovery_method is required for evidence 'ev_prints'
     at: push_warning (core/variant/variant_utility.cpp:1034)
     GDScript backtrace (most recent call first):
         [0] load_case (res://scripts/managers/case_manager.gd:114)
         [1] before_each (res://tests/unit/test_conclusion_manager.gd:142)
         [2] _run_test (res://addons/gut/gut.gd:605)
         [3] _test_the_scripts (res://addons/gut/gut.gd:818)
WARNING: [CaseManager] Validation: EvidenceData: discovery_method is required for evidence 'ev_alibi'
     at: push_warning (core/variant/variant_utility.cpp:1034)
     GDScript backtrace (most recent call first):
         [0] load_case (res://scripts/managers/case_manager.gd:114)
         [1] before_each (res://tests/unit/test_conclusion_manager.gd:142)
         [2] _run_test (res://addons/gut/gut.gd:605)
         [3] _test_the_scripts (res://addons/gut/gut.gd:818)
WARNING: [CaseManager] Validation: EvidenceData: discovery_method is required for evidence 'ev_hidden'
     at: push_warning (core/variant/variant_utility.cpp:1034)
     GDScript backtrace (most recent call first):
         [0] load_case (res://scripts/managers/case_manager.gd:114)
         [1] before_each (res://tests/unit/test_conclusion_manager.gd:142)
         [2] _run_test (res://addons/gut/gut.gd:605)
         [3] _test_the_scripts (res://addons/gut/gut.gd:818)
* test_timeline_wrong_day
WARNING: [CaseManager] Validation: EvidenceData: discovery_method is required for evidence 'ev_knife'
     at: push_warning (core/variant/variant_utility.cpp:1034)
     GDScript backtrace (most recent call first):
         [0] load_case (res://scripts/managers/case_manager.gd:114)
         [1] before_each (res://tests/unit/test_conclusion_manager.gd:142)
         [2] _run_test (res://addons/gut/gut.gd:605)
         [3] _test_the_scripts (res://addons/gut/gut.gd:818)
WARNING: [CaseManager] Validation: EvidenceData: discovery_method is required for evidence 'ev_motive_doc'
     at: push_warning (core/variant/variant_utility.cpp:1034)
     GDScript backtrace (most recent call first):
         [0] load_case (res://scripts/managers/case_manager.gd:114)
         [1] before_each (res://tests/unit/test_conclusion_manager.gd:142)
         [2] _run_test (res://addons/gut/gut.gd:605)
         [3] _test_the_scripts (res://addons/gut/gut.gd:818)
WARNING: [CaseManager] Validation: EvidenceData: discovery_method is required for evidence 'ev_prints'
     at: push_warning (core/variant/variant_utility.cpp:1034)
     GDScript backtrace (most recent call first):
         [0] load_case (res://scripts/managers/case_manager.gd:114)
         [1] before_each (res://tests/unit/test_conclusion_manager.gd:142)
         [2] _run_test (res://addons/gut/gut.gd:605)
         [3] _test_the_scripts (res://addons/gut/gut.gd:818)
WARNING: [CaseManager] Validation: EvidenceData: discovery_method is required for evidence 'ev_alibi'
     at: push_warning (core/variant/variant_utility.cpp:1034)
     GDScript backtrace (most recent call first):
         [0] load_case (res://scripts/managers/case_manager.gd:114)
         [1] before_each (res://tests/unit/test_conclusion_manager.gd:142)
         [2] _run_test (res://addons/gut/gut.gd:605)
         [3] _test_the_scripts (res://addons/gut/gut.gd:818)
WARNING: [CaseManager] Validation: EvidenceData: discovery_method is required for evidence 'ev_hidden'
     at: push_warning (core/variant/variant_utility.cpp:1034)
     GDScript backtrace (most recent call first):
         [0] load_case (res://scripts/managers/case_manager.gd:114)
         [1] before_each (res://tests/unit/test_conclusion_manager.gd:142)
         [2] _run_test (res://addons/gut/gut.gd:605)
         [3] _test_the_scripts (res://addons/gut/gut.gd:818)
* test_timeline_empty_answer
WARNING: [CaseManager] Validation: EvidenceData: discovery_method is required for evidence 'ev_knife'
     at: push_warning (core/variant/variant_utility.cpp:1034)
     GDScript backtrace (most recent call first):
         [0] load_case (res://scripts/managers/case_manager.gd:114)
         [1] before_each (res://tests/unit/test_conclusion_manager.gd:142)
         [2] _run_test (res://addons/gut/gut.gd:605)
         [3] _test_the_scripts (res://addons/gut/gut.gd:818)
WARNING: [CaseManager] Validation: EvidenceData: discovery_method is required for evidence 'ev_motive_doc'
     at: push_warning (core/variant/variant_utility.cpp:1034)
     GDScript backtrace (most recent call first):
         [0] load_case (res://scripts/managers/case_manager.gd:114)
         [1] before_each (res://tests/unit/test_conclusion_manager.gd:142)
         [2] _run_test (res://addons/gut/gut.gd:605)
         [3] _test_the_scripts (res://addons/gut/gut.gd:818)
WARNING: [CaseManager] Validation: EvidenceData: discovery_method is required for evidence 'ev_prints'
     at: push_warning (core/variant/variant_utility.cpp:1034)
     GDScript backtrace (most recent call first):
         [0] load_case (res://scripts/managers/case_manager.gd:114)
         [1] before_each (res://tests/unit/test_conclusion_manager.gd:142)
         [2] _run_test (res://addons/gut/gut.gd:605)
         [3] _test_the_scripts (res://addons/gut/gut.gd:818)
WARNING: [CaseManager] Validation: EvidenceData: discovery_method is required for evidence 'ev_alibi'
     at: push_warning (core/variant/variant_utility.cpp:1034)
     GDScript backtrace (most recent call first):
         [0] load_case (res://scripts/managers/case_manager.gd:114)
         [1] before_each (res://tests/unit/test_conclusion_manager.gd:142)
         [2] _run_test (res://addons/gut/gut.gd:605)
         [3] _test_the_scripts (res://addons/gut/gut.gd:818)
WARNING: [CaseManager] Validation: EvidenceData: discovery_method is required for evidence 'ev_hidden'
     at: push_warning (core/variant/variant_utility.cpp:1034)
     GDScript backtrace (most recent call first):
         [0] load_case (res://scripts/managers/case_manager.gd:114)
         [1] before_each (res://tests/unit/test_conclusion_manager.gd:142)
         [2] _run_test (res://addons/gut/gut.gd:605)
         [3] _test_the_scripts (res://addons/gut/gut.gd:818)
* test_timeline_hh_mm_format
WARNING: [CaseManager] Validation: EvidenceData: discovery_method is required for evidence 'ev_knife'
     at: push_warning (core/variant/variant_utility.cpp:1034)
     GDScript backtrace (most recent call first):
         [0] load_case (res://scripts/managers/case_manager.gd:114)
         [1] before_each (res://tests/unit/test_conclusion_manager.gd:142)
         [2] _run_test (res://addons/gut/gut.gd:605)
         [3] _test_the_scripts (res://addons/gut/gut.gd:818)
WARNING: [CaseManager] Validation: EvidenceData: discovery_method is required for evidence 'ev_motive_doc'
     at: push_warning (core/variant/variant_utility.cpp:1034)
     GDScript backtrace (most recent call first):
         [0] load_case (res://scripts/managers/case_manager.gd:114)
         [1] before_each (res://tests/unit/test_conclusion_manager.gd:142)
         [2] _run_test (res://addons/gut/gut.gd:605)
         [3] _test_the_scripts (res://addons/gut/gut.gd:818)
WARNING: [CaseManager] Validation: EvidenceData: discovery_method is required for evidence 'ev_prints'
     at: push_warning (core/variant/variant_utility.cpp:1034)
     GDScript backtrace (most recent call first):
         [0] load_case (res://scripts/managers/case_manager.gd:114)
         [1] before_each (res://tests/unit/test_conclusion_manager.gd:142)
         [2] _run_test (res://addons/gut/gut.gd:605)
         [3] _test_the_scripts (res://addons/gut/gut.gd:818)
WARNING: [CaseManager] Validation: EvidenceData: discovery_method is required for evidence 'ev_alibi'
     at: push_warning (core/variant/variant_utility.cpp:1034)
     GDScript backtrace (most recent call first):
         [0] load_case (res://scripts/managers/case_manager.gd:114)
         [1] before_each (res://tests/unit/test_conclusion_manager.gd:142)
         [2] _run_test (res://addons/gut/gut.gd:605)
         [3] _test_the_scripts (res://addons/gut/gut.gd:818)
WARNING: [CaseManager] Validation: EvidenceData: discovery_method is required for evidence 'ev_hidden'
     at: push_warning (core/variant/variant_utility.cpp:1034)
     GDScript backtrace (most recent call first):
         [0] load_case (res://scripts/managers/case_manager.gd:114)
         [1] before_each (res://tests/unit/test_conclusion_manager.gd:142)
         [2] _run_test (res://addons/gut/gut.gd:605)
         [3] _test_the_scripts (res://addons/gut/gut.gd:818)
* test_motive_with_motive_category_evidence
WARNING: [CaseManager] Validation: EvidenceData: discovery_method is required for evidence 'ev_knife'
     at: push_warning (core/variant/variant_utility.cpp:1034)
     GDScript backtrace (most recent call first):
         [0] load_case (res://scripts/managers/case_manager.gd:114)
         [1] before_each (res://tests/unit/test_conclusion_manager.gd:142)
         [2] _run_test (res://addons/gut/gut.gd:605)
         [3] _test_the_scripts (res://addons/gut/gut.gd:818)
WARNING: [CaseManager] Validation: EvidenceData: discovery_method is required for evidence 'ev_motive_doc'
     at: push_warning (core/variant/variant_utility.cpp:1034)
     GDScript backtrace (most recent call first):
         [0] load_case (res://scripts/managers/case_manager.gd:114)
         [1] before_each (res://tests/unit/test_conclusion_manager.gd:142)
         [2] _run_test (res://addons/gut/gut.gd:605)
         [3] _test_the_scripts (res://addons/gut/gut.gd:818)
WARNING: [CaseManager] Validation: EvidenceData: discovery_method is required for evidence 'ev_prints'
     at: push_warning (core/variant/variant_utility.cpp:1034)
     GDScript backtrace (most recent call first):
         [0] load_case (res://scripts/managers/case_manager.gd:114)
         [1] before_each (res://tests/unit/test_conclusion_manager.gd:142)
         [2] _run_test (res://addons/gut/gut.gd:605)
         [3] _test_the_scripts (res://addons/gut/gut.gd:818)
WARNING: [CaseManager] Validation: EvidenceData: discovery_method is required for evidence 'ev_alibi'
     at: push_warning (core/variant/variant_utility.cpp:1034)
     GDScript backtrace (most recent call first):
         [0] load_case (res://scripts/managers/case_manager.gd:114)
         [1] before_each (res://tests/unit/test_conclusion_manager.gd:142)
         [2] _run_test (res://addons/gut/gut.gd:605)
         [3] _test_the_scripts (res://addons/gut/gut.gd:818)
WARNING: [CaseManager] Validation: EvidenceData: discovery_method is required for evidence 'ev_hidden'
     at: push_warning (core/variant/variant_utility.cpp:1034)
     GDScript backtrace (most recent call first):
         [0] load_case (res://scripts/managers/case_manager.gd:114)
         [1] before_each (res://tests/unit/test_conclusion_manager.gd:142)
         [2] _run_test (res://addons/gut/gut.gd:605)
         [3] _test_the_scripts (res://addons/gut/gut.gd:818)
* test_motive_with_non_motive_evidence
WARNING: [CaseManager] Validation: EvidenceData: discovery_method is required for evidence 'ev_knife'
     at: push_warning (core/variant/variant_utility.cpp:1034)
     GDScript backtrace (most recent call first):
         [0] load_case (res://scripts/managers/case_manager.gd:114)
         [1] before_each (res://tests/unit/test_conclusion_manager.gd:142)
         [2] _run_test (res://addons/gut/gut.gd:605)
         [3] _test_the_scripts (res://addons/gut/gut.gd:818)
WARNING: [CaseManager] Validation: EvidenceData: discovery_method is required for evidence 'ev_motive_doc'
     at: push_warning (core/variant/variant_utility.cpp:1034)
     GDScript backtrace (most recent call first):
         [0] load_case (res://scripts/managers/case_manager.gd:114)
         [1] before_each (res://tests/unit/test_conclusion_manager.gd:142)
         [2] _run_test (res://addons/gut/gut.gd:605)
         [3] _test_the_scripts (res://addons/gut/gut.gd:818)
WARNING: [CaseManager] Validation: EvidenceData: discovery_method is required for evidence 'ev_prints'
     at: push_warning (core/variant/variant_utility.cpp:1034)
     GDScript backtrace (most recent call first):
         [0] load_case (res://scripts/managers/case_manager.gd:114)
         [1] before_each (res://tests/unit/test_conclusion_manager.gd:142)
         [2] _run_test (res://addons/gut/gut.gd:605)
         [3] _test_the_scripts (res://addons/gut/gut.gd:818)
WARNING: [CaseManager] Validation: EvidenceData: discovery_method is required for evidence 'ev_alibi'
     at: push_warning (core/variant/variant_utility.cpp:1034)
     GDScript backtrace (most recent call first):
         [0] load_case (res://scripts/managers/case_manager.gd:114)
         [1] before_each (res://tests/unit/test_conclusion_manager.gd:142)
         [2] _run_test (res://addons/gut/gut.gd:605)
         [3] _test_the_scripts (res://addons/gut/gut.gd:818)
WARNING: [CaseManager] Validation: EvidenceData: discovery_method is required for evidence 'ev_hidden'
     at: push_warning (core/variant/variant_utility.cpp:1034)
     GDScript backtrace (most recent call first):
         [0] load_case (res://scripts/managers/case_manager.gd:114)
         [1] before_each (res://tests/unit/test_conclusion_manager.gd:142)
         [2] _run_test (res://addons/gut/gut.gd:605)
         [3] _test_the_scripts (res://addons/gut/gut.gd:818)
* test_motive_empty_answer
WARNING: [CaseManager] Validation: EvidenceData: discovery_method is required for evidence 'ev_knife'
     at: push_warning (core/variant/variant_utility.cpp:1034)
     GDScript backtrace (most recent call first):
         [0] load_case (res://scripts/managers/case_manager.gd:114)
         [1] before_each (res://tests/unit/test_conclusion_manager.gd:142)
         [2] _run_test (res://addons/gut/gut.gd:605)
         [3] _test_the_scripts (res://addons/gut/gut.gd:818)
WARNING: [CaseManager] Validation: EvidenceData: discovery_method is required for evidence 'ev_motive_doc'
     at: push_warning (core/variant/variant_utility.cpp:1034)
     GDScript backtrace (most recent call first):
         [0] load_case (res://scripts/managers/case_manager.gd:114)
         [1] before_each (res://tests/unit/test_conclusion_manager.gd:142)
         [2] _run_test (res://addons/gut/gut.gd:605)
         [3] _test_the_scripts (res://addons/gut/gut.gd:818)
WARNING: [CaseManager] Validation: EvidenceData: discovery_method is required for evidence 'ev_prints'
     at: push_warning (core/variant/variant_utility.cpp:1034)
     GDScript backtrace (most recent call first):
         [0] load_case (res://scripts/managers/case_manager.gd:114)
         [1] before_each (res://tests/unit/test_conclusion_manager.gd:142)
         [2] _run_test (res://addons/gut/gut.gd:605)
         [3] _test_the_scripts (res://addons/gut/gut.gd:818)
WARNING: [CaseManager] Validation: EvidenceData: discovery_method is required for evidence 'ev_alibi'
     at: push_warning (core/variant/variant_utility.cpp:1034)
     GDScript backtrace (most recent call first):
         [0] load_case (res://scripts/managers/case_manager.gd:114)
         [1] before_each (res://tests/unit/test_conclusion_manager.gd:142)
         [2] _run_test (res://addons/gut/gut.gd:605)
         [3] _test_the_scripts (res://addons/gut/gut.gd:818)
WARNING: [CaseManager] Validation: EvidenceData: discovery_method is required for evidence 'ev_hidden'
     at: push_warning (core/variant/variant_utility.cpp:1034)
     GDScript backtrace (most recent call first):
         [0] load_case (res://scripts/managers/case_manager.gd:114)
         [1] before_each (res://tests/unit/test_conclusion_manager.gd:142)
         [2] _run_test (res://addons/gut/gut.gd:605)
         [3] _test_the_scripts (res://addons/gut/gut.gd:818)
* test_motive_claim_without_evidence
WARNING: [CaseManager] Validation: EvidenceData: discovery_method is required for evidence 'ev_knife'
     at: push_warning (core/variant/variant_utility.cpp:1034)
     GDScript backtrace (most recent call first):
         [0] load_case (res://scripts/managers/case_manager.gd:114)
         [1] before_each (res://tests/unit/test_conclusion_manager.gd:142)
         [2] _run_test (res://addons/gut/gut.gd:605)
         [3] _test_the_scripts (res://addons/gut/gut.gd:818)
WARNING: [CaseManager] Validation: EvidenceData: discovery_method is required for evidence 'ev_motive_doc'
     at: push_warning (core/variant/variant_utility.cpp:1034)
     GDScript backtrace (most recent call first):
         [0] load_case (res://scripts/managers/case_manager.gd:114)
         [1] before_each (res://tests/unit/test_conclusion_manager.gd:142)
         [2] _run_test (res://addons/gut/gut.gd:605)
         [3] _test_the_scripts (res://addons/gut/gut.gd:818)
WARNING: [CaseManager] Validation: EvidenceData: discovery_method is required for evidence 'ev_prints'
     at: push_warning (core/variant/variant_utility.cpp:1034)
     GDScript backtrace (most recent call first):
         [0] load_case (res://scripts/managers/case_manager.gd:114)
         [1] before_each (res://tests/unit/test_conclusion_manager.gd:142)
         [2] _run_test (res://addons/gut/gut.gd:605)
         [3] _test_the_scripts (res://addons/gut/gut.gd:818)
WARNING: [CaseManager] Validation: EvidenceData: discovery_method is required for evidence 'ev_alibi'
     at: push_warning (core/variant/variant_utility.cpp:1034)
     GDScript backtrace (most recent call first):
         [0] load_case (res://scripts/managers/case_manager.gd:114)
         [1] before_each (res://tests/unit/test_conclusion_manager.gd:142)
         [2] _run_test (res://addons/gut/gut.gd:605)
         [3] _test_the_scripts (res://addons/gut/gut.gd:818)
WARNING: [CaseManager] Validation: EvidenceData: discovery_method is required for evidence 'ev_hidden'
     at: push_warning (core/variant/variant_utility.cpp:1034)
     GDScript backtrace (most recent call first):
         [0] load_case (res://scripts/managers/case_manager.gd:114)
         [1] before_each (res://tests/unit/test_conclusion_manager.gd:142)
         [2] _run_test (res://addons/gut/gut.gd:605)
         [3] _test_the_scripts (res://addons/gut/gut.gd:818)
* test_alternatives_all_interrogated
WARNING: [CaseManager] Validation: EvidenceData: discovery_method is required for evidence 'ev_knife'
     at: push_warning (core/variant/variant_utility.cpp:1034)
     GDScript backtrace (most recent call first):
         [0] load_case (res://scripts/managers/case_manager.gd:114)
         [1] before_each (res://tests/unit/test_conclusion_manager.gd:142)
         [2] _run_test (res://addons/gut/gut.gd:605)
         [3] _test_the_scripts (res://addons/gut/gut.gd:818)
WARNING: [CaseManager] Validation: EvidenceData: discovery_method is required for evidence 'ev_motive_doc'
     at: push_warning (core/variant/variant_utility.cpp:1034)
     GDScript backtrace (most recent call first):
         [0] load_case (res://scripts/managers/case_manager.gd:114)
         [1] before_each (res://tests/unit/test_conclusion_manager.gd:142)
         [2] _run_test (res://addons/gut/gut.gd:605)
         [3] _test_the_scripts (res://addons/gut/gut.gd:818)
WARNING: [CaseManager] Validation: EvidenceData: discovery_method is required for evidence 'ev_prints'
     at: push_warning (core/variant/variant_utility.cpp:1034)
     GDScript backtrace (most recent call first):
         [0] load_case (res://scripts/managers/case_manager.gd:114)
         [1] before_each (res://tests/unit/test_conclusion_manager.gd:142)
         [2] _run_test (res://addons/gut/gut.gd:605)
         [3] _test_the_scripts (res://addons/gut/gut.gd:818)
WARNING: [CaseManager] Validation: EvidenceData: discovery_method is required for evidence 'ev_alibi'
     at: push_warning (core/variant/variant_utility.cpp:1034)
     GDScript backtrace (most recent call first):
         [0] load_case (res://scripts/managers/case_manager.gd:114)
         [1] before_each (res://tests/unit/test_conclusion_manager.gd:142)
         [2] _run_test (res://addons/gut/gut.gd:605)
         [3] _test_the_scripts (res://addons/gut/gut.gd:818)
WARNING: [CaseManager] Validation: EvidenceData: discovery_method is required for evidence 'ev_hidden'
     at: push_warning (core/variant/variant_utility.cpp:1034)
     GDScript backtrace (most recent call first):
         [0] load_case (res://scripts/managers/case_manager.gd:114)
         [1] before_each (res://tests/unit/test_conclusion_manager.gd:142)
         [2] _run_test (res://addons/gut/gut.gd:605)
         [3] _test_the_scripts (res://addons/gut/gut.gd:818)
* test_alternatives_half_interrogated
WARNING: [CaseManager] Validation: EvidenceData: discovery_method is required for evidence 'ev_knife'
     at: push_warning (core/variant/variant_utility.cpp:1034)
     GDScript backtrace (most recent call first):
         [0] load_case (res://scripts/managers/case_manager.gd:114)
         [1] before_each (res://tests/unit/test_conclusion_manager.gd:142)
         [2] _run_test (res://addons/gut/gut.gd:605)
         [3] _test_the_scripts (res://addons/gut/gut.gd:818)
WARNING: [CaseManager] Validation: EvidenceData: discovery_method is required for evidence 'ev_motive_doc'
     at: push_warning (core/variant/variant_utility.cpp:1034)
     GDScript backtrace (most recent call first):
         [0] load_case (res://scripts/managers/case_manager.gd:114)
         [1] before_each (res://tests/unit/test_conclusion_manager.gd:142)
         [2] _run_test (res://addons/gut/gut.gd:605)
         [3] _test_the_scripts (res://addons/gut/gut.gd:818)
WARNING: [CaseManager] Validation: EvidenceData: discovery_method is required for evidence 'ev_prints'
     at: push_warning (core/variant/variant_utility.cpp:1034)
     GDScript backtrace (most recent call first):
         [0] load_case (res://scripts/managers/case_manager.gd:114)
         [1] before_each (res://tests/unit/test_conclusion_manager.gd:142)
         [2] _run_test (res://addons/gut/gut.gd:605)
         [3] _test_the_scripts (res://addons/gut/gut.gd:818)
WARNING: [CaseManager] Validation: EvidenceData: discovery_method is required for evidence 'ev_alibi'
     at: push_warning (core/variant/variant_utility.cpp:1034)
     GDScript backtrace (most recent call first):
         [0] load_case (res://scripts/managers/case_manager.gd:114)
         [1] before_each (res://tests/unit/test_conclusion_manager.gd:142)
         [2] _run_test (res://addons/gut/gut.gd:605)
         [3] _test_the_scripts (res://addons/gut/gut.gd:818)
WARNING: [CaseManager] Validation: EvidenceData: discovery_method is required for evidence 'ev_hidden'
     at: push_warning (core/variant/variant_utility.cpp:1034)
     GDScript backtrace (most recent call first):
         [0] load_case (res://scripts/managers/case_manager.gd:114)
         [1] before_each (res://tests/unit/test_conclusion_manager.gd:142)
         [2] _run_test (res://addons/gut/gut.gd:605)
         [3] _test_the_scripts (res://addons/gut/gut.gd:818)
* test_alternatives_none_interrogated
WARNING: [CaseManager] Validation: EvidenceData: discovery_method is required for evidence 'ev_knife'
     at: push_warning (core/variant/variant_utility.cpp:1034)
     GDScript backtrace (most recent call first):
         [0] load_case (res://scripts/managers/case_manager.gd:114)
         [1] before_each (res://tests/unit/test_conclusion_manager.gd:142)
         [2] _run_test (res://addons/gut/gut.gd:605)
         [3] _test_the_scripts (res://addons/gut/gut.gd:818)
WARNING: [CaseManager] Validation: EvidenceData: discovery_method is required for evidence 'ev_motive_doc'
     at: push_warning (core/variant/variant_utility.cpp:1034)
     GDScript backtrace (most recent call first):
         [0] load_case (res://scripts/managers/case_manager.gd:114)
         [1] before_each (res://tests/unit/test_conclusion_manager.gd:142)
         [2] _run_test (res://addons/gut/gut.gd:605)
         [3] _test_the_scripts (res://addons/gut/gut.gd:818)
WARNING: [CaseManager] Validation: EvidenceData: discovery_method is required for evidence 'ev_prints'
     at: push_warning (core/variant/variant_utility.cpp:1034)
     GDScript backtrace (most recent call first):
         [0] load_case (res://scripts/managers/case_manager.gd:114)
         [1] before_each (res://tests/unit/test_conclusion_manager.gd:142)
         [2] _run_test (res://addons/gut/gut.gd:605)
         [3] _test_the_scripts (res://addons/gut/gut.gd:818)
WARNING: [CaseManager] Validation: EvidenceData: discovery_method is required for evidence 'ev_alibi'
     at: push_warning (core/variant/variant_utility.cpp:1034)
     GDScript backtrace (most recent call first):
         [0] load_case (res://scripts/managers/case_manager.gd:114)
         [1] before_each (res://tests/unit/test_conclusion_manager.gd:142)
         [2] _run_test (res://addons/gut/gut.gd:605)
         [3] _test_the_scripts (res://addons/gut/gut.gd:818)
WARNING: [CaseManager] Validation: EvidenceData: discovery_method is required for evidence 'ev_hidden'
     at: push_warning (core/variant/variant_utility.cpp:1034)
     GDScript backtrace (most recent call first):
         [0] load_case (res://scripts/managers/case_manager.gd:114)
         [1] before_each (res://tests/unit/test_conclusion_manager.gd:142)
         [2] _run_test (res://addons/gut/gut.gd:605)
         [3] _test_the_scripts (res://addons/gut/gut.gd:818)
* test_no_contradictions_no_penalty
WARNING: [CaseManager] Validation: EvidenceData: discovery_method is required for evidence 'ev_knife'
     at: push_warning (core/variant/variant_utility.cpp:1034)
     GDScript backtrace (most recent call first):
         [0] load_case (res://scripts/managers/case_manager.gd:114)
         [1] before_each (res://tests/unit/test_conclusion_manager.gd:142)
         [2] _run_test (res://addons/gut/gut.gd:605)
         [3] _test_the_scripts (res://addons/gut/gut.gd:818)
WARNING: [CaseManager] Validation: EvidenceData: discovery_method is required for evidence 'ev_motive_doc'
     at: push_warning (core/variant/variant_utility.cpp:1034)
     GDScript backtrace (most recent call first):
         [0] load_case (res://scripts/managers/case_manager.gd:114)
         [1] before_each (res://tests/unit/test_conclusion_manager.gd:142)
         [2] _run_test (res://addons/gut/gut.gd:605)
         [3] _test_the_scripts (res://addons/gut/gut.gd:818)
WARNING: [CaseManager] Validation: EvidenceData: discovery_method is required for evidence 'ev_prints'
     at: push_warning (core/variant/variant_utility.cpp:1034)
     GDScript backtrace (most recent call first):
         [0] load_case (res://scripts/managers/case_manager.gd:114)
         [1] before_each (res://tests/unit/test_conclusion_manager.gd:142)
         [2] _run_test (res://addons/gut/gut.gd:605)
         [3] _test_the_scripts (res://addons/gut/gut.gd:818)
WARNING: [CaseManager] Validation: EvidenceData: discovery_method is required for evidence 'ev_alibi'
     at: push_warning (core/variant/variant_utility.cpp:1034)
     GDScript backtrace (most recent call first):
         [0] load_case (res://scripts/managers/case_manager.gd:114)
         [1] before_each (res://tests/unit/test_conclusion_manager.gd:142)
         [2] _run_test (res://addons/gut/gut.gd:605)
         [3] _test_the_scripts (res://addons/gut/gut.gd:818)
WARNING: [CaseManager] Validation: EvidenceData: discovery_method is required for evidence 'ev_hidden'
     at: push_warning (core/variant/variant_utility.cpp:1034)
     GDScript backtrace (most recent call first):
         [0] load_case (res://scripts/managers/case_manager.gd:114)
         [1] before_each (res://tests/unit/test_conclusion_manager.gd:142)
         [2] _run_test (res://addons/gut/gut.gd:605)
         [3] _test_the_scripts (res://addons/gut/gut.gd:818)
* test_contradictions_produce_penalty
WARNING: [CaseManager] Validation: EvidenceData: discovery_method is required for evidence 'ev_knife'
     at: push_warning (core/variant/variant_utility.cpp:1034)
     GDScript backtrace (most recent call first):
         [0] load_case (res://scripts/managers/case_manager.gd:114)
         [1] before_each (res://tests/unit/test_conclusion_manager.gd:142)
         [2] _run_test (res://addons/gut/gut.gd:605)
         [3] _test_the_scripts (res://addons/gut/gut.gd:818)
WARNING: [CaseManager] Validation: EvidenceData: discovery_method is required for evidence 'ev_motive_doc'
     at: push_warning (core/variant/variant_utility.cpp:1034)
     GDScript backtrace (most recent call first):
         [0] load_case (res://scripts/managers/case_manager.gd:114)
         [1] before_each (res://tests/unit/test_conclusion_manager.gd:142)
         [2] _run_test (res://addons/gut/gut.gd:605)
         [3] _test_the_scripts (res://addons/gut/gut.gd:818)
WARNING: [CaseManager] Validation: EvidenceData: discovery_method is required for evidence 'ev_prints'
     at: push_warning (core/variant/variant_utility.cpp:1034)
     GDScript backtrace (most recent call first):
         [0] load_case (res://scripts/managers/case_manager.gd:114)
         [1] before_each (res://tests/unit/test_conclusion_manager.gd:142)
         [2] _run_test (res://addons/gut/gut.gd:605)
         [3] _test_the_scripts (res://addons/gut/gut.gd:818)
WARNING: [CaseManager] Validation: EvidenceData: discovery_method is required for evidence 'ev_alibi'
     at: push_warning (core/variant/variant_utility.cpp:1034)
     GDScript backtrace (most recent call first):
         [0] load_case (res://scripts/managers/case_manager.gd:114)
         [1] before_each (res://tests/unit/test_conclusion_manager.gd:142)
         [2] _run_test (res://addons/gut/gut.gd:605)
         [3] _test_the_scripts (res://addons/gut/gut.gd:818)
WARNING: [CaseManager] Validation: EvidenceData: discovery_method is required for evidence 'ev_hidden'
     at: push_warning (core/variant/variant_utility.cpp:1034)
     GDScript backtrace (most recent call first):
         [0] load_case (res://scripts/managers/case_manager.gd:114)
         [1] before_each (res://tests/unit/test_conclusion_manager.gd:142)
         [2] _run_test (res://addons/gut/gut.gd:605)
         [3] _test_the_scripts (res://addons/gut/gut.gd:818)
* test_coverage_all_critical_discovered
WARNING: [CaseManager] Validation: EvidenceData: discovery_method is required for evidence 'ev_knife'
     at: push_warning (core/variant/variant_utility.cpp:1034)
     GDScript backtrace (most recent call first):
         [0] load_case (res://scripts/managers/case_manager.gd:114)
         [1] before_each (res://tests/unit/test_conclusion_manager.gd:142)
         [2] _run_test (res://addons/gut/gut.gd:605)
         [3] _test_the_scripts (res://addons/gut/gut.gd:818)
WARNING: [CaseManager] Validation: EvidenceData: discovery_method is required for evidence 'ev_motive_doc'
     at: push_warning (core/variant/variant_utility.cpp:1034)
     GDScript backtrace (most recent call first):
         [0] load_case (res://scripts/managers/case_manager.gd:114)
         [1] before_each (res://tests/unit/test_conclusion_manager.gd:142)
         [2] _run_test (res://addons/gut/gut.gd:605)
         [3] _test_the_scripts (res://addons/gut/gut.gd:818)
WARNING: [CaseManager] Validation: EvidenceData: discovery_method is required for evidence 'ev_prints'
     at: push_warning (core/variant/variant_utility.cpp:1034)
     GDScript backtrace (most recent call first):
         [0] load_case (res://scripts/managers/case_manager.gd:114)
         [1] before_each (res://tests/unit/test_conclusion_manager.gd:142)
         [2] _run_test (res://addons/gut/gut.gd:605)
         [3] _test_the_scripts (res://addons/gut/gut.gd:818)
WARNING: [CaseManager] Validation: EvidenceData: discovery_method is required for evidence 'ev_alibi'
     at: push_warning (core/variant/variant_utility.cpp:1034)
     GDScript backtrace (most recent call first):
         [0] load_case (res://scripts/managers/case_manager.gd:114)
         [1] before_each (res://tests/unit/test_conclusion_manager.gd:142)
         [2] _run_test (res://addons/gut/gut.gd:605)
         [3] _test_the_scripts (res://addons/gut/gut.gd:818)
WARNING: [CaseManager] Validation: EvidenceData: discovery_method is required for evidence 'ev_hidden'
     at: push_warning (core/variant/variant_utility.cpp:1034)
     GDScript backtrace (most recent call first):
         [0] load_case (res://scripts/managers/case_manager.gd:114)
         [1] before_each (res://tests/unit/test_conclusion_manager.gd:142)
         [2] _run_test (res://addons/gut/gut.gd:605)
         [3] _test_the_scripts (res://addons/gut/gut.gd:818)
* test_coverage_one_third_critical_discovered
WARNING: [CaseManager] Validation: EvidenceData: discovery_method is required for evidence 'ev_knife'
     at: push_warning (core/variant/variant_utility.cpp:1034)
     GDScript backtrace (most recent call first):
         [0] load_case (res://scripts/managers/case_manager.gd:114)
         [1] before_each (res://tests/unit/test_conclusion_manager.gd:142)
         [2] _run_test (res://addons/gut/gut.gd:605)
         [3] _test_the_scripts (res://addons/gut/gut.gd:818)
WARNING: [CaseManager] Validation: EvidenceData: discovery_method is required for evidence 'ev_motive_doc'
     at: push_warning (core/variant/variant_utility.cpp:1034)
     GDScript backtrace (most recent call first):
         [0] load_case (res://scripts/managers/case_manager.gd:114)
         [1] before_each (res://tests/unit/test_conclusion_manager.gd:142)
         [2] _run_test (res://addons/gut/gut.gd:605)
         [3] _test_the_scripts (res://addons/gut/gut.gd:818)
WARNING: [CaseManager] Validation: EvidenceData: discovery_method is required for evidence 'ev_prints'
     at: push_warning (core/variant/variant_utility.cpp:1034)
     GDScript backtrace (most recent call first):
         [0] load_case (res://scripts/managers/case_manager.gd:114)
         [1] before_each (res://tests/unit/test_conclusion_manager.gd:142)
         [2] _run_test (res://addons/gut/gut.gd:605)
         [3] _test_the_scripts (res://addons/gut/gut.gd:818)
WARNING: [CaseManager] Validation: EvidenceData: discovery_method is required for evidence 'ev_alibi'
     at: push_warning (core/variant/variant_utility.cpp:1034)
     GDScript backtrace (most recent call first):
         [0] load_case (res://scripts/managers/case_manager.gd:114)
         [1] before_each (res://tests/unit/test_conclusion_manager.gd:142)
         [2] _run_test (res://addons/gut/gut.gd:605)
         [3] _test_the_scripts (res://addons/gut/gut.gd:818)
WARNING: [CaseManager] Validation: EvidenceData: discovery_method is required for evidence 'ev_hidden'
     at: push_warning (core/variant/variant_utility.cpp:1034)
     GDScript backtrace (most recent call first):
         [0] load_case (res://scripts/managers/case_manager.gd:114)
         [1] before_each (res://tests/unit/test_conclusion_manager.gd:142)
         [2] _run_test (res://addons/gut/gut.gd:605)
         [3] _test_the_scripts (res://addons/gut/gut.gd:818)
* test_coverage_none_critical_discovered
WARNING: [CaseManager] Validation: EvidenceData: discovery_method is required for evidence 'ev_knife'
     at: push_warning (core/variant/variant_utility.cpp:1034)
     GDScript backtrace (most recent call first):
         [0] load_case (res://scripts/managers/case_manager.gd:114)
         [1] before_each (res://tests/unit/test_conclusion_manager.gd:142)
         [2] _run_test (res://addons/gut/gut.gd:605)
         [3] _test_the_scripts (res://addons/gut/gut.gd:818)
WARNING: [CaseManager] Validation: EvidenceData: discovery_method is required for evidence 'ev_motive_doc'
     at: push_warning (core/variant/variant_utility.cpp:1034)
     GDScript backtrace (most recent call first):
         [0] load_case (res://scripts/managers/case_manager.gd:114)
         [1] before_each (res://tests/unit/test_conclusion_manager.gd:142)
         [2] _run_test (res://addons/gut/gut.gd:605)
         [3] _test_the_scripts (res://addons/gut/gut.gd:818)
WARNING: [CaseManager] Validation: EvidenceData: discovery_method is required for evidence 'ev_prints'
     at: push_warning (core/variant/variant_utility.cpp:1034)
     GDScript backtrace (most recent call first):
         [0] load_case (res://scripts/managers/case_manager.gd:114)
         [1] before_each (res://tests/unit/test_conclusion_manager.gd:142)
         [2] _run_test (res://addons/gut/gut.gd:605)
         [3] _test_the_scripts (res://addons/gut/gut.gd:818)
WARNING: [CaseManager] Validation: EvidenceData: discovery_method is required for evidence 'ev_alibi'
     at: push_warning (core/variant/variant_utility.cpp:1034)
     GDScript backtrace (most recent call first):
         [0] load_case (res://scripts/managers/case_manager.gd:114)
         [1] before_each (res://tests/unit/test_conclusion_manager.gd:142)
         [2] _run_test (res://addons/gut/gut.gd:605)
         [3] _test_the_scripts (res://addons/gut/gut.gd:818)
WARNING: [CaseManager] Validation: EvidenceData: discovery_method is required for evidence 'ev_hidden'
     at: push_warning (core/variant/variant_utility.cpp:1034)
     GDScript backtrace (most recent call first):
         [0] load_case (res://scripts/managers/case_manager.gd:114)
         [1] before_each (res://tests/unit/test_conclusion_manager.gd:142)
         [2] _run_test (res://addons/gut/gut.gd:605)
         [3] _test_the_scripts (res://addons/gut/gut.gd:818)
* test_coverage_bonus_uses_critical_evidence_ids_not_importance_level
WARNING: [CaseManager] Validation: EvidenceData: discovery_method is required for evidence 'ev_knife'
     at: push_warning (core/variant/variant_utility.cpp:1034)
     GDScript backtrace (most recent call first):
         [0] load_case (res://scripts/managers/case_manager.gd:114)
         [1] before_each (res://tests/unit/test_conclusion_manager.gd:142)
         [2] _run_test (res://addons/gut/gut.gd:605)
         [3] _test_the_scripts (res://addons/gut/gut.gd:818)
WARNING: [CaseManager] Validation: EvidenceData: discovery_method is required for evidence 'ev_motive_doc'
     at: push_warning (core/variant/variant_utility.cpp:1034)
     GDScript backtrace (most recent call first):
         [0] load_case (res://scripts/managers/case_manager.gd:114)
         [1] before_each (res://tests/unit/test_conclusion_manager.gd:142)
         [2] _run_test (res://addons/gut/gut.gd:605)
         [3] _test_the_scripts (res://addons/gut/gut.gd:818)
WARNING: [CaseManager] Validation: EvidenceData: discovery_method is required for evidence 'ev_prints'
     at: push_warning (core/variant/variant_utility.cpp:1034)
     GDScript backtrace (most recent call first):
         [0] load_case (res://scripts/managers/case_manager.gd:114)
         [1] before_each (res://tests/unit/test_conclusion_manager.gd:142)
         [2] _run_test (res://addons/gut/gut.gd:605)
         [3] _test_the_scripts (res://addons/gut/gut.gd:818)
WARNING: [CaseManager] Validation: EvidenceData: discovery_method is required for evidence 'ev_alibi'
     at: push_warning (core/variant/variant_utility.cpp:1034)
     GDScript backtrace (most recent call first):
         [0] load_case (res://scripts/managers/case_manager.gd:114)
         [1] before_each (res://tests/unit/test_conclusion_manager.gd:142)
         [2] _run_test (res://addons/gut/gut.gd:605)
         [3] _test_the_scripts (res://addons/gut/gut.gd:818)
WARNING: [CaseManager] Validation: EvidenceData: discovery_method is required for evidence 'ev_hidden'
     at: push_warning (core/variant/variant_utility.cpp:1034)
     GDScript backtrace (most recent call first):
         [0] load_case (res://scripts/managers/case_manager.gd:114)
         [1] before_each (res://tests/unit/test_conclusion_manager.gd:142)
         [2] _run_test (res://addons/gut/gut.gd:605)
         [3] _test_the_scripts (res://addons/gut/gut.gd:818)
* test_confidence_score_well_supported_case
WARNING: [CaseManager] Validation: EvidenceData: discovery_method is required for evidence 'ev_knife'
     at: push_warning (core/variant/variant_utility.cpp:1034)
     GDScript backtrace (most recent call first):
         [0] load_case (res://scripts/managers/case_manager.gd:114)
         [1] before_each (res://tests/unit/test_conclusion_manager.gd:142)
         [2] _run_test (res://addons/gut/gut.gd:605)
         [3] _test_the_scripts (res://addons/gut/gut.gd:818)
WARNING: [CaseManager] Validation: EvidenceData: discovery_method is required for evidence 'ev_motive_doc'
     at: push_warning (core/variant/variant_utility.cpp:1034)
     GDScript backtrace (most recent call first):
         [0] load_case (res://scripts/managers/case_manager.gd:114)
         [1] before_each (res://tests/unit/test_conclusion_manager.gd:142)
         [2] _run_test (res://addons/gut/gut.gd:605)
         [3] _test_the_scripts (res://addons/gut/gut.gd:818)
WARNING: [CaseManager] Validation: EvidenceData: discovery_method is required for evidence 'ev_prints'
     at: push_warning (core/variant/variant_utility.cpp:1034)
     GDScript backtrace (most recent call first):
         [0] load_case (res://scripts/managers/case_manager.gd:114)
         [1] before_each (res://tests/unit/test_conclusion_manager.gd:142)
         [2] _run_test (res://addons/gut/gut.gd:605)
         [3] _test_the_scripts (res://addons/gut/gut.gd:818)
WARNING: [CaseManager] Validation: EvidenceData: discovery_method is required for evidence 'ev_alibi'
     at: push_warning (core/variant/variant_utility.cpp:1034)
     GDScript backtrace (most recent call first):
         [0] load_case (res://scripts/managers/case_manager.gd:114)
         [1] before_each (res://tests/unit/test_conclusion_manager.gd:142)
         [2] _run_test (res://addons/gut/gut.gd:605)
         [3] _test_the_scripts (res://addons/gut/gut.gd:818)
WARNING: [CaseManager] Validation: EvidenceData: discovery_method is required for evidence 'ev_hidden'
     at: push_warning (core/variant/variant_utility.cpp:1034)
     GDScript backtrace (most recent call first):
         [0] load_case (res://scripts/managers/case_manager.gd:114)
         [1] before_each (res://tests/unit/test_conclusion_manager.gd:142)
         [2] _run_test (res://addons/gut/gut.gd:605)
         [3] _test_the_scripts (res://addons/gut/gut.gd:818)
* test_confidence_score_no_support
WARNING: [CaseManager] Validation: EvidenceData: discovery_method is required for evidence 'ev_knife'
     at: push_warning (core/variant/variant_utility.cpp:1034)
     GDScript backtrace (most recent call first):
         [0] load_case (res://scripts/managers/case_manager.gd:114)
         [1] before_each (res://tests/unit/test_conclusion_manager.gd:142)
         [2] _run_test (res://addons/gut/gut.gd:605)
         [3] _test_the_scripts (res://addons/gut/gut.gd:818)
WARNING: [CaseManager] Validation: EvidenceData: discovery_method is required for evidence 'ev_motive_doc'
     at: push_warning (core/variant/variant_utility.cpp:1034)
     GDScript backtrace (most recent call first):
         [0] load_case (res://scripts/managers/case_manager.gd:114)
         [1] before_each (res://tests/unit/test_conclusion_manager.gd:142)
         [2] _run_test (res://addons/gut/gut.gd:605)
         [3] _test_the_scripts (res://addons/gut/gut.gd:818)
WARNING: [CaseManager] Validation: EvidenceData: discovery_method is required for evidence 'ev_prints'
     at: push_warning (core/variant/variant_utility.cpp:1034)
     GDScript backtrace (most recent call first):
         [0] load_case (res://scripts/managers/case_manager.gd:114)
         [1] before_each (res://tests/unit/test_conclusion_manager.gd:142)
         [2] _run_test (res://addons/gut/gut.gd:605)
         [3] _test_the_scripts (res://addons/gut/gut.gd:818)
WARNING: [CaseManager] Validation: EvidenceData: discovery_method is required for evidence 'ev_alibi'
     at: push_warning (core/variant/variant_utility.cpp:1034)
     GDScript backtrace (most recent call first):
         [0] load_case (res://scripts/managers/case_manager.gd:114)
         [1] before_each (res://tests/unit/test_conclusion_manager.gd:142)
         [2] _run_test (res://addons/gut/gut.gd:605)
         [3] _test_the_scripts (res://addons/gut/gut.gd:818)
WARNING: [CaseManager] Validation: EvidenceData: discovery_method is required for evidence 'ev_hidden'
     at: push_warning (core/variant/variant_utility.cpp:1034)
     GDScript backtrace (most recent call first):
         [0] load_case (res://scripts/managers/case_manager.gd:114)
         [1] before_each (res://tests/unit/test_conclusion_manager.gd:142)
         [2] _run_test (res://addons/gut/gut.gd:605)
         [3] _test_the_scripts (res://addons/gut/gut.gd:818)
* test_confidence_score_clamped_to_range
WARNING: [CaseManager] Validation: EvidenceData: discovery_method is required for evidence 'ev_knife'
     at: push_warning (core/variant/variant_utility.cpp:1034)
     GDScript backtrace (most recent call first):
         [0] load_case (res://scripts/managers/case_manager.gd:114)
         [1] before_each (res://tests/unit/test_conclusion_manager.gd:142)
         [2] _run_test (res://addons/gut/gut.gd:605)
         [3] _test_the_scripts (res://addons/gut/gut.gd:818)
WARNING: [CaseManager] Validation: EvidenceData: discovery_method is required for evidence 'ev_motive_doc'
     at: push_warning (core/variant/variant_utility.cpp:1034)
     GDScript backtrace (most recent call first):
         [0] load_case (res://scripts/managers/case_manager.gd:114)
         [1] before_each (res://tests/unit/test_conclusion_manager.gd:142)
         [2] _run_test (res://addons/gut/gut.gd:605)
         [3] _test_the_scripts (res://addons/gut/gut.gd:818)
WARNING: [CaseManager] Validation: EvidenceData: discovery_method is required for evidence 'ev_prints'
     at: push_warning (core/variant/variant_utility.cpp:1034)
     GDScript backtrace (most recent call first):
         [0] load_case (res://scripts/managers/case_manager.gd:114)
         [1] before_each (res://tests/unit/test_conclusion_manager.gd:142)
         [2] _run_test (res://addons/gut/gut.gd:605)
         [3] _test_the_scripts (res://addons/gut/gut.gd:818)
WARNING: [CaseManager] Validation: EvidenceData: discovery_method is required for evidence 'ev_alibi'
     at: push_warning (core/variant/variant_utility.cpp:1034)
     GDScript backtrace (most recent call first):
         [0] load_case (res://scripts/managers/case_manager.gd:114)
         [1] before_each (res://tests/unit/test_conclusion_manager.gd:142)
         [2] _run_test (res://addons/gut/gut.gd:605)
         [3] _test_the_scripts (res://addons/gut/gut.gd:818)
WARNING: [CaseManager] Validation: EvidenceData: discovery_method is required for evidence 'ev_hidden'
     at: push_warning (core/variant/variant_utility.cpp:1034)
     GDScript backtrace (most recent call first):
         [0] load_case (res://scripts/managers/case_manager.gd:114)
         [1] before_each (res://tests/unit/test_conclusion_manager.gd:142)
         [2] _run_test (res://addons/gut/gut.gd:605)
         [3] _test_the_scripts (res://addons/gut/gut.gd:818)
* test_confidence_level_weak
WARNING: [CaseManager] Validation: EvidenceData: discovery_method is required for evidence 'ev_knife'
     at: push_warning (core/variant/variant_utility.cpp:1034)
     GDScript backtrace (most recent call first):
         [0] load_case (res://scripts/managers/case_manager.gd:114)
         [1] before_each (res://tests/unit/test_conclusion_manager.gd:142)
         [2] _run_test (res://addons/gut/gut.gd:605)
         [3] _test_the_scripts (res://addons/gut/gut.gd:818)
WARNING: [CaseManager] Validation: EvidenceData: discovery_method is required for evidence 'ev_motive_doc'
     at: push_warning (core/variant/variant_utility.cpp:1034)
     GDScript backtrace (most recent call first):
         [0] load_case (res://scripts/managers/case_manager.gd:114)
         [1] before_each (res://tests/unit/test_conclusion_manager.gd:142)
         [2] _run_test (res://addons/gut/gut.gd:605)
         [3] _test_the_scripts (res://addons/gut/gut.gd:818)
WARNING: [CaseManager] Validation: EvidenceData: discovery_method is required for evidence 'ev_prints'
     at: push_warning (core/variant/variant_utility.cpp:1034)
     GDScript backtrace (most recent call first):
         [0] load_case (res://scripts/managers/case_manager.gd:114)
         [1] before_each (res://tests/unit/test_conclusion_manager.gd:142)
         [2] _run_test (res://addons/gut/gut.gd:605)
         [3] _test_the_scripts (res://addons/gut/gut.gd:818)
WARNING: [CaseManager] Validation: EvidenceData: discovery_method is required for evidence 'ev_alibi'
     at: push_warning (core/variant/variant_utility.cpp:1034)
     GDScript backtrace (most recent call first):
         [0] load_case (res://scripts/managers/case_manager.gd:114)
         [1] before_each (res://tests/unit/test_conclusion_manager.gd:142)
         [2] _run_test (res://addons/gut/gut.gd:605)
         [3] _test_the_scripts (res://addons/gut/gut.gd:818)
WARNING: [CaseManager] Validation: EvidenceData: discovery_method is required for evidence 'ev_hidden'
     at: push_warning (core/variant/variant_utility.cpp:1034)
     GDScript backtrace (most recent call first):
         [0] load_case (res://scripts/managers/case_manager.gd:114)
         [1] before_each (res://tests/unit/test_conclusion_manager.gd:142)
         [2] _run_test (res://addons/gut/gut.gd:605)
         [3] _test_the_scripts (res://addons/gut/gut.gd:818)
* test_score_to_level_thresholds
WARNING: [CaseManager] Validation: EvidenceData: discovery_method is required for evidence 'ev_knife'
     at: push_warning (core/variant/variant_utility.cpp:1034)
     GDScript backtrace (most recent call first):
         [0] load_case (res://scripts/managers/case_manager.gd:114)
         [1] before_each (res://tests/unit/test_conclusion_manager.gd:142)
         [2] _run_test (res://addons/gut/gut.gd:605)
         [3] _test_the_scripts (res://addons/gut/gut.gd:818)
WARNING: [CaseManager] Validation: EvidenceData: discovery_method is required for evidence 'ev_motive_doc'
     at: push_warning (core/variant/variant_utility.cpp:1034)
     GDScript backtrace (most recent call first):
         [0] load_case (res://scripts/managers/case_manager.gd:114)
         [1] before_each (res://tests/unit/test_conclusion_manager.gd:142)
         [2] _run_test (res://addons/gut/gut.gd:605)
         [3] _test_the_scripts (res://addons/gut/gut.gd:818)
WARNING: [CaseManager] Validation: EvidenceData: discovery_method is required for evidence 'ev_prints'
     at: push_warning (core/variant/variant_utility.cpp:1034)
     GDScript backtrace (most recent call first):
         [0] load_case (res://scripts/managers/case_manager.gd:114)
         [1] before_each (res://tests/unit/test_conclusion_manager.gd:142)
         [2] _run_test (res://addons/gut/gut.gd:605)
         [3] _test_the_scripts (res://addons/gut/gut.gd:818)
WARNING: [CaseManager] Validation: EvidenceData: discovery_method is required for evidence 'ev_alibi'
     at: push_warning (core/variant/variant_utility.cpp:1034)
     GDScript backtrace (most recent call first):
         [0] load_case (res://scripts/managers/case_manager.gd:114)
         [1] before_each (res://tests/unit/test_conclusion_manager.gd:142)
         [2] _run_test (res://addons/gut/gut.gd:605)
         [3] _test_the_scripts (res://addons/gut/gut.gd:818)
WARNING: [CaseManager] Validation: EvidenceData: discovery_method is required for evidence 'ev_hidden'
     at: push_warning (core/variant/variant_utility.cpp:1034)
     GDScript backtrace (most recent call first):
         [0] load_case (res://scripts/managers/case_manager.gd:114)
         [1] before_each (res://tests/unit/test_conclusion_manager.gd:142)
         [2] _run_test (res://addons/gut/gut.gd:605)
         [3] _test_the_scripts (res://addons/gut/gut.gd:818)
* test_prosecutor_dialogue_per_level
WARNING: [CaseManager] Validation: EvidenceData: discovery_method is required for evidence 'ev_knife'
     at: push_warning (core/variant/variant_utility.cpp:1034)
     GDScript backtrace (most recent call first):
         [0] load_case (res://scripts/managers/case_manager.gd:114)
         [1] before_each (res://tests/unit/test_conclusion_manager.gd:142)
         [2] _run_test (res://addons/gut/gut.gd:605)
         [3] _test_the_scripts (res://addons/gut/gut.gd:818)
WARNING: [CaseManager] Validation: EvidenceData: discovery_method is required for evidence 'ev_motive_doc'
     at: push_warning (core/variant/variant_utility.cpp:1034)
     GDScript backtrace (most recent call first):
         [0] load_case (res://scripts/managers/case_manager.gd:114)
         [1] before_each (res://tests/unit/test_conclusion_manager.gd:142)
         [2] _run_test (res://addons/gut/gut.gd:605)
         [3] _test_the_scripts (res://addons/gut/gut.gd:818)
WARNING: [CaseManager] Validation: EvidenceData: discovery_method is required for evidence 'ev_prints'
     at: push_warning (core/variant/variant_utility.cpp:1034)
     GDScript backtrace (most recent call first):
         [0] load_case (res://scripts/managers/case_manager.gd:114)
         [1] before_each (res://tests/unit/test_conclusion_manager.gd:142)
         [2] _run_test (res://addons/gut/gut.gd:605)
         [3] _test_the_scripts (res://addons/gut/gut.gd:818)
WARNING: [CaseManager] Validation: EvidenceData: discovery_method is required for evidence 'ev_alibi'
     at: push_warning (core/variant/variant_utility.cpp:1034)
     GDScript backtrace (most recent call first):
         [0] load_case (res://scripts/managers/case_manager.gd:114)
         [1] before_each (res://tests/unit/test_conclusion_manager.gd:142)
         [2] _run_test (res://addons/gut/gut.gd:605)
         [3] _test_the_scripts (res://addons/gut/gut.gd:818)
WARNING: [CaseManager] Validation: EvidenceData: discovery_method is required for evidence 'ev_hidden'
     at: push_warning (core/variant/variant_utility.cpp:1034)
     GDScript backtrace (most recent call first):
         [0] load_case (res://scripts/managers/case_manager.gd:114)
         [1] before_each (res://tests/unit/test_conclusion_manager.gd:142)
         [2] _run_test (res://addons/gut/gut.gd:605)
         [3] _test_the_scripts (res://addons/gut/gut.gd:818)
* test_prosecutor_dialogue_returns_string_after_eval
WARNING: [CaseManager] Validation: EvidenceData: discovery_method is required for evidence 'ev_knife'
     at: push_warning (core/variant/variant_utility.cpp:1034)
     GDScript backtrace (most recent call first):
         [0] load_case (res://scripts/managers/case_manager.gd:114)
         [1] before_each (res://tests/unit/test_conclusion_manager.gd:142)
         [2] _run_test (res://addons/gut/gut.gd:605)
         [3] _test_the_scripts (res://addons/gut/gut.gd:818)
WARNING: [CaseManager] Validation: EvidenceData: discovery_method is required for evidence 'ev_motive_doc'
     at: push_warning (core/variant/variant_utility.cpp:1034)
     GDScript backtrace (most recent call first):
         [0] load_case (res://scripts/managers/case_manager.gd:114)
         [1] before_each (res://tests/unit/test_conclusion_manager.gd:142)
         [2] _run_test (res://addons/gut/gut.gd:605)
         [3] _test_the_scripts (res://addons/gut/gut.gd:818)
WARNING: [CaseManager] Validation: EvidenceData: discovery_method is required for evidence 'ev_prints'
     at: push_warning (core/variant/variant_utility.cpp:1034)
     GDScript backtrace (most recent call first):
         [0] load_case (res://scripts/managers/case_manager.gd:114)
         [1] before_each (res://tests/unit/test_conclusion_manager.gd:142)
         [2] _run_test (res://addons/gut/gut.gd:605)
         [3] _test_the_scripts (res://addons/gut/gut.gd:818)
WARNING: [CaseManager] Validation: EvidenceData: discovery_method is required for evidence 'ev_alibi'
     at: push_warning (core/variant/variant_utility.cpp:1034)
     GDScript backtrace (most recent call first):
         [0] load_case (res://scripts/managers/case_manager.gd:114)
         [1] before_each (res://tests/unit/test_conclusion_manager.gd:142)
         [2] _run_test (res://addons/gut/gut.gd:605)
         [3] _test_the_scripts (res://addons/gut/gut.gd:818)
WARNING: [CaseManager] Validation: EvidenceData: discovery_method is required for evidence 'ev_hidden'
     at: push_warning (core/variant/variant_utility.cpp:1034)
     GDScript backtrace (most recent call first):
         [0] load_case (res://scripts/managers/case_manager.gd:114)
         [1] before_each (res://tests/unit/test_conclusion_manager.gd:142)
         [2] _run_test (res://addons/gut/gut.gd:605)
         [3] _test_the_scripts (res://addons/gut/gut.gd:818)
* test_make_choice_charge
WARNING: [CaseManager] Validation: EvidenceData: discovery_method is required for evidence 'ev_knife'
     at: push_warning (core/variant/variant_utility.cpp:1034)
     GDScript backtrace (most recent call first):
         [0] load_case (res://scripts/managers/case_manager.gd:114)
         [1] before_each (res://tests/unit/test_conclusion_manager.gd:142)
         [2] _run_test (res://addons/gut/gut.gd:605)
         [3] _test_the_scripts (res://addons/gut/gut.gd:818)
WARNING: [CaseManager] Validation: EvidenceData: discovery_method is required for evidence 'ev_motive_doc'
     at: push_warning (core/variant/variant_utility.cpp:1034)
     GDScript backtrace (most recent call first):
         [0] load_case (res://scripts/managers/case_manager.gd:114)
         [1] before_each (res://tests/unit/test_conclusion_manager.gd:142)
         [2] _run_test (res://addons/gut/gut.gd:605)
         [3] _test_the_scripts (res://addons/gut/gut.gd:818)
WARNING: [CaseManager] Validation: EvidenceData: discovery_method is required for evidence 'ev_prints'
     at: push_warning (core/variant/variant_utility.cpp:1034)
     GDScript backtrace (most recent call first):
         [0] load_case (res://scripts/managers/case_manager.gd:114)
         [1] before_each (res://tests/unit/test_conclusion_manager.gd:142)
         [2] _run_test (res://addons/gut/gut.gd:605)
         [3] _test_the_scripts (res://addons/gut/gut.gd:818)
WARNING: [CaseManager] Validation: EvidenceData: discovery_method is required for evidence 'ev_alibi'
     at: push_warning (core/variant/variant_utility.cpp:1034)
     GDScript backtrace (most recent call first):
         [0] load_case (res://scripts/managers/case_manager.gd:114)
         [1] before_each (res://tests/unit/test_conclusion_manager.gd:142)
         [2] _run_test (res://addons/gut/gut.gd:605)
         [3] _test_the_scripts (res://addons/gut/gut.gd:818)
WARNING: [CaseManager] Validation: EvidenceData: discovery_method is required for evidence 'ev_hidden'
     at: push_warning (core/variant/variant_utility.cpp:1034)
     GDScript backtrace (most recent call first):
         [0] load_case (res://scripts/managers/case_manager.gd:114)
         [1] before_each (res://tests/unit/test_conclusion_manager.gd:142)
         [2] _run_test (res://addons/gut/gut.gd:605)
         [3] _test_the_scripts (res://addons/gut/gut.gd:818)
* test_make_choice_investigate
WARNING: [CaseManager] Validation: EvidenceData: discovery_method is required for evidence 'ev_knife'
     at: push_warning (core/variant/variant_utility.cpp:1034)
     GDScript backtrace (most recent call first):
         [0] load_case (res://scripts/managers/case_manager.gd:114)
         [1] before_each (res://tests/unit/test_conclusion_manager.gd:142)
         [2] _run_test (res://addons/gut/gut.gd:605)
         [3] _test_the_scripts (res://addons/gut/gut.gd:818)
WARNING: [CaseManager] Validation: EvidenceData: discovery_method is required for evidence 'ev_motive_doc'
     at: push_warning (core/variant/variant_utility.cpp:1034)
     GDScript backtrace (most recent call first):
         [0] load_case (res://scripts/managers/case_manager.gd:114)
         [1] before_each (res://tests/unit/test_conclusion_manager.gd:142)
         [2] _run_test (res://addons/gut/gut.gd:605)
         [3] _test_the_scripts (res://addons/gut/gut.gd:818)
WARNING: [CaseManager] Validation: EvidenceData: discovery_method is required for evidence 'ev_prints'
     at: push_warning (core/variant/variant_utility.cpp:1034)
     GDScript backtrace (most recent call first):
         [0] load_case (res://scripts/managers/case_manager.gd:114)
         [1] before_each (res://tests/unit/test_conclusion_manager.gd:142)
         [2] _run_test (res://addons/gut/gut.gd:605)
         [3] _test_the_scripts (res://addons/gut/gut.gd:818)
WARNING: [CaseManager] Validation: EvidenceData: discovery_method is required for evidence 'ev_alibi'
     at: push_warning (core/variant/variant_utility.cpp:1034)
     GDScript backtrace (most recent call first):
         [0] load_case (res://scripts/managers/case_manager.gd:114)
         [1] before_each (res://tests/unit/test_conclusion_manager.gd:142)
         [2] _run_test (res://addons/gut/gut.gd:605)
         [3] _test_the_scripts (res://addons/gut/gut.gd:818)
WARNING: [CaseManager] Validation: EvidenceData: discovery_method is required for evidence 'ev_hidden'
     at: push_warning (core/variant/variant_utility.cpp:1034)
     GDScript backtrace (most recent call first):
         [0] load_case (res://scripts/managers/case_manager.gd:114)
         [1] before_each (res://tests/unit/test_conclusion_manager.gd:142)
         [2] _run_test (res://addons/gut/gut.gd:605)
         [3] _test_the_scripts (res://addons/gut/gut.gd:818)
* test_make_choice_review
WARNING: [CaseManager] Validation: EvidenceData: discovery_method is required for evidence 'ev_knife'
     at: push_warning (core/variant/variant_utility.cpp:1034)
     GDScript backtrace (most recent call first):
         [0] load_case (res://scripts/managers/case_manager.gd:114)
         [1] before_each (res://tests/unit/test_conclusion_manager.gd:142)
         [2] _run_test (res://addons/gut/gut.gd:605)
         [3] _test_the_scripts (res://addons/gut/gut.gd:818)
WARNING: [CaseManager] Validation: EvidenceData: discovery_method is required for evidence 'ev_motive_doc'
     at: push_warning (core/variant/variant_utility.cpp:1034)
     GDScript backtrace (most recent call first):
         [0] load_case (res://scripts/managers/case_manager.gd:114)
         [1] before_each (res://tests/unit/test_conclusion_manager.gd:142)
         [2] _run_test (res://addons/gut/gut.gd:605)
         [3] _test_the_scripts (res://addons/gut/gut.gd:818)
WARNING: [CaseManager] Validation: EvidenceData: discovery_method is required for evidence 'ev_prints'
     at: push_warning (core/variant/variant_utility.cpp:1034)
     GDScript backtrace (most recent call first):
         [0] load_case (res://scripts/managers/case_manager.gd:114)
         [1] before_each (res://tests/unit/test_conclusion_manager.gd:142)
         [2] _run_test (res://addons/gut/gut.gd:605)
         [3] _test_the_scripts (res://addons/gut/gut.gd:818)
WARNING: [CaseManager] Validation: EvidenceData: discovery_method is required for evidence 'ev_alibi'
     at: push_warning (core/variant/variant_utility.cpp:1034)
     GDScript backtrace (most recent call first):
         [0] load_case (res://scripts/managers/case_manager.gd:114)
         [1] before_each (res://tests/unit/test_conclusion_manager.gd:142)
         [2] _run_test (res://addons/gut/gut.gd:605)
         [3] _test_the_scripts (res://addons/gut/gut.gd:818)
WARNING: [CaseManager] Validation: EvidenceData: discovery_method is required for evidence 'ev_hidden'
     at: push_warning (core/variant/variant_utility.cpp:1034)
     GDScript backtrace (most recent call first):
         [0] load_case (res://scripts/managers/case_manager.gd:114)
         [1] before_each (res://tests/unit/test_conclusion_manager.gd:142)
         [2] _run_test (res://addons/gut/gut.gd:605)
         [3] _test_the_scripts (res://addons/gut/gut.gd:818)
* test_make_invalid_choice
WARNING: [CaseManager] Validation: EvidenceData: discovery_method is required for evidence 'ev_knife'
     at: push_warning (core/variant/variant_utility.cpp:1034)
     GDScript backtrace (most recent call first):
         [0] load_case (res://scripts/managers/case_manager.gd:114)
         [1] before_each (res://tests/unit/test_conclusion_manager.gd:142)
         [2] _run_test (res://addons/gut/gut.gd:605)
         [3] _test_the_scripts (res://addons/gut/gut.gd:818)
WARNING: [CaseManager] Validation: EvidenceData: discovery_method is required for evidence 'ev_motive_doc'
     at: push_warning (core/variant/variant_utility.cpp:1034)
     GDScript backtrace (most recent call first):
         [0] load_case (res://scripts/managers/case_manager.gd:114)
         [1] before_each (res://tests/unit/test_conclusion_manager.gd:142)
         [2] _run_test (res://addons/gut/gut.gd:605)
         [3] _test_the_scripts (res://addons/gut/gut.gd:818)
WARNING: [CaseManager] Validation: EvidenceData: discovery_method is required for evidence 'ev_prints'
     at: push_warning (core/variant/variant_utility.cpp:1034)
     GDScript backtrace (most recent call first):
         [0] load_case (res://scripts/managers/case_manager.gd:114)
         [1] before_each (res://tests/unit/test_conclusion_manager.gd:142)
         [2] _run_test (res://addons/gut/gut.gd:605)
         [3] _test_the_scripts (res://addons/gut/gut.gd:818)
WARNING: [CaseManager] Validation: EvidenceData: discovery_method is required for evidence 'ev_alibi'
     at: push_warning (core/variant/variant_utility.cpp:1034)
     GDScript backtrace (most recent call first):
         [0] load_case (res://scripts/managers/case_manager.gd:114)
         [1] before_each (res://tests/unit/test_conclusion_manager.gd:142)
         [2] _run_test (res://addons/gut/gut.gd:605)
         [3] _test_the_scripts (res://addons/gut/gut.gd:818)
WARNING: [CaseManager] Validation: EvidenceData: discovery_method is required for evidence 'ev_hidden'
     at: push_warning (core/variant/variant_utility.cpp:1034)
     GDScript backtrace (most recent call first):
         [0] load_case (res://scripts/managers/case_manager.gd:114)
         [1] before_each (res://tests/unit/test_conclusion_manager.gd:142)
         [2] _run_test (res://addons/gut/gut.gd:605)
         [3] _test_the_scripts (res://addons/gut/gut.gd:818)
WARNING: [ConclusionManager] Invalid choice: invalid
     at: push_warning (core/variant/variant_utility.cpp:1034)
     GDScript backtrace (most recent call first):
         [0] make_choice (res://scripts/managers/conclusion_manager.gd:367)
         [1] test_make_invalid_choice (res://tests/unit/test_conclusion_manager.gd:583)
         [2] _run_test (res://addons/gut/gut.gd:615)
         [3] _test_the_scripts (res://addons/gut/gut.gd:818)
[34m[ExpectedError][0mExpected push_warning error containing '[ConclusionManager] Invalid choice: invalid'.  
* test_player_choice_signal
WARNING: [CaseManager] Validation: EvidenceData: discovery_method is required for evidence 'ev_knife'
     at: push_warning (core/variant/variant_utility.cpp:1034)
     GDScript backtrace (most recent call first):
         [0] load_case (res://scripts/managers/case_manager.gd:114)
         [1] before_each (res://tests/unit/test_conclusion_manager.gd:142)
         [2] _run_test (res://addons/gut/gut.gd:605)
         [3] _test_the_scripts (res://addons/gut/gut.gd:818)
WARNING: [CaseManager] Validation: EvidenceData: discovery_method is required for evidence 'ev_motive_doc'
     at: push_warning (core/variant/variant_utility.cpp:1034)
     GDScript backtrace (most recent call first):
         [0] load_case (res://scripts/managers/case_manager.gd:114)
         [1] before_each (res://tests/unit/test_conclusion_manager.gd:142)
         [2] _run_test (res://addons/gut/gut.gd:605)
         [3] _test_the_scripts (res://addons/gut/gut.gd:818)
WARNING: [CaseManager] Validation: EvidenceData: discovery_method is required for evidence 'ev_prints'
     at: push_warning (core/variant/variant_utility.cpp:1034)
     GDScript backtrace (most recent call first):
         [0] load_case (res://scripts/managers/case_manager.gd:114)
         [1] before_each (res://tests/unit/test_conclusion_manager.gd:142)
         [2] _run_test (res://addons/gut/gut.gd:605)
         [3] _test_the_scripts (res://addons/gut/gut.gd:818)
WARNING: [CaseManager] Validation: EvidenceData: discovery_method is required for evidence 'ev_alibi'
     at: push_warning (core/variant/variant_utility.cpp:1034)
     GDScript backtrace (most recent call first):
         [0] load_case (res://scripts/managers/case_manager.gd:114)
         [1] before_each (res://tests/unit/test_conclusion_manager.gd:142)
         [2] _run_test (res://addons/gut/gut.gd:605)
         [3] _test_the_scripts (res://addons/gut/gut.gd:818)
WARNING: [CaseManager] Validation: EvidenceData: discovery_method is required for evidence 'ev_hidden'
     at: push_warning (core/variant/variant_utility.cpp:1034)
     GDScript backtrace (most recent call first):
         [0] load_case (res://scripts/managers/case_manager.gd:114)
         [1] before_each (res://tests/unit/test_conclusion_manager.gd:142)
         [2] _run_test (res://addons/gut/gut.gd:605)
         [3] _test_the_scripts (res://addons/gut/gut.gd:818)
* test_outcome_determined_on_charge
WARNING: [CaseManager] Validation: EvidenceData: discovery_method is required for evidence 'ev_knife'
     at: push_warning (core/variant/variant_utility.cpp:1034)
     GDScript backtrace (most recent call first):
         [0] load_case (res://scripts/managers/case_manager.gd:114)
         [1] before_each (res://tests/unit/test_conclusion_manager.gd:142)
         [2] _run_test (res://addons/gut/gut.gd:605)
         [3] _test_the_scripts (res://addons/gut/gut.gd:818)
WARNING: [CaseManager] Validation: EvidenceData: discovery_method is required for evidence 'ev_motive_doc'
     at: push_warning (core/variant/variant_utility.cpp:1034)
     GDScript backtrace (most recent call first):
         [0] load_case (res://scripts/managers/case_manager.gd:114)
         [1] before_each (res://tests/unit/test_conclusion_manager.gd:142)
         [2] _run_test (res://addons/gut/gut.gd:605)
         [3] _test_the_scripts (res://addons/gut/gut.gd:818)
WARNING: [CaseManager] Validation: EvidenceData: discovery_method is required for evidence 'ev_prints'
     at: push_warning (core/variant/variant_utility.cpp:1034)
     GDScript backtrace (most recent call first):
         [0] load_case (res://scripts/managers/case_manager.gd:114)
         [1] before_each (res://tests/unit/test_conclusion_manager.gd:142)
         [2] _run_test (res://addons/gut/gut.gd:605)
         [3] _test_the_scripts (res://addons/gut/gut.gd:818)
WARNING: [CaseManager] Validation: EvidenceData: discovery_method is required for evidence 'ev_alibi'
     at: push_warning (core/variant/variant_utility.cpp:1034)
     GDScript backtrace (most recent call first):
         [0] load_case (res://scripts/managers/case_manager.gd:114)
         [1] before_each (res://tests/unit/test_conclusion_manager.gd:142)
         [2] _run_test (res://addons/gut/gut.gd:605)
         [3] _test_the_scripts (res://addons/gut/gut.gd:818)
WARNING: [CaseManager] Validation: EvidenceData: discovery_method is required for evidence 'ev_hidden'
     at: push_warning (core/variant/variant_utility.cpp:1034)
     GDScript backtrace (most recent call first):
         [0] load_case (res://scripts/managers/case_manager.gd:114)
         [1] before_each (res://tests/unit/test_conclusion_manager.gd:142)
         [2] _run_test (res://addons/gut/gut.gd:605)
         [3] _test_the_scripts (res://addons/gut/gut.gd:818)
* test_correct_suspect_high_confidence_perfect
WARNING: [CaseManager] Validation: EvidenceData: discovery_method is required for evidence 'ev_knife'
     at: push_warning (core/variant/variant_utility.cpp:1034)
     GDScript backtrace (most recent call first):
         [0] load_case (res://scripts/managers/case_manager.gd:114)
         [1] before_each (res://tests/unit/test_conclusion_manager.gd:142)
         [2] _run_test (res://addons/gut/gut.gd:605)
         [3] _test_the_scripts (res://addons/gut/gut.gd:818)
WARNING: [CaseManager] Validation: EvidenceData: discovery_method is required for evidence 'ev_motive_doc'
     at: push_warning (core/variant/variant_utility.cpp:1034)
     GDScript backtrace (most recent call first):
         [0] load_case (res://scripts/managers/case_manager.gd:114)
         [1] before_each (res://tests/unit/test_conclusion_manager.gd:142)
         [2] _run_test (res://addons/gut/gut.gd:605)
         [3] _test_the_scripts (res://addons/gut/gut.gd:818)
WARNING: [CaseManager] Validation: EvidenceData: discovery_method is required for evidence 'ev_prints'
     at: push_warning (core/variant/variant_utility.cpp:1034)
     GDScript backtrace (most recent call first):
         [0] load_case (res://scripts/managers/case_manager.gd:114)
         [1] before_each (res://tests/unit/test_conclusion_manager.gd:142)
         [2] _run_test (res://addons/gut/gut.gd:605)
         [3] _test_the_scripts (res://addons/gut/gut.gd:818)
WARNING: [CaseManager] Validation: EvidenceData: discovery_method is required for evidence 'ev_alibi'
     at: push_warning (core/variant/variant_utility.cpp:1034)
     GDScript backtrace (most recent call first):
         [0] load_case (res://scripts/managers/case_manager.gd:114)
         [1] before_each (res://tests/unit/test_conclusion_manager.gd:142)
         [2] _run_test (res://addons/gut/gut.gd:605)
         [3] _test_the_scripts (res://addons/gut/gut.gd:818)
WARNING: [CaseManager] Validation: EvidenceData: discovery_method is required for evidence 'ev_hidden'
     at: push_warning (core/variant/variant_utility.cpp:1034)
     GDScript backtrace (most recent call first):
         [0] load_case (res://scripts/managers/case_manager.gd:114)
         [1] before_each (res://tests/unit/test_conclusion_manager.gd:142)
         [2] _run_test (res://addons/gut/gut.gd:605)
         [3] _test_the_scripts (res://addons/gut/gut.gd:818)
* test_correct_suspect_moderate_confidence
WARNING: [CaseManager] Validation: EvidenceData: discovery_method is required for evidence 'ev_knife'
     at: push_warning (core/variant/variant_utility.cpp:1034)
     GDScript backtrace (most recent call first):
         [0] load_case (res://scripts/managers/case_manager.gd:114)
         [1] before_each (res://tests/unit/test_conclusion_manager.gd:142)
         [2] _run_test (res://addons/gut/gut.gd:605)
         [3] _test_the_scripts (res://addons/gut/gut.gd:818)
WARNING: [CaseManager] Validation: EvidenceData: discovery_method is required for evidence 'ev_motive_doc'
     at: push_warning (core/variant/variant_utility.cpp:1034)
     GDScript backtrace (most recent call first):
         [0] load_case (res://scripts/managers/case_manager.gd:114)
         [1] before_each (res://tests/unit/test_conclusion_manager.gd:142)
         [2] _run_test (res://addons/gut/gut.gd:605)
         [3] _test_the_scripts (res://addons/gut/gut.gd:818)
WARNING: [CaseManager] Validation: EvidenceData: discovery_method is required for evidence 'ev_prints'
     at: push_warning (core/variant/variant_utility.cpp:1034)
     GDScript backtrace (most recent call first):
         [0] load_case (res://scripts/managers/case_manager.gd:114)
         [1] before_each (res://tests/unit/test_conclusion_manager.gd:142)
         [2] _run_test (res://addons/gut/gut.gd:605)
         [3] _test_the_scripts (res://addons/gut/gut.gd:818)
WARNING: [CaseManager] Validation: EvidenceData: discovery_method is required for evidence 'ev_alibi'
     at: push_warning (core/variant/variant_utility.cpp:1034)
     GDScript backtrace (most recent call first):
         [0] load_case (res://scripts/managers/case_manager.gd:114)
         [1] before_each (res://tests/unit/test_conclusion_manager.gd:142)
         [2] _run_test (res://addons/gut/gut.gd:605)
         [3] _test_the_scripts (res://addons/gut/gut.gd:818)
WARNING: [CaseManager] Validation: EvidenceData: discovery_method is required for evidence 'ev_hidden'
     at: push_warning (core/variant/variant_utility.cpp:1034)
     GDScript backtrace (most recent call first):
         [0] load_case (res://scripts/managers/case_manager.gd:114)
         [1] before_each (res://tests/unit/test_conclusion_manager.gd:142)
         [2] _run_test (res://addons/gut/gut.gd:605)
         [3] _test_the_scripts (res://addons/gut/gut.gd:818)
* test_wrong_suspect_plausible
WARNING: [CaseManager] Validation: EvidenceData: discovery_method is required for evidence 'ev_knife'
     at: push_warning (core/variant/variant_utility.cpp:1034)
     GDScript backtrace (most recent call first):
         [0] load_case (res://scripts/managers/case_manager.gd:114)
         [1] before_each (res://tests/unit/test_conclusion_manager.gd:142)
         [2] _run_test (res://addons/gut/gut.gd:605)
         [3] _test_the_scripts (res://addons/gut/gut.gd:818)
WARNING: [CaseManager] Validation: EvidenceData: discovery_method is required for evidence 'ev_motive_doc'
     at: push_warning (core/variant/variant_utility.cpp:1034)
     GDScript backtrace (most recent call first):
         [0] load_case (res://scripts/managers/case_manager.gd:114)
         [1] before_each (res://tests/unit/test_conclusion_manager.gd:142)
         [2] _run_test (res://addons/gut/gut.gd:605)
         [3] _test_the_scripts (res://addons/gut/gut.gd:818)
WARNING: [CaseManager] Validation: EvidenceData: discovery_method is required for evidence 'ev_prints'
     at: push_warning (core/variant/variant_utility.cpp:1034)
     GDScript backtrace (most recent call first):
         [0] load_case (res://scripts/managers/case_manager.gd:114)
         [1] before_each (res://tests/unit/test_conclusion_manager.gd:142)
         [2] _run_test (res://addons/gut/gut.gd:605)
         [3] _test_the_scripts (res://addons/gut/gut.gd:818)
WARNING: [CaseManager] Validation: EvidenceData: discovery_method is required for evidence 'ev_alibi'
     at: push_warning (core/variant/variant_utility.cpp:1034)
     GDScript backtrace (most recent call first):
         [0] load_case (res://scripts/managers/case_manager.gd:114)
         [1] before_each (res://tests/unit/test_conclusion_manager.gd:142)
         [2] _run_test (res://addons/gut/gut.gd:605)
         [3] _test_the_scripts (res://addons/gut/gut.gd:818)
WARNING: [CaseManager] Validation: EvidenceData: discovery_method is required for evidence 'ev_hidden'
     at: push_warning (core/variant/variant_utility.cpp:1034)
     GDScript backtrace (most recent call first):
         [0] load_case (res://scripts/managers/case_manager.gd:114)
         [1] before_each (res://tests/unit/test_conclusion_manager.gd:142)
         [2] _run_test (res://addons/gut/gut.gd:605)
         [3] _test_the_scripts (res://addons/gut/gut.gd:818)
* test_wrong_suspect_low_confidence
WARNING: [CaseManager] Validation: EvidenceData: discovery_method is required for evidence 'ev_knife'
     at: push_warning (core/variant/variant_utility.cpp:1034)
     GDScript backtrace (most recent call first):
         [0] load_case (res://scripts/managers/case_manager.gd:114)
         [1] before_each (res://tests/unit/test_conclusion_manager.gd:142)
         [2] _run_test (res://addons/gut/gut.gd:605)
         [3] _test_the_scripts (res://addons/gut/gut.gd:818)
WARNING: [CaseManager] Validation: EvidenceData: discovery_method is required for evidence 'ev_motive_doc'
     at: push_warning (core/variant/variant_utility.cpp:1034)
     GDScript backtrace (most recent call first):
         [0] load_case (res://scripts/managers/case_manager.gd:114)
         [1] before_each (res://tests/unit/test_conclusion_manager.gd:142)
         [2] _run_test (res://addons/gut/gut.gd:605)
         [3] _test_the_scripts (res://addons/gut/gut.gd:818)
WARNING: [CaseManager] Validation: EvidenceData: discovery_method is required for evidence 'ev_prints'
     at: push_warning (core/variant/variant_utility.cpp:1034)
     GDScript backtrace (most recent call first):
         [0] load_case (res://scripts/managers/case_manager.gd:114)
         [1] before_each (res://tests/unit/test_conclusion_manager.gd:142)
         [2] _run_test (res://addons/gut/gut.gd:605)
         [3] _test_the_scripts (res://addons/gut/gut.gd:818)
WARNING: [CaseManager] Validation: EvidenceData: discovery_method is required for evidence 'ev_alibi'
     at: push_warning (core/variant/variant_utility.cpp:1034)
     GDScript backtrace (most recent call first):
         [0] load_case (res://scripts/managers/case_manager.gd:114)
         [1] before_each (res://tests/unit/test_conclusion_manager.gd:142)
         [2] _run_test (res://addons/gut/gut.gd:605)
         [3] _test_the_scripts (res://addons/gut/gut.gd:818)
WARNING: [CaseManager] Validation: EvidenceData: discovery_method is required for evidence 'ev_hidden'
     at: push_warning (core/variant/variant_utility.cpp:1034)
     GDScript backtrace (most recent call first):
         [0] load_case (res://scripts/managers/case_manager.gd:114)
         [1] before_each (res://tests/unit/test_conclusion_manager.gd:142)
         [2] _run_test (res://addons/gut/gut.gd:605)
         [3] _test_the_scripts (res://addons/gut/gut.gd:818)
* test_outcome_name_strings
WARNING: [CaseManager] Validation: EvidenceData: discovery_method is required for evidence 'ev_knife'
     at: push_warning (core/variant/variant_utility.cpp:1034)
     GDScript backtrace (most recent call first):
         [0] load_case (res://scripts/managers/case_manager.gd:114)
         [1] before_each (res://tests/unit/test_conclusion_manager.gd:142)
         [2] _run_test (res://addons/gut/gut.gd:605)
         [3] _test_the_scripts (res://addons/gut/gut.gd:818)
WARNING: [CaseManager] Validation: EvidenceData: discovery_method is required for evidence 'ev_motive_doc'
     at: push_warning (core/variant/variant_utility.cpp:1034)
     GDScript backtrace (most recent call first):
         [0] load_case (res://scripts/managers/case_manager.gd:114)
         [1] before_each (res://tests/unit/test_conclusion_manager.gd:142)
         [2] _run_test (res://addons/gut/gut.gd:605)
         [3] _test_the_scripts (res://addons/gut/gut.gd:818)
WARNING: [CaseManager] Validation: EvidenceData: discovery_method is required for evidence 'ev_prints'
     at: push_warning (core/variant/variant_utility.cpp:1034)
     GDScript backtrace (most recent call first):
         [0] load_case (res://scripts/managers/case_manager.gd:114)
         [1] before_each (res://tests/unit/test_conclusion_manager.gd:142)
         [2] _run_test (res://addons/gut/gut.gd:605)
         [3] _test_the_scripts (res://addons/gut/gut.gd:818)
WARNING: [CaseManager] Validation: EvidenceData: discovery_method is required for evidence 'ev_alibi'
     at: push_warning (core/variant/variant_utility.cpp:1034)
     GDScript backtrace (most recent call first):
         [0] load_case (res://scripts/managers/case_manager.gd:114)
         [1] before_each (res://tests/unit/test_conclusion_manager.gd:142)
         [2] _run_test (res://addons/gut/gut.gd:605)
         [3] _test_the_scripts (res://addons/gut/gut.gd:818)
WARNING: [CaseManager] Validation: EvidenceData: discovery_method is required for evidence 'ev_hidden'
     at: push_warning (core/variant/variant_utility.cpp:1034)
     GDScript backtrace (most recent call first):
         [0] load_case (res://scripts/managers/case_manager.gd:114)
         [1] before_each (res://tests/unit/test_conclusion_manager.gd:142)
         [2] _run_test (res://addons/gut/gut.gd:605)
         [3] _test_the_scripts (res://addons/gut/gut.gd:818)
* test_epilogue_discovered_vs_missed
WARNING: [CaseManager] Validation: EvidenceData: discovery_method is required for evidence 'ev_knife'
     at: push_warning (core/variant/variant_utility.cpp:1034)
     GDScript backtrace (most recent call first):
         [0] load_case (res://scripts/managers/case_manager.gd:114)
         [1] before_each (res://tests/unit/test_conclusion_manager.gd:142)
         [2] _run_test (res://addons/gut/gut.gd:605)
         [3] _test_the_scripts (res://addons/gut/gut.gd:818)
WARNING: [CaseManager] Validation: EvidenceData: discovery_method is required for evidence 'ev_motive_doc'
     at: push_warning (core/variant/variant_utility.cpp:1034)
     GDScript backtrace (most recent call first):
         [0] load_case (res://scripts/managers/case_manager.gd:114)
         [1] before_each (res://tests/unit/test_conclusion_manager.gd:142)
         [2] _run_test (res://addons/gut/gut.gd:605)
         [3] _test_the_scripts (res://addons/gut/gut.gd:818)
WARNING: [CaseManager] Validation: EvidenceData: discovery_method is required for evidence 'ev_prints'
     at: push_warning (core/variant/variant_utility.cpp:1034)
     GDScript backtrace (most recent call first):
         [0] load_case (res://scripts/managers/case_manager.gd:114)
         [1] before_each (res://tests/unit/test_conclusion_manager.gd:142)
         [2] _run_test (res://addons/gut/gut.gd:605)
         [3] _test_the_scripts (res://addons/gut/gut.gd:818)
WARNING: [CaseManager] Validation: EvidenceData: discovery_method is required for evidence 'ev_alibi'
     at: push_warning (core/variant/variant_utility.cpp:1034)
     GDScript backtrace (most recent call first):
         [0] load_case (res://scripts/managers/case_manager.gd:114)
         [1] before_each (res://tests/unit/test_conclusion_manager.gd:142)
         [2] _run_test (res://addons/gut/gut.gd:605)
         [3] _test_the_scripts (res://addons/gut/gut.gd:818)
WARNING: [CaseManager] Validation: EvidenceData: discovery_method is required for evidence 'ev_hidden'
     at: push_warning (core/variant/variant_utility.cpp:1034)
     GDScript backtrace (most recent call first):
         [0] load_case (res://scripts/managers/case_manager.gd:114)
         [1] before_each (res://tests/unit/test_conclusion_manager.gd:142)
         [2] _run_test (res://addons/gut/gut.gd:605)
         [3] _test_the_scripts (res://addons/gut/gut.gd:818)
* test_epilogue_all_discovered
WARNING: [CaseManager] Validation: EvidenceData: discovery_method is required for evidence 'ev_knife'
     at: push_warning (core/variant/variant_utility.cpp:1034)
     GDScript backtrace (most recent call first):
         [0] load_case (res://scripts/managers/case_manager.gd:114)
         [1] before_each (res://tests/unit/test_conclusion_manager.gd:142)
         [2] _run_test (res://addons/gut/gut.gd:605)
         [3] _test_the_scripts (res://addons/gut/gut.gd:818)
WARNING: [CaseManager] Validation: EvidenceData: discovery_method is required for evidence 'ev_motive_doc'
     at: push_warning (core/variant/variant_utility.cpp:1034)
     GDScript backtrace (most recent call first):
         [0] load_case (res://scripts/managers/case_manager.gd:114)
         [1] before_each (res://tests/unit/test_conclusion_manager.gd:142)
         [2] _run_test (res://addons/gut/gut.gd:605)
         [3] _test_the_scripts (res://addons/gut/gut.gd:818)
WARNING: [CaseManager] Validation: EvidenceData: discovery_method is required for evidence 'ev_prints'
     at: push_warning (core/variant/variant_utility.cpp:1034)
     GDScript backtrace (most recent call first):
         [0] load_case (res://scripts/managers/case_manager.gd:114)
         [1] before_each (res://tests/unit/test_conclusion_manager.gd:142)
         [2] _run_test (res://addons/gut/gut.gd:605)
         [3] _test_the_scripts (res://addons/gut/gut.gd:818)
WARNING: [CaseManager] Validation: EvidenceData: discovery_method is required for evidence 'ev_alibi'
     at: push_warning (core/variant/variant_utility.cpp:1034)
     GDScript backtrace (most recent call first):
         [0] load_case (res://scripts/managers/case_manager.gd:114)
         [1] before_each (res://tests/unit/test_conclusion_manager.gd:142)
         [2] _run_test (res://addons/gut/gut.gd:605)
         [3] _test_the_scripts (res://addons/gut/gut.gd:818)
WARNING: [CaseManager] Validation: EvidenceData: discovery_method is required for evidence 'ev_hidden'
     at: push_warning (core/variant/variant_utility.cpp:1034)
     GDScript backtrace (most recent call first):
         [0] load_case (res://scripts/managers/case_manager.gd:114)
         [1] before_each (res://tests/unit/test_conclusion_manager.gd:142)
         [2] _run_test (res://addons/gut/gut.gd:605)
         [3] _test_the_scripts (res://addons/gut/gut.gd:818)
* test_serialize_empty_state
WARNING: [CaseManager] Validation: EvidenceData: discovery_method is required for evidence 'ev_knife'
     at: push_warning (core/variant/variant_utility.cpp:1034)
     GDScript backtrace (most recent call first):
         [0] load_case (res://scripts/managers/case_manager.gd:114)
         [1] before_each (res://tests/unit/test_conclusion_manager.gd:142)
         [2] _run_test (res://addons/gut/gut.gd:605)
         [3] _test_the_scripts (res://addons/gut/gut.gd:818)
WARNING: [CaseManager] Validation: EvidenceData: discovery_method is required for evidence 'ev_motive_doc'
     at: push_warning (core/variant/variant_utility.cpp:1034)
     GDScript backtrace (most recent call first):
         [0] load_case (res://scripts/managers/case_manager.gd:114)
         [1] before_each (res://tests/unit/test_conclusion_manager.gd:142)
         [2] _run_test (res://addons/gut/gut.gd:605)
         [3] _test_the_scripts (res://addons/gut/gut.gd:818)
WARNING: [CaseManager] Validation: EvidenceData: discovery_method is required for evidence 'ev_prints'
     at: push_warning (core/variant/variant_utility.cpp:1034)
     GDScript backtrace (most recent call first):
         [0] load_case (res://scripts/managers/case_manager.gd:114)
         [1] before_each (res://tests/unit/test_conclusion_manager.gd:142)
         [2] _run_test (res://addons/gut/gut.gd:605)
         [3] _test_the_scripts (res://addons/gut/gut.gd:818)
WARNING: [CaseManager] Validation: EvidenceData: discovery_method is required for evidence 'ev_alibi'
     at: push_warning (core/variant/variant_utility.cpp:1034)
     GDScript backtrace (most recent call first):
         [0] load_case (res://scripts/managers/case_manager.gd:114)
         [1] before_each (res://tests/unit/test_conclusion_manager.gd:142)
         [2] _run_test (res://addons/gut/gut.gd:605)
         [3] _test_the_scripts (res://addons/gut/gut.gd:818)
WARNING: [CaseManager] Validation: EvidenceData: discovery_method is required for evidence 'ev_hidden'
     at: push_warning (core/variant/variant_utility.cpp:1034)
     GDScript backtrace (most recent call first):
         [0] load_case (res://scripts/managers/case_manager.gd:114)
         [1] before_each (res://tests/unit/test_conclusion_manager.gd:142)
         [2] _run_test (res://addons/gut/gut.gd:605)
         [3] _test_the_scripts (res://addons/gut/gut.gd:818)
* test_serialize_deserialize_roundtrip
WARNING: [CaseManager] Validation: EvidenceData: discovery_method is required for evidence 'ev_knife'
     at: push_warning (core/variant/variant_utility.cpp:1034)
     GDScript backtrace (most recent call first):
         [0] load_case (res://scripts/managers/case_manager.gd:114)
         [1] before_each (res://tests/unit/test_conclusion_manager.gd:142)
         [2] _run_test (res://addons/gut/gut.gd:605)
         [3] _test_the_scripts (res://addons/gut/gut.gd:818)
WARNING: [CaseManager] Validation: EvidenceData: discovery_method is required for evidence 'ev_motive_doc'
     at: push_warning (core/variant/variant_utility.cpp:1034)
     GDScript backtrace (most recent call first):
         [0] load_case (res://scripts/managers/case_manager.gd:114)
         [1] before_each (res://tests/unit/test_conclusion_manager.gd:142)
         [2] _run_test (res://addons/gut/gut.gd:605)
         [3] _test_the_scripts (res://addons/gut/gut.gd:818)
WARNING: [CaseManager] Validation: EvidenceData: discovery_method is required for evidence 'ev_prints'
     at: push_warning (core/variant/variant_utility.cpp:1034)
     GDScript backtrace (most recent call first):
         [0] load_case (res://scripts/managers/case_manager.gd:114)
         [1] before_each (res://tests/unit/test_conclusion_manager.gd:142)
         [2] _run_test (res://addons/gut/gut.gd:605)
         [3] _test_the_scripts (res://addons/gut/gut.gd:818)
WARNING: [CaseManager] Validation: EvidenceData: discovery_method is required for evidence 'ev_alibi'
     at: push_warning (core/variant/variant_utility.cpp:1034)
     GDScript backtrace (most recent call first):
         [0] load_case (res://scripts/managers/case_manager.gd:114)
         [1] before_each (res://tests/unit/test_conclusion_manager.gd:142)
         [2] _run_test (res://addons/gut/gut.gd:605)
         [3] _test_the_scripts (res://addons/gut/gut.gd:818)
WARNING: [CaseManager] Validation: EvidenceData: discovery_method is required for evidence 'ev_hidden'
     at: push_warning (core/variant/variant_utility.cpp:1034)
     GDScript backtrace (most recent call first):
         [0] load_case (res://scripts/managers/case_manager.gd:114)
         [1] before_each (res://tests/unit/test_conclusion_manager.gd:142)
         [2] _run_test (res://addons/gut/gut.gd:605)
         [3] _test_the_scripts (res://addons/gut/gut.gd:818)
* test_reset_clears_all_state
WARNING: [CaseManager] Validation: EvidenceData: discovery_method is required for evidence 'ev_knife'
     at: push_warning (core/variant/variant_utility.cpp:1034)
     GDScript backtrace (most recent call first):
         [0] load_case (res://scripts/managers/case_manager.gd:114)
         [1] before_each (res://tests/unit/test_conclusion_manager.gd:142)
         [2] _run_test (res://addons/gut/gut.gd:605)
         [3] _test_the_scripts (res://addons/gut/gut.gd:818)
WARNING: [CaseManager] Validation: EvidenceData: discovery_method is required for evidence 'ev_motive_doc'
     at: push_warning (core/variant/variant_utility.cpp:1034)
     GDScript backtrace (most recent call first):
         [0] load_case (res://scripts/managers/case_manager.gd:114)
         [1] before_each (res://tests/unit/test_conclusion_manager.gd:142)
         [2] _run_test (res://addons/gut/gut.gd:605)
         [3] _test_the_scripts (res://addons/gut/gut.gd:818)
WARNING: [CaseManager] Validation: EvidenceData: discovery_method is required for evidence 'ev_prints'
     at: push_warning (core/variant/variant_utility.cpp:1034)
     GDScript backtrace (most recent call first):
         [0] load_case (res://scripts/managers/case_manager.gd:114)
         [1] before_each (res://tests/unit/test_conclusion_manager.gd:142)
         [2] _run_test (res://addons/gut/gut.gd:605)
         [3] _test_the_scripts (res://addons/gut/gut.gd:818)
WARNING: [CaseManager] Validation: EvidenceData: discovery_method is required for evidence 'ev_alibi'
     at: push_warning (core/variant/variant_utility.cpp:1034)
     GDScript backtrace (most recent call first):
         [0] load_case (res://scripts/managers/case_manager.gd:114)
         [1] before_each (res://tests/unit/test_conclusion_manager.gd:142)
         [2] _run_test (res://addons/gut/gut.gd:605)
         [3] _test_the_scripts (res://addons/gut/gut.gd:818)
WARNING: [CaseManager] Validation: EvidenceData: discovery_method is required for evidence 'ev_hidden'
     at: push_warning (core/variant/variant_utility.cpp:1034)
     GDScript backtrace (most recent call first):
         [0] load_case (res://scripts/managers/case_manager.gd:114)
         [1] before_each (res://tests/unit/test_conclusion_manager.gd:142)
         [2] _run_test (res://addons/gut/gut.gd:605)
         [3] _test_the_scripts (res://addons/gut/gut.gd:818)
* test_has_content_empty
WARNING: [CaseManager] Validation: EvidenceData: discovery_method is required for evidence 'ev_knife'
     at: push_warning (core/variant/variant_utility.cpp:1034)
     GDScript backtrace (most recent call first):
         [0] load_case (res://scripts/managers/case_manager.gd:114)
         [1] before_each (res://tests/unit/test_conclusion_manager.gd:142)
         [2] _run_test (res://addons/gut/gut.gd:605)
         [3] _test_the_scripts (res://addons/gut/gut.gd:818)
WARNING: [CaseManager] Validation: EvidenceData: discovery_method is required for evidence 'ev_motive_doc'
     at: push_warning (core/variant/variant_utility.cpp:1034)
     GDScript backtrace (most recent call first):
         [0] load_case (res://scripts/managers/case_manager.gd:114)
         [1] before_each (res://tests/unit/test_conclusion_manager.gd:142)
         [2] _run_test (res://addons/gut/gut.gd:605)
         [3] _test_the_scripts (res://addons/gut/gut.gd:818)
WARNING: [CaseManager] Validation: EvidenceData: discovery_method is required for evidence 'ev_prints'
     at: push_warning (core/variant/variant_utility.cpp:1034)
     GDScript backtrace (most recent call first):
         [0] load_case (res://scripts/managers/case_manager.gd:114)
         [1] before_each (res://tests/unit/test_conclusion_manager.gd:142)
         [2] _run_test (res://addons/gut/gut.gd:605)
         [3] _test_the_scripts (res://addons/gut/gut.gd:818)
WARNING: [CaseManager] Validation: EvidenceData: discovery_method is required for evidence 'ev_alibi'
     at: push_warning (core/variant/variant_utility.cpp:1034)
     GDScript backtrace (most recent call first):
         [0] load_case (res://scripts/managers/case_manager.gd:114)
         [1] before_each (res://tests/unit/test_conclusion_manager.gd:142)
         [2] _run_test (res://addons/gut/gut.gd:605)
         [3] _test_the_scripts (res://addons/gut/gut.gd:818)
WARNING: [CaseManager] Validation: EvidenceData: discovery_method is required for evidence 'ev_hidden'
     at: push_warning (core/variant/variant_utility.cpp:1034)
     GDScript backtrace (most recent call first):
         [0] load_case (res://scripts/managers/case_manager.gd:114)
         [1] before_each (res://tests/unit/test_conclusion_manager.gd:142)
         [2] _run_test (res://addons/gut/gut.gd:605)
         [3] _test_the_scripts (res://addons/gut/gut.gd:818)
* test_has_content_after_report
WARNING: [CaseManager] Validation: EvidenceData: discovery_method is required for evidence 'ev_knife'
     at: push_warning (core/variant/variant_utility.cpp:1034)
     GDScript backtrace (most recent call first):
         [0] load_case (res://scripts/managers/case_manager.gd:114)
         [1] before_each (res://tests/unit/test_conclusion_manager.gd:142)
         [2] _run_test (res://addons/gut/gut.gd:605)
         [3] _test_the_scripts (res://addons/gut/gut.gd:818)
WARNING: [CaseManager] Validation: EvidenceData: discovery_method is required for evidence 'ev_motive_doc'
     at: push_warning (core/variant/variant_utility.cpp:1034)
     GDScript backtrace (most recent call first):
         [0] load_case (res://scripts/managers/case_manager.gd:114)
         [1] before_each (res://tests/unit/test_conclusion_manager.gd:142)
         [2] _run_test (res://addons/gut/gut.gd:605)
         [3] _test_the_scripts (res://addons/gut/gut.gd:818)
WARNING: [CaseManager] Validation: EvidenceData: discovery_method is required for evidence 'ev_prints'
     at: push_warning (core/variant/variant_utility.cpp:1034)
     GDScript backtrace (most recent call first):
         [0] load_case (res://scripts/managers/case_manager.gd:114)
         [1] before_each (res://tests/unit/test_conclusion_manager.gd:142)
         [2] _run_test (res://addons/gut/gut.gd:605)
         [3] _test_the_scripts (res://addons/gut/gut.gd:818)
WARNING: [CaseManager] Validation: EvidenceData: discovery_method is required for evidence 'ev_alibi'
     at: push_warning (core/variant/variant_utility.cpp:1034)
     GDScript backtrace (most recent call first):
         [0] load_case (res://scripts/managers/case_manager.gd:114)
         [1] before_each (res://tests/unit/test_conclusion_manager.gd:142)
         [2] _run_test (res://addons/gut/gut.gd:605)
         [3] _test_the_scripts (res://addons/gut/gut.gd:818)
WARNING: [CaseManager] Validation: EvidenceData: discovery_method is required for evidence 'ev_hidden'
     at: push_warning (core/variant/variant_utility.cpp:1034)
     GDScript backtrace (most recent call first):
         [0] load_case (res://scripts/managers/case_manager.gd:114)
         [1] before_each (res://tests/unit/test_conclusion_manager.gd:142)
         [2] _run_test (res://addons/gut/gut.gd:605)
         [3] _test_the_scripts (res://addons/gut/gut.gd:818)
* test_report_sections_has_all_five
WARNING: [CaseManager] Validation: EvidenceData: discovery_method is required for evidence 'ev_knife'
     at: push_warning (core/variant/variant_utility.cpp:1034)
     GDScript backtrace (most recent call first):
         [0] load_case (res://scripts/managers/case_manager.gd:114)
         [1] before_each (res://tests/unit/test_conclusion_manager.gd:142)
         [2] _run_test (res://addons/gut/gut.gd:605)
         [3] _test_the_scripts (res://addons/gut/gut.gd:818)
WARNING: [CaseManager] Validation: EvidenceData: discovery_method is required for evidence 'ev_motive_doc'
     at: push_warning (core/variant/variant_utility.cpp:1034)
     GDScript backtrace (most recent call first):
         [0] load_case (res://scripts/managers/case_manager.gd:114)
         [1] before_each (res://tests/unit/test_conclusion_manager.gd:142)
         [2] _run_test (res://addons/gut/gut.gd:605)
         [3] _test_the_scripts (res://addons/gut/gut.gd:818)
WARNING: [CaseManager] Validation: EvidenceData: discovery_method is required for evidence 'ev_prints'
     at: push_warning (core/variant/variant_utility.cpp:1034)
     GDScript backtrace (most recent call first):
         [0] load_case (res://scripts/managers/case_manager.gd:114)
         [1] before_each (res://tests/unit/test_conclusion_manager.gd:142)
         [2] _run_test (res://addons/gut/gut.gd:605)
         [3] _test_the_scripts (res://addons/gut/gut.gd:818)
WARNING: [CaseManager] Validation: EvidenceData: discovery_method is required for evidence 'ev_alibi'
     at: push_warning (core/variant/variant_utility.cpp:1034)
     GDScript backtrace (most recent call first):
         [0] load_case (res://scripts/managers/case_manager.gd:114)
         [1] before_each (res://tests/unit/test_conclusion_manager.gd:142)
         [2] _run_test (res://addons/gut/gut.gd:605)
         [3] _test_the_scripts (res://addons/gut/gut.gd:818)
WARNING: [CaseManager] Validation: EvidenceData: discovery_method is required for evidence 'ev_hidden'
     at: push_warning (core/variant/variant_utility.cpp:1034)
     GDScript backtrace (most recent call first):
         [0] load_case (res://scripts/managers/case_manager.gd:114)
         [1] before_each (res://tests/unit/test_conclusion_manager.gd:142)
         [2] _run_test (res://addons/gut/gut.gd:605)
         [3] _test_the_scripts (res://addons/gut/gut.gd:818)
* test_case_data_has_solution_fields
WARNING: [CaseManager] Validation: EvidenceData: discovery_method is required for evidence 'ev_knife'
     at: push_warning (core/variant/variant_utility.cpp:1034)
     GDScript backtrace (most recent call first):
         [0] load_case (res://scripts/managers/case_manager.gd:114)
         [1] before_each (res://tests/unit/test_conclusion_manager.gd:142)
         [2] _run_test (res://addons/gut/gut.gd:605)
         [3] _test_the_scripts (res://addons/gut/gut.gd:818)
WARNING: [CaseManager] Validation: EvidenceData: discovery_method is required for evidence 'ev_motive_doc'
     at: push_warning (core/variant/variant_utility.cpp:1034)
     GDScript backtrace (most recent call first):
         [0] load_case (res://scripts/managers/case_manager.gd:114)
         [1] before_each (res://tests/unit/test_conclusion_manager.gd:142)
         [2] _run_test (res://addons/gut/gut.gd:605)
         [3] _test_the_scripts (res://addons/gut/gut.gd:818)
WARNING: [CaseManager] Validation: EvidenceData: discovery_method is required for evidence 'ev_prints'
     at: push_warning (core/variant/variant_utility.cpp:1034)
     GDScript backtrace (most recent call first):
         [0] load_case (res://scripts/managers/case_manager.gd:114)
         [1] before_each (res://tests/unit/test_conclusion_manager.gd:142)
         [2] _run_test (res://addons/gut/gut.gd:605)
         [3] _test_the_scripts (res://addons/gut/gut.gd:818)
WARNING: [CaseManager] Validation: EvidenceData: discovery_method is required for evidence 'ev_alibi'
     at: push_warning (core/variant/variant_utility.cpp:1034)
     GDScript backtrace (most recent call first):
         [0] load_case (res://scripts/managers/case_manager.gd:114)
         [1] before_each (res://tests/unit/test_conclusion_manager.gd:142)
         [2] _run_test (res://addons/gut/gut.gd:605)
         [3] _test_the_scripts (res://addons/gut/gut.gd:818)
WARNING: [CaseManager] Validation: EvidenceData: discovery_method is required for evidence 'ev_hidden'
     at: push_warning (core/variant/variant_utility.cpp:1034)
     GDScript backtrace (most recent call first):
         [0] load_case (res://scripts/managers/case_manager.gd:114)
         [1] before_each (res://tests/unit/test_conclusion_manager.gd:142)
         [2] _run_test (res://addons/gut/gut.gd:605)
         [3] _test_the_scripts (res://addons/gut/gut.gd:818)
* test_case_data_has_critical_evidence_ids
WARNING: [CaseManager] Validation: EvidenceData: discovery_method is required for evidence 'ev_knife'
     at: push_warning (core/variant/variant_utility.cpp:1034)
     GDScript backtrace (most recent call first):
         [0] load_case (res://scripts/managers/case_manager.gd:114)
         [1] before_each (res://tests/unit/test_conclusion_manager.gd:142)
         [2] _run_test (res://addons/gut/gut.gd:605)
         [3] _test_the_scripts (res://addons/gut/gut.gd:818)
WARNING: [CaseManager] Validation: EvidenceData: discovery_method is required for evidence 'ev_motive_doc'
     at: push_warning (core/variant/variant_utility.cpp:1034)
     GDScript backtrace (most recent call first):
         [0] load_case (res://scripts/managers/case_manager.gd:114)
         [1] before_each (res://tests/unit/test_conclusion_manager.gd:142)
         [2] _run_test (res://addons/gut/gut.gd:605)
         [3] _test_the_scripts (res://addons/gut/gut.gd:818)
WARNING: [CaseManager] Validation: EvidenceData: discovery_method is required for evidence 'ev_prints'
     at: push_warning (core/variant/variant_utility.cpp:1034)
     GDScript backtrace (most recent call first):
         [0] load_case (res://scripts/managers/case_manager.gd:114)
         [1] before_each (res://tests/unit/test_conclusion_manager.gd:142)
         [2] _run_test (res://addons/gut/gut.gd:605)
         [3] _test_the_scripts (res://addons/gut/gut.gd:818)
WARNING: [CaseManager] Validation: EvidenceData: discovery_method is required for evidence 'ev_alibi'
     at: push_warning (core/variant/variant_utility.cpp:1034)
     GDScript backtrace (most recent call first):
         [0] load_case (res://scripts/managers/case_manager.gd:114)
         [1] before_each (res://tests/unit/test_conclusion_manager.gd:142)
         [2] _run_test (res://addons/gut/gut.gd:605)
         [3] _test_the_scripts (res://addons/gut/gut.gd:818)
WARNING: [CaseManager] Validation: EvidenceData: discovery_method is required for evidence 'ev_hidden'
     at: push_warning (core/variant/variant_utility.cpp:1034)
     GDScript backtrace (most recent call first):
         [0] load_case (res://scripts/managers/case_manager.gd:114)
         [1] before_each (res://tests/unit/test_conclusion_manager.gd:142)
         [2] _run_test (res://addons/gut/gut.gd:605)
         [3] _test_the_scripts (res://addons/gut/gut.gd:818)
* test_confidence_level_enum_values
WARNING: [CaseManager] Validation: EvidenceData: discovery_method is required for evidence 'ev_knife'
     at: push_warning (core/variant/variant_utility.cpp:1034)
     GDScript backtrace (most recent call first):
         [0] load_case (res://scripts/managers/case_manager.gd:114)
         [1] before_each (res://tests/unit/test_conclusion_manager.gd:142)
         [2] _run_test (res://addons/gut/gut.gd:605)
         [3] _test_the_scripts (res://addons/gut/gut.gd:818)
WARNING: [CaseManager] Validation: EvidenceData: discovery_method is required for evidence 'ev_motive_doc'
     at: push_warning (core/variant/variant_utility.cpp:1034)
     GDScript backtrace (most recent call first):
         [0] load_case (res://scripts/managers/case_manager.gd:114)
         [1] before_each (res://tests/unit/test_conclusion_manager.gd:142)
         [2] _run_test (res://addons/gut/gut.gd:605)
         [3] _test_the_scripts (res://addons/gut/gut.gd:818)
WARNING: [CaseManager] Validation: EvidenceData: discovery_method is required for evidence 'ev_prints'
     at: push_warning (core/variant/variant_utility.cpp:1034)
     GDScript backtrace (most recent call first):
         [0] load_case (res://scripts/managers/case_manager.gd:114)
         [1] before_each (res://tests/unit/test_conclusion_manager.gd:142)
         [2] _run_test (res://addons/gut/gut.gd:605)
         [3] _test_the_scripts (res://addons/gut/gut.gd:818)
WARNING: [CaseManager] Validation: EvidenceData: discovery_method is required for evidence 'ev_alibi'
     at: push_warning (core/variant/variant_utility.cpp:1034)
     GDScript backtrace (most recent call first):
         [0] load_case (res://scripts/managers/case_manager.gd:114)
         [1] before_each (res://tests/unit/test_conclusion_manager.gd:142)
         [2] _run_test (res://addons/gut/gut.gd:605)
         [3] _test_the_scripts (res://addons/gut/gut.gd:818)
WARNING: [CaseManager] Validation: EvidenceData: discovery_method is required for evidence 'ev_hidden'
     at: push_warning (core/variant/variant_utility.cpp:1034)
     GDScript backtrace (most recent call first):
         [0] load_case (res://scripts/managers/case_manager.gd:114)
         [1] before_each (res://tests/unit/test_conclusion_manager.gd:142)
         [2] _run_test (res://addons/gut/gut.gd:605)
         [3] _test_the_scripts (res://addons/gut/gut.gd:818)
* test_case_outcome_enum_values
WARNING: [CaseManager] Validation: EvidenceData: discovery_method is required for evidence 'ev_knife'
     at: push_warning (core/variant/variant_utility.cpp:1034)
     GDScript backtrace (most recent call first):
         [0] load_case (res://scripts/managers/case_manager.gd:114)
         [1] before_each (res://tests/unit/test_conclusion_manager.gd:142)
         [2] _run_test (res://addons/gut/gut.gd:605)
         [3] _test_the_scripts (res://addons/gut/gut.gd:818)
WARNING: [CaseManager] Validation: EvidenceData: discovery_method is required for evidence 'ev_motive_doc'
     at: push_warning (core/variant/variant_utility.cpp:1034)
     GDScript backtrace (most recent call first):
         [0] load_case (res://scripts/managers/case_manager.gd:114)
         [1] before_each (res://tests/unit/test_conclusion_manager.gd:142)
         [2] _run_test (res://addons/gut/gut.gd:605)
         [3] _test_the_scripts (res://addons/gut/gut.gd:818)
WARNING: [CaseManager] Validation: EvidenceData: discovery_method is required for evidence 'ev_prints'
     at: push_warning (core/variant/variant_utility.cpp:1034)
     GDScript backtrace (most recent call first):
         [0] load_case (res://scripts/managers/case_manager.gd:114)
         [1] before_each (res://tests/unit/test_conclusion_manager.gd:142)
         [2] _run_test (res://addons/gut/gut.gd:605)
         [3] _test_the_scripts (res://addons/gut/gut.gd:818)
WARNING: [CaseManager] Validation: EvidenceData: discovery_method is required for evidence 'ev_alibi'
     at: push_warning (core/variant/variant_utility.cpp:1034)
     GDScript backtrace (most recent call first):
         [0] load_case (res://scripts/managers/case_manager.gd:114)
         [1] before_each (res://tests/unit/test_conclusion_manager.gd:142)
         [2] _run_test (res://addons/gut/gut.gd:605)
         [3] _test_the_scripts (res://addons/gut/gut.gd:818)
WARNING: [CaseManager] Validation: EvidenceData: discovery_method is required for evidence 'ev_hidden'
     at: push_warning (core/variant/variant_utility.cpp:1034)
     GDScript backtrace (most recent call first):
         [0] load_case (res://scripts/managers/case_manager.gd:114)
         [1] before_each (res://tests/unit/test_conclusion_manager.gd:142)
         [2] _run_test (res://addons/gut/gut.gd:605)
         [3] _test_the_scripts (res://addons/gut/gut.gd:818)
[1m62/62 passed.
[0m[4m

res://tests/unit/test_day_system.gd
[0m* test_day_phase_enum_has_exactly_three_values
* test_initial_state
* test_game_starts_in_morning
* test_reset_clears_state
* test_process_morning_sets_briefing_shown
* test_process_morning_emits_signal
* test_process_morning_returns_array
* test_morning_automatically_transitions_to_daytime
* test_morning_transition_emits_phase_changed
* test_morning_resets_actions_to_four
* test_process_morning_final_day_warning
* test_process_morning_no_warning_before_final_day
* test_player_cannot_use_actions_during_morning
* test_player_can_act_during_daytime
* test_actions_decrement_correctly
* test_actions_per_day_is_four
* test_end_day_early_triggers_night
* test_end_day_blocked_by_mandatory_actions
* test_end_day_succeeds_after_mandatory_completed
* test_force_advance_day_skips_mandatory_check
* test_night_processing_advances_day
* test_night_transitions_to_next_morning
* test_night_processing_resets_actions
* test_night_processing_clears_interrogation_counts
* test_night_processing_clears_morning_briefing_flag
* test_night_processing_emits_signals
* test_night_processing_emits_day_changed
* test_night_processing_logs_day_end
* test_actions_reset_to_four_on_new_day
* test_unused_actions_do_not_carry_over
* test_night_at_final_day_emits_time_expired
* test_night_at_final_day_does_not_advance_day
* test_full_four_day_cycle
* test_lab_completion_during_morning
* test_lab_not_complete_stays_active
* test_surveillance_results_during_morning
* test_expired_surveillance_removed_during_night
* test_active_surveillance_kept_during_night
* test_no_afternoon_phase_exists
* test_no_evening_phase_exists
* test_phase_display_morning
* test_phase_display_daytime
* test_phase_display_night
* test_serialize_returns_dictionary
* test_deserialize_restores_state
* test_serialize_round_trip
* test_process_morning_returns_briefing_items
[1m47/47 passed.
[0m[4m

res://tests/unit/test_debug_state_loader.gd
[0m* test_list_presets_finds_debug_files
* test_load_debug_state_succeeds
[DebugStateLoader] Debug state loaded: Mark Bennett Interrogation
* test_load_debug_state_sets_case
[DebugStateLoader] Debug state loaded: Mark Bennett Interrogation
* test_load_debug_state_sets_day
[DebugStateLoader] Debug state loaded: Mark Bennett Interrogation
* test_load_debug_state_sets_phase
[DebugStateLoader] Debug state loaded: Mark Bennett Interrogation
* test_load_debug_state_sets_actions
[DebugStateLoader] Debug state loaded: Mark Bennett Interrogation
* test_load_debug_state_sets_evidence
[DebugStateLoader] Debug state loaded: Mark Bennett Interrogation
* test_load_debug_state_sets_locations
[DebugStateLoader] Debug state loaded: Mark Bennett Interrogation
* test_load_debug_state_sets_interrogations
[DebugStateLoader] Debug state loaded: Mark Bennett Interrogation
* test_load_debug_state_game_is_active
[DebugStateLoader] Debug state loaded: Mark Bennett Interrogation
* test_load_nonexistent_file_fails
ERROR: [DebugStateLoader] Debug file not found: res://data/debug/nonexistent.json
   at: push_error (core/variant/variant_utility.cpp:1024)
   GDScript backtrace (most recent call first):
       [0] load_debug_state (res://scripts/debug/debug_state_loader.gd:17)
       [1] test_load_nonexistent_file_fails (res://tests/unit/test_debug_state_loader.gd:95)
       [2] _run_test (res://addons/gut/gut.gd:615)
       [3] _test_the_scripts (res://addons/gut/gut.gd:818)
[34m[ExpectedError][0mExpected push_error error containing '[DebugStateLoader] Debug file not found: res://data/debug/nonexistent.json'.  
* test_debug_state_allows_mark_interrogation
[DebugStateLoader] Debug state loaded: Mark Bennett Interrogation
[1m12/12 passed.
[0m[4m

res://tests/unit/test_dialogue_system.gd
[0m* test_initial_state
* test_reset_clears_all
* test_queue_dialogue_starts_immediately
* test_queue_dialogue_emits_started_signal
* test_queue_dialogue_shows_first_line
* test_queue_multiple_dialogues
* test_advance_to_next_line
* test_advance_emits_dialogue_advanced
* test_advance_emits_dialogue_line_displayed
* test_advance_when_not_active_returns_false
* test_dialogue_ended_signal
* test_dialogue_ended_adds_to_history
* test_dialogue_chain_auto_starts_next
* test_all_dialogues_completed_signal
* test_skip_current_ends_dialogue
* test_skip_current_starts_next_in_queue
* test_skip_when_not_active
* test_queue_simple_single_line
* test_queue_briefing_creates_dialogue
* test_queue_briefing_includes_all_items
* test_queue_briefing_empty_items_no_dialogue
* test_has_shown_dialogue
* test_clear_queue_stops_everything
* test_clear_queue_emits_ended
* test_serialize_returns_dictionary
* test_deserialize_restores_history
* test_serialize_round_trip
* test_morning_briefing_can_be_queued
[1m28/28 passed.
[0m[4m

res://tests/unit/test_event_system.gd
[0m* test_initial_state
* test_reset_clears_all_state
* test_check_conditions_evidence_discovered
* test_check_conditions_location_visited
* test_check_conditions_action_completed
* test_check_conditions_warrant_obtained
* test_check_conditions_day
* test_check_conditions_day_gte
* test_check_conditions_insight_discovered
* test_check_conditions_interrogation_completed
* test_check_conditions_trigger_fired
* test_check_conditions_lab_complete
* test_check_conditions_multiple
* test_check_conditions_empty
* test_has_trigger_fired
* test_get_fired_triggers_returns_copy
* test_trigger_history_records_entries
* test_dispatch_action_notify
* test_dispatch_action_unlock_evidence
* test_dispatch_action_unlock_event
* test_dispatch_action_unlock_location
* test_dispatch_action_add_mandatory
* test_dispatch_action_plain_text
* test_dispatch_action_unknown_type
* test_pending_morning_actions
* test_force_trigger_not_loaded
* test_reset_trigger
* test_evidence_discovery_evaluates_conditionals
* test_location_visit_evaluates_conditionals
* test_insight_discovery_evaluates_conditionals
* test_serialize_returns_dictionary
* test_deserialize_restores_state
* test_serialize_round_trip
* test_trigger_fires_only_once
* test_trigger_fired_signal_emitted
* test_action_dispatched_signal
* test_action_to_briefing_text_unlock_location
* test_action_to_briefing_text_notify
* test_action_to_briefing_text_unlock_evidence
* test_action_to_briefing_text_unlock_interrogation
* test_action_to_briefing_text_internal_action_returns_empty
* test_action_to_briefing_text_plain_text
* test_evaluate_day_start_dispatches_actions
* test_trigger_fired_not_in_log
[1m44/44 passed.
[0m[4m

res://tests/unit/test_evidence_archive_ui.gd
[0m* test_square_helper_sets_height_from_width
* test_header_compare_button_and_forensic_analysis_layout
* test_evidentiary_value_section_uses_tier_and_case_data_text
* test_evidentiary_value_section_shows_contested_warning_for_credible_contradiction
* test_info_grid_labels_importance_as_case_relevance
* test_completed_lab_state_uses_lab_request_status_text
[33m    2 Orphans[0m
[33m        * [@PanelContainer@398:<PanelContainer#988077366126>] + 1[0m
* test_submit_state_lists_available_analysis_and_expected_result
[33m    2 Orphans[0m
[33m        * [@PanelContainer@459:<PanelContainer#994268159085>] + 1[0m
* test_archive_card_shows_lab_badge_immediately_after_submit
[31m    [Failed]:  [0mExpected [ARRAY([])] to contain value:  ["LAB"]:  Evidence archive cards should refresh their LAB badge immediately after submission.
      at line 328
[33m    2 Orphans[0m
[33m        * [@PanelContainer@520:<PanelContainer#1000593169406>] + 1[0m
* test_derived_from_row_uses_wrapping_navigation_link_when_parent_is_discovered
[33m    2 Orphans[0m
[33m        * [@PanelContainer@581:<PanelContainer#1006767184771>] + 1[0m
* test_derived_from_row_wraps_without_horizontal_scrolling
* test_derived_from_row_falls_back_to_plain_text_when_parent_not_discovered
[33m    2 Orphans[0m
[33m        * [@PanelContainer@707:<PanelContainer#1021262699477>] + 1[0m
* test_multiline_metadata_rows_are_top_aligned
[33m    2 Orphans[0m
[33m        * [@PanelContainer@767:<PanelContainer#1027403160643>] + 1[0m
* test_notes_section_lives_in_third_column_and_stays_open
[1m12/13 passed.
[0m[4m

res://tests/unit/test_evidence_manager.gd
[0m* test_get_discovered_evidence_data_empty_initially
WARNING: [CaseManager] Validation: EvidenceData: discovery_method is required for evidence 'ev_fingerprint'
     at: push_warning (core/variant/variant_utility.cpp:1034)
     GDScript backtrace (most recent call first):
         [0] load_case (res://scripts/managers/case_manager.gd:114)
         [1] before_each (res://tests/unit/test_evidence_manager.gd:244)
         [2] _run_test (res://addons/gut/gut.gd:605)
         [3] _test_the_scripts (res://addons/gut/gut.gd:818)
WARNING: [CaseManager] Validation: EvidenceData: discovery_method is required for evidence 'ev_camera'
     at: push_warning (core/variant/variant_utility.cpp:1034)
     GDScript backtrace (most recent call first):
         [0] load_case (res://scripts/managers/case_manager.gd:114)
         [1] before_each (res://tests/unit/test_evidence_manager.gd:244)
         [2] _run_test (res://addons/gut/gut.gd:605)
         [3] _test_the_scripts (res://addons/gut/gut.gd:818)
WARNING: [CaseManager] Validation: EvidenceData: discovery_method is required for evidence 'ev_document'
     at: push_warning (core/variant/variant_utility.cpp:1034)
     GDScript backtrace (most recent call first):
         [0] load_case (res://scripts/managers/case_manager.gd:114)
         [1] before_each (res://tests/unit/test_evidence_manager.gd:244)
         [2] _run_test (res://addons/gut/gut.gd:605)
         [3] _test_the_scripts (res://addons/gut/gut.gd:818)
WARNING: [CaseManager] Validation: EvidenceData: discovery_method is required for evidence 'ev_photo'
     at: push_warning (core/variant/variant_utility.cpp:1034)
     GDScript backtrace (most recent call first):
         [0] load_case (res://scripts/managers/case_manager.gd:114)
         [1] before_each (res://tests/unit/test_evidence_manager.gd:244)
         [2] _run_test (res://addons/gut/gut.gd:605)
         [3] _test_the_scripts (res://addons/gut/gut.gd:818)
WARNING: [CaseManager] Validation: EvidenceData: discovery_method is required for evidence 'ev_phone'
     at: push_warning (core/variant/variant_utility.cpp:1034)
     GDScript backtrace (most recent call first):
         [0] load_case (res://scripts/managers/case_manager.gd:114)
         [1] before_each (res://tests/unit/test_evidence_manager.gd:244)
         [2] _run_test (res://addons/gut/gut.gd:605)
         [3] _test_the_scripts (res://addons/gut/gut.gd:818)
WARNING: [CaseManager] Validation: EvidenceData: discovery_method is required for evidence 'ev_knife'
     at: push_warning (core/variant/variant_utility.cpp:1034)
     GDScript backtrace (most recent call first):
         [0] load_case (res://scripts/managers/case_manager.gd:114)
         [1] before_each (res://tests/unit/test_evidence_manager.gd:244)
         [2] _run_test (res://addons/gut/gut.gd:605)
         [3] _test_the_scripts (res://addons/gut/gut.gd:818)
WARNING: [CaseManager] Validation: EvidenceData: discovery_method is required for evidence 'ev_letter'
     at: push_warning (core/variant/variant_utility.cpp:1034)
     GDScript backtrace (most recent call first):
         [0] load_case (res://scripts/managers/case_manager.gd:114)
         [1] before_each (res://tests/unit/test_evidence_manager.gd:244)
         [2] _run_test (res://addons/gut/gut.gd:605)
         [3] _test_the_scripts (res://addons/gut/gut.gd:818)
WARNING: [CaseManager] Validation: EvidenceData: discovery_method is required for evidence 'ev_knife_result'
     at: push_warning (core/variant/variant_utility.cpp:1034)
     GDScript backtrace (most recent call first):
         [0] load_case (res://scripts/managers/case_manager.gd:114)
         [1] before_each (res://tests/unit/test_evidence_manager.gd:244)
         [2] _run_test (res://addons/gut/gut.gd:605)
         [3] _test_the_scripts (res://addons/gut/gut.gd:818)
WARNING: [CaseManager] Validation: CaseData: lab output evidence 'ev_knife_result' must set derived_from to 'ev_knife'
     at: push_warning (core/variant/variant_utility.cpp:1034)
     GDScript backtrace (most recent call first):
         [0] load_case (res://scripts/managers/case_manager.gd:114)
         [1] before_each (res://tests/unit/test_evidence_manager.gd:244)
         [2] _run_test (res://addons/gut/gut.gd:605)
         [3] _test_the_scripts (res://addons/gut/gut.gd:818)
* test_get_discovered_evidence_data_returns_discovered
WARNING: [CaseManager] Validation: EvidenceData: discovery_method is required for evidence 'ev_fingerprint'
     at: push_warning (core/variant/variant_utility.cpp:1034)
     GDScript backtrace (most recent call first):
         [0] load_case (res://scripts/managers/case_manager.gd:114)
         [1] before_each (res://tests/unit/test_evidence_manager.gd:244)
         [2] _run_test (res://addons/gut/gut.gd:605)
         [3] _test_the_scripts (res://addons/gut/gut.gd:818)
WARNING: [CaseManager] Validation: EvidenceData: discovery_method is required for evidence 'ev_camera'
     at: push_warning (core/variant/variant_utility.cpp:1034)
     GDScript backtrace (most recent call first):
         [0] load_case (res://scripts/managers/case_manager.gd:114)
         [1] before_each (res://tests/unit/test_evidence_manager.gd:244)
         [2] _run_test (res://addons/gut/gut.gd:605)
         [3] _test_the_scripts (res://addons/gut/gut.gd:818)
WARNING: [CaseManager] Validation: EvidenceData: discovery_method is required for evidence 'ev_document'
     at: push_warning (core/variant/variant_utility.cpp:1034)
     GDScript backtrace (most recent call first):
         [0] load_case (res://scripts/managers/case_manager.gd:114)
         [1] before_each (res://tests/unit/test_evidence_manager.gd:244)
         [2] _run_test (res://addons/gut/gut.gd:605)
         [3] _test_the_scripts (res://addons/gut/gut.gd:818)
WARNING: [CaseManager] Validation: EvidenceData: discovery_method is required for evidence 'ev_photo'
     at: push_warning (core/variant/variant_utility.cpp:1034)
     GDScript backtrace (most recent call first):
         [0] load_case (res://scripts/managers/case_manager.gd:114)
         [1] before_each (res://tests/unit/test_evidence_manager.gd:244)
         [2] _run_test (res://addons/gut/gut.gd:605)
         [3] _test_the_scripts (res://addons/gut/gut.gd:818)
WARNING: [CaseManager] Validation: EvidenceData: discovery_method is required for evidence 'ev_phone'
     at: push_warning (core/variant/variant_utility.cpp:1034)
     GDScript backtrace (most recent call first):
         [0] load_case (res://scripts/managers/case_manager.gd:114)
         [1] before_each (res://tests/unit/test_evidence_manager.gd:244)
         [2] _run_test (res://addons/gut/gut.gd:605)
         [3] _test_the_scripts (res://addons/gut/gut.gd:818)
WARNING: [CaseManager] Validation: EvidenceData: discovery_method is required for evidence 'ev_knife'
     at: push_warning (core/variant/variant_utility.cpp:1034)
     GDScript backtrace (most recent call first):
         [0] load_case (res://scripts/managers/case_manager.gd:114)
         [1] before_each (res://tests/unit/test_evidence_manager.gd:244)
         [2] _run_test (res://addons/gut/gut.gd:605)
         [3] _test_the_scripts (res://addons/gut/gut.gd:818)
WARNING: [CaseManager] Validation: EvidenceData: discovery_method is required for evidence 'ev_letter'
     at: push_warning (core/variant/variant_utility.cpp:1034)
     GDScript backtrace (most recent call first):
         [0] load_case (res://scripts/managers/case_manager.gd:114)
         [1] before_each (res://tests/unit/test_evidence_manager.gd:244)
         [2] _run_test (res://addons/gut/gut.gd:605)
         [3] _test_the_scripts (res://addons/gut/gut.gd:818)
WARNING: [CaseManager] Validation: EvidenceData: discovery_method is required for evidence 'ev_knife_result'
     at: push_warning (core/variant/variant_utility.cpp:1034)
     GDScript backtrace (most recent call first):
         [0] load_case (res://scripts/managers/case_manager.gd:114)
         [1] before_each (res://tests/unit/test_evidence_manager.gd:244)
         [2] _run_test (res://addons/gut/gut.gd:605)
         [3] _test_the_scripts (res://addons/gut/gut.gd:818)
WARNING: [CaseManager] Validation: CaseData: lab output evidence 'ev_knife_result' must set derived_from to 'ev_knife'
     at: push_warning (core/variant/variant_utility.cpp:1034)
     GDScript backtrace (most recent call first):
         [0] load_case (res://scripts/managers/case_manager.gd:114)
         [1] before_each (res://tests/unit/test_evidence_manager.gd:244)
         [2] _run_test (res://addons/gut/gut.gd:605)
         [3] _test_the_scripts (res://addons/gut/gut.gd:818)
* test_get_discovered_evidence_data_ignores_unknown_ids
WARNING: [CaseManager] Validation: EvidenceData: discovery_method is required for evidence 'ev_fingerprint'
     at: push_warning (core/variant/variant_utility.cpp:1034)
     GDScript backtrace (most recent call first):
         [0] load_case (res://scripts/managers/case_manager.gd:114)
         [1] before_each (res://tests/unit/test_evidence_manager.gd:244)
         [2] _run_test (res://addons/gut/gut.gd:605)
         [3] _test_the_scripts (res://addons/gut/gut.gd:818)
WARNING: [CaseManager] Validation: EvidenceData: discovery_method is required for evidence 'ev_camera'
     at: push_warning (core/variant/variant_utility.cpp:1034)
     GDScript backtrace (most recent call first):
         [0] load_case (res://scripts/managers/case_manager.gd:114)
         [1] before_each (res://tests/unit/test_evidence_manager.gd:244)
         [2] _run_test (res://addons/gut/gut.gd:605)
         [3] _test_the_scripts (res://addons/gut/gut.gd:818)
WARNING: [CaseManager] Validation: EvidenceData: discovery_method is required for evidence 'ev_document'
     at: push_warning (core/variant/variant_utility.cpp:1034)
     GDScript backtrace (most recent call first):
         [0] load_case (res://scripts/managers/case_manager.gd:114)
         [1] before_each (res://tests/unit/test_evidence_manager.gd:244)
         [2] _run_test (res://addons/gut/gut.gd:605)
         [3] _test_the_scripts (res://addons/gut/gut.gd:818)
WARNING: [CaseManager] Validation: EvidenceData: discovery_method is required for evidence 'ev_photo'
     at: push_warning (core/variant/variant_utility.cpp:1034)
     GDScript backtrace (most recent call first):
         [0] load_case (res://scripts/managers/case_manager.gd:114)
         [1] before_each (res://tests/unit/test_evidence_manager.gd:244)
         [2] _run_test (res://addons/gut/gut.gd:605)
         [3] _test_the_scripts (res://addons/gut/gut.gd:818)
WARNING: [CaseManager] Validation: EvidenceData: discovery_method is required for evidence 'ev_phone'
     at: push_warning (core/variant/variant_utility.cpp:1034)
     GDScript backtrace (most recent call first):
         [0] load_case (res://scripts/managers/case_manager.gd:114)
         [1] before_each (res://tests/unit/test_evidence_manager.gd:244)
         [2] _run_test (res://addons/gut/gut.gd:605)
         [3] _test_the_scripts (res://addons/gut/gut.gd:818)
WARNING: [CaseManager] Validation: EvidenceData: discovery_method is required for evidence 'ev_knife'
     at: push_warning (core/variant/variant_utility.cpp:1034)
     GDScript backtrace (most recent call first):
         [0] load_case (res://scripts/managers/case_manager.gd:114)
         [1] before_each (res://tests/unit/test_evidence_manager.gd:244)
         [2] _run_test (res://addons/gut/gut.gd:605)
         [3] _test_the_scripts (res://addons/gut/gut.gd:818)
WARNING: [CaseManager] Validation: EvidenceData: discovery_method is required for evidence 'ev_letter'
     at: push_warning (core/variant/variant_utility.cpp:1034)
     GDScript backtrace (most recent call first):
         [0] load_case (res://scripts/managers/case_manager.gd:114)
         [1] before_each (res://tests/unit/test_evidence_manager.gd:244)
         [2] _run_test (res://addons/gut/gut.gd:605)
         [3] _test_the_scripts (res://addons/gut/gut.gd:818)
WARNING: [CaseManager] Validation: EvidenceData: discovery_method is required for evidence 'ev_knife_result'
     at: push_warning (core/variant/variant_utility.cpp:1034)
     GDScript backtrace (most recent call first):
         [0] load_case (res://scripts/managers/case_manager.gd:114)
         [1] before_each (res://tests/unit/test_evidence_manager.gd:244)
         [2] _run_test (res://addons/gut/gut.gd:605)
         [3] _test_the_scripts (res://addons/gut/gut.gd:818)
WARNING: [CaseManager] Validation: CaseData: lab output evidence 'ev_knife_result' must set derived_from to 'ev_knife'
     at: push_warning (core/variant/variant_utility.cpp:1034)
     GDScript backtrace (most recent call first):
         [0] load_case (res://scripts/managers/case_manager.gd:114)
         [1] before_each (res://tests/unit/test_evidence_manager.gd:244)
         [2] _run_test (res://addons/gut/gut.gd:605)
         [3] _test_the_scripts (res://addons/gut/gut.gd:818)
* test_filter_by_type_forensic
WARNING: [CaseManager] Validation: EvidenceData: discovery_method is required for evidence 'ev_fingerprint'
     at: push_warning (core/variant/variant_utility.cpp:1034)
     GDScript backtrace (most recent call first):
         [0] load_case (res://scripts/managers/case_manager.gd:114)
         [1] before_each (res://tests/unit/test_evidence_manager.gd:244)
         [2] _run_test (res://addons/gut/gut.gd:605)
         [3] _test_the_scripts (res://addons/gut/gut.gd:818)
WARNING: [CaseManager] Validation: EvidenceData: discovery_method is required for evidence 'ev_camera'
     at: push_warning (core/variant/variant_utility.cpp:1034)
     GDScript backtrace (most recent call first):
         [0] load_case (res://scripts/managers/case_manager.gd:114)
         [1] before_each (res://tests/unit/test_evidence_manager.gd:244)
         [2] _run_test (res://addons/gut/gut.gd:605)
         [3] _test_the_scripts (res://addons/gut/gut.gd:818)
WARNING: [CaseManager] Validation: EvidenceData: discovery_method is required for evidence 'ev_document'
     at: push_warning (core/variant/variant_utility.cpp:1034)
     GDScript backtrace (most recent call first):
         [0] load_case (res://scripts/managers/case_manager.gd:114)
         [1] before_each (res://tests/unit/test_evidence_manager.gd:244)
         [2] _run_test (res://addons/gut/gut.gd:605)
         [3] _test_the_scripts (res://addons/gut/gut.gd:818)
WARNING: [CaseManager] Validation: EvidenceData: discovery_method is required for evidence 'ev_photo'
     at: push_warning (core/variant/variant_utility.cpp:1034)
     GDScript backtrace (most recent call first):
         [0] load_case (res://scripts/managers/case_manager.gd:114)
         [1] before_each (res://tests/unit/test_evidence_manager.gd:244)
         [2] _run_test (res://addons/gut/gut.gd:605)
         [3] _test_the_scripts (res://addons/gut/gut.gd:818)
WARNING: [CaseManager] Validation: EvidenceData: discovery_method is required for evidence 'ev_phone'
     at: push_warning (core/variant/variant_utility.cpp:1034)
     GDScript backtrace (most recent call first):
         [0] load_case (res://scripts/managers/case_manager.gd:114)
         [1] before_each (res://tests/unit/test_evidence_manager.gd:244)
         [2] _run_test (res://addons/gut/gut.gd:605)
         [3] _test_the_scripts (res://addons/gut/gut.gd:818)
WARNING: [CaseManager] Validation: EvidenceData: discovery_method is required for evidence 'ev_knife'
     at: push_warning (core/variant/variant_utility.cpp:1034)
     GDScript backtrace (most recent call first):
         [0] load_case (res://scripts/managers/case_manager.gd:114)
         [1] before_each (res://tests/unit/test_evidence_manager.gd:244)
         [2] _run_test (res://addons/gut/gut.gd:605)
         [3] _test_the_scripts (res://addons/gut/gut.gd:818)
WARNING: [CaseManager] Validation: EvidenceData: discovery_method is required for evidence 'ev_letter'
     at: push_warning (core/variant/variant_utility.cpp:1034)
     GDScript backtrace (most recent call first):
         [0] load_case (res://scripts/managers/case_manager.gd:114)
         [1] before_each (res://tests/unit/test_evidence_manager.gd:244)
         [2] _run_test (res://addons/gut/gut.gd:605)
         [3] _test_the_scripts (res://addons/gut/gut.gd:818)
WARNING: [CaseManager] Validation: EvidenceData: discovery_method is required for evidence 'ev_knife_result'
     at: push_warning (core/variant/variant_utility.cpp:1034)
     GDScript backtrace (most recent call first):
         [0] load_case (res://scripts/managers/case_manager.gd:114)
         [1] before_each (res://tests/unit/test_evidence_manager.gd:244)
         [2] _run_test (res://addons/gut/gut.gd:605)
         [3] _test_the_scripts (res://addons/gut/gut.gd:818)
WARNING: [CaseManager] Validation: CaseData: lab output evidence 'ev_knife_result' must set derived_from to 'ev_knife'
     at: push_warning (core/variant/variant_utility.cpp:1034)
     GDScript backtrace (most recent call first):
         [0] load_case (res://scripts/managers/case_manager.gd:114)
         [1] before_each (res://tests/unit/test_evidence_manager.gd:244)
         [2] _run_test (res://addons/gut/gut.gd:605)
         [3] _test_the_scripts (res://addons/gut/gut.gd:818)
* test_filter_by_type_returns_empty_for_no_match
WARNING: [CaseManager] Validation: EvidenceData: discovery_method is required for evidence 'ev_fingerprint'
     at: push_warning (core/variant/variant_utility.cpp:1034)
     GDScript backtrace (most recent call first):
         [0] load_case (res://scripts/managers/case_manager.gd:114)
         [1] before_each (res://tests/unit/test_evidence_manager.gd:244)
         [2] _run_test (res://addons/gut/gut.gd:605)
         [3] _test_the_scripts (res://addons/gut/gut.gd:818)
WARNING: [CaseManager] Validation: EvidenceData: discovery_method is required for evidence 'ev_camera'
     at: push_warning (core/variant/variant_utility.cpp:1034)
     GDScript backtrace (most recent call first):
         [0] load_case (res://scripts/managers/case_manager.gd:114)
         [1] before_each (res://tests/unit/test_evidence_manager.gd:244)
         [2] _run_test (res://addons/gut/gut.gd:605)
         [3] _test_the_scripts (res://addons/gut/gut.gd:818)
WARNING: [CaseManager] Validation: EvidenceData: discovery_method is required for evidence 'ev_document'
     at: push_warning (core/variant/variant_utility.cpp:1034)
     GDScript backtrace (most recent call first):
         [0] load_case (res://scripts/managers/case_manager.gd:114)
         [1] before_each (res://tests/unit/test_evidence_manager.gd:244)
         [2] _run_test (res://addons/gut/gut.gd:605)
         [3] _test_the_scripts (res://addons/gut/gut.gd:818)
WARNING: [CaseManager] Validation: EvidenceData: discovery_method is required for evidence 'ev_photo'
     at: push_warning (core/variant/variant_utility.cpp:1034)
     GDScript backtrace (most recent call first):
         [0] load_case (res://scripts/managers/case_manager.gd:114)
         [1] before_each (res://tests/unit/test_evidence_manager.gd:244)
         [2] _run_test (res://addons/gut/gut.gd:605)
         [3] _test_the_scripts (res://addons/gut/gut.gd:818)
WARNING: [CaseManager] Validation: EvidenceData: discovery_method is required for evidence 'ev_phone'
     at: push_warning (core/variant/variant_utility.cpp:1034)
     GDScript backtrace (most recent call first):
         [0] load_case (res://scripts/managers/case_manager.gd:114)
         [1] before_each (res://tests/unit/test_evidence_manager.gd:244)
         [2] _run_test (res://addons/gut/gut.gd:605)
         [3] _test_the_scripts (res://addons/gut/gut.gd:818)
WARNING: [CaseManager] Validation: EvidenceData: discovery_method is required for evidence 'ev_knife'
     at: push_warning (core/variant/variant_utility.cpp:1034)
     GDScript backtrace (most recent call first):
         [0] load_case (res://scripts/managers/case_manager.gd:114)
         [1] before_each (res://tests/unit/test_evidence_manager.gd:244)
         [2] _run_test (res://addons/gut/gut.gd:605)
         [3] _test_the_scripts (res://addons/gut/gut.gd:818)
WARNING: [CaseManager] Validation: EvidenceData: discovery_method is required for evidence 'ev_letter'
     at: push_warning (core/variant/variant_utility.cpp:1034)
     GDScript backtrace (most recent call first):
         [0] load_case (res://scripts/managers/case_manager.gd:114)
         [1] before_each (res://tests/unit/test_evidence_manager.gd:244)
         [2] _run_test (res://addons/gut/gut.gd:605)
         [3] _test_the_scripts (res://addons/gut/gut.gd:818)
WARNING: [CaseManager] Validation: EvidenceData: discovery_method is required for evidence 'ev_knife_result'
     at: push_warning (core/variant/variant_utility.cpp:1034)
     GDScript backtrace (most recent call first):
         [0] load_case (res://scripts/managers/case_manager.gd:114)
         [1] before_each (res://tests/unit/test_evidence_manager.gd:244)
         [2] _run_test (res://addons/gut/gut.gd:605)
         [3] _test_the_scripts (res://addons/gut/gut.gd:818)
WARNING: [CaseManager] Validation: CaseData: lab output evidence 'ev_knife_result' must set derived_from to 'ev_knife'
     at: push_warning (core/variant/variant_utility.cpp:1034)
     GDScript backtrace (most recent call first):
         [0] load_case (res://scripts/managers/case_manager.gd:114)
         [1] before_each (res://tests/unit/test_evidence_manager.gd:244)
         [2] _run_test (res://addons/gut/gut.gd:605)
         [3] _test_the_scripts (res://addons/gut/gut.gd:818)
* test_filter_by_type_document
WARNING: [CaseManager] Validation: EvidenceData: discovery_method is required for evidence 'ev_fingerprint'
     at: push_warning (core/variant/variant_utility.cpp:1034)
     GDScript backtrace (most recent call first):
         [0] load_case (res://scripts/managers/case_manager.gd:114)
         [1] before_each (res://tests/unit/test_evidence_manager.gd:244)
         [2] _run_test (res://addons/gut/gut.gd:605)
         [3] _test_the_scripts (res://addons/gut/gut.gd:818)
WARNING: [CaseManager] Validation: EvidenceData: discovery_method is required for evidence 'ev_camera'
     at: push_warning (core/variant/variant_utility.cpp:1034)
     GDScript backtrace (most recent call first):
         [0] load_case (res://scripts/managers/case_manager.gd:114)
         [1] before_each (res://tests/unit/test_evidence_manager.gd:244)
         [2] _run_test (res://addons/gut/gut.gd:605)
         [3] _test_the_scripts (res://addons/gut/gut.gd:818)
WARNING: [CaseManager] Validation: EvidenceData: discovery_method is required for evidence 'ev_document'
     at: push_warning (core/variant/variant_utility.cpp:1034)
     GDScript backtrace (most recent call first):
         [0] load_case (res://scripts/managers/case_manager.gd:114)
         [1] before_each (res://tests/unit/test_evidence_manager.gd:244)
         [2] _run_test (res://addons/gut/gut.gd:605)
         [3] _test_the_scripts (res://addons/gut/gut.gd:818)
WARNING: [CaseManager] Validation: EvidenceData: discovery_method is required for evidence 'ev_photo'
     at: push_warning (core/variant/variant_utility.cpp:1034)
     GDScript backtrace (most recent call first):
         [0] load_case (res://scripts/managers/case_manager.gd:114)
         [1] before_each (res://tests/unit/test_evidence_manager.gd:244)
         [2] _run_test (res://addons/gut/gut.gd:605)
         [3] _test_the_scripts (res://addons/gut/gut.gd:818)
WARNING: [CaseManager] Validation: EvidenceData: discovery_method is required for evidence 'ev_phone'
     at: push_warning (core/variant/variant_utility.cpp:1034)
     GDScript backtrace (most recent call first):
         [0] load_case (res://scripts/managers/case_manager.gd:114)
         [1] before_each (res://tests/unit/test_evidence_manager.gd:244)
         [2] _run_test (res://addons/gut/gut.gd:605)
         [3] _test_the_scripts (res://addons/gut/gut.gd:818)
WARNING: [CaseManager] Validation: EvidenceData: discovery_method is required for evidence 'ev_knife'
     at: push_warning (core/variant/variant_utility.cpp:1034)
     GDScript backtrace (most recent call first):
         [0] load_case (res://scripts/managers/case_manager.gd:114)
         [1] before_each (res://tests/unit/test_evidence_manager.gd:244)
         [2] _run_test (res://addons/gut/gut.gd:605)
         [3] _test_the_scripts (res://addons/gut/gut.gd:818)
WARNING: [CaseManager] Validation: EvidenceData: discovery_method is required for evidence 'ev_letter'
     at: push_warning (core/variant/variant_utility.cpp:1034)
     GDScript backtrace (most recent call first):
         [0] load_case (res://scripts/managers/case_manager.gd:114)
         [1] before_each (res://tests/unit/test_evidence_manager.gd:244)
         [2] _run_test (res://addons/gut/gut.gd:605)
         [3] _test_the_scripts (res://addons/gut/gut.gd:818)
WARNING: [CaseManager] Validation: EvidenceData: discovery_method is required for evidence 'ev_knife_result'
     at: push_warning (core/variant/variant_utility.cpp:1034)
     GDScript backtrace (most recent call first):
         [0] load_case (res://scripts/managers/case_manager.gd:114)
         [1] before_each (res://tests/unit/test_evidence_manager.gd:244)
         [2] _run_test (res://addons/gut/gut.gd:605)
         [3] _test_the_scripts (res://addons/gut/gut.gd:818)
WARNING: [CaseManager] Validation: CaseData: lab output evidence 'ev_knife_result' must set derived_from to 'ev_knife'
     at: push_warning (core/variant/variant_utility.cpp:1034)
     GDScript backtrace (most recent call first):
         [0] load_case (res://scripts/managers/case_manager.gd:114)
         [1] before_each (res://tests/unit/test_evidence_manager.gd:244)
         [2] _run_test (res://addons/gut/gut.gd:605)
         [3] _test_the_scripts (res://addons/gut/gut.gd:818)
* test_filter_by_type_multiple_results
WARNING: [CaseManager] Validation: EvidenceData: discovery_method is required for evidence 'ev_fingerprint'
     at: push_warning (core/variant/variant_utility.cpp:1034)
     GDScript backtrace (most recent call first):
         [0] load_case (res://scripts/managers/case_manager.gd:114)
         [1] before_each (res://tests/unit/test_evidence_manager.gd:244)
         [2] _run_test (res://addons/gut/gut.gd:605)
         [3] _test_the_scripts (res://addons/gut/gut.gd:818)
WARNING: [CaseManager] Validation: EvidenceData: discovery_method is required for evidence 'ev_camera'
     at: push_warning (core/variant/variant_utility.cpp:1034)
     GDScript backtrace (most recent call first):
         [0] load_case (res://scripts/managers/case_manager.gd:114)
         [1] before_each (res://tests/unit/test_evidence_manager.gd:244)
         [2] _run_test (res://addons/gut/gut.gd:605)
         [3] _test_the_scripts (res://addons/gut/gut.gd:818)
WARNING: [CaseManager] Validation: EvidenceData: discovery_method is required for evidence 'ev_document'
     at: push_warning (core/variant/variant_utility.cpp:1034)
     GDScript backtrace (most recent call first):
         [0] load_case (res://scripts/managers/case_manager.gd:114)
         [1] before_each (res://tests/unit/test_evidence_manager.gd:244)
         [2] _run_test (res://addons/gut/gut.gd:605)
         [3] _test_the_scripts (res://addons/gut/gut.gd:818)
WARNING: [CaseManager] Validation: EvidenceData: discovery_method is required for evidence 'ev_photo'
     at: push_warning (core/variant/variant_utility.cpp:1034)
     GDScript backtrace (most recent call first):
         [0] load_case (res://scripts/managers/case_manager.gd:114)
         [1] before_each (res://tests/unit/test_evidence_manager.gd:244)
         [2] _run_test (res://addons/gut/gut.gd:605)
         [3] _test_the_scripts (res://addons/gut/gut.gd:818)
WARNING: [CaseManager] Validation: EvidenceData: discovery_method is required for evidence 'ev_phone'
     at: push_warning (core/variant/variant_utility.cpp:1034)
     GDScript backtrace (most recent call first):
         [0] load_case (res://scripts/managers/case_manager.gd:114)
         [1] before_each (res://tests/unit/test_evidence_manager.gd:244)
         [2] _run_test (res://addons/gut/gut.gd:605)
         [3] _test_the_scripts (res://addons/gut/gut.gd:818)
WARNING: [CaseManager] Validation: EvidenceData: discovery_method is required for evidence 'ev_knife'
     at: push_warning (core/variant/variant_utility.cpp:1034)
     GDScript backtrace (most recent call first):
         [0] load_case (res://scripts/managers/case_manager.gd:114)
         [1] before_each (res://tests/unit/test_evidence_manager.gd:244)
         [2] _run_test (res://addons/gut/gut.gd:605)
         [3] _test_the_scripts (res://addons/gut/gut.gd:818)
WARNING: [CaseManager] Validation: EvidenceData: discovery_method is required for evidence 'ev_letter'
     at: push_warning (core/variant/variant_utility.cpp:1034)
     GDScript backtrace (most recent call first):
         [0] load_case (res://scripts/managers/case_manager.gd:114)
         [1] before_each (res://tests/unit/test_evidence_manager.gd:244)
         [2] _run_test (res://addons/gut/gut.gd:605)
         [3] _test_the_scripts (res://addons/gut/gut.gd:818)
WARNING: [CaseManager] Validation: EvidenceData: discovery_method is required for evidence 'ev_knife_result'
     at: push_warning (core/variant/variant_utility.cpp:1034)
     GDScript backtrace (most recent call first):
         [0] load_case (res://scripts/managers/case_manager.gd:114)
         [1] before_each (res://tests/unit/test_evidence_manager.gd:244)
         [2] _run_test (res://addons/gut/gut.gd:605)
         [3] _test_the_scripts (res://addons/gut/gut.gd:818)
WARNING: [CaseManager] Validation: CaseData: lab output evidence 'ev_knife_result' must set derived_from to 'ev_knife'
     at: push_warning (core/variant/variant_utility.cpp:1034)
     GDScript backtrace (most recent call first):
         [0] load_case (res://scripts/managers/case_manager.gd:114)
         [1] before_each (res://tests/unit/test_evidence_manager.gd:244)
         [2] _run_test (res://addons/gut/gut.gd:605)
         [3] _test_the_scripts (res://addons/gut/gut.gd:818)
* test_search_by_name
WARNING: [CaseManager] Validation: EvidenceData: discovery_method is required for evidence 'ev_fingerprint'
     at: push_warning (core/variant/variant_utility.cpp:1034)
     GDScript backtrace (most recent call first):
         [0] load_case (res://scripts/managers/case_manager.gd:114)
         [1] before_each (res://tests/unit/test_evidence_manager.gd:244)
         [2] _run_test (res://addons/gut/gut.gd:605)
         [3] _test_the_scripts (res://addons/gut/gut.gd:818)
WARNING: [CaseManager] Validation: EvidenceData: discovery_method is required for evidence 'ev_camera'
     at: push_warning (core/variant/variant_utility.cpp:1034)
     GDScript backtrace (most recent call first):
         [0] load_case (res://scripts/managers/case_manager.gd:114)
         [1] before_each (res://tests/unit/test_evidence_manager.gd:244)
         [2] _run_test (res://addons/gut/gut.gd:605)
         [3] _test_the_scripts (res://addons/gut/gut.gd:818)
WARNING: [CaseManager] Validation: EvidenceData: discovery_method is required for evidence 'ev_document'
     at: push_warning (core/variant/variant_utility.cpp:1034)
     GDScript backtrace (most recent call first):
         [0] load_case (res://scripts/managers/case_manager.gd:114)
         [1] before_each (res://tests/unit/test_evidence_manager.gd:244)
         [2] _run_test (res://addons/gut/gut.gd:605)
         [3] _test_the_scripts (res://addons/gut/gut.gd:818)
WARNING: [CaseManager] Validation: EvidenceData: discovery_method is required for evidence 'ev_photo'
     at: push_warning (core/variant/variant_utility.cpp:1034)
     GDScript backtrace (most recent call first):
         [0] load_case (res://scripts/managers/case_manager.gd:114)
         [1] before_each (res://tests/unit/test_evidence_manager.gd:244)
         [2] _run_test (res://addons/gut/gut.gd:605)
         [3] _test_the_scripts (res://addons/gut/gut.gd:818)
WARNING: [CaseManager] Validation: EvidenceData: discovery_method is required for evidence 'ev_phone'
     at: push_warning (core/variant/variant_utility.cpp:1034)
     GDScript backtrace (most recent call first):
         [0] load_case (res://scripts/managers/case_manager.gd:114)
         [1] before_each (res://tests/unit/test_evidence_manager.gd:244)
         [2] _run_test (res://addons/gut/gut.gd:605)
         [3] _test_the_scripts (res://addons/gut/gut.gd:818)
WARNING: [CaseManager] Validation: EvidenceData: discovery_method is required for evidence 'ev_knife'
     at: push_warning (core/variant/variant_utility.cpp:1034)
     GDScript backtrace (most recent call first):
         [0] load_case (res://scripts/managers/case_manager.gd:114)
         [1] before_each (res://tests/unit/test_evidence_manager.gd:244)
         [2] _run_test (res://addons/gut/gut.gd:605)
         [3] _test_the_scripts (res://addons/gut/gut.gd:818)
WARNING: [CaseManager] Validation: EvidenceData: discovery_method is required for evidence 'ev_letter'
     at: push_warning (core/variant/variant_utility.cpp:1034)
     GDScript backtrace (most recent call first):
         [0] load_case (res://scripts/managers/case_manager.gd:114)
         [1] before_each (res://tests/unit/test_evidence_manager.gd:244)
         [2] _run_test (res://addons/gut/gut.gd:605)
         [3] _test_the_scripts (res://addons/gut/gut.gd:818)
WARNING: [CaseManager] Validation: EvidenceData: discovery_method is required for evidence 'ev_knife_result'
     at: push_warning (core/variant/variant_utility.cpp:1034)
     GDScript backtrace (most recent call first):
         [0] load_case (res://scripts/managers/case_manager.gd:114)
         [1] before_each (res://tests/unit/test_evidence_manager.gd:244)
         [2] _run_test (res://addons/gut/gut.gd:605)
         [3] _test_the_scripts (res://addons/gut/gut.gd:818)
WARNING: [CaseManager] Validation: CaseData: lab output evidence 'ev_knife_result' must set derived_from to 'ev_knife'
     at: push_warning (core/variant/variant_utility.cpp:1034)
     GDScript backtrace (most recent call first):
         [0] load_case (res://scripts/managers/case_manager.gd:114)
         [1] before_each (res://tests/unit/test_evidence_manager.gd:244)
         [2] _run_test (res://addons/gut/gut.gd:605)
         [3] _test_the_scripts (res://addons/gut/gut.gd:818)
* test_search_by_description
WARNING: [CaseManager] Validation: EvidenceData: discovery_method is required for evidence 'ev_fingerprint'
     at: push_warning (core/variant/variant_utility.cpp:1034)
     GDScript backtrace (most recent call first):
         [0] load_case (res://scripts/managers/case_manager.gd:114)
         [1] before_each (res://tests/unit/test_evidence_manager.gd:244)
         [2] _run_test (res://addons/gut/gut.gd:605)
         [3] _test_the_scripts (res://addons/gut/gut.gd:818)
WARNING: [CaseManager] Validation: EvidenceData: discovery_method is required for evidence 'ev_camera'
     at: push_warning (core/variant/variant_utility.cpp:1034)
     GDScript backtrace (most recent call first):
         [0] load_case (res://scripts/managers/case_manager.gd:114)
         [1] before_each (res://tests/unit/test_evidence_manager.gd:244)
         [2] _run_test (res://addons/gut/gut.gd:605)
         [3] _test_the_scripts (res://addons/gut/gut.gd:818)
WARNING: [CaseManager] Validation: EvidenceData: discovery_method is required for evidence 'ev_document'
     at: push_warning (core/variant/variant_utility.cpp:1034)
     GDScript backtrace (most recent call first):
         [0] load_case (res://scripts/managers/case_manager.gd:114)
         [1] before_each (res://tests/unit/test_evidence_manager.gd:244)
         [2] _run_test (res://addons/gut/gut.gd:605)
         [3] _test_the_scripts (res://addons/gut/gut.gd:818)
WARNING: [CaseManager] Validation: EvidenceData: discovery_method is required for evidence 'ev_photo'
     at: push_warning (core/variant/variant_utility.cpp:1034)
     GDScript backtrace (most recent call first):
         [0] load_case (res://scripts/managers/case_manager.gd:114)
         [1] before_each (res://tests/unit/test_evidence_manager.gd:244)
         [2] _run_test (res://addons/gut/gut.gd:605)
         [3] _test_the_scripts (res://addons/gut/gut.gd:818)
WARNING: [CaseManager] Validation: EvidenceData: discovery_method is required for evidence 'ev_phone'
     at: push_warning (core/variant/variant_utility.cpp:1034)
     GDScript backtrace (most recent call first):
         [0] load_case (res://scripts/managers/case_manager.gd:114)
         [1] before_each (res://tests/unit/test_evidence_manager.gd:244)
         [2] _run_test (res://addons/gut/gut.gd:605)
         [3] _test_the_scripts (res://addons/gut/gut.gd:818)
WARNING: [CaseManager] Validation: EvidenceData: discovery_method is required for evidence 'ev_knife'
     at: push_warning (core/variant/variant_utility.cpp:1034)
     GDScript backtrace (most recent call first):
         [0] load_case (res://scripts/managers/case_manager.gd:114)
         [1] before_each (res://tests/unit/test_evidence_manager.gd:244)
         [2] _run_test (res://addons/gut/gut.gd:605)
         [3] _test_the_scripts (res://addons/gut/gut.gd:818)
WARNING: [CaseManager] Validation: EvidenceData: discovery_method is required for evidence 'ev_letter'
     at: push_warning (core/variant/variant_utility.cpp:1034)
     GDScript backtrace (most recent call first):
         [0] load_case (res://scripts/managers/case_manager.gd:114)
         [1] before_each (res://tests/unit/test_evidence_manager.gd:244)
         [2] _run_test (res://addons/gut/gut.gd:605)
         [3] _test_the_scripts (res://addons/gut/gut.gd:818)
WARNING: [CaseManager] Validation: EvidenceData: discovery_method is required for evidence 'ev_knife_result'
     at: push_warning (core/variant/variant_utility.cpp:1034)
     GDScript backtrace (most recent call first):
         [0] load_case (res://scripts/managers/case_manager.gd:114)
         [1] before_each (res://tests/unit/test_evidence_manager.gd:244)
         [2] _run_test (res://addons/gut/gut.gd:605)
         [3] _test_the_scripts (res://addons/gut/gut.gd:818)
WARNING: [CaseManager] Validation: CaseData: lab output evidence 'ev_knife_result' must set derived_from to 'ev_knife'
     at: push_warning (core/variant/variant_utility.cpp:1034)
     GDScript backtrace (most recent call first):
         [0] load_case (res://scripts/managers/case_manager.gd:114)
         [1] before_each (res://tests/unit/test_evidence_manager.gd:244)
         [2] _run_test (res://addons/gut/gut.gd:605)
         [3] _test_the_scripts (res://addons/gut/gut.gd:818)
* test_search_does_not_match_tag_only_query
WARNING: [CaseManager] Validation: EvidenceData: discovery_method is required for evidence 'ev_fingerprint'
     at: push_warning (core/variant/variant_utility.cpp:1034)
     GDScript backtrace (most recent call first):
         [0] load_case (res://scripts/managers/case_manager.gd:114)
         [1] before_each (res://tests/unit/test_evidence_manager.gd:244)
         [2] _run_test (res://addons/gut/gut.gd:605)
         [3] _test_the_scripts (res://addons/gut/gut.gd:818)
WARNING: [CaseManager] Validation: EvidenceData: discovery_method is required for evidence 'ev_camera'
     at: push_warning (core/variant/variant_utility.cpp:1034)
     GDScript backtrace (most recent call first):
         [0] load_case (res://scripts/managers/case_manager.gd:114)
         [1] before_each (res://tests/unit/test_evidence_manager.gd:244)
         [2] _run_test (res://addons/gut/gut.gd:605)
         [3] _test_the_scripts (res://addons/gut/gut.gd:818)
WARNING: [CaseManager] Validation: EvidenceData: discovery_method is required for evidence 'ev_document'
     at: push_warning (core/variant/variant_utility.cpp:1034)
     GDScript backtrace (most recent call first):
         [0] load_case (res://scripts/managers/case_manager.gd:114)
         [1] before_each (res://tests/unit/test_evidence_manager.gd:244)
         [2] _run_test (res://addons/gut/gut.gd:605)
         [3] _test_the_scripts (res://addons/gut/gut.gd:818)
WARNING: [CaseManager] Validation: EvidenceData: discovery_method is required for evidence 'ev_photo'
     at: push_warning (core/variant/variant_utility.cpp:1034)
     GDScript backtrace (most recent call first):
         [0] load_case (res://scripts/managers/case_manager.gd:114)
         [1] before_each (res://tests/unit/test_evidence_manager.gd:244)
         [2] _run_test (res://addons/gut/gut.gd:605)
         [3] _test_the_scripts (res://addons/gut/gut.gd:818)
WARNING: [CaseManager] Validation: EvidenceData: discovery_method is required for evidence 'ev_phone'
     at: push_warning (core/variant/variant_utility.cpp:1034)
     GDScript backtrace (most recent call first):
         [0] load_case (res://scripts/managers/case_manager.gd:114)
         [1] before_each (res://tests/unit/test_evidence_manager.gd:244)
         [2] _run_test (res://addons/gut/gut.gd:605)
         [3] _test_the_scripts (res://addons/gut/gut.gd:818)
WARNING: [CaseManager] Validation: EvidenceData: discovery_method is required for evidence 'ev_knife'
     at: push_warning (core/variant/variant_utility.cpp:1034)
     GDScript backtrace (most recent call first):
         [0] load_case (res://scripts/managers/case_manager.gd:114)
         [1] before_each (res://tests/unit/test_evidence_manager.gd:244)
         [2] _run_test (res://addons/gut/gut.gd:605)
         [3] _test_the_scripts (res://addons/gut/gut.gd:818)
WARNING: [CaseManager] Validation: EvidenceData: discovery_method is required for evidence 'ev_letter'
     at: push_warning (core/variant/variant_utility.cpp:1034)
     GDScript backtrace (most recent call first):
         [0] load_case (res://scripts/managers/case_manager.gd:114)
         [1] before_each (res://tests/unit/test_evidence_manager.gd:244)
         [2] _run_test (res://addons/gut/gut.gd:605)
         [3] _test_the_scripts (res://addons/gut/gut.gd:818)
WARNING: [CaseManager] Validation: EvidenceData: discovery_method is required for evidence 'ev_knife_result'
     at: push_warning (core/variant/variant_utility.cpp:1034)
     GDScript backtrace (most recent call first):
         [0] load_case (res://scripts/managers/case_manager.gd:114)
         [1] before_each (res://tests/unit/test_evidence_manager.gd:244)
         [2] _run_test (res://addons/gut/gut.gd:605)
         [3] _test_the_scripts (res://addons/gut/gut.gd:818)
WARNING: [CaseManager] Validation: CaseData: lab output evidence 'ev_knife_result' must set derived_from to 'ev_knife'
     at: push_warning (core/variant/variant_utility.cpp:1034)
     GDScript backtrace (most recent call first):
         [0] load_case (res://scripts/managers/case_manager.gd:114)
         [1] before_each (res://tests/unit/test_evidence_manager.gd:244)
         [2] _run_test (res://addons/gut/gut.gd:605)
         [3] _test_the_scripts (res://addons/gut/gut.gd:818)
* test_search_empty_query_returns_all
WARNING: [CaseManager] Validation: EvidenceData: discovery_method is required for evidence 'ev_fingerprint'
     at: push_warning (core/variant/variant_utility.cpp:1034)
     GDScript backtrace (most recent call first):
         [0] load_case (res://scripts/managers/case_manager.gd:114)
         [1] before_each (res://tests/unit/test_evidence_manager.gd:244)
         [2] _run_test (res://addons/gut/gut.gd:605)
         [3] _test_the_scripts (res://addons/gut/gut.gd:818)
WARNING: [CaseManager] Validation: EvidenceData: discovery_method is required for evidence 'ev_camera'
     at: push_warning (core/variant/variant_utility.cpp:1034)
     GDScript backtrace (most recent call first):
         [0] load_case (res://scripts/managers/case_manager.gd:114)
         [1] before_each (res://tests/unit/test_evidence_manager.gd:244)
         [2] _run_test (res://addons/gut/gut.gd:605)
         [3] _test_the_scripts (res://addons/gut/gut.gd:818)
WARNING: [CaseManager] Validation: EvidenceData: discovery_method is required for evidence 'ev_document'
     at: push_warning (core/variant/variant_utility.cpp:1034)
     GDScript backtrace (most recent call first):
         [0] load_case (res://scripts/managers/case_manager.gd:114)
         [1] before_each (res://tests/unit/test_evidence_manager.gd:244)
         [2] _run_test (res://addons/gut/gut.gd:605)
         [3] _test_the_scripts (res://addons/gut/gut.gd:818)
WARNING: [CaseManager] Validation: EvidenceData: discovery_method is required for evidence 'ev_photo'
     at: push_warning (core/variant/variant_utility.cpp:1034)
     GDScript backtrace (most recent call first):
         [0] load_case (res://scripts/managers/case_manager.gd:114)
         [1] before_each (res://tests/unit/test_evidence_manager.gd:244)
         [2] _run_test (res://addons/gut/gut.gd:605)
         [3] _test_the_scripts (res://addons/gut/gut.gd:818)
WARNING: [CaseManager] Validation: EvidenceData: discovery_method is required for evidence 'ev_phone'
     at: push_warning (core/variant/variant_utility.cpp:1034)
     GDScript backtrace (most recent call first):
         [0] load_case (res://scripts/managers/case_manager.gd:114)
         [1] before_each (res://tests/unit/test_evidence_manager.gd:244)
         [2] _run_test (res://addons/gut/gut.gd:605)
         [3] _test_the_scripts (res://addons/gut/gut.gd:818)
WARNING: [CaseManager] Validation: EvidenceData: discovery_method is required for evidence 'ev_knife'
     at: push_warning (core/variant/variant_utility.cpp:1034)
     GDScript backtrace (most recent call first):
         [0] load_case (res://scripts/managers/case_manager.gd:114)
         [1] before_each (res://tests/unit/test_evidence_manager.gd:244)
         [2] _run_test (res://addons/gut/gut.gd:605)
         [3] _test_the_scripts (res://addons/gut/gut.gd:818)
WARNING: [CaseManager] Validation: EvidenceData: discovery_method is required for evidence 'ev_letter'
     at: push_warning (core/variant/variant_utility.cpp:1034)
     GDScript backtrace (most recent call first):
         [0] load_case (res://scripts/managers/case_manager.gd:114)
         [1] before_each (res://tests/unit/test_evidence_manager.gd:244)
         [2] _run_test (res://addons/gut/gut.gd:605)
         [3] _test_the_scripts (res://addons/gut/gut.gd:818)
WARNING: [CaseManager] Validation: EvidenceData: discovery_method is required for evidence 'ev_knife_result'
     at: push_warning (core/variant/variant_utility.cpp:1034)
     GDScript backtrace (most recent call first):
         [0] load_case (res://scripts/managers/case_manager.gd:114)
         [1] before_each (res://tests/unit/test_evidence_manager.gd:244)
         [2] _run_test (res://addons/gut/gut.gd:605)
         [3] _test_the_scripts (res://addons/gut/gut.gd:818)
WARNING: [CaseManager] Validation: CaseData: lab output evidence 'ev_knife_result' must set derived_from to 'ev_knife'
     at: push_warning (core/variant/variant_utility.cpp:1034)
     GDScript backtrace (most recent call first):
         [0] load_case (res://scripts/managers/case_manager.gd:114)
         [1] before_each (res://tests/unit/test_evidence_manager.gd:244)
         [2] _run_test (res://addons/gut/gut.gd:605)
         [3] _test_the_scripts (res://addons/gut/gut.gd:818)
* test_search_no_match_returns_empty
WARNING: [CaseManager] Validation: EvidenceData: discovery_method is required for evidence 'ev_fingerprint'
     at: push_warning (core/variant/variant_utility.cpp:1034)
     GDScript backtrace (most recent call first):
         [0] load_case (res://scripts/managers/case_manager.gd:114)
         [1] before_each (res://tests/unit/test_evidence_manager.gd:244)
         [2] _run_test (res://addons/gut/gut.gd:605)
         [3] _test_the_scripts (res://addons/gut/gut.gd:818)
WARNING: [CaseManager] Validation: EvidenceData: discovery_method is required for evidence 'ev_camera'
     at: push_warning (core/variant/variant_utility.cpp:1034)
     GDScript backtrace (most recent call first):
         [0] load_case (res://scripts/managers/case_manager.gd:114)
         [1] before_each (res://tests/unit/test_evidence_manager.gd:244)
         [2] _run_test (res://addons/gut/gut.gd:605)
         [3] _test_the_scripts (res://addons/gut/gut.gd:818)
WARNING: [CaseManager] Validation: EvidenceData: discovery_method is required for evidence 'ev_document'
     at: push_warning (core/variant/variant_utility.cpp:1034)
     GDScript backtrace (most recent call first):
         [0] load_case (res://scripts/managers/case_manager.gd:114)
         [1] before_each (res://tests/unit/test_evidence_manager.gd:244)
         [2] _run_test (res://addons/gut/gut.gd:605)
         [3] _test_the_scripts (res://addons/gut/gut.gd:818)
WARNING: [CaseManager] Validation: EvidenceData: discovery_method is required for evidence 'ev_photo'
     at: push_warning (core/variant/variant_utility.cpp:1034)
     GDScript backtrace (most recent call first):
         [0] load_case (res://scripts/managers/case_manager.gd:114)
         [1] before_each (res://tests/unit/test_evidence_manager.gd:244)
         [2] _run_test (res://addons/gut/gut.gd:605)
         [3] _test_the_scripts (res://addons/gut/gut.gd:818)
WARNING: [CaseManager] Validation: EvidenceData: discovery_method is required for evidence 'ev_phone'
     at: push_warning (core/variant/variant_utility.cpp:1034)
     GDScript backtrace (most recent call first):
         [0] load_case (res://scripts/managers/case_manager.gd:114)
         [1] before_each (res://tests/unit/test_evidence_manager.gd:244)
         [2] _run_test (res://addons/gut/gut.gd:605)
         [3] _test_the_scripts (res://addons/gut/gut.gd:818)
WARNING: [CaseManager] Validation: EvidenceData: discovery_method is required for evidence 'ev_knife'
     at: push_warning (core/variant/variant_utility.cpp:1034)
     GDScript backtrace (most recent call first):
         [0] load_case (res://scripts/managers/case_manager.gd:114)
         [1] before_each (res://tests/unit/test_evidence_manager.gd:244)
         [2] _run_test (res://addons/gut/gut.gd:605)
         [3] _test_the_scripts (res://addons/gut/gut.gd:818)
WARNING: [CaseManager] Validation: EvidenceData: discovery_method is required for evidence 'ev_letter'
     at: push_warning (core/variant/variant_utility.cpp:1034)
     GDScript backtrace (most recent call first):
         [0] load_case (res://scripts/managers/case_manager.gd:114)
         [1] before_each (res://tests/unit/test_evidence_manager.gd:244)
         [2] _run_test (res://addons/gut/gut.gd:605)
         [3] _test_the_scripts (res://addons/gut/gut.gd:818)
WARNING: [CaseManager] Validation: EvidenceData: discovery_method is required for evidence 'ev_knife_result'
     at: push_warning (core/variant/variant_utility.cpp:1034)
     GDScript backtrace (most recent call first):
         [0] load_case (res://scripts/managers/case_manager.gd:114)
         [1] before_each (res://tests/unit/test_evidence_manager.gd:244)
         [2] _run_test (res://addons/gut/gut.gd:605)
         [3] _test_the_scripts (res://addons/gut/gut.gd:818)
WARNING: [CaseManager] Validation: CaseData: lab output evidence 'ev_knife_result' must set derived_from to 'ev_knife'
     at: push_warning (core/variant/variant_utility.cpp:1034)
     GDScript backtrace (most recent call first):
         [0] load_case (res://scripts/managers/case_manager.gd:114)
         [1] before_each (res://tests/unit/test_evidence_manager.gd:244)
         [2] _run_test (res://addons/gut/gut.gd:605)
         [3] _test_the_scripts (res://addons/gut/gut.gd:818)
* test_search_case_insensitive
WARNING: [CaseManager] Validation: EvidenceData: discovery_method is required for evidence 'ev_fingerprint'
     at: push_warning (core/variant/variant_utility.cpp:1034)
     GDScript backtrace (most recent call first):
         [0] load_case (res://scripts/managers/case_manager.gd:114)
         [1] before_each (res://tests/unit/test_evidence_manager.gd:244)
         [2] _run_test (res://addons/gut/gut.gd:605)
         [3] _test_the_scripts (res://addons/gut/gut.gd:818)
WARNING: [CaseManager] Validation: EvidenceData: discovery_method is required for evidence 'ev_camera'
     at: push_warning (core/variant/variant_utility.cpp:1034)
     GDScript backtrace (most recent call first):
         [0] load_case (res://scripts/managers/case_manager.gd:114)
         [1] before_each (res://tests/unit/test_evidence_manager.gd:244)
         [2] _run_test (res://addons/gut/gut.gd:605)
         [3] _test_the_scripts (res://addons/gut/gut.gd:818)
WARNING: [CaseManager] Validation: EvidenceData: discovery_method is required for evidence 'ev_document'
     at: push_warning (core/variant/variant_utility.cpp:1034)
     GDScript backtrace (most recent call first):
         [0] load_case (res://scripts/managers/case_manager.gd:114)
         [1] before_each (res://tests/unit/test_evidence_manager.gd:244)
         [2] _run_test (res://addons/gut/gut.gd:605)
         [3] _test_the_scripts (res://addons/gut/gut.gd:818)
WARNING: [CaseManager] Validation: EvidenceData: discovery_method is required for evidence 'ev_photo'
     at: push_warning (core/variant/variant_utility.cpp:1034)
     GDScript backtrace (most recent call first):
         [0] load_case (res://scripts/managers/case_manager.gd:114)
         [1] before_each (res://tests/unit/test_evidence_manager.gd:244)
         [2] _run_test (res://addons/gut/gut.gd:605)
         [3] _test_the_scripts (res://addons/gut/gut.gd:818)
WARNING: [CaseManager] Validation: EvidenceData: discovery_method is required for evidence 'ev_phone'
     at: push_warning (core/variant/variant_utility.cpp:1034)
     GDScript backtrace (most recent call first):
         [0] load_case (res://scripts/managers/case_manager.gd:114)
         [1] before_each (res://tests/unit/test_evidence_manager.gd:244)
         [2] _run_test (res://addons/gut/gut.gd:605)
         [3] _test_the_scripts (res://addons/gut/gut.gd:818)
WARNING: [CaseManager] Validation: EvidenceData: discovery_method is required for evidence 'ev_knife'
     at: push_warning (core/variant/variant_utility.cpp:1034)
     GDScript backtrace (most recent call first):
         [0] load_case (res://scripts/managers/case_manager.gd:114)
         [1] before_each (res://tests/unit/test_evidence_manager.gd:244)
         [2] _run_test (res://addons/gut/gut.gd:605)
         [3] _test_the_scripts (res://addons/gut/gut.gd:818)
WARNING: [CaseManager] Validation: EvidenceData: discovery_method is required for evidence 'ev_letter'
     at: push_warning (core/variant/variant_utility.cpp:1034)
     GDScript backtrace (most recent call first):
         [0] load_case (res://scripts/managers/case_manager.gd:114)
         [1] before_each (res://tests/unit/test_evidence_manager.gd:244)
         [2] _run_test (res://addons/gut/gut.gd:605)
         [3] _test_the_scripts (res://addons/gut/gut.gd:818)
WARNING: [CaseManager] Validation: EvidenceData: discovery_method is required for evidence 'ev_knife_result'
     at: push_warning (core/variant/variant_utility.cpp:1034)
     GDScript backtrace (most recent call first):
         [0] load_case (res://scripts/managers/case_manager.gd:114)
         [1] before_each (res://tests/unit/test_evidence_manager.gd:244)
         [2] _run_test (res://addons/gut/gut.gd:605)
         [3] _test_the_scripts (res://addons/gut/gut.gd:818)
WARNING: [CaseManager] Validation: CaseData: lab output evidence 'ev_knife_result' must set derived_from to 'ev_knife'
     at: push_warning (core/variant/variant_utility.cpp:1034)
     GDScript backtrace (most recent call first):
         [0] load_case (res://scripts/managers/case_manager.gd:114)
         [1] before_each (res://tests/unit/test_evidence_manager.gd:244)
         [2] _run_test (res://addons/gut/gut.gd:605)
         [3] _test_the_scripts (res://addons/gut/gut.gd:818)
* test_pin_evidence_succeeds
WARNING: [CaseManager] Validation: EvidenceData: discovery_method is required for evidence 'ev_fingerprint'
     at: push_warning (core/variant/variant_utility.cpp:1034)
     GDScript backtrace (most recent call first):
         [0] load_case (res://scripts/managers/case_manager.gd:114)
         [1] before_each (res://tests/unit/test_evidence_manager.gd:244)
         [2] _run_test (res://addons/gut/gut.gd:605)
         [3] _test_the_scripts (res://addons/gut/gut.gd:818)
WARNING: [CaseManager] Validation: EvidenceData: discovery_method is required for evidence 'ev_camera'
     at: push_warning (core/variant/variant_utility.cpp:1034)
     GDScript backtrace (most recent call first):
         [0] load_case (res://scripts/managers/case_manager.gd:114)
         [1] before_each (res://tests/unit/test_evidence_manager.gd:244)
         [2] _run_test (res://addons/gut/gut.gd:605)
         [3] _test_the_scripts (res://addons/gut/gut.gd:818)
WARNING: [CaseManager] Validation: EvidenceData: discovery_method is required for evidence 'ev_document'
     at: push_warning (core/variant/variant_utility.cpp:1034)
     GDScript backtrace (most recent call first):
         [0] load_case (res://scripts/managers/case_manager.gd:114)
         [1] before_each (res://tests/unit/test_evidence_manager.gd:244)
         [2] _run_test (res://addons/gut/gut.gd:605)
         [3] _test_the_scripts (res://addons/gut/gut.gd:818)
WARNING: [CaseManager] Validation: EvidenceData: discovery_method is required for evidence 'ev_photo'
     at: push_warning (core/variant/variant_utility.cpp:1034)
     GDScript backtrace (most recent call first):
         [0] load_case (res://scripts/managers/case_manager.gd:114)
         [1] before_each (res://tests/unit/test_evidence_manager.gd:244)
         [2] _run_test (res://addons/gut/gut.gd:605)
         [3] _test_the_scripts (res://addons/gut/gut.gd:818)
WARNING: [CaseManager] Validation: EvidenceData: discovery_method is required for evidence 'ev_phone'
     at: push_warning (core/variant/variant_utility.cpp:1034)
     GDScript backtrace (most recent call first):
         [0] load_case (res://scripts/managers/case_manager.gd:114)
         [1] before_each (res://tests/unit/test_evidence_manager.gd:244)
         [2] _run_test (res://addons/gut/gut.gd:605)
         [3] _test_the_scripts (res://addons/gut/gut.gd:818)
WARNING: [CaseManager] Validation: EvidenceData: discovery_method is required for evidence 'ev_knife'
     at: push_warning (core/variant/variant_utility.cpp:1034)
     GDScript backtrace (most recent call first):
         [0] load_case (res://scripts/managers/case_manager.gd:114)
         [1] before_each (res://tests/unit/test_evidence_manager.gd:244)
         [2] _run_test (res://addons/gut/gut.gd:605)
         [3] _test_the_scripts (res://addons/gut/gut.gd:818)
WARNING: [CaseManager] Validation: EvidenceData: discovery_method is required for evidence 'ev_letter'
     at: push_warning (core/variant/variant_utility.cpp:1034)
     GDScript backtrace (most recent call first):
         [0] load_case (res://scripts/managers/case_manager.gd:114)
         [1] before_each (res://tests/unit/test_evidence_manager.gd:244)
         [2] _run_test (res://addons/gut/gut.gd:605)
         [3] _test_the_scripts (res://addons/gut/gut.gd:818)
WARNING: [CaseManager] Validation: EvidenceData: discovery_method is required for evidence 'ev_knife_result'
     at: push_warning (core/variant/variant_utility.cpp:1034)
     GDScript backtrace (most recent call first):
         [0] load_case (res://scripts/managers/case_manager.gd:114)
         [1] before_each (res://tests/unit/test_evidence_manager.gd:244)
         [2] _run_test (res://addons/gut/gut.gd:605)
         [3] _test_the_scripts (res://addons/gut/gut.gd:818)
WARNING: [CaseManager] Validation: CaseData: lab output evidence 'ev_knife_result' must set derived_from to 'ev_knife'
     at: push_warning (core/variant/variant_utility.cpp:1034)
     GDScript backtrace (most recent call first):
         [0] load_case (res://scripts/managers/case_manager.gd:114)
         [1] before_each (res://tests/unit/test_evidence_manager.gd:244)
         [2] _run_test (res://addons/gut/gut.gd:605)
         [3] _test_the_scripts (res://addons/gut/gut.gd:818)
* test_pin_evidence_already_pinned_returns_false
WARNING: [CaseManager] Validation: EvidenceData: discovery_method is required for evidence 'ev_fingerprint'
     at: push_warning (core/variant/variant_utility.cpp:1034)
     GDScript backtrace (most recent call first):
         [0] load_case (res://scripts/managers/case_manager.gd:114)
         [1] before_each (res://tests/unit/test_evidence_manager.gd:244)
         [2] _run_test (res://addons/gut/gut.gd:605)
         [3] _test_the_scripts (res://addons/gut/gut.gd:818)
WARNING: [CaseManager] Validation: EvidenceData: discovery_method is required for evidence 'ev_camera'
     at: push_warning (core/variant/variant_utility.cpp:1034)
     GDScript backtrace (most recent call first):
         [0] load_case (res://scripts/managers/case_manager.gd:114)
         [1] before_each (res://tests/unit/test_evidence_manager.gd:244)
         [2] _run_test (res://addons/gut/gut.gd:605)
         [3] _test_the_scripts (res://addons/gut/gut.gd:818)
WARNING: [CaseManager] Validation: EvidenceData: discovery_method is required for evidence 'ev_document'
     at: push_warning (core/variant/variant_utility.cpp:1034)
     GDScript backtrace (most recent call first):
         [0] load_case (res://scripts/managers/case_manager.gd:114)
         [1] before_each (res://tests/unit/test_evidence_manager.gd:244)
         [2] _run_test (res://addons/gut/gut.gd:605)
         [3] _test_the_scripts (res://addons/gut/gut.gd:818)
WARNING: [CaseManager] Validation: EvidenceData: discovery_method is required for evidence 'ev_photo'
     at: push_warning (core/variant/variant_utility.cpp:1034)
     GDScript backtrace (most recent call first):
         [0] load_case (res://scripts/managers/case_manager.gd:114)
         [1] before_each (res://tests/unit/test_evidence_manager.gd:244)
         [2] _run_test (res://addons/gut/gut.gd:605)
         [3] _test_the_scripts (res://addons/gut/gut.gd:818)
WARNING: [CaseManager] Validation: EvidenceData: discovery_method is required for evidence 'ev_phone'
     at: push_warning (core/variant/variant_utility.cpp:1034)
     GDScript backtrace (most recent call first):
         [0] load_case (res://scripts/managers/case_manager.gd:114)
         [1] before_each (res://tests/unit/test_evidence_manager.gd:244)
         [2] _run_test (res://addons/gut/gut.gd:605)
         [3] _test_the_scripts (res://addons/gut/gut.gd:818)
WARNING: [CaseManager] Validation: EvidenceData: discovery_method is required for evidence 'ev_knife'
     at: push_warning (core/variant/variant_utility.cpp:1034)
     GDScript backtrace (most recent call first):
         [0] load_case (res://scripts/managers/case_manager.gd:114)
         [1] before_each (res://tests/unit/test_evidence_manager.gd:244)
         [2] _run_test (res://addons/gut/gut.gd:605)
         [3] _test_the_scripts (res://addons/gut/gut.gd:818)
WARNING: [CaseManager] Validation: EvidenceData: discovery_method is required for evidence 'ev_letter'
     at: push_warning (core/variant/variant_utility.cpp:1034)
     GDScript backtrace (most recent call first):
         [0] load_case (res://scripts/managers/case_manager.gd:114)
         [1] before_each (res://tests/unit/test_evidence_manager.gd:244)
         [2] _run_test (res://addons/gut/gut.gd:605)
         [3] _test_the_scripts (res://addons/gut/gut.gd:818)
WARNING: [CaseManager] Validation: EvidenceData: discovery_method is required for evidence 'ev_knife_result'
     at: push_warning (core/variant/variant_utility.cpp:1034)
     GDScript backtrace (most recent call first):
         [0] load_case (res://scripts/managers/case_manager.gd:114)
         [1] before_each (res://tests/unit/test_evidence_manager.gd:244)
         [2] _run_test (res://addons/gut/gut.gd:605)
         [3] _test_the_scripts (res://addons/gut/gut.gd:818)
WARNING: [CaseManager] Validation: CaseData: lab output evidence 'ev_knife_result' must set derived_from to 'ev_knife'
     at: push_warning (core/variant/variant_utility.cpp:1034)
     GDScript backtrace (most recent call first):
         [0] load_case (res://scripts/managers/case_manager.gd:114)
         [1] before_each (res://tests/unit/test_evidence_manager.gd:244)
         [2] _run_test (res://addons/gut/gut.gd:605)
         [3] _test_the_scripts (res://addons/gut/gut.gd:818)
* test_pin_evidence_max_reached
WARNING: [CaseManager] Validation: EvidenceData: discovery_method is required for evidence 'ev_fingerprint'
     at: push_warning (core/variant/variant_utility.cpp:1034)
     GDScript backtrace (most recent call first):
         [0] load_case (res://scripts/managers/case_manager.gd:114)
         [1] before_each (res://tests/unit/test_evidence_manager.gd:244)
         [2] _run_test (res://addons/gut/gut.gd:605)
         [3] _test_the_scripts (res://addons/gut/gut.gd:818)
WARNING: [CaseManager] Validation: EvidenceData: discovery_method is required for evidence 'ev_camera'
     at: push_warning (core/variant/variant_utility.cpp:1034)
     GDScript backtrace (most recent call first):
         [0] load_case (res://scripts/managers/case_manager.gd:114)
         [1] before_each (res://tests/unit/test_evidence_manager.gd:244)
         [2] _run_test (res://addons/gut/gut.gd:605)
         [3] _test_the_scripts (res://addons/gut/gut.gd:818)
WARNING: [CaseManager] Validation: EvidenceData: discovery_method is required for evidence 'ev_document'
     at: push_warning (core/variant/variant_utility.cpp:1034)
     GDScript backtrace (most recent call first):
         [0] load_case (res://scripts/managers/case_manager.gd:114)
         [1] before_each (res://tests/unit/test_evidence_manager.gd:244)
         [2] _run_test (res://addons/gut/gut.gd:605)
         [3] _test_the_scripts (res://addons/gut/gut.gd:818)
WARNING: [CaseManager] Validation: EvidenceData: discovery_method is required for evidence 'ev_photo'
     at: push_warning (core/variant/variant_utility.cpp:1034)
     GDScript backtrace (most recent call first):
         [0] load_case (res://scripts/managers/case_manager.gd:114)
         [1] before_each (res://tests/unit/test_evidence_manager.gd:244)
         [2] _run_test (res://addons/gut/gut.gd:605)
         [3] _test_the_scripts (res://addons/gut/gut.gd:818)
WARNING: [CaseManager] Validation: EvidenceData: discovery_method is required for evidence 'ev_phone'
     at: push_warning (core/variant/variant_utility.cpp:1034)
     GDScript backtrace (most recent call first):
         [0] load_case (res://scripts/managers/case_manager.gd:114)
         [1] before_each (res://tests/unit/test_evidence_manager.gd:244)
         [2] _run_test (res://addons/gut/gut.gd:605)
         [3] _test_the_scripts (res://addons/gut/gut.gd:818)
WARNING: [CaseManager] Validation: EvidenceData: discovery_method is required for evidence 'ev_knife'
     at: push_warning (core/variant/variant_utility.cpp:1034)
     GDScript backtrace (most recent call first):
         [0] load_case (res://scripts/managers/case_manager.gd:114)
         [1] before_each (res://tests/unit/test_evidence_manager.gd:244)
         [2] _run_test (res://addons/gut/gut.gd:605)
         [3] _test_the_scripts (res://addons/gut/gut.gd:818)
WARNING: [CaseManager] Validation: EvidenceData: discovery_method is required for evidence 'ev_letter'
     at: push_warning (core/variant/variant_utility.cpp:1034)
     GDScript backtrace (most recent call first):
         [0] load_case (res://scripts/managers/case_manager.gd:114)
         [1] before_each (res://tests/unit/test_evidence_manager.gd:244)
         [2] _run_test (res://addons/gut/gut.gd:605)
         [3] _test_the_scripts (res://addons/gut/gut.gd:818)
WARNING: [CaseManager] Validation: EvidenceData: discovery_method is required for evidence 'ev_knife_result'
     at: push_warning (core/variant/variant_utility.cpp:1034)
     GDScript backtrace (most recent call first):
         [0] load_case (res://scripts/managers/case_manager.gd:114)
         [1] before_each (res://tests/unit/test_evidence_manager.gd:244)
         [2] _run_test (res://addons/gut/gut.gd:605)
         [3] _test_the_scripts (res://addons/gut/gut.gd:818)
WARNING: [CaseManager] Validation: CaseData: lab output evidence 'ev_knife_result' must set derived_from to 'ev_knife'
     at: push_warning (core/variant/variant_utility.cpp:1034)
     GDScript backtrace (most recent call first):
         [0] load_case (res://scripts/managers/case_manager.gd:114)
         [1] before_each (res://tests/unit/test_evidence_manager.gd:244)
         [2] _run_test (res://addons/gut/gut.gd:605)
         [3] _test_the_scripts (res://addons/gut/gut.gd:818)
WARNING: [EvidenceManager] Cannot pin — maximum 5 items reached.
     at: push_warning (core/variant/variant_utility.cpp:1034)
     GDScript backtrace (most recent call first):
         [0] pin_evidence (res://scripts/managers/evidence_manager.gd:130)
         [1] test_pin_evidence_max_reached (res://tests/unit/test_evidence_manager.gd:389)
         [2] _run_test (res://addons/gut/gut.gd:615)
         [3] _test_the_scripts (res://addons/gut/gut.gd:818)
[34m[ExpectedError][0mExpected push_warning error containing '[EvidenceManager] Cannot pin — maximum 5 items reached.'.  
* test_pin_undiscovered_evidence_fails
WARNING: [CaseManager] Validation: EvidenceData: discovery_method is required for evidence 'ev_fingerprint'
     at: push_warning (core/variant/variant_utility.cpp:1034)
     GDScript backtrace (most recent call first):
         [0] load_case (res://scripts/managers/case_manager.gd:114)
         [1] before_each (res://tests/unit/test_evidence_manager.gd:244)
         [2] _run_test (res://addons/gut/gut.gd:605)
         [3] _test_the_scripts (res://addons/gut/gut.gd:818)
WARNING: [CaseManager] Validation: EvidenceData: discovery_method is required for evidence 'ev_camera'
     at: push_warning (core/variant/variant_utility.cpp:1034)
     GDScript backtrace (most recent call first):
         [0] load_case (res://scripts/managers/case_manager.gd:114)
         [1] before_each (res://tests/unit/test_evidence_manager.gd:244)
         [2] _run_test (res://addons/gut/gut.gd:605)
         [3] _test_the_scripts (res://addons/gut/gut.gd:818)
WARNING: [CaseManager] Validation: EvidenceData: discovery_method is required for evidence 'ev_document'
     at: push_warning (core/variant/variant_utility.cpp:1034)
     GDScript backtrace (most recent call first):
         [0] load_case (res://scripts/managers/case_manager.gd:114)
         [1] before_each (res://tests/unit/test_evidence_manager.gd:244)
         [2] _run_test (res://addons/gut/gut.gd:605)
         [3] _test_the_scripts (res://addons/gut/gut.gd:818)
WARNING: [CaseManager] Validation: EvidenceData: discovery_method is required for evidence 'ev_photo'
     at: push_warning (core/variant/variant_utility.cpp:1034)
     GDScript backtrace (most recent call first):
         [0] load_case (res://scripts/managers/case_manager.gd:114)
         [1] before_each (res://tests/unit/test_evidence_manager.gd:244)
         [2] _run_test (res://addons/gut/gut.gd:605)
         [3] _test_the_scripts (res://addons/gut/gut.gd:818)
WARNING: [CaseManager] Validation: EvidenceData: discovery_method is required for evidence 'ev_phone'
     at: push_warning (core/variant/variant_utility.cpp:1034)
     GDScript backtrace (most recent call first):
         [0] load_case (res://scripts/managers/case_manager.gd:114)
         [1] before_each (res://tests/unit/test_evidence_manager.gd:244)
         [2] _run_test (res://addons/gut/gut.gd:605)
         [3] _test_the_scripts (res://addons/gut/gut.gd:818)
WARNING: [CaseManager] Validation: EvidenceData: discovery_method is required for evidence 'ev_knife'
     at: push_warning (core/variant/variant_utility.cpp:1034)
     GDScript backtrace (most recent call first):
         [0] load_case (res://scripts/managers/case_manager.gd:114)
         [1] before_each (res://tests/unit/test_evidence_manager.gd:244)
         [2] _run_test (res://addons/gut/gut.gd:605)
         [3] _test_the_scripts (res://addons/gut/gut.gd:818)
WARNING: [CaseManager] Validation: EvidenceData: discovery_method is required for evidence 'ev_letter'
     at: push_warning (core/variant/variant_utility.cpp:1034)
     GDScript backtrace (most recent call first):
         [0] load_case (res://scripts/managers/case_manager.gd:114)
         [1] before_each (res://tests/unit/test_evidence_manager.gd:244)
         [2] _run_test (res://addons/gut/gut.gd:605)
         [3] _test_the_scripts (res://addons/gut/gut.gd:818)
WARNING: [CaseManager] Validation: EvidenceData: discovery_method is required for evidence 'ev_knife_result'
     at: push_warning (core/variant/variant_utility.cpp:1034)
     GDScript backtrace (most recent call first):
         [0] load_case (res://scripts/managers/case_manager.gd:114)
         [1] before_each (res://tests/unit/test_evidence_manager.gd:244)
         [2] _run_test (res://addons/gut/gut.gd:605)
         [3] _test_the_scripts (res://addons/gut/gut.gd:818)
WARNING: [CaseManager] Validation: CaseData: lab output evidence 'ev_knife_result' must set derived_from to 'ev_knife'
     at: push_warning (core/variant/variant_utility.cpp:1034)
     GDScript backtrace (most recent call first):
         [0] load_case (res://scripts/managers/case_manager.gd:114)
         [1] before_each (res://tests/unit/test_evidence_manager.gd:244)
         [2] _run_test (res://addons/gut/gut.gd:605)
         [3] _test_the_scripts (res://addons/gut/gut.gd:818)
ERROR: [EvidenceManager] Cannot pin undiscovered evidence: ev_fingerprint
   at: push_error (core/variant/variant_utility.cpp:1024)
   GDScript backtrace (most recent call first):
       [0] pin_evidence (res://scripts/managers/evidence_manager.gd:133)
       [1] test_pin_undiscovered_evidence_fails (res://tests/unit/test_evidence_manager.gd:395)
       [2] _run_test (res://addons/gut/gut.gd:615)
       [3] _test_the_scripts (res://addons/gut/gut.gd:818)
[34m[ExpectedError][0mExpected push_error error containing '[EvidenceManager] Cannot pin undiscovered evidence: ev_fingerprint'.  
* test_unpin_evidence_succeeds
WARNING: [CaseManager] Validation: EvidenceData: discovery_method is required for evidence 'ev_fingerprint'
     at: push_warning (core/variant/variant_utility.cpp:1034)
     GDScript backtrace (most recent call first):
         [0] load_case (res://scripts/managers/case_manager.gd:114)
         [1] before_each (res://tests/unit/test_evidence_manager.gd:244)
         [2] _run_test (res://addons/gut/gut.gd:605)
         [3] _test_the_scripts (res://addons/gut/gut.gd:818)
WARNING: [CaseManager] Validation: EvidenceData: discovery_method is required for evidence 'ev_camera'
     at: push_warning (core/variant/variant_utility.cpp:1034)
     GDScript backtrace (most recent call first):
         [0] load_case (res://scripts/managers/case_manager.gd:114)
         [1] before_each (res://tests/unit/test_evidence_manager.gd:244)
         [2] _run_test (res://addons/gut/gut.gd:605)
         [3] _test_the_scripts (res://addons/gut/gut.gd:818)
WARNING: [CaseManager] Validation: EvidenceData: discovery_method is required for evidence 'ev_document'
     at: push_warning (core/variant/variant_utility.cpp:1034)
     GDScript backtrace (most recent call first):
         [0] load_case (res://scripts/managers/case_manager.gd:114)
         [1] before_each (res://tests/unit/test_evidence_manager.gd:244)
         [2] _run_test (res://addons/gut/gut.gd:605)
         [3] _test_the_scripts (res://addons/gut/gut.gd:818)
WARNING: [CaseManager] Validation: EvidenceData: discovery_method is required for evidence 'ev_photo'
     at: push_warning (core/variant/variant_utility.cpp:1034)
     GDScript backtrace (most recent call first):
         [0] load_case (res://scripts/managers/case_manager.gd:114)
         [1] before_each (res://tests/unit/test_evidence_manager.gd:244)
         [2] _run_test (res://addons/gut/gut.gd:605)
         [3] _test_the_scripts (res://addons/gut/gut.gd:818)
WARNING: [CaseManager] Validation: EvidenceData: discovery_method is required for evidence 'ev_phone'
     at: push_warning (core/variant/variant_utility.cpp:1034)
     GDScript backtrace (most recent call first):
         [0] load_case (res://scripts/managers/case_manager.gd:114)
         [1] before_each (res://tests/unit/test_evidence_manager.gd:244)
         [2] _run_test (res://addons/gut/gut.gd:605)
         [3] _test_the_scripts (res://addons/gut/gut.gd:818)
WARNING: [CaseManager] Validation: EvidenceData: discovery_method is required for evidence 'ev_knife'
     at: push_warning (core/variant/variant_utility.cpp:1034)
     GDScript backtrace (most recent call first):
         [0] load_case (res://scripts/managers/case_manager.gd:114)
         [1] before_each (res://tests/unit/test_evidence_manager.gd:244)
         [2] _run_test (res://addons/gut/gut.gd:605)
         [3] _test_the_scripts (res://addons/gut/gut.gd:818)
WARNING: [CaseManager] Validation: EvidenceData: discovery_method is required for evidence 'ev_letter'
     at: push_warning (core/variant/variant_utility.cpp:1034)
     GDScript backtrace (most recent call first):
         [0] load_case (res://scripts/managers/case_manager.gd:114)
         [1] before_each (res://tests/unit/test_evidence_manager.gd:244)
         [2] _run_test (res://addons/gut/gut.gd:605)
         [3] _test_the_scripts (res://addons/gut/gut.gd:818)
WARNING: [CaseManager] Validation: EvidenceData: discovery_method is required for evidence 'ev_knife_result'
     at: push_warning (core/variant/variant_utility.cpp:1034)
     GDScript backtrace (most recent call first):
         [0] load_case (res://scripts/managers/case_manager.gd:114)
         [1] before_each (res://tests/unit/test_evidence_manager.gd:244)
         [2] _run_test (res://addons/gut/gut.gd:605)
         [3] _test_the_scripts (res://addons/gut/gut.gd:818)
WARNING: [CaseManager] Validation: CaseData: lab output evidence 'ev_knife_result' must set derived_from to 'ev_knife'
     at: push_warning (core/variant/variant_utility.cpp:1034)
     GDScript backtrace (most recent call first):
         [0] load_case (res://scripts/managers/case_manager.gd:114)
         [1] before_each (res://tests/unit/test_evidence_manager.gd:244)
         [2] _run_test (res://addons/gut/gut.gd:605)
         [3] _test_the_scripts (res://addons/gut/gut.gd:818)
* test_unpin_not_pinned_returns_false
WARNING: [CaseManager] Validation: EvidenceData: discovery_method is required for evidence 'ev_fingerprint'
     at: push_warning (core/variant/variant_utility.cpp:1034)
     GDScript backtrace (most recent call first):
         [0] load_case (res://scripts/managers/case_manager.gd:114)
         [1] before_each (res://tests/unit/test_evidence_manager.gd:244)
         [2] _run_test (res://addons/gut/gut.gd:605)
         [3] _test_the_scripts (res://addons/gut/gut.gd:818)
WARNING: [CaseManager] Validation: EvidenceData: discovery_method is required for evidence 'ev_camera'
     at: push_warning (core/variant/variant_utility.cpp:1034)
     GDScript backtrace (most recent call first):
         [0] load_case (res://scripts/managers/case_manager.gd:114)
         [1] before_each (res://tests/unit/test_evidence_manager.gd:244)
         [2] _run_test (res://addons/gut/gut.gd:605)
         [3] _test_the_scripts (res://addons/gut/gut.gd:818)
WARNING: [CaseManager] Validation: EvidenceData: discovery_method is required for evidence 'ev_document'
     at: push_warning (core/variant/variant_utility.cpp:1034)
     GDScript backtrace (most recent call first):
         [0] load_case (res://scripts/managers/case_manager.gd:114)
         [1] before_each (res://tests/unit/test_evidence_manager.gd:244)
         [2] _run_test (res://addons/gut/gut.gd:605)
         [3] _test_the_scripts (res://addons/gut/gut.gd:818)
WARNING: [CaseManager] Validation: EvidenceData: discovery_method is required for evidence 'ev_photo'
     at: push_warning (core/variant/variant_utility.cpp:1034)
     GDScript backtrace (most recent call first):
         [0] load_case (res://scripts/managers/case_manager.gd:114)
         [1] before_each (res://tests/unit/test_evidence_manager.gd:244)
         [2] _run_test (res://addons/gut/gut.gd:605)
         [3] _test_the_scripts (res://addons/gut/gut.gd:818)
WARNING: [CaseManager] Validation: EvidenceData: discovery_method is required for evidence 'ev_phone'
     at: push_warning (core/variant/variant_utility.cpp:1034)
     GDScript backtrace (most recent call first):
         [0] load_case (res://scripts/managers/case_manager.gd:114)
         [1] before_each (res://tests/unit/test_evidence_manager.gd:244)
         [2] _run_test (res://addons/gut/gut.gd:605)
         [3] _test_the_scripts (res://addons/gut/gut.gd:818)
WARNING: [CaseManager] Validation: EvidenceData: discovery_method is required for evidence 'ev_knife'
     at: push_warning (core/variant/variant_utility.cpp:1034)
     GDScript backtrace (most recent call first):
         [0] load_case (res://scripts/managers/case_manager.gd:114)
         [1] before_each (res://tests/unit/test_evidence_manager.gd:244)
         [2] _run_test (res://addons/gut/gut.gd:605)
         [3] _test_the_scripts (res://addons/gut/gut.gd:818)
WARNING: [CaseManager] Validation: EvidenceData: discovery_method is required for evidence 'ev_letter'
     at: push_warning (core/variant/variant_utility.cpp:1034)
     GDScript backtrace (most recent call first):
         [0] load_case (res://scripts/managers/case_manager.gd:114)
         [1] before_each (res://tests/unit/test_evidence_manager.gd:244)
         [2] _run_test (res://addons/gut/gut.gd:605)
         [3] _test_the_scripts (res://addons/gut/gut.gd:818)
WARNING: [CaseManager] Validation: EvidenceData: discovery_method is required for evidence 'ev_knife_result'
     at: push_warning (core/variant/variant_utility.cpp:1034)
     GDScript backtrace (most recent call first):
         [0] load_case (res://scripts/managers/case_manager.gd:114)
         [1] before_each (res://tests/unit/test_evidence_manager.gd:244)
         [2] _run_test (res://addons/gut/gut.gd:605)
         [3] _test_the_scripts (res://addons/gut/gut.gd:818)
WARNING: [CaseManager] Validation: CaseData: lab output evidence 'ev_knife_result' must set derived_from to 'ev_knife'
     at: push_warning (core/variant/variant_utility.cpp:1034)
     GDScript backtrace (most recent call first):
         [0] load_case (res://scripts/managers/case_manager.gd:114)
         [1] before_each (res://tests/unit/test_evidence_manager.gd:244)
         [2] _run_test (res://addons/gut/gut.gd:605)
         [3] _test_the_scripts (res://addons/gut/gut.gd:818)
* test_is_pinned
WARNING: [CaseManager] Validation: EvidenceData: discovery_method is required for evidence 'ev_fingerprint'
     at: push_warning (core/variant/variant_utility.cpp:1034)
     GDScript backtrace (most recent call first):
         [0] load_case (res://scripts/managers/case_manager.gd:114)
         [1] before_each (res://tests/unit/test_evidence_manager.gd:244)
         [2] _run_test (res://addons/gut/gut.gd:605)
         [3] _test_the_scripts (res://addons/gut/gut.gd:818)
WARNING: [CaseManager] Validation: EvidenceData: discovery_method is required for evidence 'ev_camera'
     at: push_warning (core/variant/variant_utility.cpp:1034)
     GDScript backtrace (most recent call first):
         [0] load_case (res://scripts/managers/case_manager.gd:114)
         [1] before_each (res://tests/unit/test_evidence_manager.gd:244)
         [2] _run_test (res://addons/gut/gut.gd:605)
         [3] _test_the_scripts (res://addons/gut/gut.gd:818)
WARNING: [CaseManager] Validation: EvidenceData: discovery_method is required for evidence 'ev_document'
     at: push_warning (core/variant/variant_utility.cpp:1034)
     GDScript backtrace (most recent call first):
         [0] load_case (res://scripts/managers/case_manager.gd:114)
         [1] before_each (res://tests/unit/test_evidence_manager.gd:244)
         [2] _run_test (res://addons/gut/gut.gd:605)
         [3] _test_the_scripts (res://addons/gut/gut.gd:818)
WARNING: [CaseManager] Validation: EvidenceData: discovery_method is required for evidence 'ev_photo'
     at: push_warning (core/variant/variant_utility.cpp:1034)
     GDScript backtrace (most recent call first):
         [0] load_case (res://scripts/managers/case_manager.gd:114)
         [1] before_each (res://tests/unit/test_evidence_manager.gd:244)
         [2] _run_test (res://addons/gut/gut.gd:605)
         [3] _test_the_scripts (res://addons/gut/gut.gd:818)
WARNING: [CaseManager] Validation: EvidenceData: discovery_method is required for evidence 'ev_phone'
     at: push_warning (core/variant/variant_utility.cpp:1034)
     GDScript backtrace (most recent call first):
         [0] load_case (res://scripts/managers/case_manager.gd:114)
         [1] before_each (res://tests/unit/test_evidence_manager.gd:244)
         [2] _run_test (res://addons/gut/gut.gd:605)
         [3] _test_the_scripts (res://addons/gut/gut.gd:818)
WARNING: [CaseManager] Validation: EvidenceData: discovery_method is required for evidence 'ev_knife'
     at: push_warning (core/variant/variant_utility.cpp:1034)
     GDScript backtrace (most recent call first):
         [0] load_case (res://scripts/managers/case_manager.gd:114)
         [1] before_each (res://tests/unit/test_evidence_manager.gd:244)
         [2] _run_test (res://addons/gut/gut.gd:605)
         [3] _test_the_scripts (res://addons/gut/gut.gd:818)
WARNING: [CaseManager] Validation: EvidenceData: discovery_method is required for evidence 'ev_letter'
     at: push_warning (core/variant/variant_utility.cpp:1034)
     GDScript backtrace (most recent call first):
         [0] load_case (res://scripts/managers/case_manager.gd:114)
         [1] before_each (res://tests/unit/test_evidence_manager.gd:244)
         [2] _run_test (res://addons/gut/gut.gd:605)
         [3] _test_the_scripts (res://addons/gut/gut.gd:818)
WARNING: [CaseManager] Validation: EvidenceData: discovery_method is required for evidence 'ev_knife_result'
     at: push_warning (core/variant/variant_utility.cpp:1034)
     GDScript backtrace (most recent call first):
         [0] load_case (res://scripts/managers/case_manager.gd:114)
         [1] before_each (res://tests/unit/test_evidence_manager.gd:244)
         [2] _run_test (res://addons/gut/gut.gd:605)
         [3] _test_the_scripts (res://addons/gut/gut.gd:818)
WARNING: [CaseManager] Validation: CaseData: lab output evidence 'ev_knife_result' must set derived_from to 'ev_knife'
     at: push_warning (core/variant/variant_utility.cpp:1034)
     GDScript backtrace (most recent call first):
         [0] load_case (res://scripts/managers/case_manager.gd:114)
         [1] before_each (res://tests/unit/test_evidence_manager.gd:244)
         [2] _run_test (res://addons/gut/gut.gd:605)
         [3] _test_the_scripts (res://addons/gut/gut.gd:818)
* test_get_pinned_evidence_returns_duplicate
WARNING: [CaseManager] Validation: EvidenceData: discovery_method is required for evidence 'ev_fingerprint'
     at: push_warning (core/variant/variant_utility.cpp:1034)
     GDScript backtrace (most recent call first):
         [0] load_case (res://scripts/managers/case_manager.gd:114)
         [1] before_each (res://tests/unit/test_evidence_manager.gd:244)
         [2] _run_test (res://addons/gut/gut.gd:605)
         [3] _test_the_scripts (res://addons/gut/gut.gd:818)
WARNING: [CaseManager] Validation: EvidenceData: discovery_method is required for evidence 'ev_camera'
     at: push_warning (core/variant/variant_utility.cpp:1034)
     GDScript backtrace (most recent call first):
         [0] load_case (res://scripts/managers/case_manager.gd:114)
         [1] before_each (res://tests/unit/test_evidence_manager.gd:244)
         [2] _run_test (res://addons/gut/gut.gd:605)
         [3] _test_the_scripts (res://addons/gut/gut.gd:818)
WARNING: [CaseManager] Validation: EvidenceData: discovery_method is required for evidence 'ev_document'
     at: push_warning (core/variant/variant_utility.cpp:1034)
     GDScript backtrace (most recent call first):
         [0] load_case (res://scripts/managers/case_manager.gd:114)
         [1] before_each (res://tests/unit/test_evidence_manager.gd:244)
         [2] _run_test (res://addons/gut/gut.gd:605)
         [3] _test_the_scripts (res://addons/gut/gut.gd:818)
WARNING: [CaseManager] Validation: EvidenceData: discovery_method is required for evidence 'ev_photo'
     at: push_warning (core/variant/variant_utility.cpp:1034)
     GDScript backtrace (most recent call first):
         [0] load_case (res://scripts/managers/case_manager.gd:114)
         [1] before_each (res://tests/unit/test_evidence_manager.gd:244)
         [2] _run_test (res://addons/gut/gut.gd:605)
         [3] _test_the_scripts (res://addons/gut/gut.gd:818)
WARNING: [CaseManager] Validation: EvidenceData: discovery_method is required for evidence 'ev_phone'
     at: push_warning (core/variant/variant_utility.cpp:1034)
     GDScript backtrace (most recent call first):
         [0] load_case (res://scripts/managers/case_manager.gd:114)
         [1] before_each (res://tests/unit/test_evidence_manager.gd:244)
         [2] _run_test (res://addons/gut/gut.gd:605)
         [3] _test_the_scripts (res://addons/gut/gut.gd:818)
WARNING: [CaseManager] Validation: EvidenceData: discovery_method is required for evidence 'ev_knife'
     at: push_warning (core/variant/variant_utility.cpp:1034)
     GDScript backtrace (most recent call first):
         [0] load_case (res://scripts/managers/case_manager.gd:114)
         [1] before_each (res://tests/unit/test_evidence_manager.gd:244)
         [2] _run_test (res://addons/gut/gut.gd:605)
         [3] _test_the_scripts (res://addons/gut/gut.gd:818)
WARNING: [CaseManager] Validation: EvidenceData: discovery_method is required for evidence 'ev_letter'
     at: push_warning (core/variant/variant_utility.cpp:1034)
     GDScript backtrace (most recent call first):
         [0] load_case (res://scripts/managers/case_manager.gd:114)
         [1] before_each (res://tests/unit/test_evidence_manager.gd:244)
         [2] _run_test (res://addons/gut/gut.gd:605)
         [3] _test_the_scripts (res://addons/gut/gut.gd:818)
WARNING: [CaseManager] Validation: EvidenceData: discovery_method is required for evidence 'ev_knife_result'
     at: push_warning (core/variant/variant_utility.cpp:1034)
     GDScript backtrace (most recent call first):
         [0] load_case (res://scripts/managers/case_manager.gd:114)
         [1] before_each (res://tests/unit/test_evidence_manager.gd:244)
         [2] _run_test (res://addons/gut/gut.gd:605)
         [3] _test_the_scripts (res://addons/gut/gut.gd:818)
WARNING: [CaseManager] Validation: CaseData: lab output evidence 'ev_knife_result' must set derived_from to 'ev_knife'
     at: push_warning (core/variant/variant_utility.cpp:1034)
     GDScript backtrace (most recent call first):
         [0] load_case (res://scripts/managers/case_manager.gd:114)
         [1] before_each (res://tests/unit/test_evidence_manager.gd:244)
         [2] _run_test (res://addons/gut/gut.gd:605)
         [3] _test_the_scripts (res://addons/gut/gut.gd:818)
* test_get_pinned_evidence_data
WARNING: [CaseManager] Validation: EvidenceData: discovery_method is required for evidence 'ev_fingerprint'
     at: push_warning (core/variant/variant_utility.cpp:1034)
     GDScript backtrace (most recent call first):
         [0] load_case (res://scripts/managers/case_manager.gd:114)
         [1] before_each (res://tests/unit/test_evidence_manager.gd:244)
         [2] _run_test (res://addons/gut/gut.gd:605)
         [3] _test_the_scripts (res://addons/gut/gut.gd:818)
WARNING: [CaseManager] Validation: EvidenceData: discovery_method is required for evidence 'ev_camera'
     at: push_warning (core/variant/variant_utility.cpp:1034)
     GDScript backtrace (most recent call first):
         [0] load_case (res://scripts/managers/case_manager.gd:114)
         [1] before_each (res://tests/unit/test_evidence_manager.gd:244)
         [2] _run_test (res://addons/gut/gut.gd:605)
         [3] _test_the_scripts (res://addons/gut/gut.gd:818)
WARNING: [CaseManager] Validation: EvidenceData: discovery_method is required for evidence 'ev_document'
     at: push_warning (core/variant/variant_utility.cpp:1034)
     GDScript backtrace (most recent call first):
         [0] load_case (res://scripts/managers/case_manager.gd:114)
         [1] before_each (res://tests/unit/test_evidence_manager.gd:244)
         [2] _run_test (res://addons/gut/gut.gd:605)
         [3] _test_the_scripts (res://addons/gut/gut.gd:818)
WARNING: [CaseManager] Validation: EvidenceData: discovery_method is required for evidence 'ev_photo'
     at: push_warning (core/variant/variant_utility.cpp:1034)
     GDScript backtrace (most recent call first):
         [0] load_case (res://scripts/managers/case_manager.gd:114)
         [1] before_each (res://tests/unit/test_evidence_manager.gd:244)
         [2] _run_test (res://addons/gut/gut.gd:605)
         [3] _test_the_scripts (res://addons/gut/gut.gd:818)
WARNING: [CaseManager] Validation: EvidenceData: discovery_method is required for evidence 'ev_phone'
     at: push_warning (core/variant/variant_utility.cpp:1034)
     GDScript backtrace (most recent call first):
         [0] load_case (res://scripts/managers/case_manager.gd:114)
         [1] before_each (res://tests/unit/test_evidence_manager.gd:244)
         [2] _run_test (res://addons/gut/gut.gd:605)
         [3] _test_the_scripts (res://addons/gut/gut.gd:818)
WARNING: [CaseManager] Validation: EvidenceData: discovery_method is required for evidence 'ev_knife'
     at: push_warning (core/variant/variant_utility.cpp:1034)
     GDScript backtrace (most recent call first):
         [0] load_case (res://scripts/managers/case_manager.gd:114)
         [1] before_each (res://tests/unit/test_evidence_manager.gd:244)
         [2] _run_test (res://addons/gut/gut.gd:605)
         [3] _test_the_scripts (res://addons/gut/gut.gd:818)
WARNING: [CaseManager] Validation: EvidenceData: discovery_method is required for evidence 'ev_letter'
     at: push_warning (core/variant/variant_utility.cpp:1034)
     GDScript backtrace (most recent call first):
         [0] load_case (res://scripts/managers/case_manager.gd:114)
         [1] before_each (res://tests/unit/test_evidence_manager.gd:244)
         [2] _run_test (res://addons/gut/gut.gd:605)
         [3] _test_the_scripts (res://addons/gut/gut.gd:818)
WARNING: [CaseManager] Validation: EvidenceData: discovery_method is required for evidence 'ev_knife_result'
     at: push_warning (core/variant/variant_utility.cpp:1034)
     GDScript backtrace (most recent call first):
         [0] load_case (res://scripts/managers/case_manager.gd:114)
         [1] before_each (res://tests/unit/test_evidence_manager.gd:244)
         [2] _run_test (res://addons/gut/gut.gd:605)
         [3] _test_the_scripts (res://addons/gut/gut.gd:818)
WARNING: [CaseManager] Validation: CaseData: lab output evidence 'ev_knife_result' must set derived_from to 'ev_knife'
     at: push_warning (core/variant/variant_utility.cpp:1034)
     GDScript backtrace (most recent call first):
         [0] load_case (res://scripts/managers/case_manager.gd:114)
         [1] before_each (res://tests/unit/test_evidence_manager.gd:244)
         [2] _run_test (res://addons/gut/gut.gd:605)
         [3] _test_the_scripts (res://addons/gut/gut.gd:818)
* test_pin_emits_signal
WARNING: [CaseManager] Validation: EvidenceData: discovery_method is required for evidence 'ev_fingerprint'
     at: push_warning (core/variant/variant_utility.cpp:1034)
     GDScript backtrace (most recent call first):
         [0] load_case (res://scripts/managers/case_manager.gd:114)
         [1] before_each (res://tests/unit/test_evidence_manager.gd:244)
         [2] _run_test (res://addons/gut/gut.gd:605)
         [3] _test_the_scripts (res://addons/gut/gut.gd:818)
WARNING: [CaseManager] Validation: EvidenceData: discovery_method is required for evidence 'ev_camera'
     at: push_warning (core/variant/variant_utility.cpp:1034)
     GDScript backtrace (most recent call first):
         [0] load_case (res://scripts/managers/case_manager.gd:114)
         [1] before_each (res://tests/unit/test_evidence_manager.gd:244)
         [2] _run_test (res://addons/gut/gut.gd:605)
         [3] _test_the_scripts (res://addons/gut/gut.gd:818)
WARNING: [CaseManager] Validation: EvidenceData: discovery_method is required for evidence 'ev_document'
     at: push_warning (core/variant/variant_utility.cpp:1034)
     GDScript backtrace (most recent call first):
         [0] load_case (res://scripts/managers/case_manager.gd:114)
         [1] before_each (res://tests/unit/test_evidence_manager.gd:244)
         [2] _run_test (res://addons/gut/gut.gd:605)
         [3] _test_the_scripts (res://addons/gut/gut.gd:818)
WARNING: [CaseManager] Validation: EvidenceData: discovery_method is required for evidence 'ev_photo'
     at: push_warning (core/variant/variant_utility.cpp:1034)
     GDScript backtrace (most recent call first):
         [0] load_case (res://scripts/managers/case_manager.gd:114)
         [1] before_each (res://tests/unit/test_evidence_manager.gd:244)
         [2] _run_test (res://addons/gut/gut.gd:605)
         [3] _test_the_scripts (res://addons/gut/gut.gd:818)
WARNING: [CaseManager] Validation: EvidenceData: discovery_method is required for evidence 'ev_phone'
     at: push_warning (core/variant/variant_utility.cpp:1034)
     GDScript backtrace (most recent call first):
         [0] load_case (res://scripts/managers/case_manager.gd:114)
         [1] before_each (res://tests/unit/test_evidence_manager.gd:244)
         [2] _run_test (res://addons/gut/gut.gd:605)
         [3] _test_the_scripts (res://addons/gut/gut.gd:818)
WARNING: [CaseManager] Validation: EvidenceData: discovery_method is required for evidence 'ev_knife'
     at: push_warning (core/variant/variant_utility.cpp:1034)
     GDScript backtrace (most recent call first):
         [0] load_case (res://scripts/managers/case_manager.gd:114)
         [1] before_each (res://tests/unit/test_evidence_manager.gd:244)
         [2] _run_test (res://addons/gut/gut.gd:605)
         [3] _test_the_scripts (res://addons/gut/gut.gd:818)
WARNING: [CaseManager] Validation: EvidenceData: discovery_method is required for evidence 'ev_letter'
     at: push_warning (core/variant/variant_utility.cpp:1034)
     GDScript backtrace (most recent call first):
         [0] load_case (res://scripts/managers/case_manager.gd:114)
         [1] before_each (res://tests/unit/test_evidence_manager.gd:244)
         [2] _run_test (res://addons/gut/gut.gd:605)
         [3] _test_the_scripts (res://addons/gut/gut.gd:818)
WARNING: [CaseManager] Validation: EvidenceData: discovery_method is required for evidence 'ev_knife_result'
     at: push_warning (core/variant/variant_utility.cpp:1034)
     GDScript backtrace (most recent call first):
         [0] load_case (res://scripts/managers/case_manager.gd:114)
         [1] before_each (res://tests/unit/test_evidence_manager.gd:244)
         [2] _run_test (res://addons/gut/gut.gd:605)
         [3] _test_the_scripts (res://addons/gut/gut.gd:818)
WARNING: [CaseManager] Validation: CaseData: lab output evidence 'ev_knife_result' must set derived_from to 'ev_knife'
     at: push_warning (core/variant/variant_utility.cpp:1034)
     GDScript backtrace (most recent call first):
         [0] load_case (res://scripts/managers/case_manager.gd:114)
         [1] before_each (res://tests/unit/test_evidence_manager.gd:244)
         [2] _run_test (res://addons/gut/gut.gd:605)
         [3] _test_the_scripts (res://addons/gut/gut.gd:818)
* test_unpin_emits_signal
WARNING: [CaseManager] Validation: EvidenceData: discovery_method is required for evidence 'ev_fingerprint'
     at: push_warning (core/variant/variant_utility.cpp:1034)
     GDScript backtrace (most recent call first):
         [0] load_case (res://scripts/managers/case_manager.gd:114)
         [1] before_each (res://tests/unit/test_evidence_manager.gd:244)
         [2] _run_test (res://addons/gut/gut.gd:605)
         [3] _test_the_scripts (res://addons/gut/gut.gd:818)
WARNING: [CaseManager] Validation: EvidenceData: discovery_method is required for evidence 'ev_camera'
     at: push_warning (core/variant/variant_utility.cpp:1034)
     GDScript backtrace (most recent call first):
         [0] load_case (res://scripts/managers/case_manager.gd:114)
         [1] before_each (res://tests/unit/test_evidence_manager.gd:244)
         [2] _run_test (res://addons/gut/gut.gd:605)
         [3] _test_the_scripts (res://addons/gut/gut.gd:818)
WARNING: [CaseManager] Validation: EvidenceData: discovery_method is required for evidence 'ev_document'
     at: push_warning (core/variant/variant_utility.cpp:1034)
     GDScript backtrace (most recent call first):
         [0] load_case (res://scripts/managers/case_manager.gd:114)
         [1] before_each (res://tests/unit/test_evidence_manager.gd:244)
         [2] _run_test (res://addons/gut/gut.gd:605)
         [3] _test_the_scripts (res://addons/gut/gut.gd:818)
WARNING: [CaseManager] Validation: EvidenceData: discovery_method is required for evidence 'ev_photo'
     at: push_warning (core/variant/variant_utility.cpp:1034)
     GDScript backtrace (most recent call first):
         [0] load_case (res://scripts/managers/case_manager.gd:114)
         [1] before_each (res://tests/unit/test_evidence_manager.gd:244)
         [2] _run_test (res://addons/gut/gut.gd:605)
         [3] _test_the_scripts (res://addons/gut/gut.gd:818)
WARNING: [CaseManager] Validation: EvidenceData: discovery_method is required for evidence 'ev_phone'
     at: push_warning (core/variant/variant_utility.cpp:1034)
     GDScript backtrace (most recent call first):
         [0] load_case (res://scripts/managers/case_manager.gd:114)
         [1] before_each (res://tests/unit/test_evidence_manager.gd:244)
         [2] _run_test (res://addons/gut/gut.gd:605)
         [3] _test_the_scripts (res://addons/gut/gut.gd:818)
WARNING: [CaseManager] Validation: EvidenceData: discovery_method is required for evidence 'ev_knife'
     at: push_warning (core/variant/variant_utility.cpp:1034)
     GDScript backtrace (most recent call first):
         [0] load_case (res://scripts/managers/case_manager.gd:114)
         [1] before_each (res://tests/unit/test_evidence_manager.gd:244)
         [2] _run_test (res://addons/gut/gut.gd:605)
         [3] _test_the_scripts (res://addons/gut/gut.gd:818)
WARNING: [CaseManager] Validation: EvidenceData: discovery_method is required for evidence 'ev_letter'
     at: push_warning (core/variant/variant_utility.cpp:1034)
     GDScript backtrace (most recent call first):
         [0] load_case (res://scripts/managers/case_manager.gd:114)
         [1] before_each (res://tests/unit/test_evidence_manager.gd:244)
         [2] _run_test (res://addons/gut/gut.gd:605)
         [3] _test_the_scripts (res://addons/gut/gut.gd:818)
WARNING: [CaseManager] Validation: EvidenceData: discovery_method is required for evidence 'ev_knife_result'
     at: push_warning (core/variant/variant_utility.cpp:1034)
     GDScript backtrace (most recent call first):
         [0] load_case (res://scripts/managers/case_manager.gd:114)
         [1] before_each (res://tests/unit/test_evidence_manager.gd:244)
         [2] _run_test (res://addons/gut/gut.gd:605)
         [3] _test_the_scripts (res://addons/gut/gut.gd:818)
WARNING: [CaseManager] Validation: CaseData: lab output evidence 'ev_knife_result' must set derived_from to 'ev_knife'
     at: push_warning (core/variant/variant_utility.cpp:1034)
     GDScript backtrace (most recent call first):
         [0] load_case (res://scripts/managers/case_manager.gd:114)
         [1] before_each (res://tests/unit/test_evidence_manager.gd:244)
         [2] _run_test (res://addons/gut/gut.gd:605)
         [3] _test_the_scripts (res://addons/gut/gut.gd:818)
* test_compare_evidence_valid_pair_returns_insight
WARNING: [CaseManager] Validation: EvidenceData: discovery_method is required for evidence 'ev_fingerprint'
     at: push_warning (core/variant/variant_utility.cpp:1034)
     GDScript backtrace (most recent call first):
         [0] load_case (res://scripts/managers/case_manager.gd:114)
         [1] before_each (res://tests/unit/test_evidence_manager.gd:244)
         [2] _run_test (res://addons/gut/gut.gd:605)
         [3] _test_the_scripts (res://addons/gut/gut.gd:818)
WARNING: [CaseManager] Validation: EvidenceData: discovery_method is required for evidence 'ev_camera'
     at: push_warning (core/variant/variant_utility.cpp:1034)
     GDScript backtrace (most recent call first):
         [0] load_case (res://scripts/managers/case_manager.gd:114)
         [1] before_each (res://tests/unit/test_evidence_manager.gd:244)
         [2] _run_test (res://addons/gut/gut.gd:605)
         [3] _test_the_scripts (res://addons/gut/gut.gd:818)
WARNING: [CaseManager] Validation: EvidenceData: discovery_method is required for evidence 'ev_document'
     at: push_warning (core/variant/variant_utility.cpp:1034)
     GDScript backtrace (most recent call first):
         [0] load_case (res://scripts/managers/case_manager.gd:114)
         [1] before_each (res://tests/unit/test_evidence_manager.gd:244)
         [2] _run_test (res://addons/gut/gut.gd:605)
         [3] _test_the_scripts (res://addons/gut/gut.gd:818)
WARNING: [CaseManager] Validation: EvidenceData: discovery_method is required for evidence 'ev_photo'
     at: push_warning (core/variant/variant_utility.cpp:1034)
     GDScript backtrace (most recent call first):
         [0] load_case (res://scripts/managers/case_manager.gd:114)
         [1] before_each (res://tests/unit/test_evidence_manager.gd:244)
         [2] _run_test (res://addons/gut/gut.gd:605)
         [3] _test_the_scripts (res://addons/gut/gut.gd:818)
WARNING: [CaseManager] Validation: EvidenceData: discovery_method is required for evidence 'ev_phone'
     at: push_warning (core/variant/variant_utility.cpp:1034)
     GDScript backtrace (most recent call first):
         [0] load_case (res://scripts/managers/case_manager.gd:114)
         [1] before_each (res://tests/unit/test_evidence_manager.gd:244)
         [2] _run_test (res://addons/gut/gut.gd:605)
         [3] _test_the_scripts (res://addons/gut/gut.gd:818)
WARNING: [CaseManager] Validation: EvidenceData: discovery_method is required for evidence 'ev_knife'
     at: push_warning (core/variant/variant_utility.cpp:1034)
     GDScript backtrace (most recent call first):
         [0] load_case (res://scripts/managers/case_manager.gd:114)
         [1] before_each (res://tests/unit/test_evidence_manager.gd:244)
         [2] _run_test (res://addons/gut/gut.gd:605)
         [3] _test_the_scripts (res://addons/gut/gut.gd:818)
WARNING: [CaseManager] Validation: EvidenceData: discovery_method is required for evidence 'ev_letter'
     at: push_warning (core/variant/variant_utility.cpp:1034)
     GDScript backtrace (most recent call first):
         [0] load_case (res://scripts/managers/case_manager.gd:114)
         [1] before_each (res://tests/unit/test_evidence_manager.gd:244)
         [2] _run_test (res://addons/gut/gut.gd:605)
         [3] _test_the_scripts (res://addons/gut/gut.gd:818)
WARNING: [CaseManager] Validation: EvidenceData: discovery_method is required for evidence 'ev_knife_result'
     at: push_warning (core/variant/variant_utility.cpp:1034)
     GDScript backtrace (most recent call first):
         [0] load_case (res://scripts/managers/case_manager.gd:114)
         [1] before_each (res://tests/unit/test_evidence_manager.gd:244)
         [2] _run_test (res://addons/gut/gut.gd:605)
         [3] _test_the_scripts (res://addons/gut/gut.gd:818)
WARNING: [CaseManager] Validation: CaseData: lab output evidence 'ev_knife_result' must set derived_from to 'ev_knife'
     at: push_warning (core/variant/variant_utility.cpp:1034)
     GDScript backtrace (most recent call first):
         [0] load_case (res://scripts/managers/case_manager.gd:114)
         [1] before_each (res://tests/unit/test_evidence_manager.gd:244)
         [2] _run_test (res://addons/gut/gut.gd:605)
         [3] _test_the_scripts (res://addons/gut/gut.gd:818)
* test_compare_evidence_invalid_pair_returns_null
WARNING: [CaseManager] Validation: EvidenceData: discovery_method is required for evidence 'ev_fingerprint'
     at: push_warning (core/variant/variant_utility.cpp:1034)
     GDScript backtrace (most recent call first):
         [0] load_case (res://scripts/managers/case_manager.gd:114)
         [1] before_each (res://tests/unit/test_evidence_manager.gd:244)
         [2] _run_test (res://addons/gut/gut.gd:605)
         [3] _test_the_scripts (res://addons/gut/gut.gd:818)
WARNING: [CaseManager] Validation: EvidenceData: discovery_method is required for evidence 'ev_camera'
     at: push_warning (core/variant/variant_utility.cpp:1034)
     GDScript backtrace (most recent call first):
         [0] load_case (res://scripts/managers/case_manager.gd:114)
         [1] before_each (res://tests/unit/test_evidence_manager.gd:244)
         [2] _run_test (res://addons/gut/gut.gd:605)
         [3] _test_the_scripts (res://addons/gut/gut.gd:818)
WARNING: [CaseManager] Validation: EvidenceData: discovery_method is required for evidence 'ev_document'
     at: push_warning (core/variant/variant_utility.cpp:1034)
     GDScript backtrace (most recent call first):
         [0] load_case (res://scripts/managers/case_manager.gd:114)
         [1] before_each (res://tests/unit/test_evidence_manager.gd:244)
         [2] _run_test (res://addons/gut/gut.gd:605)
         [3] _test_the_scripts (res://addons/gut/gut.gd:818)
WARNING: [CaseManager] Validation: EvidenceData: discovery_method is required for evidence 'ev_photo'
     at: push_warning (core/variant/variant_utility.cpp:1034)
     GDScript backtrace (most recent call first):
         [0] load_case (res://scripts/managers/case_manager.gd:114)
         [1] before_each (res://tests/unit/test_evidence_manager.gd:244)
         [2] _run_test (res://addons/gut/gut.gd:605)
         [3] _test_the_scripts (res://addons/gut/gut.gd:818)
WARNING: [CaseManager] Validation: EvidenceData: discovery_method is required for evidence 'ev_phone'
     at: push_warning (core/variant/variant_utility.cpp:1034)
     GDScript backtrace (most recent call first):
         [0] load_case (res://scripts/managers/case_manager.gd:114)
         [1] before_each (res://tests/unit/test_evidence_manager.gd:244)
         [2] _run_test (res://addons/gut/gut.gd:605)
         [3] _test_the_scripts (res://addons/gut/gut.gd:818)
WARNING: [CaseManager] Validation: EvidenceData: discovery_method is required for evidence 'ev_knife'
     at: push_warning (core/variant/variant_utility.cpp:1034)
     GDScript backtrace (most recent call first):
         [0] load_case (res://scripts/managers/case_manager.gd:114)
         [1] before_each (res://tests/unit/test_evidence_manager.gd:244)
         [2] _run_test (res://addons/gut/gut.gd:605)
         [3] _test_the_scripts (res://addons/gut/gut.gd:818)
WARNING: [CaseManager] Validation: EvidenceData: discovery_method is required for evidence 'ev_letter'
     at: push_warning (core/variant/variant_utility.cpp:1034)
     GDScript backtrace (most recent call first):
         [0] load_case (res://scripts/managers/case_manager.gd:114)
         [1] before_each (res://tests/unit/test_evidence_manager.gd:244)
         [2] _run_test (res://addons/gut/gut.gd:605)
         [3] _test_the_scripts (res://addons/gut/gut.gd:818)
WARNING: [CaseManager] Validation: EvidenceData: discovery_method is required for evidence 'ev_knife_result'
     at: push_warning (core/variant/variant_utility.cpp:1034)
     GDScript backtrace (most recent call first):
         [0] load_case (res://scripts/managers/case_manager.gd:114)
         [1] before_each (res://tests/unit/test_evidence_manager.gd:244)
         [2] _run_test (res://addons/gut/gut.gd:605)
         [3] _test_the_scripts (res://addons/gut/gut.gd:818)
WARNING: [CaseManager] Validation: CaseData: lab output evidence 'ev_knife_result' must set derived_from to 'ev_knife'
     at: push_warning (core/variant/variant_utility.cpp:1034)
     GDScript backtrace (most recent call first):
         [0] load_case (res://scripts/managers/case_manager.gd:114)
         [1] before_each (res://tests/unit/test_evidence_manager.gd:244)
         [2] _run_test (res://addons/gut/gut.gd:605)
         [3] _test_the_scripts (res://addons/gut/gut.gd:818)
* test_compare_evidence_already_discovered_returns_null
WARNING: [CaseManager] Validation: EvidenceData: discovery_method is required for evidence 'ev_fingerprint'
     at: push_warning (core/variant/variant_utility.cpp:1034)
     GDScript backtrace (most recent call first):
         [0] load_case (res://scripts/managers/case_manager.gd:114)
         [1] before_each (res://tests/unit/test_evidence_manager.gd:244)
         [2] _run_test (res://addons/gut/gut.gd:605)
         [3] _test_the_scripts (res://addons/gut/gut.gd:818)
WARNING: [CaseManager] Validation: EvidenceData: discovery_method is required for evidence 'ev_camera'
     at: push_warning (core/variant/variant_utility.cpp:1034)
     GDScript backtrace (most recent call first):
         [0] load_case (res://scripts/managers/case_manager.gd:114)
         [1] before_each (res://tests/unit/test_evidence_manager.gd:244)
         [2] _run_test (res://addons/gut/gut.gd:605)
         [3] _test_the_scripts (res://addons/gut/gut.gd:818)
WARNING: [CaseManager] Validation: EvidenceData: discovery_method is required for evidence 'ev_document'
     at: push_warning (core/variant/variant_utility.cpp:1034)
     GDScript backtrace (most recent call first):
         [0] load_case (res://scripts/managers/case_manager.gd:114)
         [1] before_each (res://tests/unit/test_evidence_manager.gd:244)
         [2] _run_test (res://addons/gut/gut.gd:605)
         [3] _test_the_scripts (res://addons/gut/gut.gd:818)
WARNING: [CaseManager] Validation: EvidenceData: discovery_method is required for evidence 'ev_photo'
     at: push_warning (core/variant/variant_utility.cpp:1034)
     GDScript backtrace (most recent call first):
         [0] load_case (res://scripts/managers/case_manager.gd:114)
         [1] before_each (res://tests/unit/test_evidence_manager.gd:244)
         [2] _run_test (res://addons/gut/gut.gd:605)
         [3] _test_the_scripts (res://addons/gut/gut.gd:818)
WARNING: [CaseManager] Validation: EvidenceData: discovery_method is required for evidence 'ev_phone'
     at: push_warning (core/variant/variant_utility.cpp:1034)
     GDScript backtrace (most recent call first):
         [0] load_case (res://scripts/managers/case_manager.gd:114)
         [1] before_each (res://tests/unit/test_evidence_manager.gd:244)
         [2] _run_test (res://addons/gut/gut.gd:605)
         [3] _test_the_scripts (res://addons/gut/gut.gd:818)
WARNING: [CaseManager] Validation: EvidenceData: discovery_method is required for evidence 'ev_knife'
     at: push_warning (core/variant/variant_utility.cpp:1034)
     GDScript backtrace (most recent call first):
         [0] load_case (res://scripts/managers/case_manager.gd:114)
         [1] before_each (res://tests/unit/test_evidence_manager.gd:244)
         [2] _run_test (res://addons/gut/gut.gd:605)
         [3] _test_the_scripts (res://addons/gut/gut.gd:818)
WARNING: [CaseManager] Validation: EvidenceData: discovery_method is required for evidence 'ev_letter'
     at: push_warning (core/variant/variant_utility.cpp:1034)
     GDScript backtrace (most recent call first):
         [0] load_case (res://scripts/managers/case_manager.gd:114)
         [1] before_each (res://tests/unit/test_evidence_manager.gd:244)
         [2] _run_test (res://addons/gut/gut.gd:605)
         [3] _test_the_scripts (res://addons/gut/gut.gd:818)
WARNING: [CaseManager] Validation: EvidenceData: discovery_method is required for evidence 'ev_knife_result'
     at: push_warning (core/variant/variant_utility.cpp:1034)
     GDScript backtrace (most recent call first):
         [0] load_case (res://scripts/managers/case_manager.gd:114)
         [1] before_each (res://tests/unit/test_evidence_manager.gd:244)
         [2] _run_test (res://addons/gut/gut.gd:605)
         [3] _test_the_scripts (res://addons/gut/gut.gd:818)
WARNING: [CaseManager] Validation: CaseData: lab output evidence 'ev_knife_result' must set derived_from to 'ev_knife'
     at: push_warning (core/variant/variant_utility.cpp:1034)
     GDScript backtrace (most recent call first):
         [0] load_case (res://scripts/managers/case_manager.gd:114)
         [1] before_each (res://tests/unit/test_evidence_manager.gd:244)
         [2] _run_test (res://addons/gut/gut.gd:605)
         [3] _test_the_scripts (res://addons/gut/gut.gd:818)
* test_compare_evidence_emits_signal
WARNING: [CaseManager] Validation: EvidenceData: discovery_method is required for evidence 'ev_fingerprint'
     at: push_warning (core/variant/variant_utility.cpp:1034)
     GDScript backtrace (most recent call first):
         [0] load_case (res://scripts/managers/case_manager.gd:114)
         [1] before_each (res://tests/unit/test_evidence_manager.gd:244)
         [2] _run_test (res://addons/gut/gut.gd:605)
         [3] _test_the_scripts (res://addons/gut/gut.gd:818)
WARNING: [CaseManager] Validation: EvidenceData: discovery_method is required for evidence 'ev_camera'
     at: push_warning (core/variant/variant_utility.cpp:1034)
     GDScript backtrace (most recent call first):
         [0] load_case (res://scripts/managers/case_manager.gd:114)
         [1] before_each (res://tests/unit/test_evidence_manager.gd:244)
         [2] _run_test (res://addons/gut/gut.gd:605)
         [3] _test_the_scripts (res://addons/gut/gut.gd:818)
WARNING: [CaseManager] Validation: EvidenceData: discovery_method is required for evidence 'ev_document'
     at: push_warning (core/variant/variant_utility.cpp:1034)
     GDScript backtrace (most recent call first):
         [0] load_case (res://scripts/managers/case_manager.gd:114)
         [1] before_each (res://tests/unit/test_evidence_manager.gd:244)
         [2] _run_test (res://addons/gut/gut.gd:605)
         [3] _test_the_scripts (res://addons/gut/gut.gd:818)
WARNING: [CaseManager] Validation: EvidenceData: discovery_method is required for evidence 'ev_photo'
     at: push_warning (core/variant/variant_utility.cpp:1034)
     GDScript backtrace (most recent call first):
         [0] load_case (res://scripts/managers/case_manager.gd:114)
         [1] before_each (res://tests/unit/test_evidence_manager.gd:244)
         [2] _run_test (res://addons/gut/gut.gd:605)
         [3] _test_the_scripts (res://addons/gut/gut.gd:818)
WARNING: [CaseManager] Validation: EvidenceData: discovery_method is required for evidence 'ev_phone'
     at: push_warning (core/variant/variant_utility.cpp:1034)
     GDScript backtrace (most recent call first):
         [0] load_case (res://scripts/managers/case_manager.gd:114)
         [1] before_each (res://tests/unit/test_evidence_manager.gd:244)
         [2] _run_test (res://addons/gut/gut.gd:605)
         [3] _test_the_scripts (res://addons/gut/gut.gd:818)
WARNING: [CaseManager] Validation: EvidenceData: discovery_method is required for evidence 'ev_knife'
     at: push_warning (core/variant/variant_utility.cpp:1034)
     GDScript backtrace (most recent call first):
         [0] load_case (res://scripts/managers/case_manager.gd:114)
         [1] before_each (res://tests/unit/test_evidence_manager.gd:244)
         [2] _run_test (res://addons/gut/gut.gd:605)
         [3] _test_the_scripts (res://addons/gut/gut.gd:818)
WARNING: [CaseManager] Validation: EvidenceData: discovery_method is required for evidence 'ev_letter'
     at: push_warning (core/variant/variant_utility.cpp:1034)
     GDScript backtrace (most recent call first):
         [0] load_case (res://scripts/managers/case_manager.gd:114)
         [1] before_each (res://tests/unit/test_evidence_manager.gd:244)
         [2] _run_test (res://addons/gut/gut.gd:605)
         [3] _test_the_scripts (res://addons/gut/gut.gd:818)
WARNING: [CaseManager] Validation: EvidenceData: discovery_method is required for evidence 'ev_knife_result'
     at: push_warning (core/variant/variant_utility.cpp:1034)
     GDScript backtrace (most recent call first):
         [0] load_case (res://scripts/managers/case_manager.gd:114)
         [1] before_each (res://tests/unit/test_evidence_manager.gd:244)
         [2] _run_test (res://addons/gut/gut.gd:605)
         [3] _test_the_scripts (res://addons/gut/gut.gd:818)
WARNING: [CaseManager] Validation: CaseData: lab output evidence 'ev_knife_result' must set derived_from to 'ev_knife'
     at: push_warning (core/variant/variant_utility.cpp:1034)
     GDScript backtrace (most recent call first):
         [0] load_case (res://scripts/managers/case_manager.gd:114)
         [1] before_each (res://tests/unit/test_evidence_manager.gd:244)
         [2] _run_test (res://addons/gut/gut.gd:605)
         [3] _test_the_scripts (res://addons/gut/gut.gd:818)
* test_compare_evidence_discovers_insight_in_game_state
WARNING: [CaseManager] Validation: EvidenceData: discovery_method is required for evidence 'ev_fingerprint'
     at: push_warning (core/variant/variant_utility.cpp:1034)
     GDScript backtrace (most recent call first):
         [0] load_case (res://scripts/managers/case_manager.gd:114)
         [1] before_each (res://tests/unit/test_evidence_manager.gd:244)
         [2] _run_test (res://addons/gut/gut.gd:605)
         [3] _test_the_scripts (res://addons/gut/gut.gd:818)
WARNING: [CaseManager] Validation: EvidenceData: discovery_method is required for evidence 'ev_camera'
     at: push_warning (core/variant/variant_utility.cpp:1034)
     GDScript backtrace (most recent call first):
         [0] load_case (res://scripts/managers/case_manager.gd:114)
         [1] before_each (res://tests/unit/test_evidence_manager.gd:244)
         [2] _run_test (res://addons/gut/gut.gd:605)
         [3] _test_the_scripts (res://addons/gut/gut.gd:818)
WARNING: [CaseManager] Validation: EvidenceData: discovery_method is required for evidence 'ev_document'
     at: push_warning (core/variant/variant_utility.cpp:1034)
     GDScript backtrace (most recent call first):
         [0] load_case (res://scripts/managers/case_manager.gd:114)
         [1] before_each (res://tests/unit/test_evidence_manager.gd:244)
         [2] _run_test (res://addons/gut/gut.gd:605)
         [3] _test_the_scripts (res://addons/gut/gut.gd:818)
WARNING: [CaseManager] Validation: EvidenceData: discovery_method is required for evidence 'ev_photo'
     at: push_warning (core/variant/variant_utility.cpp:1034)
     GDScript backtrace (most recent call first):
         [0] load_case (res://scripts/managers/case_manager.gd:114)
         [1] before_each (res://tests/unit/test_evidence_manager.gd:244)
         [2] _run_test (res://addons/gut/gut.gd:605)
         [3] _test_the_scripts (res://addons/gut/gut.gd:818)
WARNING: [CaseManager] Validation: EvidenceData: discovery_method is required for evidence 'ev_phone'
     at: push_warning (core/variant/variant_utility.cpp:1034)
     GDScript backtrace (most recent call first):
         [0] load_case (res://scripts/managers/case_manager.gd:114)
         [1] before_each (res://tests/unit/test_evidence_manager.gd:244)
         [2] _run_test (res://addons/gut/gut.gd:605)
         [3] _test_the_scripts (res://addons/gut/gut.gd:818)
WARNING: [CaseManager] Validation: EvidenceData: discovery_method is required for evidence 'ev_knife'
     at: push_warning (core/variant/variant_utility.cpp:1034)
     GDScript backtrace (most recent call first):
         [0] load_case (res://scripts/managers/case_manager.gd:114)
         [1] before_each (res://tests/unit/test_evidence_manager.gd:244)
         [2] _run_test (res://addons/gut/gut.gd:605)
         [3] _test_the_scripts (res://addons/gut/gut.gd:818)
WARNING: [CaseManager] Validation: EvidenceData: discovery_method is required for evidence 'ev_letter'
     at: push_warning (core/variant/variant_utility.cpp:1034)
     GDScript backtrace (most recent call first):
         [0] load_case (res://scripts/managers/case_manager.gd:114)
         [1] before_each (res://tests/unit/test_evidence_manager.gd:244)
         [2] _run_test (res://addons/gut/gut.gd:605)
         [3] _test_the_scripts (res://addons/gut/gut.gd:818)
WARNING: [CaseManager] Validation: EvidenceData: discovery_method is required for evidence 'ev_knife_result'
     at: push_warning (core/variant/variant_utility.cpp:1034)
     GDScript backtrace (most recent call first):
         [0] load_case (res://scripts/managers/case_manager.gd:114)
         [1] before_each (res://tests/unit/test_evidence_manager.gd:244)
         [2] _run_test (res://addons/gut/gut.gd:605)
         [3] _test_the_scripts (res://addons/gut/gut.gd:818)
WARNING: [CaseManager] Validation: CaseData: lab output evidence 'ev_knife_result' must set derived_from to 'ev_knife'
     at: push_warning (core/variant/variant_utility.cpp:1034)
     GDScript backtrace (most recent call first):
         [0] load_case (res://scripts/managers/case_manager.gd:114)
         [1] before_each (res://tests/unit/test_evidence_manager.gd:244)
         [2] _run_test (res://addons/gut/gut.gd:605)
         [3] _test_the_scripts (res://addons/gut/gut.gd:818)
* test_compare_evidence_second_pair
WARNING: [CaseManager] Validation: EvidenceData: discovery_method is required for evidence 'ev_fingerprint'
     at: push_warning (core/variant/variant_utility.cpp:1034)
     GDScript backtrace (most recent call first):
         [0] load_case (res://scripts/managers/case_manager.gd:114)
         [1] before_each (res://tests/unit/test_evidence_manager.gd:244)
         [2] _run_test (res://addons/gut/gut.gd:605)
         [3] _test_the_scripts (res://addons/gut/gut.gd:818)
WARNING: [CaseManager] Validation: EvidenceData: discovery_method is required for evidence 'ev_camera'
     at: push_warning (core/variant/variant_utility.cpp:1034)
     GDScript backtrace (most recent call first):
         [0] load_case (res://scripts/managers/case_manager.gd:114)
         [1] before_each (res://tests/unit/test_evidence_manager.gd:244)
         [2] _run_test (res://addons/gut/gut.gd:605)
         [3] _test_the_scripts (res://addons/gut/gut.gd:818)
WARNING: [CaseManager] Validation: EvidenceData: discovery_method is required for evidence 'ev_document'
     at: push_warning (core/variant/variant_utility.cpp:1034)
     GDScript backtrace (most recent call first):
         [0] load_case (res://scripts/managers/case_manager.gd:114)
         [1] before_each (res://tests/unit/test_evidence_manager.gd:244)
         [2] _run_test (res://addons/gut/gut.gd:605)
         [3] _test_the_scripts (res://addons/gut/gut.gd:818)
WARNING: [CaseManager] Validation: EvidenceData: discovery_method is required for evidence 'ev_photo'
     at: push_warning (core/variant/variant_utility.cpp:1034)
     GDScript backtrace (most recent call first):
         [0] load_case (res://scripts/managers/case_manager.gd:114)
         [1] before_each (res://tests/unit/test_evidence_manager.gd:244)
         [2] _run_test (res://addons/gut/gut.gd:605)
         [3] _test_the_scripts (res://addons/gut/gut.gd:818)
WARNING: [CaseManager] Validation: EvidenceData: discovery_method is required for evidence 'ev_phone'
     at: push_warning (core/variant/variant_utility.cpp:1034)
     GDScript backtrace (most recent call first):
         [0] load_case (res://scripts/managers/case_manager.gd:114)
         [1] before_each (res://tests/unit/test_evidence_manager.gd:244)
         [2] _run_test (res://addons/gut/gut.gd:605)
         [3] _test_the_scripts (res://addons/gut/gut.gd:818)
WARNING: [CaseManager] Validation: EvidenceData: discovery_method is required for evidence 'ev_knife'
     at: push_warning (core/variant/variant_utility.cpp:1034)
     GDScript backtrace (most recent call first):
         [0] load_case (res://scripts/managers/case_manager.gd:114)
         [1] before_each (res://tests/unit/test_evidence_manager.gd:244)
         [2] _run_test (res://addons/gut/gut.gd:605)
         [3] _test_the_scripts (res://addons/gut/gut.gd:818)
WARNING: [CaseManager] Validation: EvidenceData: discovery_method is required for evidence 'ev_letter'
     at: push_warning (core/variant/variant_utility.cpp:1034)
     GDScript backtrace (most recent call first):
         [0] load_case (res://scripts/managers/case_manager.gd:114)
         [1] before_each (res://tests/unit/test_evidence_manager.gd:244)
         [2] _run_test (res://addons/gut/gut.gd:605)
         [3] _test_the_scripts (res://addons/gut/gut.gd:818)
WARNING: [CaseManager] Validation: EvidenceData: discovery_method is required for evidence 'ev_knife_result'
     at: push_warning (core/variant/variant_utility.cpp:1034)
     GDScript backtrace (most recent call first):
         [0] load_case (res://scripts/managers/case_manager.gd:114)
         [1] before_each (res://tests/unit/test_evidence_manager.gd:244)
         [2] _run_test (res://addons/gut/gut.gd:605)
         [3] _test_the_scripts (res://addons/gut/gut.gd:818)
WARNING: [CaseManager] Validation: CaseData: lab output evidence 'ev_knife_result' must set derived_from to 'ev_knife'
     at: push_warning (core/variant/variant_utility.cpp:1034)
     GDScript backtrace (most recent call first):
         [0] load_case (res://scripts/managers/case_manager.gd:114)
         [1] before_each (res://tests/unit/test_evidence_manager.gd:244)
         [2] _run_test (res://addons/gut/gut.gd:605)
         [3] _test_the_scripts (res://addons/gut/gut.gd:818)
* test_get_valid_comparisons_for
WARNING: [CaseManager] Validation: EvidenceData: discovery_method is required for evidence 'ev_fingerprint'
     at: push_warning (core/variant/variant_utility.cpp:1034)
     GDScript backtrace (most recent call first):
         [0] load_case (res://scripts/managers/case_manager.gd:114)
         [1] before_each (res://tests/unit/test_evidence_manager.gd:244)
         [2] _run_test (res://addons/gut/gut.gd:605)
         [3] _test_the_scripts (res://addons/gut/gut.gd:818)
WARNING: [CaseManager] Validation: EvidenceData: discovery_method is required for evidence 'ev_camera'
     at: push_warning (core/variant/variant_utility.cpp:1034)
     GDScript backtrace (most recent call first):
         [0] load_case (res://scripts/managers/case_manager.gd:114)
         [1] before_each (res://tests/unit/test_evidence_manager.gd:244)
         [2] _run_test (res://addons/gut/gut.gd:605)
         [3] _test_the_scripts (res://addons/gut/gut.gd:818)
WARNING: [CaseManager] Validation: EvidenceData: discovery_method is required for evidence 'ev_document'
     at: push_warning (core/variant/variant_utility.cpp:1034)
     GDScript backtrace (most recent call first):
         [0] load_case (res://scripts/managers/case_manager.gd:114)
         [1] before_each (res://tests/unit/test_evidence_manager.gd:244)
         [2] _run_test (res://addons/gut/gut.gd:605)
         [3] _test_the_scripts (res://addons/gut/gut.gd:818)
WARNING: [CaseManager] Validation: EvidenceData: discovery_method is required for evidence 'ev_photo'
     at: push_warning (core/variant/variant_utility.cpp:1034)
     GDScript backtrace (most recent call first):
         [0] load_case (res://scripts/managers/case_manager.gd:114)
         [1] before_each (res://tests/unit/test_evidence_manager.gd:244)
         [2] _run_test (res://addons/gut/gut.gd:605)
         [3] _test_the_scripts (res://addons/gut/gut.gd:818)
WARNING: [CaseManager] Validation: EvidenceData: discovery_method is required for evidence 'ev_phone'
     at: push_warning (core/variant/variant_utility.cpp:1034)
     GDScript backtrace (most recent call first):
         [0] load_case (res://scripts/managers/case_manager.gd:114)
         [1] before_each (res://tests/unit/test_evidence_manager.gd:244)
         [2] _run_test (res://addons/gut/gut.gd:605)
         [3] _test_the_scripts (res://addons/gut/gut.gd:818)
WARNING: [CaseManager] Validation: EvidenceData: discovery_method is required for evidence 'ev_knife'
     at: push_warning (core/variant/variant_utility.cpp:1034)
     GDScript backtrace (most recent call first):
         [0] load_case (res://scripts/managers/case_manager.gd:114)
         [1] before_each (res://tests/unit/test_evidence_manager.gd:244)
         [2] _run_test (res://addons/gut/gut.gd:605)
         [3] _test_the_scripts (res://addons/gut/gut.gd:818)
WARNING: [CaseManager] Validation: EvidenceData: discovery_method is required for evidence 'ev_letter'
     at: push_warning (core/variant/variant_utility.cpp:1034)
     GDScript backtrace (most recent call first):
         [0] load_case (res://scripts/managers/case_manager.gd:114)
         [1] before_each (res://tests/unit/test_evidence_manager.gd:244)
         [2] _run_test (res://addons/gut/gut.gd:605)
         [3] _test_the_scripts (res://addons/gut/gut.gd:818)
WARNING: [CaseManager] Validation: EvidenceData: discovery_method is required for evidence 'ev_knife_result'
     at: push_warning (core/variant/variant_utility.cpp:1034)
     GDScript backtrace (most recent call first):
         [0] load_case (res://scripts/managers/case_manager.gd:114)
         [1] before_each (res://tests/unit/test_evidence_manager.gd:244)
         [2] _run_test (res://addons/gut/gut.gd:605)
         [3] _test_the_scripts (res://addons/gut/gut.gd:818)
WARNING: [CaseManager] Validation: CaseData: lab output evidence 'ev_knife_result' must set derived_from to 'ev_knife'
     at: push_warning (core/variant/variant_utility.cpp:1034)
     GDScript backtrace (most recent call first):
         [0] load_case (res://scripts/managers/case_manager.gd:114)
         [1] before_each (res://tests/unit/test_evidence_manager.gd:244)
         [2] _run_test (res://addons/gut/gut.gd:605)
         [3] _test_the_scripts (res://addons/gut/gut.gd:818)
* test_get_valid_comparisons_excludes_already_discovered
WARNING: [CaseManager] Validation: EvidenceData: discovery_method is required for evidence 'ev_fingerprint'
     at: push_warning (core/variant/variant_utility.cpp:1034)
     GDScript backtrace (most recent call first):
         [0] load_case (res://scripts/managers/case_manager.gd:114)
         [1] before_each (res://tests/unit/test_evidence_manager.gd:244)
         [2] _run_test (res://addons/gut/gut.gd:605)
         [3] _test_the_scripts (res://addons/gut/gut.gd:818)
WARNING: [CaseManager] Validation: EvidenceData: discovery_method is required for evidence 'ev_camera'
     at: push_warning (core/variant/variant_utility.cpp:1034)
     GDScript backtrace (most recent call first):
         [0] load_case (res://scripts/managers/case_manager.gd:114)
         [1] before_each (res://tests/unit/test_evidence_manager.gd:244)
         [2] _run_test (res://addons/gut/gut.gd:605)
         [3] _test_the_scripts (res://addons/gut/gut.gd:818)
WARNING: [CaseManager] Validation: EvidenceData: discovery_method is required for evidence 'ev_document'
     at: push_warning (core/variant/variant_utility.cpp:1034)
     GDScript backtrace (most recent call first):
         [0] load_case (res://scripts/managers/case_manager.gd:114)
         [1] before_each (res://tests/unit/test_evidence_manager.gd:244)
         [2] _run_test (res://addons/gut/gut.gd:605)
         [3] _test_the_scripts (res://addons/gut/gut.gd:818)
WARNING: [CaseManager] Validation: EvidenceData: discovery_method is required for evidence 'ev_photo'
     at: push_warning (core/variant/variant_utility.cpp:1034)
     GDScript backtrace (most recent call first):
         [0] load_case (res://scripts/managers/case_manager.gd:114)
         [1] before_each (res://tests/unit/test_evidence_manager.gd:244)
         [2] _run_test (res://addons/gut/gut.gd:605)
         [3] _test_the_scripts (res://addons/gut/gut.gd:818)
WARNING: [CaseManager] Validation: EvidenceData: discovery_method is required for evidence 'ev_phone'
     at: push_warning (core/variant/variant_utility.cpp:1034)
     GDScript backtrace (most recent call first):
         [0] load_case (res://scripts/managers/case_manager.gd:114)
         [1] before_each (res://tests/unit/test_evidence_manager.gd:244)
         [2] _run_test (res://addons/gut/gut.gd:605)
         [3] _test_the_scripts (res://addons/gut/gut.gd:818)
WARNING: [CaseManager] Validation: EvidenceData: discovery_method is required for evidence 'ev_knife'
     at: push_warning (core/variant/variant_utility.cpp:1034)
     GDScript backtrace (most recent call first):
         [0] load_case (res://scripts/managers/case_manager.gd:114)
         [1] before_each (res://tests/unit/test_evidence_manager.gd:244)
         [2] _run_test (res://addons/gut/gut.gd:605)
         [3] _test_the_scripts (res://addons/gut/gut.gd:818)
WARNING: [CaseManager] Validation: EvidenceData: discovery_method is required for evidence 'ev_letter'
     at: push_warning (core/variant/variant_utility.cpp:1034)
     GDScript backtrace (most recent call first):
         [0] load_case (res://scripts/managers/case_manager.gd:114)
         [1] before_each (res://tests/unit/test_evidence_manager.gd:244)
         [2] _run_test (res://addons/gut/gut.gd:605)
         [3] _test_the_scripts (res://addons/gut/gut.gd:818)
WARNING: [CaseManager] Validation: EvidenceData: discovery_method is required for evidence 'ev_knife_result'
     at: push_warning (core/variant/variant_utility.cpp:1034)
     GDScript backtrace (most recent call first):
         [0] load_case (res://scripts/managers/case_manager.gd:114)
         [1] before_each (res://tests/unit/test_evidence_manager.gd:244)
         [2] _run_test (res://addons/gut/gut.gd:605)
         [3] _test_the_scripts (res://addons/gut/gut.gd:818)
WARNING: [CaseManager] Validation: CaseData: lab output evidence 'ev_knife_result' must set derived_from to 'ev_knife'
     at: push_warning (core/variant/variant_utility.cpp:1034)
     GDScript backtrace (most recent call first):
         [0] load_case (res://scripts/managers/case_manager.gd:114)
         [1] before_each (res://tests/unit/test_evidence_manager.gd:244)
         [2] _run_test (res://addons/gut/gut.gd:605)
         [3] _test_the_scripts (res://addons/gut/gut.gd:818)
* test_get_valid_comparisons_excludes_undiscovered_evidence
WARNING: [CaseManager] Validation: EvidenceData: discovery_method is required for evidence 'ev_fingerprint'
     at: push_warning (core/variant/variant_utility.cpp:1034)
     GDScript backtrace (most recent call first):
         [0] load_case (res://scripts/managers/case_manager.gd:114)
         [1] before_each (res://tests/unit/test_evidence_manager.gd:244)
         [2] _run_test (res://addons/gut/gut.gd:605)
         [3] _test_the_scripts (res://addons/gut/gut.gd:818)
WARNING: [CaseManager] Validation: EvidenceData: discovery_method is required for evidence 'ev_camera'
     at: push_warning (core/variant/variant_utility.cpp:1034)
     GDScript backtrace (most recent call first):
         [0] load_case (res://scripts/managers/case_manager.gd:114)
         [1] before_each (res://tests/unit/test_evidence_manager.gd:244)
         [2] _run_test (res://addons/gut/gut.gd:605)
         [3] _test_the_scripts (res://addons/gut/gut.gd:818)
WARNING: [CaseManager] Validation: EvidenceData: discovery_method is required for evidence 'ev_document'
     at: push_warning (core/variant/variant_utility.cpp:1034)
     GDScript backtrace (most recent call first):
         [0] load_case (res://scripts/managers/case_manager.gd:114)
         [1] before_each (res://tests/unit/test_evidence_manager.gd:244)
         [2] _run_test (res://addons/gut/gut.gd:605)
         [3] _test_the_scripts (res://addons/gut/gut.gd:818)
WARNING: [CaseManager] Validation: EvidenceData: discovery_method is required for evidence 'ev_photo'
     at: push_warning (core/variant/variant_utility.cpp:1034)
     GDScript backtrace (most recent call first):
         [0] load_case (res://scripts/managers/case_manager.gd:114)
         [1] before_each (res://tests/unit/test_evidence_manager.gd:244)
         [2] _run_test (res://addons/gut/gut.gd:605)
         [3] _test_the_scripts (res://addons/gut/gut.gd:818)
WARNING: [CaseManager] Validation: EvidenceData: discovery_method is required for evidence 'ev_phone'
     at: push_warning (core/variant/variant_utility.cpp:1034)
     GDScript backtrace (most recent call first):
         [0] load_case (res://scripts/managers/case_manager.gd:114)
         [1] before_each (res://tests/unit/test_evidence_manager.gd:244)
         [2] _run_test (res://addons/gut/gut.gd:605)
         [3] _test_the_scripts (res://addons/gut/gut.gd:818)
WARNING: [CaseManager] Validation: EvidenceData: discovery_method is required for evidence 'ev_knife'
     at: push_warning (core/variant/variant_utility.cpp:1034)
     GDScript backtrace (most recent call first):
         [0] load_case (res://scripts/managers/case_manager.gd:114)
         [1] before_each (res://tests/unit/test_evidence_manager.gd:244)
         [2] _run_test (res://addons/gut/gut.gd:605)
         [3] _test_the_scripts (res://addons/gut/gut.gd:818)
WARNING: [CaseManager] Validation: EvidenceData: discovery_method is required for evidence 'ev_letter'
     at: push_warning (core/variant/variant_utility.cpp:1034)
     GDScript backtrace (most recent call first):
         [0] load_case (res://scripts/managers/case_manager.gd:114)
         [1] before_each (res://tests/unit/test_evidence_manager.gd:244)
         [2] _run_test (res://addons/gut/gut.gd:605)
         [3] _test_the_scripts (res://addons/gut/gut.gd:818)
WARNING: [CaseManager] Validation: EvidenceData: discovery_method is required for evidence 'ev_knife_result'
     at: push_warning (core/variant/variant_utility.cpp:1034)
     GDScript backtrace (most recent call first):
         [0] load_case (res://scripts/managers/case_manager.gd:114)
         [1] before_each (res://tests/unit/test_evidence_manager.gd:244)
         [2] _run_test (res://addons/gut/gut.gd:605)
         [3] _test_the_scripts (res://addons/gut/gut.gd:818)
WARNING: [CaseManager] Validation: CaseData: lab output evidence 'ev_knife_result' must set derived_from to 'ev_knife'
     at: push_warning (core/variant/variant_utility.cpp:1034)
     GDScript backtrace (most recent call first):
         [0] load_case (res://scripts/managers/case_manager.gd:114)
         [1] before_each (res://tests/unit/test_evidence_manager.gd:244)
         [2] _run_test (res://addons/gut/gut.gd:605)
         [3] _test_the_scripts (res://addons/gut/gut.gd:818)
* test_get_testimony_returns_current_day_statements
WARNING: [CaseManager] Validation: EvidenceData: discovery_method is required for evidence 'ev_fingerprint'
     at: push_warning (core/variant/variant_utility.cpp:1034)
     GDScript backtrace (most recent call first):
         [0] load_case (res://scripts/managers/case_manager.gd:114)
         [1] before_each (res://tests/unit/test_evidence_manager.gd:244)
         [2] _run_test (res://addons/gut/gut.gd:605)
         [3] _test_the_scripts (res://addons/gut/gut.gd:818)
WARNING: [CaseManager] Validation: EvidenceData: discovery_method is required for evidence 'ev_camera'
     at: push_warning (core/variant/variant_utility.cpp:1034)
     GDScript backtrace (most recent call first):
         [0] load_case (res://scripts/managers/case_manager.gd:114)
         [1] before_each (res://tests/unit/test_evidence_manager.gd:244)
         [2] _run_test (res://addons/gut/gut.gd:605)
         [3] _test_the_scripts (res://addons/gut/gut.gd:818)
WARNING: [CaseManager] Validation: EvidenceData: discovery_method is required for evidence 'ev_document'
     at: push_warning (core/variant/variant_utility.cpp:1034)
     GDScript backtrace (most recent call first):
         [0] load_case (res://scripts/managers/case_manager.gd:114)
         [1] before_each (res://tests/unit/test_evidence_manager.gd:244)
         [2] _run_test (res://addons/gut/gut.gd:605)
         [3] _test_the_scripts (res://addons/gut/gut.gd:818)
WARNING: [CaseManager] Validation: EvidenceData: discovery_method is required for evidence 'ev_photo'
     at: push_warning (core/variant/variant_utility.cpp:1034)
     GDScript backtrace (most recent call first):
         [0] load_case (res://scripts/managers/case_manager.gd:114)
         [1] before_each (res://tests/unit/test_evidence_manager.gd:244)
         [2] _run_test (res://addons/gut/gut.gd:605)
         [3] _test_the_scripts (res://addons/gut/gut.gd:818)
WARNING: [CaseManager] Validation: EvidenceData: discovery_method is required for evidence 'ev_phone'
     at: push_warning (core/variant/variant_utility.cpp:1034)
     GDScript backtrace (most recent call first):
         [0] load_case (res://scripts/managers/case_manager.gd:114)
         [1] before_each (res://tests/unit/test_evidence_manager.gd:244)
         [2] _run_test (res://addons/gut/gut.gd:605)
         [3] _test_the_scripts (res://addons/gut/gut.gd:818)
WARNING: [CaseManager] Validation: EvidenceData: discovery_method is required for evidence 'ev_knife'
     at: push_warning (core/variant/variant_utility.cpp:1034)
     GDScript backtrace (most recent call first):
         [0] load_case (res://scripts/managers/case_manager.gd:114)
         [1] before_each (res://tests/unit/test_evidence_manager.gd:244)
         [2] _run_test (res://addons/gut/gut.gd:605)
         [3] _test_the_scripts (res://addons/gut/gut.gd:818)
WARNING: [CaseManager] Validation: EvidenceData: discovery_method is required for evidence 'ev_letter'
     at: push_warning (core/variant/variant_utility.cpp:1034)
     GDScript backtrace (most recent call first):
         [0] load_case (res://scripts/managers/case_manager.gd:114)
         [1] before_each (res://tests/unit/test_evidence_manager.gd:244)
         [2] _run_test (res://addons/gut/gut.gd:605)
         [3] _test_the_scripts (res://addons/gut/gut.gd:818)
WARNING: [CaseManager] Validation: EvidenceData: discovery_method is required for evidence 'ev_knife_result'
     at: push_warning (core/variant/variant_utility.cpp:1034)
     GDScript backtrace (most recent call first):
         [0] load_case (res://scripts/managers/case_manager.gd:114)
         [1] before_each (res://tests/unit/test_evidence_manager.gd:244)
         [2] _run_test (res://addons/gut/gut.gd:605)
         [3] _test_the_scripts (res://addons/gut/gut.gd:818)
WARNING: [CaseManager] Validation: CaseData: lab output evidence 'ev_knife_result' must set derived_from to 'ev_knife'
     at: push_warning (core/variant/variant_utility.cpp:1034)
     GDScript backtrace (most recent call first):
         [0] load_case (res://scripts/managers/case_manager.gd:114)
         [1] before_each (res://tests/unit/test_evidence_manager.gd:244)
         [2] _run_test (res://addons/gut/gut.gd:605)
         [3] _test_the_scripts (res://addons/gut/gut.gd:818)
* test_get_testimony_excludes_future_statements
WARNING: [CaseManager] Validation: EvidenceData: discovery_method is required for evidence 'ev_fingerprint'
     at: push_warning (core/variant/variant_utility.cpp:1034)
     GDScript backtrace (most recent call first):
         [0] load_case (res://scripts/managers/case_manager.gd:114)
         [1] before_each (res://tests/unit/test_evidence_manager.gd:244)
         [2] _run_test (res://addons/gut/gut.gd:605)
         [3] _test_the_scripts (res://addons/gut/gut.gd:818)
WARNING: [CaseManager] Validation: EvidenceData: discovery_method is required for evidence 'ev_camera'
     at: push_warning (core/variant/variant_utility.cpp:1034)
     GDScript backtrace (most recent call first):
         [0] load_case (res://scripts/managers/case_manager.gd:114)
         [1] before_each (res://tests/unit/test_evidence_manager.gd:244)
         [2] _run_test (res://addons/gut/gut.gd:605)
         [3] _test_the_scripts (res://addons/gut/gut.gd:818)
WARNING: [CaseManager] Validation: EvidenceData: discovery_method is required for evidence 'ev_document'
     at: push_warning (core/variant/variant_utility.cpp:1034)
     GDScript backtrace (most recent call first):
         [0] load_case (res://scripts/managers/case_manager.gd:114)
         [1] before_each (res://tests/unit/test_evidence_manager.gd:244)
         [2] _run_test (res://addons/gut/gut.gd:605)
         [3] _test_the_scripts (res://addons/gut/gut.gd:818)
WARNING: [CaseManager] Validation: EvidenceData: discovery_method is required for evidence 'ev_photo'
     at: push_warning (core/variant/variant_utility.cpp:1034)
     GDScript backtrace (most recent call first):
         [0] load_case (res://scripts/managers/case_manager.gd:114)
         [1] before_each (res://tests/unit/test_evidence_manager.gd:244)
         [2] _run_test (res://addons/gut/gut.gd:605)
         [3] _test_the_scripts (res://addons/gut/gut.gd:818)
WARNING: [CaseManager] Validation: EvidenceData: discovery_method is required for evidence 'ev_phone'
     at: push_warning (core/variant/variant_utility.cpp:1034)
     GDScript backtrace (most recent call first):
         [0] load_case (res://scripts/managers/case_manager.gd:114)
         [1] before_each (res://tests/unit/test_evidence_manager.gd:244)
         [2] _run_test (res://addons/gut/gut.gd:605)
         [3] _test_the_scripts (res://addons/gut/gut.gd:818)
WARNING: [CaseManager] Validation: EvidenceData: discovery_method is required for evidence 'ev_knife'
     at: push_warning (core/variant/variant_utility.cpp:1034)
     GDScript backtrace (most recent call first):
         [0] load_case (res://scripts/managers/case_manager.gd:114)
         [1] before_each (res://tests/unit/test_evidence_manager.gd:244)
         [2] _run_test (res://addons/gut/gut.gd:605)
         [3] _test_the_scripts (res://addons/gut/gut.gd:818)
WARNING: [CaseManager] Validation: EvidenceData: discovery_method is required for evidence 'ev_letter'
     at: push_warning (core/variant/variant_utility.cpp:1034)
     GDScript backtrace (most recent call first):
         [0] load_case (res://scripts/managers/case_manager.gd:114)
         [1] before_each (res://tests/unit/test_evidence_manager.gd:244)
         [2] _run_test (res://addons/gut/gut.gd:605)
         [3] _test_the_scripts (res://addons/gut/gut.gd:818)
WARNING: [CaseManager] Validation: EvidenceData: discovery_method is required for evidence 'ev_knife_result'
     at: push_warning (core/variant/variant_utility.cpp:1034)
     GDScript backtrace (most recent call first):
         [0] load_case (res://scripts/managers/case_manager.gd:114)
         [1] before_each (res://tests/unit/test_evidence_manager.gd:244)
         [2] _run_test (res://addons/gut/gut.gd:605)
         [3] _test_the_scripts (res://addons/gut/gut.gd:818)
WARNING: [CaseManager] Validation: CaseData: lab output evidence 'ev_knife_result' must set derived_from to 'ev_knife'
     at: push_warning (core/variant/variant_utility.cpp:1034)
     GDScript backtrace (most recent call first):
         [0] load_case (res://scripts/managers/case_manager.gd:114)
         [1] before_each (res://tests/unit/test_evidence_manager.gd:244)
         [2] _run_test (res://addons/gut/gut.gd:605)
         [3] _test_the_scripts (res://addons/gut/gut.gd:818)
* test_get_testimony_includes_past_days
WARNING: [CaseManager] Validation: EvidenceData: discovery_method is required for evidence 'ev_fingerprint'
     at: push_warning (core/variant/variant_utility.cpp:1034)
     GDScript backtrace (most recent call first):
         [0] load_case (res://scripts/managers/case_manager.gd:114)
         [1] before_each (res://tests/unit/test_evidence_manager.gd:244)
         [2] _run_test (res://addons/gut/gut.gd:605)
         [3] _test_the_scripts (res://addons/gut/gut.gd:818)
WARNING: [CaseManager] Validation: EvidenceData: discovery_method is required for evidence 'ev_camera'
     at: push_warning (core/variant/variant_utility.cpp:1034)
     GDScript backtrace (most recent call first):
         [0] load_case (res://scripts/managers/case_manager.gd:114)
         [1] before_each (res://tests/unit/test_evidence_manager.gd:244)
         [2] _run_test (res://addons/gut/gut.gd:605)
         [3] _test_the_scripts (res://addons/gut/gut.gd:818)
WARNING: [CaseManager] Validation: EvidenceData: discovery_method is required for evidence 'ev_document'
     at: push_warning (core/variant/variant_utility.cpp:1034)
     GDScript backtrace (most recent call first):
         [0] load_case (res://scripts/managers/case_manager.gd:114)
         [1] before_each (res://tests/unit/test_evidence_manager.gd:244)
         [2] _run_test (res://addons/gut/gut.gd:605)
         [3] _test_the_scripts (res://addons/gut/gut.gd:818)
WARNING: [CaseManager] Validation: EvidenceData: discovery_method is required for evidence 'ev_photo'
     at: push_warning (core/variant/variant_utility.cpp:1034)
     GDScript backtrace (most recent call first):
         [0] load_case (res://scripts/managers/case_manager.gd:114)
         [1] before_each (res://tests/unit/test_evidence_manager.gd:244)
         [2] _run_test (res://addons/gut/gut.gd:605)
         [3] _test_the_scripts (res://addons/gut/gut.gd:818)
WARNING: [CaseManager] Validation: EvidenceData: discovery_method is required for evidence 'ev_phone'
     at: push_warning (core/variant/variant_utility.cpp:1034)
     GDScript backtrace (most recent call first):
         [0] load_case (res://scripts/managers/case_manager.gd:114)
         [1] before_each (res://tests/unit/test_evidence_manager.gd:244)
         [2] _run_test (res://addons/gut/gut.gd:605)
         [3] _test_the_scripts (res://addons/gut/gut.gd:818)
WARNING: [CaseManager] Validation: EvidenceData: discovery_method is required for evidence 'ev_knife'
     at: push_warning (core/variant/variant_utility.cpp:1034)
     GDScript backtrace (most recent call first):
         [0] load_case (res://scripts/managers/case_manager.gd:114)
         [1] before_each (res://tests/unit/test_evidence_manager.gd:244)
         [2] _run_test (res://addons/gut/gut.gd:605)
         [3] _test_the_scripts (res://addons/gut/gut.gd:818)
WARNING: [CaseManager] Validation: EvidenceData: discovery_method is required for evidence 'ev_letter'
     at: push_warning (core/variant/variant_utility.cpp:1034)
     GDScript backtrace (most recent call first):
         [0] load_case (res://scripts/managers/case_manager.gd:114)
         [1] before_each (res://tests/unit/test_evidence_manager.gd:244)
         [2] _run_test (res://addons/gut/gut.gd:605)
         [3] _test_the_scripts (res://addons/gut/gut.gd:818)
WARNING: [CaseManager] Validation: EvidenceData: discovery_method is required for evidence 'ev_knife_result'
     at: push_warning (core/variant/variant_utility.cpp:1034)
     GDScript backtrace (most recent call first):
         [0] load_case (res://scripts/managers/case_manager.gd:114)
         [1] before_each (res://tests/unit/test_evidence_manager.gd:244)
         [2] _run_test (res://addons/gut/gut.gd:605)
         [3] _test_the_scripts (res://addons/gut/gut.gd:818)
WARNING: [CaseManager] Validation: CaseData: lab output evidence 'ev_knife_result' must set derived_from to 'ev_knife'
     at: push_warning (core/variant/variant_utility.cpp:1034)
     GDScript backtrace (most recent call first):
         [0] load_case (res://scripts/managers/case_manager.gd:114)
         [1] before_each (res://tests/unit/test_evidence_manager.gd:244)
         [2] _run_test (res://addons/gut/gut.gd:605)
         [3] _test_the_scripts (res://addons/gut/gut.gd:818)
* test_get_testimony_all_days
WARNING: [CaseManager] Validation: EvidenceData: discovery_method is required for evidence 'ev_fingerprint'
     at: push_warning (core/variant/variant_utility.cpp:1034)
     GDScript backtrace (most recent call first):
         [0] load_case (res://scripts/managers/case_manager.gd:114)
         [1] before_each (res://tests/unit/test_evidence_manager.gd:244)
         [2] _run_test (res://addons/gut/gut.gd:605)
         [3] _test_the_scripts (res://addons/gut/gut.gd:818)
WARNING: [CaseManager] Validation: EvidenceData: discovery_method is required for evidence 'ev_camera'
     at: push_warning (core/variant/variant_utility.cpp:1034)
     GDScript backtrace (most recent call first):
         [0] load_case (res://scripts/managers/case_manager.gd:114)
         [1] before_each (res://tests/unit/test_evidence_manager.gd:244)
         [2] _run_test (res://addons/gut/gut.gd:605)
         [3] _test_the_scripts (res://addons/gut/gut.gd:818)
WARNING: [CaseManager] Validation: EvidenceData: discovery_method is required for evidence 'ev_document'
     at: push_warning (core/variant/variant_utility.cpp:1034)
     GDScript backtrace (most recent call first):
         [0] load_case (res://scripts/managers/case_manager.gd:114)
         [1] before_each (res://tests/unit/test_evidence_manager.gd:244)
         [2] _run_test (res://addons/gut/gut.gd:605)
         [3] _test_the_scripts (res://addons/gut/gut.gd:818)
WARNING: [CaseManager] Validation: EvidenceData: discovery_method is required for evidence 'ev_photo'
     at: push_warning (core/variant/variant_utility.cpp:1034)
     GDScript backtrace (most recent call first):
         [0] load_case (res://scripts/managers/case_manager.gd:114)
         [1] before_each (res://tests/unit/test_evidence_manager.gd:244)
         [2] _run_test (res://addons/gut/gut.gd:605)
         [3] _test_the_scripts (res://addons/gut/gut.gd:818)
WARNING: [CaseManager] Validation: EvidenceData: discovery_method is required for evidence 'ev_phone'
     at: push_warning (core/variant/variant_utility.cpp:1034)
     GDScript backtrace (most recent call first):
         [0] load_case (res://scripts/managers/case_manager.gd:114)
         [1] before_each (res://tests/unit/test_evidence_manager.gd:244)
         [2] _run_test (res://addons/gut/gut.gd:605)
         [3] _test_the_scripts (res://addons/gut/gut.gd:818)
WARNING: [CaseManager] Validation: EvidenceData: discovery_method is required for evidence 'ev_knife'
     at: push_warning (core/variant/variant_utility.cpp:1034)
     GDScript backtrace (most recent call first):
         [0] load_case (res://scripts/managers/case_manager.gd:114)
         [1] before_each (res://tests/unit/test_evidence_manager.gd:244)
         [2] _run_test (res://addons/gut/gut.gd:605)
         [3] _test_the_scripts (res://addons/gut/gut.gd:818)
WARNING: [CaseManager] Validation: EvidenceData: discovery_method is required for evidence 'ev_letter'
     at: push_warning (core/variant/variant_utility.cpp:1034)
     GDScript backtrace (most recent call first):
         [0] load_case (res://scripts/managers/case_manager.gd:114)
         [1] before_each (res://tests/unit/test_evidence_manager.gd:244)
         [2] _run_test (res://addons/gut/gut.gd:605)
         [3] _test_the_scripts (res://addons/gut/gut.gd:818)
WARNING: [CaseManager] Validation: EvidenceData: discovery_method is required for evidence 'ev_knife_result'
     at: push_warning (core/variant/variant_utility.cpp:1034)
     GDScript backtrace (most recent call first):
         [0] load_case (res://scripts/managers/case_manager.gd:114)
         [1] before_each (res://tests/unit/test_evidence_manager.gd:244)
         [2] _run_test (res://addons/gut/gut.gd:605)
         [3] _test_the_scripts (res://addons/gut/gut.gd:818)
WARNING: [CaseManager] Validation: CaseData: lab output evidence 'ev_knife_result' must set derived_from to 'ev_knife'
     at: push_warning (core/variant/variant_utility.cpp:1034)
     GDScript backtrace (most recent call first):
         [0] load_case (res://scripts/managers/case_manager.gd:114)
         [1] before_each (res://tests/unit/test_evidence_manager.gd:244)
         [2] _run_test (res://addons/gut/gut.gd:605)
         [3] _test_the_scripts (res://addons/gut/gut.gd:818)
* test_check_contradictions_finds_matches
WARNING: [CaseManager] Validation: EvidenceData: discovery_method is required for evidence 'ev_fingerprint'
     at: push_warning (core/variant/variant_utility.cpp:1034)
     GDScript backtrace (most recent call first):
         [0] load_case (res://scripts/managers/case_manager.gd:114)
         [1] before_each (res://tests/unit/test_evidence_manager.gd:244)
         [2] _run_test (res://addons/gut/gut.gd:605)
         [3] _test_the_scripts (res://addons/gut/gut.gd:818)
WARNING: [CaseManager] Validation: EvidenceData: discovery_method is required for evidence 'ev_camera'
     at: push_warning (core/variant/variant_utility.cpp:1034)
     GDScript backtrace (most recent call first):
         [0] load_case (res://scripts/managers/case_manager.gd:114)
         [1] before_each (res://tests/unit/test_evidence_manager.gd:244)
         [2] _run_test (res://addons/gut/gut.gd:605)
         [3] _test_the_scripts (res://addons/gut/gut.gd:818)
WARNING: [CaseManager] Validation: EvidenceData: discovery_method is required for evidence 'ev_document'
     at: push_warning (core/variant/variant_utility.cpp:1034)
     GDScript backtrace (most recent call first):
         [0] load_case (res://scripts/managers/case_manager.gd:114)
         [1] before_each (res://tests/unit/test_evidence_manager.gd:244)
         [2] _run_test (res://addons/gut/gut.gd:605)
         [3] _test_the_scripts (res://addons/gut/gut.gd:818)
WARNING: [CaseManager] Validation: EvidenceData: discovery_method is required for evidence 'ev_photo'
     at: push_warning (core/variant/variant_utility.cpp:1034)
     GDScript backtrace (most recent call first):
         [0] load_case (res://scripts/managers/case_manager.gd:114)
         [1] before_each (res://tests/unit/test_evidence_manager.gd:244)
         [2] _run_test (res://addons/gut/gut.gd:605)
         [3] _test_the_scripts (res://addons/gut/gut.gd:818)
WARNING: [CaseManager] Validation: EvidenceData: discovery_method is required for evidence 'ev_phone'
     at: push_warning (core/variant/variant_utility.cpp:1034)
     GDScript backtrace (most recent call first):
         [0] load_case (res://scripts/managers/case_manager.gd:114)
         [1] before_each (res://tests/unit/test_evidence_manager.gd:244)
         [2] _run_test (res://addons/gut/gut.gd:605)
         [3] _test_the_scripts (res://addons/gut/gut.gd:818)
WARNING: [CaseManager] Validation: EvidenceData: discovery_method is required for evidence 'ev_knife'
     at: push_warning (core/variant/variant_utility.cpp:1034)
     GDScript backtrace (most recent call first):
         [0] load_case (res://scripts/managers/case_manager.gd:114)
         [1] before_each (res://tests/unit/test_evidence_manager.gd:244)
         [2] _run_test (res://addons/gut/gut.gd:605)
         [3] _test_the_scripts (res://addons/gut/gut.gd:818)
WARNING: [CaseManager] Validation: EvidenceData: discovery_method is required for evidence 'ev_letter'
     at: push_warning (core/variant/variant_utility.cpp:1034)
     GDScript backtrace (most recent call first):
         [0] load_case (res://scripts/managers/case_manager.gd:114)
         [1] before_each (res://tests/unit/test_evidence_manager.gd:244)
         [2] _run_test (res://addons/gut/gut.gd:605)
         [3] _test_the_scripts (res://addons/gut/gut.gd:818)
WARNING: [CaseManager] Validation: EvidenceData: discovery_method is required for evidence 'ev_knife_result'
     at: push_warning (core/variant/variant_utility.cpp:1034)
     GDScript backtrace (most recent call first):
         [0] load_case (res://scripts/managers/case_manager.gd:114)
         [1] before_each (res://tests/unit/test_evidence_manager.gd:244)
         [2] _run_test (res://addons/gut/gut.gd:605)
         [3] _test_the_scripts (res://addons/gut/gut.gd:818)
WARNING: [CaseManager] Validation: CaseData: lab output evidence 'ev_knife_result' must set derived_from to 'ev_knife'
     at: push_warning (core/variant/variant_utility.cpp:1034)
     GDScript backtrace (most recent call first):
         [0] load_case (res://scripts/managers/case_manager.gd:114)
         [1] before_each (res://tests/unit/test_evidence_manager.gd:244)
         [2] _run_test (res://addons/gut/gut.gd:605)
         [3] _test_the_scripts (res://addons/gut/gut.gd:818)
* test_check_contradictions_empty_when_no_evidence
WARNING: [CaseManager] Validation: EvidenceData: discovery_method is required for evidence 'ev_fingerprint'
     at: push_warning (core/variant/variant_utility.cpp:1034)
     GDScript backtrace (most recent call first):
         [0] load_case (res://scripts/managers/case_manager.gd:114)
         [1] before_each (res://tests/unit/test_evidence_manager.gd:244)
         [2] _run_test (res://addons/gut/gut.gd:605)
         [3] _test_the_scripts (res://addons/gut/gut.gd:818)
WARNING: [CaseManager] Validation: EvidenceData: discovery_method is required for evidence 'ev_camera'
     at: push_warning (core/variant/variant_utility.cpp:1034)
     GDScript backtrace (most recent call first):
         [0] load_case (res://scripts/managers/case_manager.gd:114)
         [1] before_each (res://tests/unit/test_evidence_manager.gd:244)
         [2] _run_test (res://addons/gut/gut.gd:605)
         [3] _test_the_scripts (res://addons/gut/gut.gd:818)
WARNING: [CaseManager] Validation: EvidenceData: discovery_method is required for evidence 'ev_document'
     at: push_warning (core/variant/variant_utility.cpp:1034)
     GDScript backtrace (most recent call first):
         [0] load_case (res://scripts/managers/case_manager.gd:114)
         [1] before_each (res://tests/unit/test_evidence_manager.gd:244)
         [2] _run_test (res://addons/gut/gut.gd:605)
         [3] _test_the_scripts (res://addons/gut/gut.gd:818)
WARNING: [CaseManager] Validation: EvidenceData: discovery_method is required for evidence 'ev_photo'
     at: push_warning (core/variant/variant_utility.cpp:1034)
     GDScript backtrace (most recent call first):
         [0] load_case (res://scripts/managers/case_manager.gd:114)
         [1] before_each (res://tests/unit/test_evidence_manager.gd:244)
         [2] _run_test (res://addons/gut/gut.gd:605)
         [3] _test_the_scripts (res://addons/gut/gut.gd:818)
WARNING: [CaseManager] Validation: EvidenceData: discovery_method is required for evidence 'ev_phone'
     at: push_warning (core/variant/variant_utility.cpp:1034)
     GDScript backtrace (most recent call first):
         [0] load_case (res://scripts/managers/case_manager.gd:114)
         [1] before_each (res://tests/unit/test_evidence_manager.gd:244)
         [2] _run_test (res://addons/gut/gut.gd:605)
         [3] _test_the_scripts (res://addons/gut/gut.gd:818)
WARNING: [CaseManager] Validation: EvidenceData: discovery_method is required for evidence 'ev_knife'
     at: push_warning (core/variant/variant_utility.cpp:1034)
     GDScript backtrace (most recent call first):
         [0] load_case (res://scripts/managers/case_manager.gd:114)
         [1] before_each (res://tests/unit/test_evidence_manager.gd:244)
         [2] _run_test (res://addons/gut/gut.gd:605)
         [3] _test_the_scripts (res://addons/gut/gut.gd:818)
WARNING: [CaseManager] Validation: EvidenceData: discovery_method is required for evidence 'ev_letter'
     at: push_warning (core/variant/variant_utility.cpp:1034)
     GDScript backtrace (most recent call first):
         [0] load_case (res://scripts/managers/case_manager.gd:114)
         [1] before_each (res://tests/unit/test_evidence_manager.gd:244)
         [2] _run_test (res://addons/gut/gut.gd:605)
         [3] _test_the_scripts (res://addons/gut/gut.gd:818)
WARNING: [CaseManager] Validation: EvidenceData: discovery_method is required for evidence 'ev_knife_result'
     at: push_warning (core/variant/variant_utility.cpp:1034)
     GDScript backtrace (most recent call first):
         [0] load_case (res://scripts/managers/case_manager.gd:114)
         [1] before_each (res://tests/unit/test_evidence_manager.gd:244)
         [2] _run_test (res://addons/gut/gut.gd:605)
         [3] _test_the_scripts (res://addons/gut/gut.gd:818)
WARNING: [CaseManager] Validation: CaseData: lab output evidence 'ev_knife_result' must set derived_from to 'ev_knife'
     at: push_warning (core/variant/variant_utility.cpp:1034)
     GDScript backtrace (most recent call first):
         [0] load_case (res://scripts/managers/case_manager.gd:114)
         [1] before_each (res://tests/unit/test_evidence_manager.gd:244)
         [2] _run_test (res://addons/gut/gut.gd:605)
         [3] _test_the_scripts (res://addons/gut/gut.gd:818)
* test_check_contradictions_specific_evidence
WARNING: [CaseManager] Validation: EvidenceData: discovery_method is required for evidence 'ev_fingerprint'
     at: push_warning (core/variant/variant_utility.cpp:1034)
     GDScript backtrace (most recent call first):
         [0] load_case (res://scripts/managers/case_manager.gd:114)
         [1] before_each (res://tests/unit/test_evidence_manager.gd:244)
         [2] _run_test (res://addons/gut/gut.gd:605)
         [3] _test_the_scripts (res://addons/gut/gut.gd:818)
WARNING: [CaseManager] Validation: EvidenceData: discovery_method is required for evidence 'ev_camera'
     at: push_warning (core/variant/variant_utility.cpp:1034)
     GDScript backtrace (most recent call first):
         [0] load_case (res://scripts/managers/case_manager.gd:114)
         [1] before_each (res://tests/unit/test_evidence_manager.gd:244)
         [2] _run_test (res://addons/gut/gut.gd:605)
         [3] _test_the_scripts (res://addons/gut/gut.gd:818)
WARNING: [CaseManager] Validation: EvidenceData: discovery_method is required for evidence 'ev_document'
     at: push_warning (core/variant/variant_utility.cpp:1034)
     GDScript backtrace (most recent call first):
         [0] load_case (res://scripts/managers/case_manager.gd:114)
         [1] before_each (res://tests/unit/test_evidence_manager.gd:244)
         [2] _run_test (res://addons/gut/gut.gd:605)
         [3] _test_the_scripts (res://addons/gut/gut.gd:818)
WARNING: [CaseManager] Validation: EvidenceData: discovery_method is required for evidence 'ev_photo'
     at: push_warning (core/variant/variant_utility.cpp:1034)
     GDScript backtrace (most recent call first):
         [0] load_case (res://scripts/managers/case_manager.gd:114)
         [1] before_each (res://tests/unit/test_evidence_manager.gd:244)
         [2] _run_test (res://addons/gut/gut.gd:605)
         [3] _test_the_scripts (res://addons/gut/gut.gd:818)
WARNING: [CaseManager] Validation: EvidenceData: discovery_method is required for evidence 'ev_phone'
     at: push_warning (core/variant/variant_utility.cpp:1034)
     GDScript backtrace (most recent call first):
         [0] load_case (res://scripts/managers/case_manager.gd:114)
         [1] before_each (res://tests/unit/test_evidence_manager.gd:244)
         [2] _run_test (res://addons/gut/gut.gd:605)
         [3] _test_the_scripts (res://addons/gut/gut.gd:818)
WARNING: [CaseManager] Validation: EvidenceData: discovery_method is required for evidence 'ev_knife'
     at: push_warning (core/variant/variant_utility.cpp:1034)
     GDScript backtrace (most recent call first):
         [0] load_case (res://scripts/managers/case_manager.gd:114)
         [1] before_each (res://tests/unit/test_evidence_manager.gd:244)
         [2] _run_test (res://addons/gut/gut.gd:605)
         [3] _test_the_scripts (res://addons/gut/gut.gd:818)
WARNING: [CaseManager] Validation: EvidenceData: discovery_method is required for evidence 'ev_letter'
     at: push_warning (core/variant/variant_utility.cpp:1034)
     GDScript backtrace (most recent call first):
         [0] load_case (res://scripts/managers/case_manager.gd:114)
         [1] before_each (res://tests/unit/test_evidence_manager.gd:244)
         [2] _run_test (res://addons/gut/gut.gd:605)
         [3] _test_the_scripts (res://addons/gut/gut.gd:818)
WARNING: [CaseManager] Validation: EvidenceData: discovery_method is required for evidence 'ev_knife_result'
     at: push_warning (core/variant/variant_utility.cpp:1034)
     GDScript backtrace (most recent call first):
         [0] load_case (res://scripts/managers/case_manager.gd:114)
         [1] before_each (res://tests/unit/test_evidence_manager.gd:244)
         [2] _run_test (res://addons/gut/gut.gd:605)
         [3] _test_the_scripts (res://addons/gut/gut.gd:818)
WARNING: [CaseManager] Validation: CaseData: lab output evidence 'ev_knife_result' must set derived_from to 'ev_knife'
     at: push_warning (core/variant/variant_utility.cpp:1034)
     GDScript backtrace (most recent call first):
         [0] load_case (res://scripts/managers/case_manager.gd:114)
         [1] before_each (res://tests/unit/test_evidence_manager.gd:244)
         [2] _run_test (res://addons/gut/gut.gd:605)
         [3] _test_the_scripts (res://addons/gut/gut.gd:818)
* test_has_contradiction_true
WARNING: [CaseManager] Validation: EvidenceData: discovery_method is required for evidence 'ev_fingerprint'
     at: push_warning (core/variant/variant_utility.cpp:1034)
     GDScript backtrace (most recent call first):
         [0] load_case (res://scripts/managers/case_manager.gd:114)
         [1] before_each (res://tests/unit/test_evidence_manager.gd:244)
         [2] _run_test (res://addons/gut/gut.gd:605)
         [3] _test_the_scripts (res://addons/gut/gut.gd:818)
WARNING: [CaseManager] Validation: EvidenceData: discovery_method is required for evidence 'ev_camera'
     at: push_warning (core/variant/variant_utility.cpp:1034)
     GDScript backtrace (most recent call first):
         [0] load_case (res://scripts/managers/case_manager.gd:114)
         [1] before_each (res://tests/unit/test_evidence_manager.gd:244)
         [2] _run_test (res://addons/gut/gut.gd:605)
         [3] _test_the_scripts (res://addons/gut/gut.gd:818)
WARNING: [CaseManager] Validation: EvidenceData: discovery_method is required for evidence 'ev_document'
     at: push_warning (core/variant/variant_utility.cpp:1034)
     GDScript backtrace (most recent call first):
         [0] load_case (res://scripts/managers/case_manager.gd:114)
         [1] before_each (res://tests/unit/test_evidence_manager.gd:244)
         [2] _run_test (res://addons/gut/gut.gd:605)
         [3] _test_the_scripts (res://addons/gut/gut.gd:818)
WARNING: [CaseManager] Validation: EvidenceData: discovery_method is required for evidence 'ev_photo'
     at: push_warning (core/variant/variant_utility.cpp:1034)
     GDScript backtrace (most recent call first):
         [0] load_case (res://scripts/managers/case_manager.gd:114)
         [1] before_each (res://tests/unit/test_evidence_manager.gd:244)
         [2] _run_test (res://addons/gut/gut.gd:605)
         [3] _test_the_scripts (res://addons/gut/gut.gd:818)
WARNING: [CaseManager] Validation: EvidenceData: discovery_method is required for evidence 'ev_phone'
     at: push_warning (core/variant/variant_utility.cpp:1034)
     GDScript backtrace (most recent call first):
         [0] load_case (res://scripts/managers/case_manager.gd:114)
         [1] before_each (res://tests/unit/test_evidence_manager.gd:244)
         [2] _run_test (res://addons/gut/gut.gd:605)
         [3] _test_the_scripts (res://addons/gut/gut.gd:818)
WARNING: [CaseManager] Validation: EvidenceData: discovery_method is required for evidence 'ev_knife'
     at: push_warning (core/variant/variant_utility.cpp:1034)
     GDScript backtrace (most recent call first):
         [0] load_case (res://scripts/managers/case_manager.gd:114)
         [1] before_each (res://tests/unit/test_evidence_manager.gd:244)
         [2] _run_test (res://addons/gut/gut.gd:605)
         [3] _test_the_scripts (res://addons/gut/gut.gd:818)
WARNING: [CaseManager] Validation: EvidenceData: discovery_method is required for evidence 'ev_letter'
     at: push_warning (core/variant/variant_utility.cpp:1034)
     GDScript backtrace (most recent call first):
         [0] load_case (res://scripts/managers/case_manager.gd:114)
         [1] before_each (res://tests/unit/test_evidence_manager.gd:244)
         [2] _run_test (res://addons/gut/gut.gd:605)
         [3] _test_the_scripts (res://addons/gut/gut.gd:818)
WARNING: [CaseManager] Validation: EvidenceData: discovery_method is required for evidence 'ev_knife_result'
     at: push_warning (core/variant/variant_utility.cpp:1034)
     GDScript backtrace (most recent call first):
         [0] load_case (res://scripts/managers/case_manager.gd:114)
         [1] before_each (res://tests/unit/test_evidence_manager.gd:244)
         [2] _run_test (res://addons/gut/gut.gd:605)
         [3] _test_the_scripts (res://addons/gut/gut.gd:818)
WARNING: [CaseManager] Validation: CaseData: lab output evidence 'ev_knife_result' must set derived_from to 'ev_knife'
     at: push_warning (core/variant/variant_utility.cpp:1034)
     GDScript backtrace (most recent call first):
         [0] load_case (res://scripts/managers/case_manager.gd:114)
         [1] before_each (res://tests/unit/test_evidence_manager.gd:244)
         [2] _run_test (res://addons/gut/gut.gd:605)
         [3] _test_the_scripts (res://addons/gut/gut.gd:818)
* test_has_contradiction_false
WARNING: [CaseManager] Validation: EvidenceData: discovery_method is required for evidence 'ev_fingerprint'
     at: push_warning (core/variant/variant_utility.cpp:1034)
     GDScript backtrace (most recent call first):
         [0] load_case (res://scripts/managers/case_manager.gd:114)
         [1] before_each (res://tests/unit/test_evidence_manager.gd:244)
         [2] _run_test (res://addons/gut/gut.gd:605)
         [3] _test_the_scripts (res://addons/gut/gut.gd:818)
WARNING: [CaseManager] Validation: EvidenceData: discovery_method is required for evidence 'ev_camera'
     at: push_warning (core/variant/variant_utility.cpp:1034)
     GDScript backtrace (most recent call first):
         [0] load_case (res://scripts/managers/case_manager.gd:114)
         [1] before_each (res://tests/unit/test_evidence_manager.gd:244)
         [2] _run_test (res://addons/gut/gut.gd:605)
         [3] _test_the_scripts (res://addons/gut/gut.gd:818)
WARNING: [CaseManager] Validation: EvidenceData: discovery_method is required for evidence 'ev_document'
     at: push_warning (core/variant/variant_utility.cpp:1034)
     GDScript backtrace (most recent call first):
         [0] load_case (res://scripts/managers/case_manager.gd:114)
         [1] before_each (res://tests/unit/test_evidence_manager.gd:244)
         [2] _run_test (res://addons/gut/gut.gd:605)
         [3] _test_the_scripts (res://addons/gut/gut.gd:818)
WARNING: [CaseManager] Validation: EvidenceData: discovery_method is required for evidence 'ev_photo'
     at: push_warning (core/variant/variant_utility.cpp:1034)
     GDScript backtrace (most recent call first):
         [0] load_case (res://scripts/managers/case_manager.gd:114)
         [1] before_each (res://tests/unit/test_evidence_manager.gd:244)
         [2] _run_test (res://addons/gut/gut.gd:605)
         [3] _test_the_scripts (res://addons/gut/gut.gd:818)
WARNING: [CaseManager] Validation: EvidenceData: discovery_method is required for evidence 'ev_phone'
     at: push_warning (core/variant/variant_utility.cpp:1034)
     GDScript backtrace (most recent call first):
         [0] load_case (res://scripts/managers/case_manager.gd:114)
         [1] before_each (res://tests/unit/test_evidence_manager.gd:244)
         [2] _run_test (res://addons/gut/gut.gd:605)
         [3] _test_the_scripts (res://addons/gut/gut.gd:818)
WARNING: [CaseManager] Validation: EvidenceData: discovery_method is required for evidence 'ev_knife'
     at: push_warning (core/variant/variant_utility.cpp:1034)
     GDScript backtrace (most recent call first):
         [0] load_case (res://scripts/managers/case_manager.gd:114)
         [1] before_each (res://tests/unit/test_evidence_manager.gd:244)
         [2] _run_test (res://addons/gut/gut.gd:605)
         [3] _test_the_scripts (res://addons/gut/gut.gd:818)
WARNING: [CaseManager] Validation: EvidenceData: discovery_method is required for evidence 'ev_letter'
     at: push_warning (core/variant/variant_utility.cpp:1034)
     GDScript backtrace (most recent call first):
         [0] load_case (res://scripts/managers/case_manager.gd:114)
         [1] before_each (res://tests/unit/test_evidence_manager.gd:244)
         [2] _run_test (res://addons/gut/gut.gd:605)
         [3] _test_the_scripts (res://addons/gut/gut.gd:818)
WARNING: [CaseManager] Validation: EvidenceData: discovery_method is required for evidence 'ev_knife_result'
     at: push_warning (core/variant/variant_utility.cpp:1034)
     GDScript backtrace (most recent call first):
         [0] load_case (res://scripts/managers/case_manager.gd:114)
         [1] before_each (res://tests/unit/test_evidence_manager.gd:244)
         [2] _run_test (res://addons/gut/gut.gd:605)
         [3] _test_the_scripts (res://addons/gut/gut.gd:818)
WARNING: [CaseManager] Validation: CaseData: lab output evidence 'ev_knife_result' must set derived_from to 'ev_knife'
     at: push_warning (core/variant/variant_utility.cpp:1034)
     GDScript backtrace (most recent call first):
         [0] load_case (res://scripts/managers/case_manager.gd:114)
         [1] before_each (res://tests/unit/test_evidence_manager.gd:244)
         [2] _run_test (res://addons/gut/gut.gd:605)
         [3] _test_the_scripts (res://addons/gut/gut.gd:818)
* test_get_contradictions_for_statement
WARNING: [CaseManager] Validation: EvidenceData: discovery_method is required for evidence 'ev_fingerprint'
     at: push_warning (core/variant/variant_utility.cpp:1034)
     GDScript backtrace (most recent call first):
         [0] load_case (res://scripts/managers/case_manager.gd:114)
         [1] before_each (res://tests/unit/test_evidence_manager.gd:244)
         [2] _run_test (res://addons/gut/gut.gd:605)
         [3] _test_the_scripts (res://addons/gut/gut.gd:818)
WARNING: [CaseManager] Validation: EvidenceData: discovery_method is required for evidence 'ev_camera'
     at: push_warning (core/variant/variant_utility.cpp:1034)
     GDScript backtrace (most recent call first):
         [0] load_case (res://scripts/managers/case_manager.gd:114)
         [1] before_each (res://tests/unit/test_evidence_manager.gd:244)
         [2] _run_test (res://addons/gut/gut.gd:605)
         [3] _test_the_scripts (res://addons/gut/gut.gd:818)
WARNING: [CaseManager] Validation: EvidenceData: discovery_method is required for evidence 'ev_document'
     at: push_warning (core/variant/variant_utility.cpp:1034)
     GDScript backtrace (most recent call first):
         [0] load_case (res://scripts/managers/case_manager.gd:114)
         [1] before_each (res://tests/unit/test_evidence_manager.gd:244)
         [2] _run_test (res://addons/gut/gut.gd:605)
         [3] _test_the_scripts (res://addons/gut/gut.gd:818)
WARNING: [CaseManager] Validation: EvidenceData: discovery_method is required for evidence 'ev_photo'
     at: push_warning (core/variant/variant_utility.cpp:1034)
     GDScript backtrace (most recent call first):
         [0] load_case (res://scripts/managers/case_manager.gd:114)
         [1] before_each (res://tests/unit/test_evidence_manager.gd:244)
         [2] _run_test (res://addons/gut/gut.gd:605)
         [3] _test_the_scripts (res://addons/gut/gut.gd:818)
WARNING: [CaseManager] Validation: EvidenceData: discovery_method is required for evidence 'ev_phone'
     at: push_warning (core/variant/variant_utility.cpp:1034)
     GDScript backtrace (most recent call first):
         [0] load_case (res://scripts/managers/case_manager.gd:114)
         [1] before_each (res://tests/unit/test_evidence_manager.gd:244)
         [2] _run_test (res://addons/gut/gut.gd:605)
         [3] _test_the_scripts (res://addons/gut/gut.gd:818)
WARNING: [CaseManager] Validation: EvidenceData: discovery_method is required for evidence 'ev_knife'
     at: push_warning (core/variant/variant_utility.cpp:1034)
     GDScript backtrace (most recent call first):
         [0] load_case (res://scripts/managers/case_manager.gd:114)
         [1] before_each (res://tests/unit/test_evidence_manager.gd:244)
         [2] _run_test (res://addons/gut/gut.gd:605)
         [3] _test_the_scripts (res://addons/gut/gut.gd:818)
WARNING: [CaseManager] Validation: EvidenceData: discovery_method is required for evidence 'ev_letter'
     at: push_warning (core/variant/variant_utility.cpp:1034)
     GDScript backtrace (most recent call first):
         [0] load_case (res://scripts/managers/case_manager.gd:114)
         [1] before_each (res://tests/unit/test_evidence_manager.gd:244)
         [2] _run_test (res://addons/gut/gut.gd:605)
         [3] _test_the_scripts (res://addons/gut/gut.gd:818)
WARNING: [CaseManager] Validation: EvidenceData: discovery_method is required for evidence 'ev_knife_result'
     at: push_warning (core/variant/variant_utility.cpp:1034)
     GDScript backtrace (most recent call first):
         [0] load_case (res://scripts/managers/case_manager.gd:114)
         [1] before_each (res://tests/unit/test_evidence_manager.gd:244)
         [2] _run_test (res://addons/gut/gut.gd:605)
         [3] _test_the_scripts (res://addons/gut/gut.gd:818)
WARNING: [CaseManager] Validation: CaseData: lab output evidence 'ev_knife_result' must set derived_from to 'ev_knife'
     at: push_warning (core/variant/variant_utility.cpp:1034)
     GDScript backtrace (most recent call first):
         [0] load_case (res://scripts/managers/case_manager.gd:114)
         [1] before_each (res://tests/unit/test_evidence_manager.gd:244)
         [2] _run_test (res://addons/gut/gut.gd:605)
         [3] _test_the_scripts (res://addons/gut/gut.gd:818)
* test_contradiction_detected_on_evidence_discovery
WARNING: [CaseManager] Validation: EvidenceData: discovery_method is required for evidence 'ev_fingerprint'
     at: push_warning (core/variant/variant_utility.cpp:1034)
     GDScript backtrace (most recent call first):
         [0] load_case (res://scripts/managers/case_manager.gd:114)
         [1] before_each (res://tests/unit/test_evidence_manager.gd:244)
         [2] _run_test (res://addons/gut/gut.gd:605)
         [3] _test_the_scripts (res://addons/gut/gut.gd:818)
WARNING: [CaseManager] Validation: EvidenceData: discovery_method is required for evidence 'ev_camera'
     at: push_warning (core/variant/variant_utility.cpp:1034)
     GDScript backtrace (most recent call first):
         [0] load_case (res://scripts/managers/case_manager.gd:114)
         [1] before_each (res://tests/unit/test_evidence_manager.gd:244)
         [2] _run_test (res://addons/gut/gut.gd:605)
         [3] _test_the_scripts (res://addons/gut/gut.gd:818)
WARNING: [CaseManager] Validation: EvidenceData: discovery_method is required for evidence 'ev_document'
     at: push_warning (core/variant/variant_utility.cpp:1034)
     GDScript backtrace (most recent call first):
         [0] load_case (res://scripts/managers/case_manager.gd:114)
         [1] before_each (res://tests/unit/test_evidence_manager.gd:244)
         [2] _run_test (res://addons/gut/gut.gd:605)
         [3] _test_the_scripts (res://addons/gut/gut.gd:818)
WARNING: [CaseManager] Validation: EvidenceData: discovery_method is required for evidence 'ev_photo'
     at: push_warning (core/variant/variant_utility.cpp:1034)
     GDScript backtrace (most recent call first):
         [0] load_case (res://scripts/managers/case_manager.gd:114)
         [1] before_each (res://tests/unit/test_evidence_manager.gd:244)
         [2] _run_test (res://addons/gut/gut.gd:605)
         [3] _test_the_scripts (res://addons/gut/gut.gd:818)
WARNING: [CaseManager] Validation: EvidenceData: discovery_method is required for evidence 'ev_phone'
     at: push_warning (core/variant/variant_utility.cpp:1034)
     GDScript backtrace (most recent call first):
         [0] load_case (res://scripts/managers/case_manager.gd:114)
         [1] before_each (res://tests/unit/test_evidence_manager.gd:244)
         [2] _run_test (res://addons/gut/gut.gd:605)
         [3] _test_the_scripts (res://addons/gut/gut.gd:818)
WARNING: [CaseManager] Validation: EvidenceData: discovery_method is required for evidence 'ev_knife'
     at: push_warning (core/variant/variant_utility.cpp:1034)
     GDScript backtrace (most recent call first):
         [0] load_case (res://scripts/managers/case_manager.gd:114)
         [1] before_each (res://tests/unit/test_evidence_manager.gd:244)
         [2] _run_test (res://addons/gut/gut.gd:605)
         [3] _test_the_scripts (res://addons/gut/gut.gd:818)
WARNING: [CaseManager] Validation: EvidenceData: discovery_method is required for evidence 'ev_letter'
     at: push_warning (core/variant/variant_utility.cpp:1034)
     GDScript backtrace (most recent call first):
         [0] load_case (res://scripts/managers/case_manager.gd:114)
         [1] before_each (res://tests/unit/test_evidence_manager.gd:244)
         [2] _run_test (res://addons/gut/gut.gd:605)
         [3] _test_the_scripts (res://addons/gut/gut.gd:818)
WARNING: [CaseManager] Validation: EvidenceData: discovery_method is required for evidence 'ev_knife_result'
     at: push_warning (core/variant/variant_utility.cpp:1034)
     GDScript backtrace (most recent call first):
         [0] load_case (res://scripts/managers/case_manager.gd:114)
         [1] before_each (res://tests/unit/test_evidence_manager.gd:244)
         [2] _run_test (res://addons/gut/gut.gd:605)
         [3] _test_the_scripts (res://addons/gut/gut.gd:818)
WARNING: [CaseManager] Validation: CaseData: lab output evidence 'ev_knife_result' must set derived_from to 'ev_knife'
     at: push_warning (core/variant/variant_utility.cpp:1034)
     GDScript backtrace (most recent call first):
         [0] load_case (res://scripts/managers/case_manager.gd:114)
         [1] before_each (res://tests/unit/test_evidence_manager.gd:244)
         [2] _run_test (res://addons/gut/gut.gd:605)
         [3] _test_the_scripts (res://addons/gut/gut.gd:818)
* test_contradiction_respects_day_scope
WARNING: [CaseManager] Validation: EvidenceData: discovery_method is required for evidence 'ev_fingerprint'
     at: push_warning (core/variant/variant_utility.cpp:1034)
     GDScript backtrace (most recent call first):
         [0] load_case (res://scripts/managers/case_manager.gd:114)
         [1] before_each (res://tests/unit/test_evidence_manager.gd:244)
         [2] _run_test (res://addons/gut/gut.gd:605)
         [3] _test_the_scripts (res://addons/gut/gut.gd:818)
WARNING: [CaseManager] Validation: EvidenceData: discovery_method is required for evidence 'ev_camera'
     at: push_warning (core/variant/variant_utility.cpp:1034)
     GDScript backtrace (most recent call first):
         [0] load_case (res://scripts/managers/case_manager.gd:114)
         [1] before_each (res://tests/unit/test_evidence_manager.gd:244)
         [2] _run_test (res://addons/gut/gut.gd:605)
         [3] _test_the_scripts (res://addons/gut/gut.gd:818)
WARNING: [CaseManager] Validation: EvidenceData: discovery_method is required for evidence 'ev_document'
     at: push_warning (core/variant/variant_utility.cpp:1034)
     GDScript backtrace (most recent call first):
         [0] load_case (res://scripts/managers/case_manager.gd:114)
         [1] before_each (res://tests/unit/test_evidence_manager.gd:244)
         [2] _run_test (res://addons/gut/gut.gd:605)
         [3] _test_the_scripts (res://addons/gut/gut.gd:818)
WARNING: [CaseManager] Validation: EvidenceData: discovery_method is required for evidence 'ev_photo'
     at: push_warning (core/variant/variant_utility.cpp:1034)
     GDScript backtrace (most recent call first):
         [0] load_case (res://scripts/managers/case_manager.gd:114)
         [1] before_each (res://tests/unit/test_evidence_manager.gd:244)
         [2] _run_test (res://addons/gut/gut.gd:605)
         [3] _test_the_scripts (res://addons/gut/gut.gd:818)
WARNING: [CaseManager] Validation: EvidenceData: discovery_method is required for evidence 'ev_phone'
     at: push_warning (core/variant/variant_utility.cpp:1034)
     GDScript backtrace (most recent call first):
         [0] load_case (res://scripts/managers/case_manager.gd:114)
         [1] before_each (res://tests/unit/test_evidence_manager.gd:244)
         [2] _run_test (res://addons/gut/gut.gd:605)
         [3] _test_the_scripts (res://addons/gut/gut.gd:818)
WARNING: [CaseManager] Validation: EvidenceData: discovery_method is required for evidence 'ev_knife'
     at: push_warning (core/variant/variant_utility.cpp:1034)
     GDScript backtrace (most recent call first):
         [0] load_case (res://scripts/managers/case_manager.gd:114)
         [1] before_each (res://tests/unit/test_evidence_manager.gd:244)
         [2] _run_test (res://addons/gut/gut.gd:605)
         [3] _test_the_scripts (res://addons/gut/gut.gd:818)
WARNING: [CaseManager] Validation: EvidenceData: discovery_method is required for evidence 'ev_letter'
     at: push_warning (core/variant/variant_utility.cpp:1034)
     GDScript backtrace (most recent call first):
         [0] load_case (res://scripts/managers/case_manager.gd:114)
         [1] before_each (res://tests/unit/test_evidence_manager.gd:244)
         [2] _run_test (res://addons/gut/gut.gd:605)
         [3] _test_the_scripts (res://addons/gut/gut.gd:818)
WARNING: [CaseManager] Validation: EvidenceData: discovery_method is required for evidence 'ev_knife_result'
     at: push_warning (core/variant/variant_utility.cpp:1034)
     GDScript backtrace (most recent call first):
         [0] load_case (res://scripts/managers/case_manager.gd:114)
         [1] before_each (res://tests/unit/test_evidence_manager.gd:244)
         [2] _run_test (res://addons/gut/gut.gd:605)
         [3] _test_the_scripts (res://addons/gut/gut.gd:818)
WARNING: [CaseManager] Validation: CaseData: lab output evidence 'ev_knife_result' must set derived_from to 'ev_knife'
     at: push_warning (core/variant/variant_utility.cpp:1034)
     GDScript backtrace (most recent call first):
         [0] load_case (res://scripts/managers/case_manager.gd:114)
         [1] before_each (res://tests/unit/test_evidence_manager.gd:244)
         [2] _run_test (res://addons/gut/gut.gd:605)
         [3] _test_the_scripts (res://addons/gut/gut.gd:818)
* test_request_hint_succeeds
WARNING: [CaseManager] Validation: EvidenceData: discovery_method is required for evidence 'ev_fingerprint'
     at: push_warning (core/variant/variant_utility.cpp:1034)
     GDScript backtrace (most recent call first):
         [0] load_case (res://scripts/managers/case_manager.gd:114)
         [1] before_each (res://tests/unit/test_evidence_manager.gd:244)
         [2] _run_test (res://addons/gut/gut.gd:605)
         [3] _test_the_scripts (res://addons/gut/gut.gd:818)
WARNING: [CaseManager] Validation: EvidenceData: discovery_method is required for evidence 'ev_camera'
     at: push_warning (core/variant/variant_utility.cpp:1034)
     GDScript backtrace (most recent call first):
         [0] load_case (res://scripts/managers/case_manager.gd:114)
         [1] before_each (res://tests/unit/test_evidence_manager.gd:244)
         [2] _run_test (res://addons/gut/gut.gd:605)
         [3] _test_the_scripts (res://addons/gut/gut.gd:818)
WARNING: [CaseManager] Validation: EvidenceData: discovery_method is required for evidence 'ev_document'
     at: push_warning (core/variant/variant_utility.cpp:1034)
     GDScript backtrace (most recent call first):
         [0] load_case (res://scripts/managers/case_manager.gd:114)
         [1] before_each (res://tests/unit/test_evidence_manager.gd:244)
         [2] _run_test (res://addons/gut/gut.gd:605)
         [3] _test_the_scripts (res://addons/gut/gut.gd:818)
WARNING: [CaseManager] Validation: EvidenceData: discovery_method is required for evidence 'ev_photo'
     at: push_warning (core/variant/variant_utility.cpp:1034)
     GDScript backtrace (most recent call first):
         [0] load_case (res://scripts/managers/case_manager.gd:114)
         [1] before_each (res://tests/unit/test_evidence_manager.gd:244)
         [2] _run_test (res://addons/gut/gut.gd:605)
         [3] _test_the_scripts (res://addons/gut/gut.gd:818)
WARNING: [CaseManager] Validation: EvidenceData: discovery_method is required for evidence 'ev_phone'
     at: push_warning (core/variant/variant_utility.cpp:1034)
     GDScript backtrace (most recent call first):
         [0] load_case (res://scripts/managers/case_manager.gd:114)
         [1] before_each (res://tests/unit/test_evidence_manager.gd:244)
         [2] _run_test (res://addons/gut/gut.gd:605)
         [3] _test_the_scripts (res://addons/gut/gut.gd:818)
WARNING: [CaseManager] Validation: EvidenceData: discovery_method is required for evidence 'ev_knife'
     at: push_warning (core/variant/variant_utility.cpp:1034)
     GDScript backtrace (most recent call first):
         [0] load_case (res://scripts/managers/case_manager.gd:114)
         [1] before_each (res://tests/unit/test_evidence_manager.gd:244)
         [2] _run_test (res://addons/gut/gut.gd:605)
         [3] _test_the_scripts (res://addons/gut/gut.gd:818)
WARNING: [CaseManager] Validation: EvidenceData: discovery_method is required for evidence 'ev_letter'
     at: push_warning (core/variant/variant_utility.cpp:1034)
     GDScript backtrace (most recent call first):
         [0] load_case (res://scripts/managers/case_manager.gd:114)
         [1] before_each (res://tests/unit/test_evidence_manager.gd:244)
         [2] _run_test (res://addons/gut/gut.gd:605)
         [3] _test_the_scripts (res://addons/gut/gut.gd:818)
WARNING: [CaseManager] Validation: EvidenceData: discovery_method is required for evidence 'ev_knife_result'
     at: push_warning (core/variant/variant_utility.cpp:1034)
     GDScript backtrace (most recent call first):
         [0] load_case (res://scripts/managers/case_manager.gd:114)
         [1] before_each (res://tests/unit/test_evidence_manager.gd:244)
         [2] _run_test (res://addons/gut/gut.gd:605)
         [3] _test_the_scripts (res://addons/gut/gut.gd:818)
WARNING: [CaseManager] Validation: CaseData: lab output evidence 'ev_knife_result' must set derived_from to 'ev_knife'
     at: push_warning (core/variant/variant_utility.cpp:1034)
     GDScript backtrace (most recent call first):
         [0] load_case (res://scripts/managers/case_manager.gd:114)
         [1] before_each (res://tests/unit/test_evidence_manager.gd:244)
         [2] _run_test (res://addons/gut/gut.gd:605)
         [3] _test_the_scripts (res://addons/gut/gut.gd:818)
* test_request_hint_uses_importance_level_not_weight
WARNING: [CaseManager] Validation: EvidenceData: discovery_method is required for evidence 'ev_fingerprint'
     at: push_warning (core/variant/variant_utility.cpp:1034)
     GDScript backtrace (most recent call first):
         [0] load_case (res://scripts/managers/case_manager.gd:114)
         [1] before_each (res://tests/unit/test_evidence_manager.gd:244)
         [2] _run_test (res://addons/gut/gut.gd:605)
         [3] _test_the_scripts (res://addons/gut/gut.gd:818)
WARNING: [CaseManager] Validation: EvidenceData: discovery_method is required for evidence 'ev_camera'
     at: push_warning (core/variant/variant_utility.cpp:1034)
     GDScript backtrace (most recent call first):
         [0] load_case (res://scripts/managers/case_manager.gd:114)
         [1] before_each (res://tests/unit/test_evidence_manager.gd:244)
         [2] _run_test (res://addons/gut/gut.gd:605)
         [3] _test_the_scripts (res://addons/gut/gut.gd:818)
WARNING: [CaseManager] Validation: EvidenceData: discovery_method is required for evidence 'ev_document'
     at: push_warning (core/variant/variant_utility.cpp:1034)
     GDScript backtrace (most recent call first):
         [0] load_case (res://scripts/managers/case_manager.gd:114)
         [1] before_each (res://tests/unit/test_evidence_manager.gd:244)
         [2] _run_test (res://addons/gut/gut.gd:605)
         [3] _test_the_scripts (res://addons/gut/gut.gd:818)
WARNING: [CaseManager] Validation: EvidenceData: discovery_method is required for evidence 'ev_photo'
     at: push_warning (core/variant/variant_utility.cpp:1034)
     GDScript backtrace (most recent call first):
         [0] load_case (res://scripts/managers/case_manager.gd:114)
         [1] before_each (res://tests/unit/test_evidence_manager.gd:244)
         [2] _run_test (res://addons/gut/gut.gd:605)
         [3] _test_the_scripts (res://addons/gut/gut.gd:818)
WARNING: [CaseManager] Validation: EvidenceData: discovery_method is required for evidence 'ev_phone'
     at: push_warning (core/variant/variant_utility.cpp:1034)
     GDScript backtrace (most recent call first):
         [0] load_case (res://scripts/managers/case_manager.gd:114)
         [1] before_each (res://tests/unit/test_evidence_manager.gd:244)
         [2] _run_test (res://addons/gut/gut.gd:605)
         [3] _test_the_scripts (res://addons/gut/gut.gd:818)
WARNING: [CaseManager] Validation: EvidenceData: discovery_method is required for evidence 'ev_knife'
     at: push_warning (core/variant/variant_utility.cpp:1034)
     GDScript backtrace (most recent call first):
         [0] load_case (res://scripts/managers/case_manager.gd:114)
         [1] before_each (res://tests/unit/test_evidence_manager.gd:244)
         [2] _run_test (res://addons/gut/gut.gd:605)
         [3] _test_the_scripts (res://addons/gut/gut.gd:818)
WARNING: [CaseManager] Validation: EvidenceData: discovery_method is required for evidence 'ev_letter'
     at: push_warning (core/variant/variant_utility.cpp:1034)
     GDScript backtrace (most recent call first):
         [0] load_case (res://scripts/managers/case_manager.gd:114)
         [1] before_each (res://tests/unit/test_evidence_manager.gd:244)
         [2] _run_test (res://addons/gut/gut.gd:605)
         [3] _test_the_scripts (res://addons/gut/gut.gd:818)
WARNING: [CaseManager] Validation: EvidenceData: discovery_method is required for evidence 'ev_knife_result'
     at: push_warning (core/variant/variant_utility.cpp:1034)
     GDScript backtrace (most recent call first):
         [0] load_case (res://scripts/managers/case_manager.gd:114)
         [1] before_each (res://tests/unit/test_evidence_manager.gd:244)
         [2] _run_test (res://addons/gut/gut.gd:605)
         [3] _test_the_scripts (res://addons/gut/gut.gd:818)
WARNING: [CaseManager] Validation: CaseData: lab output evidence 'ev_knife_result' must set derived_from to 'ev_knife'
     at: push_warning (core/variant/variant_utility.cpp:1034)
     GDScript backtrace (most recent call first):
         [0] load_case (res://scripts/managers/case_manager.gd:114)
         [1] before_each (res://tests/unit/test_evidence_manager.gd:244)
         [2] _run_test (res://addons/gut/gut.gd:605)
         [3] _test_the_scripts (res://addons/gut/gut.gd:818)
* test_request_hint_budget_exceeded
WARNING: [CaseManager] Validation: EvidenceData: discovery_method is required for evidence 'ev_fingerprint'
     at: push_warning (core/variant/variant_utility.cpp:1034)
     GDScript backtrace (most recent call first):
         [0] load_case (res://scripts/managers/case_manager.gd:114)
         [1] before_each (res://tests/unit/test_evidence_manager.gd:244)
         [2] _run_test (res://addons/gut/gut.gd:605)
         [3] _test_the_scripts (res://addons/gut/gut.gd:818)
WARNING: [CaseManager] Validation: EvidenceData: discovery_method is required for evidence 'ev_camera'
     at: push_warning (core/variant/variant_utility.cpp:1034)
     GDScript backtrace (most recent call first):
         [0] load_case (res://scripts/managers/case_manager.gd:114)
         [1] before_each (res://tests/unit/test_evidence_manager.gd:244)
         [2] _run_test (res://addons/gut/gut.gd:605)
         [3] _test_the_scripts (res://addons/gut/gut.gd:818)
WARNING: [CaseManager] Validation: EvidenceData: discovery_method is required for evidence 'ev_document'
     at: push_warning (core/variant/variant_utility.cpp:1034)
     GDScript backtrace (most recent call first):
         [0] load_case (res://scripts/managers/case_manager.gd:114)
         [1] before_each (res://tests/unit/test_evidence_manager.gd:244)
         [2] _run_test (res://addons/gut/gut.gd:605)
         [3] _test_the_scripts (res://addons/gut/gut.gd:818)
WARNING: [CaseManager] Validation: EvidenceData: discovery_method is required for evidence 'ev_photo'
     at: push_warning (core/variant/variant_utility.cpp:1034)
     GDScript backtrace (most recent call first):
         [0] load_case (res://scripts/managers/case_manager.gd:114)
         [1] before_each (res://tests/unit/test_evidence_manager.gd:244)
         [2] _run_test (res://addons/gut/gut.gd:605)
         [3] _test_the_scripts (res://addons/gut/gut.gd:818)
WARNING: [CaseManager] Validation: EvidenceData: discovery_method is required for evidence 'ev_phone'
     at: push_warning (core/variant/variant_utility.cpp:1034)
     GDScript backtrace (most recent call first):
         [0] load_case (res://scripts/managers/case_manager.gd:114)
         [1] before_each (res://tests/unit/test_evidence_manager.gd:244)
         [2] _run_test (res://addons/gut/gut.gd:605)
         [3] _test_the_scripts (res://addons/gut/gut.gd:818)
WARNING: [CaseManager] Validation: EvidenceData: discovery_method is required for evidence 'ev_knife'
     at: push_warning (core/variant/variant_utility.cpp:1034)
     GDScript backtrace (most recent call first):
         [0] load_case (res://scripts/managers/case_manager.gd:114)
         [1] before_each (res://tests/unit/test_evidence_manager.gd:244)
         [2] _run_test (res://addons/gut/gut.gd:605)
         [3] _test_the_scripts (res://addons/gut/gut.gd:818)
WARNING: [CaseManager] Validation: EvidenceData: discovery_method is required for evidence 'ev_letter'
     at: push_warning (core/variant/variant_utility.cpp:1034)
     GDScript backtrace (most recent call first):
         [0] load_case (res://scripts/managers/case_manager.gd:114)
         [1] before_each (res://tests/unit/test_evidence_manager.gd:244)
         [2] _run_test (res://addons/gut/gut.gd:605)
         [3] _test_the_scripts (res://addons/gut/gut.gd:818)
WARNING: [CaseManager] Validation: EvidenceData: discovery_method is required for evidence 'ev_knife_result'
     at: push_warning (core/variant/variant_utility.cpp:1034)
     GDScript backtrace (most recent call first):
         [0] load_case (res://scripts/managers/case_manager.gd:114)
         [1] before_each (res://tests/unit/test_evidence_manager.gd:244)
         [2] _run_test (res://addons/gut/gut.gd:605)
         [3] _test_the_scripts (res://addons/gut/gut.gd:818)
WARNING: [CaseManager] Validation: CaseData: lab output evidence 'ev_knife_result' must set derived_from to 'ev_knife'
     at: push_warning (core/variant/variant_utility.cpp:1034)
     GDScript backtrace (most recent call first):
         [0] load_case (res://scripts/managers/case_manager.gd:114)
         [1] before_each (res://tests/unit/test_evidence_manager.gd:244)
         [2] _run_test (res://addons/gut/gut.gd:605)
         [3] _test_the_scripts (res://addons/gut/gut.gd:818)
* test_request_hint_no_critical_missing
WARNING: [CaseManager] Validation: EvidenceData: discovery_method is required for evidence 'ev_fingerprint'
     at: push_warning (core/variant/variant_utility.cpp:1034)
     GDScript backtrace (most recent call first):
         [0] load_case (res://scripts/managers/case_manager.gd:114)
         [1] before_each (res://tests/unit/test_evidence_manager.gd:244)
         [2] _run_test (res://addons/gut/gut.gd:605)
         [3] _test_the_scripts (res://addons/gut/gut.gd:818)
WARNING: [CaseManager] Validation: EvidenceData: discovery_method is required for evidence 'ev_camera'
     at: push_warning (core/variant/variant_utility.cpp:1034)
     GDScript backtrace (most recent call first):
         [0] load_case (res://scripts/managers/case_manager.gd:114)
         [1] before_each (res://tests/unit/test_evidence_manager.gd:244)
         [2] _run_test (res://addons/gut/gut.gd:605)
         [3] _test_the_scripts (res://addons/gut/gut.gd:818)
WARNING: [CaseManager] Validation: EvidenceData: discovery_method is required for evidence 'ev_document'
     at: push_warning (core/variant/variant_utility.cpp:1034)
     GDScript backtrace (most recent call first):
         [0] load_case (res://scripts/managers/case_manager.gd:114)
         [1] before_each (res://tests/unit/test_evidence_manager.gd:244)
         [2] _run_test (res://addons/gut/gut.gd:605)
         [3] _test_the_scripts (res://addons/gut/gut.gd:818)
WARNING: [CaseManager] Validation: EvidenceData: discovery_method is required for evidence 'ev_photo'
     at: push_warning (core/variant/variant_utility.cpp:1034)
     GDScript backtrace (most recent call first):
         [0] load_case (res://scripts/managers/case_manager.gd:114)
         [1] before_each (res://tests/unit/test_evidence_manager.gd:244)
         [2] _run_test (res://addons/gut/gut.gd:605)
         [3] _test_the_scripts (res://addons/gut/gut.gd:818)
WARNING: [CaseManager] Validation: EvidenceData: discovery_method is required for evidence 'ev_phone'
     at: push_warning (core/variant/variant_utility.cpp:1034)
     GDScript backtrace (most recent call first):
         [0] load_case (res://scripts/managers/case_manager.gd:114)
         [1] before_each (res://tests/unit/test_evidence_manager.gd:244)
         [2] _run_test (res://addons/gut/gut.gd:605)
         [3] _test_the_scripts (res://addons/gut/gut.gd:818)
WARNING: [CaseManager] Validation: EvidenceData: discovery_method is required for evidence 'ev_knife'
     at: push_warning (core/variant/variant_utility.cpp:1034)
     GDScript backtrace (most recent call first):
         [0] load_case (res://scripts/managers/case_manager.gd:114)
         [1] before_each (res://tests/unit/test_evidence_manager.gd:244)
         [2] _run_test (res://addons/gut/gut.gd:605)
         [3] _test_the_scripts (res://addons/gut/gut.gd:818)
WARNING: [CaseManager] Validation: EvidenceData: discovery_method is required for evidence 'ev_letter'
     at: push_warning (core/variant/variant_utility.cpp:1034)
     GDScript backtrace (most recent call first):
         [0] load_case (res://scripts/managers/case_manager.gd:114)
         [1] before_each (res://tests/unit/test_evidence_manager.gd:244)
         [2] _run_test (res://addons/gut/gut.gd:605)
         [3] _test_the_scripts (res://addons/gut/gut.gd:818)
WARNING: [CaseManager] Validation: EvidenceData: discovery_method is required for evidence 'ev_knife_result'
     at: push_warning (core/variant/variant_utility.cpp:1034)
     GDScript backtrace (most recent call first):
         [0] load_case (res://scripts/managers/case_manager.gd:114)
         [1] before_each (res://tests/unit/test_evidence_manager.gd:244)
         [2] _run_test (res://addons/gut/gut.gd:605)
         [3] _test_the_scripts (res://addons/gut/gut.gd:818)
WARNING: [CaseManager] Validation: CaseData: lab output evidence 'ev_knife_result' must set derived_from to 'ev_knife'
     at: push_warning (core/variant/variant_utility.cpp:1034)
     GDScript backtrace (most recent call first):
         [0] load_case (res://scripts/managers/case_manager.gd:114)
         [1] before_each (res://tests/unit/test_evidence_manager.gd:244)
         [2] _run_test (res://addons/gut/gut.gd:605)
         [3] _test_the_scripts (res://addons/gut/gut.gd:818)
* test_request_hint_day_too_early
WARNING: [CaseManager] Validation: EvidenceData: discovery_method is required for evidence 'ev_fingerprint'
     at: push_warning (core/variant/variant_utility.cpp:1034)
     GDScript backtrace (most recent call first):
         [0] load_case (res://scripts/managers/case_manager.gd:114)
         [1] before_each (res://tests/unit/test_evidence_manager.gd:244)
         [2] _run_test (res://addons/gut/gut.gd:605)
         [3] _test_the_scripts (res://addons/gut/gut.gd:818)
WARNING: [CaseManager] Validation: EvidenceData: discovery_method is required for evidence 'ev_camera'
     at: push_warning (core/variant/variant_utility.cpp:1034)
     GDScript backtrace (most recent call first):
         [0] load_case (res://scripts/managers/case_manager.gd:114)
         [1] before_each (res://tests/unit/test_evidence_manager.gd:244)
         [2] _run_test (res://addons/gut/gut.gd:605)
         [3] _test_the_scripts (res://addons/gut/gut.gd:818)
WARNING: [CaseManager] Validation: EvidenceData: discovery_method is required for evidence 'ev_document'
     at: push_warning (core/variant/variant_utility.cpp:1034)
     GDScript backtrace (most recent call first):
         [0] load_case (res://scripts/managers/case_manager.gd:114)
         [1] before_each (res://tests/unit/test_evidence_manager.gd:244)
         [2] _run_test (res://addons/gut/gut.gd:605)
         [3] _test_the_scripts (res://addons/gut/gut.gd:818)
WARNING: [CaseManager] Validation: EvidenceData: discovery_method is required for evidence 'ev_photo'
     at: push_warning (core/variant/variant_utility.cpp:1034)
     GDScript backtrace (most recent call first):
         [0] load_case (res://scripts/managers/case_manager.gd:114)
         [1] before_each (res://tests/unit/test_evidence_manager.gd:244)
         [2] _run_test (res://addons/gut/gut.gd:605)
         [3] _test_the_scripts (res://addons/gut/gut.gd:818)
WARNING: [CaseManager] Validation: EvidenceData: discovery_method is required for evidence 'ev_phone'
     at: push_warning (core/variant/variant_utility.cpp:1034)
     GDScript backtrace (most recent call first):
         [0] load_case (res://scripts/managers/case_manager.gd:114)
         [1] before_each (res://tests/unit/test_evidence_manager.gd:244)
         [2] _run_test (res://addons/gut/gut.gd:605)
         [3] _test_the_scripts (res://addons/gut/gut.gd:818)
WARNING: [CaseManager] Validation: EvidenceData: discovery_method is required for evidence 'ev_knife'
     at: push_warning (core/variant/variant_utility.cpp:1034)
     GDScript backtrace (most recent call first):
         [0] load_case (res://scripts/managers/case_manager.gd:114)
         [1] before_each (res://tests/unit/test_evidence_manager.gd:244)
         [2] _run_test (res://addons/gut/gut.gd:605)
         [3] _test_the_scripts (res://addons/gut/gut.gd:818)
WARNING: [CaseManager] Validation: EvidenceData: discovery_method is required for evidence 'ev_letter'
     at: push_warning (core/variant/variant_utility.cpp:1034)
     GDScript backtrace (most recent call first):
         [0] load_case (res://scripts/managers/case_manager.gd:114)
         [1] before_each (res://tests/unit/test_evidence_manager.gd:244)
         [2] _run_test (res://addons/gut/gut.gd:605)
         [3] _test_the_scripts (res://addons/gut/gut.gd:818)
WARNING: [CaseManager] Validation: EvidenceData: discovery_method is required for evidence 'ev_knife_result'
     at: push_warning (core/variant/variant_utility.cpp:1034)
     GDScript backtrace (most recent call first):
         [0] load_case (res://scripts/managers/case_manager.gd:114)
         [1] before_each (res://tests/unit/test_evidence_manager.gd:244)
         [2] _run_test (res://addons/gut/gut.gd:605)
         [3] _test_the_scripts (res://addons/gut/gut.gd:818)
WARNING: [CaseManager] Validation: CaseData: lab output evidence 'ev_knife_result' must set derived_from to 'ev_knife'
     at: push_warning (core/variant/variant_utility.cpp:1034)
     GDScript backtrace (most recent call first):
         [0] load_case (res://scripts/managers/case_manager.gd:114)
         [1] before_each (res://tests/unit/test_evidence_manager.gd:244)
         [2] _run_test (res://addons/gut/gut.gd:605)
         [3] _test_the_scripts (res://addons/gut/gut.gd:818)
* test_request_hint_location_not_visited
WARNING: [CaseManager] Validation: EvidenceData: discovery_method is required for evidence 'ev_fingerprint'
     at: push_warning (core/variant/variant_utility.cpp:1034)
     GDScript backtrace (most recent call first):
         [0] load_case (res://scripts/managers/case_manager.gd:114)
         [1] before_each (res://tests/unit/test_evidence_manager.gd:244)
         [2] _run_test (res://addons/gut/gut.gd:605)
         [3] _test_the_scripts (res://addons/gut/gut.gd:818)
WARNING: [CaseManager] Validation: EvidenceData: discovery_method is required for evidence 'ev_camera'
     at: push_warning (core/variant/variant_utility.cpp:1034)
     GDScript backtrace (most recent call first):
         [0] load_case (res://scripts/managers/case_manager.gd:114)
         [1] before_each (res://tests/unit/test_evidence_manager.gd:244)
         [2] _run_test (res://addons/gut/gut.gd:605)
         [3] _test_the_scripts (res://addons/gut/gut.gd:818)
WARNING: [CaseManager] Validation: EvidenceData: discovery_method is required for evidence 'ev_document'
     at: push_warning (core/variant/variant_utility.cpp:1034)
     GDScript backtrace (most recent call first):
         [0] load_case (res://scripts/managers/case_manager.gd:114)
         [1] before_each (res://tests/unit/test_evidence_manager.gd:244)
         [2] _run_test (res://addons/gut/gut.gd:605)
         [3] _test_the_scripts (res://addons/gut/gut.gd:818)
WARNING: [CaseManager] Validation: EvidenceData: discovery_method is required for evidence 'ev_photo'
     at: push_warning (core/variant/variant_utility.cpp:1034)
     GDScript backtrace (most recent call first):
         [0] load_case (res://scripts/managers/case_manager.gd:114)
         [1] before_each (res://tests/unit/test_evidence_manager.gd:244)
         [2] _run_test (res://addons/gut/gut.gd:605)
         [3] _test_the_scripts (res://addons/gut/gut.gd:818)
WARNING: [CaseManager] Validation: EvidenceData: discovery_method is required for evidence 'ev_phone'
     at: push_warning (core/variant/variant_utility.cpp:1034)
     GDScript backtrace (most recent call first):
         [0] load_case (res://scripts/managers/case_manager.gd:114)
         [1] before_each (res://tests/unit/test_evidence_manager.gd:244)
         [2] _run_test (res://addons/gut/gut.gd:605)
         [3] _test_the_scripts (res://addons/gut/gut.gd:818)
WARNING: [CaseManager] Validation: EvidenceData: discovery_method is required for evidence 'ev_knife'
     at: push_warning (core/variant/variant_utility.cpp:1034)
     GDScript backtrace (most recent call first):
         [0] load_case (res://scripts/managers/case_manager.gd:114)
         [1] before_each (res://tests/unit/test_evidence_manager.gd:244)
         [2] _run_test (res://addons/gut/gut.gd:605)
         [3] _test_the_scripts (res://addons/gut/gut.gd:818)
WARNING: [CaseManager] Validation: EvidenceData: discovery_method is required for evidence 'ev_letter'
     at: push_warning (core/variant/variant_utility.cpp:1034)
     GDScript backtrace (most recent call first):
         [0] load_case (res://scripts/managers/case_manager.gd:114)
         [1] before_each (res://tests/unit/test_evidence_manager.gd:244)
         [2] _run_test (res://addons/gut/gut.gd:605)
         [3] _test_the_scripts (res://addons/gut/gut.gd:818)
WARNING: [CaseManager] Validation: EvidenceData: discovery_method is required for evidence 'ev_knife_result'
     at: push_warning (core/variant/variant_utility.cpp:1034)
     GDScript backtrace (most recent call first):
         [0] load_case (res://scripts/managers/case_manager.gd:114)
         [1] before_each (res://tests/unit/test_evidence_manager.gd:244)
         [2] _run_test (res://addons/gut/gut.gd:605)
         [3] _test_the_scripts (res://addons/gut/gut.gd:818)
WARNING: [CaseManager] Validation: CaseData: lab output evidence 'ev_knife_result' must set derived_from to 'ev_knife'
     at: push_warning (core/variant/variant_utility.cpp:1034)
     GDScript backtrace (most recent call first):
         [0] load_case (res://scripts/managers/case_manager.gd:114)
         [1] before_each (res://tests/unit/test_evidence_manager.gd:244)
         [2] _run_test (res://addons/gut/gut.gd:605)
         [3] _test_the_scripts (res://addons/gut/gut.gd:818)
* test_request_hint_emits_signal
WARNING: [CaseManager] Validation: EvidenceData: discovery_method is required for evidence 'ev_fingerprint'
     at: push_warning (core/variant/variant_utility.cpp:1034)
     GDScript backtrace (most recent call first):
         [0] load_case (res://scripts/managers/case_manager.gd:114)
         [1] before_each (res://tests/unit/test_evidence_manager.gd:244)
         [2] _run_test (res://addons/gut/gut.gd:605)
         [3] _test_the_scripts (res://addons/gut/gut.gd:818)
WARNING: [CaseManager] Validation: EvidenceData: discovery_method is required for evidence 'ev_camera'
     at: push_warning (core/variant/variant_utility.cpp:1034)
     GDScript backtrace (most recent call first):
         [0] load_case (res://scripts/managers/case_manager.gd:114)
         [1] before_each (res://tests/unit/test_evidence_manager.gd:244)
         [2] _run_test (res://addons/gut/gut.gd:605)
         [3] _test_the_scripts (res://addons/gut/gut.gd:818)
WARNING: [CaseManager] Validation: EvidenceData: discovery_method is required for evidence 'ev_document'
     at: push_warning (core/variant/variant_utility.cpp:1034)
     GDScript backtrace (most recent call first):
         [0] load_case (res://scripts/managers/case_manager.gd:114)
         [1] before_each (res://tests/unit/test_evidence_manager.gd:244)
         [2] _run_test (res://addons/gut/gut.gd:605)
         [3] _test_the_scripts (res://addons/gut/gut.gd:818)
WARNING: [CaseManager] Validation: EvidenceData: discovery_method is required for evidence 'ev_photo'
     at: push_warning (core/variant/variant_utility.cpp:1034)
     GDScript backtrace (most recent call first):
         [0] load_case (res://scripts/managers/case_manager.gd:114)
         [1] before_each (res://tests/unit/test_evidence_manager.gd:244)
         [2] _run_test (res://addons/gut/gut.gd:605)
         [3] _test_the_scripts (res://addons/gut/gut.gd:818)
WARNING: [CaseManager] Validation: EvidenceData: discovery_method is required for evidence 'ev_phone'
     at: push_warning (core/variant/variant_utility.cpp:1034)
     GDScript backtrace (most recent call first):
         [0] load_case (res://scripts/managers/case_manager.gd:114)
         [1] before_each (res://tests/unit/test_evidence_manager.gd:244)
         [2] _run_test (res://addons/gut/gut.gd:605)
         [3] _test_the_scripts (res://addons/gut/gut.gd:818)
WARNING: [CaseManager] Validation: EvidenceData: discovery_method is required for evidence 'ev_knife'
     at: push_warning (core/variant/variant_utility.cpp:1034)
     GDScript backtrace (most recent call first):
         [0] load_case (res://scripts/managers/case_manager.gd:114)
         [1] before_each (res://tests/unit/test_evidence_manager.gd:244)
         [2] _run_test (res://addons/gut/gut.gd:605)
         [3] _test_the_scripts (res://addons/gut/gut.gd:818)
WARNING: [CaseManager] Validation: EvidenceData: discovery_method is required for evidence 'ev_letter'
     at: push_warning (core/variant/variant_utility.cpp:1034)
     GDScript backtrace (most recent call first):
         [0] load_case (res://scripts/managers/case_manager.gd:114)
         [1] before_each (res://tests/unit/test_evidence_manager.gd:244)
         [2] _run_test (res://addons/gut/gut.gd:605)
         [3] _test_the_scripts (res://addons/gut/gut.gd:818)
WARNING: [CaseManager] Validation: EvidenceData: discovery_method is required for evidence 'ev_knife_result'
     at: push_warning (core/variant/variant_utility.cpp:1034)
     GDScript backtrace (most recent call first):
         [0] load_case (res://scripts/managers/case_manager.gd:114)
         [1] before_each (res://tests/unit/test_evidence_manager.gd:244)
         [2] _run_test (res://addons/gut/gut.gd:605)
         [3] _test_the_scripts (res://addons/gut/gut.gd:818)
WARNING: [CaseManager] Validation: CaseData: lab output evidence 'ev_knife_result' must set derived_from to 'ev_knife'
     at: push_warning (core/variant/variant_utility.cpp:1034)
     GDScript backtrace (most recent call first):
         [0] load_case (res://scripts/managers/case_manager.gd:114)
         [1] before_each (res://tests/unit/test_evidence_manager.gd:244)
         [2] _run_test (res://addons/gut/gut.gd:605)
         [3] _test_the_scripts (res://addons/gut/gut.gd:818)
* test_request_hint_custom_text
WARNING: [CaseManager] Validation: EvidenceData: discovery_method is required for evidence 'ev_fingerprint'
     at: push_warning (core/variant/variant_utility.cpp:1034)
     GDScript backtrace (most recent call first):
         [0] load_case (res://scripts/managers/case_manager.gd:114)
         [1] before_each (res://tests/unit/test_evidence_manager.gd:244)
         [2] _run_test (res://addons/gut/gut.gd:605)
         [3] _test_the_scripts (res://addons/gut/gut.gd:818)
WARNING: [CaseManager] Validation: EvidenceData: discovery_method is required for evidence 'ev_camera'
     at: push_warning (core/variant/variant_utility.cpp:1034)
     GDScript backtrace (most recent call first):
         [0] load_case (res://scripts/managers/case_manager.gd:114)
         [1] before_each (res://tests/unit/test_evidence_manager.gd:244)
         [2] _run_test (res://addons/gut/gut.gd:605)
         [3] _test_the_scripts (res://addons/gut/gut.gd:818)
WARNING: [CaseManager] Validation: EvidenceData: discovery_method is required for evidence 'ev_document'
     at: push_warning (core/variant/variant_utility.cpp:1034)
     GDScript backtrace (most recent call first):
         [0] load_case (res://scripts/managers/case_manager.gd:114)
         [1] before_each (res://tests/unit/test_evidence_manager.gd:244)
         [2] _run_test (res://addons/gut/gut.gd:605)
         [3] _test_the_scripts (res://addons/gut/gut.gd:818)
WARNING: [CaseManager] Validation: EvidenceData: discovery_method is required for evidence 'ev_photo'
     at: push_warning (core/variant/variant_utility.cpp:1034)
     GDScript backtrace (most recent call first):
         [0] load_case (res://scripts/managers/case_manager.gd:114)
         [1] before_each (res://tests/unit/test_evidence_manager.gd:244)
         [2] _run_test (res://addons/gut/gut.gd:605)
         [3] _test_the_scripts (res://addons/gut/gut.gd:818)
WARNING: [CaseManager] Validation: EvidenceData: discovery_method is required for evidence 'ev_phone'
     at: push_warning (core/variant/variant_utility.cpp:1034)
     GDScript backtrace (most recent call first):
         [0] load_case (res://scripts/managers/case_manager.gd:114)
         [1] before_each (res://tests/unit/test_evidence_manager.gd:244)
         [2] _run_test (res://addons/gut/gut.gd:605)
         [3] _test_the_scripts (res://addons/gut/gut.gd:818)
WARNING: [CaseManager] Validation: EvidenceData: discovery_method is required for evidence 'ev_knife'
     at: push_warning (core/variant/variant_utility.cpp:1034)
     GDScript backtrace (most recent call first):
         [0] load_case (res://scripts/managers/case_manager.gd:114)
         [1] before_each (res://tests/unit/test_evidence_manager.gd:244)
         [2] _run_test (res://addons/gut/gut.gd:605)
         [3] _test_the_scripts (res://addons/gut/gut.gd:818)
WARNING: [CaseManager] Validation: EvidenceData: discovery_method is required for evidence 'ev_letter'
     at: push_warning (core/variant/variant_utility.cpp:1034)
     GDScript backtrace (most recent call first):
         [0] load_case (res://scripts/managers/case_manager.gd:114)
         [1] before_each (res://tests/unit/test_evidence_manager.gd:244)
         [2] _run_test (res://addons/gut/gut.gd:605)
         [3] _test_the_scripts (res://addons/gut/gut.gd:818)
WARNING: [CaseManager] Validation: EvidenceData: discovery_method is required for evidence 'ev_knife_result'
     at: push_warning (core/variant/variant_utility.cpp:1034)
     GDScript backtrace (most recent call first):
         [0] load_case (res://scripts/managers/case_manager.gd:114)
         [1] before_each (res://tests/unit/test_evidence_manager.gd:244)
         [2] _run_test (res://addons/gut/gut.gd:605)
         [3] _test_the_scripts (res://addons/gut/gut.gd:818)
WARNING: [CaseManager] Validation: CaseData: lab output evidence 'ev_knife_result' must set derived_from to 'ev_knife'
     at: push_warning (core/variant/variant_utility.cpp:1034)
     GDScript backtrace (most recent call first):
         [0] load_case (res://scripts/managers/case_manager.gd:114)
         [1] before_each (res://tests/unit/test_evidence_manager.gd:244)
         [2] _run_test (res://addons/gut/gut.gd:605)
         [3] _test_the_scripts (res://addons/gut/gut.gd:818)
* test_request_hint_generic_text_when_no_custom
WARNING: [CaseManager] Validation: EvidenceData: discovery_method is required for evidence 'ev_fingerprint'
     at: push_warning (core/variant/variant_utility.cpp:1034)
     GDScript backtrace (most recent call first):
         [0] load_case (res://scripts/managers/case_manager.gd:114)
         [1] before_each (res://tests/unit/test_evidence_manager.gd:244)
         [2] _run_test (res://addons/gut/gut.gd:605)
         [3] _test_the_scripts (res://addons/gut/gut.gd:818)
WARNING: [CaseManager] Validation: EvidenceData: discovery_method is required for evidence 'ev_camera'
     at: push_warning (core/variant/variant_utility.cpp:1034)
     GDScript backtrace (most recent call first):
         [0] load_case (res://scripts/managers/case_manager.gd:114)
         [1] before_each (res://tests/unit/test_evidence_manager.gd:244)
         [2] _run_test (res://addons/gut/gut.gd:605)
         [3] _test_the_scripts (res://addons/gut/gut.gd:818)
WARNING: [CaseManager] Validation: EvidenceData: discovery_method is required for evidence 'ev_document'
     at: push_warning (core/variant/variant_utility.cpp:1034)
     GDScript backtrace (most recent call first):
         [0] load_case (res://scripts/managers/case_manager.gd:114)
         [1] before_each (res://tests/unit/test_evidence_manager.gd:244)
         [2] _run_test (res://addons/gut/gut.gd:605)
         [3] _test_the_scripts (res://addons/gut/gut.gd:818)
WARNING: [CaseManager] Validation: EvidenceData: discovery_method is required for evidence 'ev_photo'
     at: push_warning (core/variant/variant_utility.cpp:1034)
     GDScript backtrace (most recent call first):
         [0] load_case (res://scripts/managers/case_manager.gd:114)
         [1] before_each (res://tests/unit/test_evidence_manager.gd:244)
         [2] _run_test (res://addons/gut/gut.gd:605)
         [3] _test_the_scripts (res://addons/gut/gut.gd:818)
WARNING: [CaseManager] Validation: EvidenceData: discovery_method is required for evidence 'ev_phone'
     at: push_warning (core/variant/variant_utility.cpp:1034)
     GDScript backtrace (most recent call first):
         [0] load_case (res://scripts/managers/case_manager.gd:114)
         [1] before_each (res://tests/unit/test_evidence_manager.gd:244)
         [2] _run_test (res://addons/gut/gut.gd:605)
         [3] _test_the_scripts (res://addons/gut/gut.gd:818)
WARNING: [CaseManager] Validation: EvidenceData: discovery_method is required for evidence 'ev_knife'
     at: push_warning (core/variant/variant_utility.cpp:1034)
     GDScript backtrace (most recent call first):
         [0] load_case (res://scripts/managers/case_manager.gd:114)
         [1] before_each (res://tests/unit/test_evidence_manager.gd:244)
         [2] _run_test (res://addons/gut/gut.gd:605)
         [3] _test_the_scripts (res://addons/gut/gut.gd:818)
WARNING: [CaseManager] Validation: EvidenceData: discovery_method is required for evidence 'ev_letter'
     at: push_warning (core/variant/variant_utility.cpp:1034)
     GDScript backtrace (most recent call first):
         [0] load_case (res://scripts/managers/case_manager.gd:114)
         [1] before_each (res://tests/unit/test_evidence_manager.gd:244)
         [2] _run_test (res://addons/gut/gut.gd:605)
         [3] _test_the_scripts (res://addons/gut/gut.gd:818)
WARNING: [CaseManager] Validation: EvidenceData: discovery_method is required for evidence 'ev_knife_result'
     at: push_warning (core/variant/variant_utility.cpp:1034)
     GDScript backtrace (most recent call first):
         [0] load_case (res://scripts/managers/case_manager.gd:114)
         [1] before_each (res://tests/unit/test_evidence_manager.gd:244)
         [2] _run_test (res://addons/gut/gut.gd:605)
         [3] _test_the_scripts (res://addons/gut/gut.gd:818)
WARNING: [CaseManager] Validation: CaseData: lab output evidence 'ev_knife_result' must set derived_from to 'ev_knife'
     at: push_warning (core/variant/variant_utility.cpp:1034)
     GDScript backtrace (most recent call first):
         [0] load_case (res://scripts/managers/case_manager.gd:114)
         [1] before_each (res://tests/unit/test_evidence_manager.gd:244)
         [2] _run_test (res://addons/gut/gut.gd:605)
         [3] _test_the_scripts (res://addons/gut/gut.gd:818)
* test_evidence_weight_within_valid_range
WARNING: [CaseManager] Validation: EvidenceData: discovery_method is required for evidence 'ev_fingerprint'
     at: push_warning (core/variant/variant_utility.cpp:1034)
     GDScript backtrace (most recent call first):
         [0] load_case (res://scripts/managers/case_manager.gd:114)
         [1] before_each (res://tests/unit/test_evidence_manager.gd:244)
         [2] _run_test (res://addons/gut/gut.gd:605)
         [3] _test_the_scripts (res://addons/gut/gut.gd:818)
WARNING: [CaseManager] Validation: EvidenceData: discovery_method is required for evidence 'ev_camera'
     at: push_warning (core/variant/variant_utility.cpp:1034)
     GDScript backtrace (most recent call first):
         [0] load_case (res://scripts/managers/case_manager.gd:114)
         [1] before_each (res://tests/unit/test_evidence_manager.gd:244)
         [2] _run_test (res://addons/gut/gut.gd:605)
         [3] _test_the_scripts (res://addons/gut/gut.gd:818)
WARNING: [CaseManager] Validation: EvidenceData: discovery_method is required for evidence 'ev_document'
     at: push_warning (core/variant/variant_utility.cpp:1034)
     GDScript backtrace (most recent call first):
         [0] load_case (res://scripts/managers/case_manager.gd:114)
         [1] before_each (res://tests/unit/test_evidence_manager.gd:244)
         [2] _run_test (res://addons/gut/gut.gd:605)
         [3] _test_the_scripts (res://addons/gut/gut.gd:818)
WARNING: [CaseManager] Validation: EvidenceData: discovery_method is required for evidence 'ev_photo'
     at: push_warning (core/variant/variant_utility.cpp:1034)
     GDScript backtrace (most recent call first):
         [0] load_case (res://scripts/managers/case_manager.gd:114)
         [1] before_each (res://tests/unit/test_evidence_manager.gd:244)
         [2] _run_test (res://addons/gut/gut.gd:605)
         [3] _test_the_scripts (res://addons/gut/gut.gd:818)
WARNING: [CaseManager] Validation: EvidenceData: discovery_method is required for evidence 'ev_phone'
     at: push_warning (core/variant/variant_utility.cpp:1034)
     GDScript backtrace (most recent call first):
         [0] load_case (res://scripts/managers/case_manager.gd:114)
         [1] before_each (res://tests/unit/test_evidence_manager.gd:244)
         [2] _run_test (res://addons/gut/gut.gd:605)
         [3] _test_the_scripts (res://addons/gut/gut.gd:818)
WARNING: [CaseManager] Validation: EvidenceData: discovery_method is required for evidence 'ev_knife'
     at: push_warning (core/variant/variant_utility.cpp:1034)
     GDScript backtrace (most recent call first):
         [0] load_case (res://scripts/managers/case_manager.gd:114)
         [1] before_each (res://tests/unit/test_evidence_manager.gd:244)
         [2] _run_test (res://addons/gut/gut.gd:605)
         [3] _test_the_scripts (res://addons/gut/gut.gd:818)
WARNING: [CaseManager] Validation: EvidenceData: discovery_method is required for evidence 'ev_letter'
     at: push_warning (core/variant/variant_utility.cpp:1034)
     GDScript backtrace (most recent call first):
         [0] load_case (res://scripts/managers/case_manager.gd:114)
         [1] before_each (res://tests/unit/test_evidence_manager.gd:244)
         [2] _run_test (res://addons/gut/gut.gd:605)
         [3] _test_the_scripts (res://addons/gut/gut.gd:818)
WARNING: [CaseManager] Validation: EvidenceData: discovery_method is required for evidence 'ev_knife_result'
     at: push_warning (core/variant/variant_utility.cpp:1034)
     GDScript backtrace (most recent call first):
         [0] load_case (res://scripts/managers/case_manager.gd:114)
         [1] before_each (res://tests/unit/test_evidence_manager.gd:244)
         [2] _run_test (res://addons/gut/gut.gd:605)
         [3] _test_the_scripts (res://addons/gut/gut.gd:818)
WARNING: [CaseManager] Validation: CaseData: lab output evidence 'ev_knife_result' must set derived_from to 'ev_knife'
     at: push_warning (core/variant/variant_utility.cpp:1034)
     GDScript backtrace (most recent call first):
         [0] load_case (res://scripts/managers/case_manager.gd:114)
         [1] before_each (res://tests/unit/test_evidence_manager.gd:244)
         [2] _run_test (res://addons/gut/gut.gd:605)
         [3] _test_the_scripts (res://addons/gut/gut.gd:818)
* test_evidence_data_has_hint_text
WARNING: [CaseManager] Validation: EvidenceData: discovery_method is required for evidence 'ev_fingerprint'
     at: push_warning (core/variant/variant_utility.cpp:1034)
     GDScript backtrace (most recent call first):
         [0] load_case (res://scripts/managers/case_manager.gd:114)
         [1] before_each (res://tests/unit/test_evidence_manager.gd:244)
         [2] _run_test (res://addons/gut/gut.gd:605)
         [3] _test_the_scripts (res://addons/gut/gut.gd:818)
WARNING: [CaseManager] Validation: EvidenceData: discovery_method is required for evidence 'ev_camera'
     at: push_warning (core/variant/variant_utility.cpp:1034)
     GDScript backtrace (most recent call first):
         [0] load_case (res://scripts/managers/case_manager.gd:114)
         [1] before_each (res://tests/unit/test_evidence_manager.gd:244)
         [2] _run_test (res://addons/gut/gut.gd:605)
         [3] _test_the_scripts (res://addons/gut/gut.gd:818)
WARNING: [CaseManager] Validation: EvidenceData: discovery_method is required for evidence 'ev_document'
     at: push_warning (core/variant/variant_utility.cpp:1034)
     GDScript backtrace (most recent call first):
         [0] load_case (res://scripts/managers/case_manager.gd:114)
         [1] before_each (res://tests/unit/test_evidence_manager.gd:244)
         [2] _run_test (res://addons/gut/gut.gd:605)
         [3] _test_the_scripts (res://addons/gut/gut.gd:818)
WARNING: [CaseManager] Validation: EvidenceData: discovery_method is required for evidence 'ev_photo'
     at: push_warning (core/variant/variant_utility.cpp:1034)
     GDScript backtrace (most recent call first):
         [0] load_case (res://scripts/managers/case_manager.gd:114)
         [1] before_each (res://tests/unit/test_evidence_manager.gd:244)
         [2] _run_test (res://addons/gut/gut.gd:605)
         [3] _test_the_scripts (res://addons/gut/gut.gd:818)
WARNING: [CaseManager] Validation: EvidenceData: discovery_method is required for evidence 'ev_phone'
     at: push_warning (core/variant/variant_utility.cpp:1034)
     GDScript backtrace (most recent call first):
         [0] load_case (res://scripts/managers/case_manager.gd:114)
         [1] before_each (res://tests/unit/test_evidence_manager.gd:244)
         [2] _run_test (res://addons/gut/gut.gd:605)
         [3] _test_the_scripts (res://addons/gut/gut.gd:818)
WARNING: [CaseManager] Validation: EvidenceData: discovery_method is required for evidence 'ev_knife'
     at: push_warning (core/variant/variant_utility.cpp:1034)
     GDScript backtrace (most recent call first):
         [0] load_case (res://scripts/managers/case_manager.gd:114)
         [1] before_each (res://tests/unit/test_evidence_manager.gd:244)
         [2] _run_test (res://addons/gut/gut.gd:605)
         [3] _test_the_scripts (res://addons/gut/gut.gd:818)
WARNING: [CaseManager] Validation: EvidenceData: discovery_method is required for evidence 'ev_letter'
     at: push_warning (core/variant/variant_utility.cpp:1034)
     GDScript backtrace (most recent call first):
         [0] load_case (res://scripts/managers/case_manager.gd:114)
         [1] before_each (res://tests/unit/test_evidence_manager.gd:244)
         [2] _run_test (res://addons/gut/gut.gd:605)
         [3] _test_the_scripts (res://addons/gut/gut.gd:818)
WARNING: [CaseManager] Validation: EvidenceData: discovery_method is required for evidence 'ev_knife_result'
     at: push_warning (core/variant/variant_utility.cpp:1034)
     GDScript backtrace (most recent call first):
         [0] load_case (res://scripts/managers/case_manager.gd:114)
         [1] before_each (res://tests/unit/test_evidence_manager.gd:244)
         [2] _run_test (res://addons/gut/gut.gd:605)
         [3] _test_the_scripts (res://addons/gut/gut.gd:818)
WARNING: [CaseManager] Validation: CaseData: lab output evidence 'ev_knife_result' must set derived_from to 'ev_knife'
     at: push_warning (core/variant/variant_utility.cpp:1034)
     GDScript backtrace (most recent call first):
         [0] load_case (res://scripts/managers/case_manager.gd:114)
         [1] before_each (res://tests/unit/test_evidence_manager.gd:244)
         [2] _run_test (res://addons/gut/gut.gd:605)
         [3] _test_the_scripts (res://addons/gut/gut.gd:818)
* test_evidence_data_hint_text_defaults_empty
WARNING: [CaseManager] Validation: EvidenceData: discovery_method is required for evidence 'ev_fingerprint'
     at: push_warning (core/variant/variant_utility.cpp:1034)
     GDScript backtrace (most recent call first):
         [0] load_case (res://scripts/managers/case_manager.gd:114)
         [1] before_each (res://tests/unit/test_evidence_manager.gd:244)
         [2] _run_test (res://addons/gut/gut.gd:605)
         [3] _test_the_scripts (res://addons/gut/gut.gd:818)
WARNING: [CaseManager] Validation: EvidenceData: discovery_method is required for evidence 'ev_camera'
     at: push_warning (core/variant/variant_utility.cpp:1034)
     GDScript backtrace (most recent call first):
         [0] load_case (res://scripts/managers/case_manager.gd:114)
         [1] before_each (res://tests/unit/test_evidence_manager.gd:244)
         [2] _run_test (res://addons/gut/gut.gd:605)
         [3] _test_the_scripts (res://addons/gut/gut.gd:818)
WARNING: [CaseManager] Validation: EvidenceData: discovery_method is required for evidence 'ev_document'
     at: push_warning (core/variant/variant_utility.cpp:1034)
     GDScript backtrace (most recent call first):
         [0] load_case (res://scripts/managers/case_manager.gd:114)
         [1] before_each (res://tests/unit/test_evidence_manager.gd:244)
         [2] _run_test (res://addons/gut/gut.gd:605)
         [3] _test_the_scripts (res://addons/gut/gut.gd:818)
WARNING: [CaseManager] Validation: EvidenceData: discovery_method is required for evidence 'ev_photo'
     at: push_warning (core/variant/variant_utility.cpp:1034)
     GDScript backtrace (most recent call first):
         [0] load_case (res://scripts/managers/case_manager.gd:114)
         [1] before_each (res://tests/unit/test_evidence_manager.gd:244)
         [2] _run_test (res://addons/gut/gut.gd:605)
         [3] _test_the_scripts (res://addons/gut/gut.gd:818)
WARNING: [CaseManager] Validation: EvidenceData: discovery_method is required for evidence 'ev_phone'
     at: push_warning (core/variant/variant_utility.cpp:1034)
     GDScript backtrace (most recent call first):
         [0] load_case (res://scripts/managers/case_manager.gd:114)
         [1] before_each (res://tests/unit/test_evidence_manager.gd:244)
         [2] _run_test (res://addons/gut/gut.gd:605)
         [3] _test_the_scripts (res://addons/gut/gut.gd:818)
WARNING: [CaseManager] Validation: EvidenceData: discovery_method is required for evidence 'ev_knife'
     at: push_warning (core/variant/variant_utility.cpp:1034)
     GDScript backtrace (most recent call first):
         [0] load_case (res://scripts/managers/case_manager.gd:114)
         [1] before_each (res://tests/unit/test_evidence_manager.gd:244)
         [2] _run_test (res://addons/gut/gut.gd:605)
         [3] _test_the_scripts (res://addons/gut/gut.gd:818)
WARNING: [CaseManager] Validation: EvidenceData: discovery_method is required for evidence 'ev_letter'
     at: push_warning (core/variant/variant_utility.cpp:1034)
     GDScript backtrace (most recent call first):
         [0] load_case (res://scripts/managers/case_manager.gd:114)
         [1] before_each (res://tests/unit/test_evidence_manager.gd:244)
         [2] _run_test (res://addons/gut/gut.gd:605)
         [3] _test_the_scripts (res://addons/gut/gut.gd:818)
WARNING: [CaseManager] Validation: EvidenceData: discovery_method is required for evidence 'ev_knife_result'
     at: push_warning (core/variant/variant_utility.cpp:1034)
     GDScript backtrace (most recent call first):
         [0] load_case (res://scripts/managers/case_manager.gd:114)
         [1] before_each (res://tests/unit/test_evidence_manager.gd:244)
         [2] _run_test (res://addons/gut/gut.gd:605)
         [3] _test_the_scripts (res://addons/gut/gut.gd:818)
WARNING: [CaseManager] Validation: CaseData: lab output evidence 'ev_knife_result' must set derived_from to 'ev_knife'
     at: push_warning (core/variant/variant_utility.cpp:1034)
     GDScript backtrace (most recent call first):
         [0] load_case (res://scripts/managers/case_manager.gd:114)
         [1] before_each (res://tests/unit/test_evidence_manager.gd:244)
         [2] _run_test (res://addons/gut/gut.gd:605)
         [3] _test_the_scripts (res://addons/gut/gut.gd:818)
* test_statement_data_has_contradicting_evidence
WARNING: [CaseManager] Validation: EvidenceData: discovery_method is required for evidence 'ev_fingerprint'
     at: push_warning (core/variant/variant_utility.cpp:1034)
     GDScript backtrace (most recent call first):
         [0] load_case (res://scripts/managers/case_manager.gd:114)
         [1] before_each (res://tests/unit/test_evidence_manager.gd:244)
         [2] _run_test (res://addons/gut/gut.gd:605)
         [3] _test_the_scripts (res://addons/gut/gut.gd:818)
WARNING: [CaseManager] Validation: EvidenceData: discovery_method is required for evidence 'ev_camera'
     at: push_warning (core/variant/variant_utility.cpp:1034)
     GDScript backtrace (most recent call first):
         [0] load_case (res://scripts/managers/case_manager.gd:114)
         [1] before_each (res://tests/unit/test_evidence_manager.gd:244)
         [2] _run_test (res://addons/gut/gut.gd:605)
         [3] _test_the_scripts (res://addons/gut/gut.gd:818)
WARNING: [CaseManager] Validation: EvidenceData: discovery_method is required for evidence 'ev_document'
     at: push_warning (core/variant/variant_utility.cpp:1034)
     GDScript backtrace (most recent call first):
         [0] load_case (res://scripts/managers/case_manager.gd:114)
         [1] before_each (res://tests/unit/test_evidence_manager.gd:244)
         [2] _run_test (res://addons/gut/gut.gd:605)
         [3] _test_the_scripts (res://addons/gut/gut.gd:818)
WARNING: [CaseManager] Validation: EvidenceData: discovery_method is required for evidence 'ev_photo'
     at: push_warning (core/variant/variant_utility.cpp:1034)
     GDScript backtrace (most recent call first):
         [0] load_case (res://scripts/managers/case_manager.gd:114)
         [1] before_each (res://tests/unit/test_evidence_manager.gd:244)
         [2] _run_test (res://addons/gut/gut.gd:605)
         [3] _test_the_scripts (res://addons/gut/gut.gd:818)
WARNING: [CaseManager] Validation: EvidenceData: discovery_method is required for evidence 'ev_phone'
     at: push_warning (core/variant/variant_utility.cpp:1034)
     GDScript backtrace (most recent call first):
         [0] load_case (res://scripts/managers/case_manager.gd:114)
         [1] before_each (res://tests/unit/test_evidence_manager.gd:244)
         [2] _run_test (res://addons/gut/gut.gd:605)
         [3] _test_the_scripts (res://addons/gut/gut.gd:818)
WARNING: [CaseManager] Validation: EvidenceData: discovery_method is required for evidence 'ev_knife'
     at: push_warning (core/variant/variant_utility.cpp:1034)
     GDScript backtrace (most recent call first):
         [0] load_case (res://scripts/managers/case_manager.gd:114)
         [1] before_each (res://tests/unit/test_evidence_manager.gd:244)
         [2] _run_test (res://addons/gut/gut.gd:605)
         [3] _test_the_scripts (res://addons/gut/gut.gd:818)
WARNING: [CaseManager] Validation: EvidenceData: discovery_method is required for evidence 'ev_letter'
     at: push_warning (core/variant/variant_utility.cpp:1034)
     GDScript backtrace (most recent call first):
         [0] load_case (res://scripts/managers/case_manager.gd:114)
         [1] before_each (res://tests/unit/test_evidence_manager.gd:244)
         [2] _run_test (res://addons/gut/gut.gd:605)
         [3] _test_the_scripts (res://addons/gut/gut.gd:818)
WARNING: [CaseManager] Validation: EvidenceData: discovery_method is required for evidence 'ev_knife_result'
     at: push_warning (core/variant/variant_utility.cpp:1034)
     GDScript backtrace (most recent call first):
         [0] load_case (res://scripts/managers/case_manager.gd:114)
         [1] before_each (res://tests/unit/test_evidence_manager.gd:244)
         [2] _run_test (res://addons/gut/gut.gd:605)
         [3] _test_the_scripts (res://addons/gut/gut.gd:818)
WARNING: [CaseManager] Validation: CaseData: lab output evidence 'ev_knife_result' must set derived_from to 'ev_knife'
     at: push_warning (core/variant/variant_utility.cpp:1034)
     GDScript backtrace (most recent call first):
         [0] load_case (res://scripts/managers/case_manager.gd:114)
         [1] before_each (res://tests/unit/test_evidence_manager.gd:244)
         [2] _run_test (res://addons/gut/gut.gd:605)
         [3] _test_the_scripts (res://addons/gut/gut.gd:818)
* test_statement_data_contradicting_evidence_defaults_empty
WARNING: [CaseManager] Validation: EvidenceData: discovery_method is required for evidence 'ev_fingerprint'
     at: push_warning (core/variant/variant_utility.cpp:1034)
     GDScript backtrace (most recent call first):
         [0] load_case (res://scripts/managers/case_manager.gd:114)
         [1] before_each (res://tests/unit/test_evidence_manager.gd:244)
         [2] _run_test (res://addons/gut/gut.gd:605)
         [3] _test_the_scripts (res://addons/gut/gut.gd:818)
WARNING: [CaseManager] Validation: EvidenceData: discovery_method is required for evidence 'ev_camera'
     at: push_warning (core/variant/variant_utility.cpp:1034)
     GDScript backtrace (most recent call first):
         [0] load_case (res://scripts/managers/case_manager.gd:114)
         [1] before_each (res://tests/unit/test_evidence_manager.gd:244)
         [2] _run_test (res://addons/gut/gut.gd:605)
         [3] _test_the_scripts (res://addons/gut/gut.gd:818)
WARNING: [CaseManager] Validation: EvidenceData: discovery_method is required for evidence 'ev_document'
     at: push_warning (core/variant/variant_utility.cpp:1034)
     GDScript backtrace (most recent call first):
         [0] load_case (res://scripts/managers/case_manager.gd:114)
         [1] before_each (res://tests/unit/test_evidence_manager.gd:244)
         [2] _run_test (res://addons/gut/gut.gd:605)
         [3] _test_the_scripts (res://addons/gut/gut.gd:818)
WARNING: [CaseManager] Validation: EvidenceData: discovery_method is required for evidence 'ev_photo'
     at: push_warning (core/variant/variant_utility.cpp:1034)
     GDScript backtrace (most recent call first):
         [0] load_case (res://scripts/managers/case_manager.gd:114)
         [1] before_each (res://tests/unit/test_evidence_manager.gd:244)
         [2] _run_test (res://addons/gut/gut.gd:605)
         [3] _test_the_scripts (res://addons/gut/gut.gd:818)
WARNING: [CaseManager] Validation: EvidenceData: discovery_method is required for evidence 'ev_phone'
     at: push_warning (core/variant/variant_utility.cpp:1034)
     GDScript backtrace (most recent call first):
         [0] load_case (res://scripts/managers/case_manager.gd:114)
         [1] before_each (res://tests/unit/test_evidence_manager.gd:244)
         [2] _run_test (res://addons/gut/gut.gd:605)
         [3] _test_the_scripts (res://addons/gut/gut.gd:818)
WARNING: [CaseManager] Validation: EvidenceData: discovery_method is required for evidence 'ev_knife'
     at: push_warning (core/variant/variant_utility.cpp:1034)
     GDScript backtrace (most recent call first):
         [0] load_case (res://scripts/managers/case_manager.gd:114)
         [1] before_each (res://tests/unit/test_evidence_manager.gd:244)
         [2] _run_test (res://addons/gut/gut.gd:605)
         [3] _test_the_scripts (res://addons/gut/gut.gd:818)
WARNING: [CaseManager] Validation: EvidenceData: discovery_method is required for evidence 'ev_letter'
     at: push_warning (core/variant/variant_utility.cpp:1034)
     GDScript backtrace (most recent call first):
         [0] load_case (res://scripts/managers/case_manager.gd:114)
         [1] before_each (res://tests/unit/test_evidence_manager.gd:244)
         [2] _run_test (res://addons/gut/gut.gd:605)
         [3] _test_the_scripts (res://addons/gut/gut.gd:818)
WARNING: [CaseManager] Validation: EvidenceData: discovery_method is required for evidence 'ev_knife_result'
     at: push_warning (core/variant/variant_utility.cpp:1034)
     GDScript backtrace (most recent call first):
         [0] load_case (res://scripts/managers/case_manager.gd:114)
         [1] before_each (res://tests/unit/test_evidence_manager.gd:244)
         [2] _run_test (res://addons/gut/gut.gd:605)
         [3] _test_the_scripts (res://addons/gut/gut.gd:818)
WARNING: [CaseManager] Validation: CaseData: lab output evidence 'ev_knife_result' must set derived_from to 'ev_knife'
     at: push_warning (core/variant/variant_utility.cpp:1034)
     GDScript backtrace (most recent call first):
         [0] load_case (res://scripts/managers/case_manager.gd:114)
         [1] before_each (res://tests/unit/test_evidence_manager.gd:244)
         [2] _run_test (res://addons/gut/gut.gd:605)
         [3] _test_the_scripts (res://addons/gut/gut.gd:818)
* test_evidence_data_to_dict_includes_hint_text
WARNING: [CaseManager] Validation: EvidenceData: discovery_method is required for evidence 'ev_fingerprint'
     at: push_warning (core/variant/variant_utility.cpp:1034)
     GDScript backtrace (most recent call first):
         [0] load_case (res://scripts/managers/case_manager.gd:114)
         [1] before_each (res://tests/unit/test_evidence_manager.gd:244)
         [2] _run_test (res://addons/gut/gut.gd:605)
         [3] _test_the_scripts (res://addons/gut/gut.gd:818)
WARNING: [CaseManager] Validation: EvidenceData: discovery_method is required for evidence 'ev_camera'
     at: push_warning (core/variant/variant_utility.cpp:1034)
     GDScript backtrace (most recent call first):
         [0] load_case (res://scripts/managers/case_manager.gd:114)
         [1] before_each (res://tests/unit/test_evidence_manager.gd:244)
         [2] _run_test (res://addons/gut/gut.gd:605)
         [3] _test_the_scripts (res://addons/gut/gut.gd:818)
WARNING: [CaseManager] Validation: EvidenceData: discovery_method is required for evidence 'ev_document'
     at: push_warning (core/variant/variant_utility.cpp:1034)
     GDScript backtrace (most recent call first):
         [0] load_case (res://scripts/managers/case_manager.gd:114)
         [1] before_each (res://tests/unit/test_evidence_manager.gd:244)
         [2] _run_test (res://addons/gut/gut.gd:605)
         [3] _test_the_scripts (res://addons/gut/gut.gd:818)
WARNING: [CaseManager] Validation: EvidenceData: discovery_method is required for evidence 'ev_photo'
     at: push_warning (core/variant/variant_utility.cpp:1034)
     GDScript backtrace (most recent call first):
         [0] load_case (res://scripts/managers/case_manager.gd:114)
         [1] before_each (res://tests/unit/test_evidence_manager.gd:244)
         [2] _run_test (res://addons/gut/gut.gd:605)
         [3] _test_the_scripts (res://addons/gut/gut.gd:818)
WARNING: [CaseManager] Validation: EvidenceData: discovery_method is required for evidence 'ev_phone'
     at: push_warning (core/variant/variant_utility.cpp:1034)
     GDScript backtrace (most recent call first):
         [0] load_case (res://scripts/managers/case_manager.gd:114)
         [1] before_each (res://tests/unit/test_evidence_manager.gd:244)
         [2] _run_test (res://addons/gut/gut.gd:605)
         [3] _test_the_scripts (res://addons/gut/gut.gd:818)
WARNING: [CaseManager] Validation: EvidenceData: discovery_method is required for evidence 'ev_knife'
     at: push_warning (core/variant/variant_utility.cpp:1034)
     GDScript backtrace (most recent call first):
         [0] load_case (res://scripts/managers/case_manager.gd:114)
         [1] before_each (res://tests/unit/test_evidence_manager.gd:244)
         [2] _run_test (res://addons/gut/gut.gd:605)
         [3] _test_the_scripts (res://addons/gut/gut.gd:818)
WARNING: [CaseManager] Validation: EvidenceData: discovery_method is required for evidence 'ev_letter'
     at: push_warning (core/variant/variant_utility.cpp:1034)
     GDScript backtrace (most recent call first):
         [0] load_case (res://scripts/managers/case_manager.gd:114)
         [1] before_each (res://tests/unit/test_evidence_manager.gd:244)
         [2] _run_test (res://addons/gut/gut.gd:605)
         [3] _test_the_scripts (res://addons/gut/gut.gd:818)
WARNING: [CaseManager] Validation: EvidenceData: discovery_method is required for evidence 'ev_knife_result'
     at: push_warning (core/variant/variant_utility.cpp:1034)
     GDScript backtrace (most recent call first):
         [0] load_case (res://scripts/managers/case_manager.gd:114)
         [1] before_each (res://tests/unit/test_evidence_manager.gd:244)
         [2] _run_test (res://addons/gut/gut.gd:605)
         [3] _test_the_scripts (res://addons/gut/gut.gd:818)
WARNING: [CaseManager] Validation: CaseData: lab output evidence 'ev_knife_result' must set derived_from to 'ev_knife'
     at: push_warning (core/variant/variant_utility.cpp:1034)
     GDScript backtrace (most recent call first):
         [0] load_case (res://scripts/managers/case_manager.gd:114)
         [1] before_each (res://tests/unit/test_evidence_manager.gd:244)
         [2] _run_test (res://addons/gut/gut.gd:605)
         [3] _test_the_scripts (res://addons/gut/gut.gd:818)
* test_statement_data_to_dict_includes_contradicting_evidence
WARNING: [CaseManager] Validation: EvidenceData: discovery_method is required for evidence 'ev_fingerprint'
     at: push_warning (core/variant/variant_utility.cpp:1034)
     GDScript backtrace (most recent call first):
         [0] load_case (res://scripts/managers/case_manager.gd:114)
         [1] before_each (res://tests/unit/test_evidence_manager.gd:244)
         [2] _run_test (res://addons/gut/gut.gd:605)
         [3] _test_the_scripts (res://addons/gut/gut.gd:818)
WARNING: [CaseManager] Validation: EvidenceData: discovery_method is required for evidence 'ev_camera'
     at: push_warning (core/variant/variant_utility.cpp:1034)
     GDScript backtrace (most recent call first):
         [0] load_case (res://scripts/managers/case_manager.gd:114)
         [1] before_each (res://tests/unit/test_evidence_manager.gd:244)
         [2] _run_test (res://addons/gut/gut.gd:605)
         [3] _test_the_scripts (res://addons/gut/gut.gd:818)
WARNING: [CaseManager] Validation: EvidenceData: discovery_method is required for evidence 'ev_document'
     at: push_warning (core/variant/variant_utility.cpp:1034)
     GDScript backtrace (most recent call first):
         [0] load_case (res://scripts/managers/case_manager.gd:114)
         [1] before_each (res://tests/unit/test_evidence_manager.gd:244)
         [2] _run_test (res://addons/gut/gut.gd:605)
         [3] _test_the_scripts (res://addons/gut/gut.gd:818)
WARNING: [CaseManager] Validation: EvidenceData: discovery_method is required for evidence 'ev_photo'
     at: push_warning (core/variant/variant_utility.cpp:1034)
     GDScript backtrace (most recent call first):
         [0] load_case (res://scripts/managers/case_manager.gd:114)
         [1] before_each (res://tests/unit/test_evidence_manager.gd:244)
         [2] _run_test (res://addons/gut/gut.gd:605)
         [3] _test_the_scripts (res://addons/gut/gut.gd:818)
WARNING: [CaseManager] Validation: EvidenceData: discovery_method is required for evidence 'ev_phone'
     at: push_warning (core/variant/variant_utility.cpp:1034)
     GDScript backtrace (most recent call first):
         [0] load_case (res://scripts/managers/case_manager.gd:114)
         [1] before_each (res://tests/unit/test_evidence_manager.gd:244)
         [2] _run_test (res://addons/gut/gut.gd:605)
         [3] _test_the_scripts (res://addons/gut/gut.gd:818)
WARNING: [CaseManager] Validation: EvidenceData: discovery_method is required for evidence 'ev_knife'
     at: push_warning (core/variant/variant_utility.cpp:1034)
     GDScript backtrace (most recent call first):
         [0] load_case (res://scripts/managers/case_manager.gd:114)
         [1] before_each (res://tests/unit/test_evidence_manager.gd:244)
         [2] _run_test (res://addons/gut/gut.gd:605)
         [3] _test_the_scripts (res://addons/gut/gut.gd:818)
WARNING: [CaseManager] Validation: EvidenceData: discovery_method is required for evidence 'ev_letter'
     at: push_warning (core/variant/variant_utility.cpp:1034)
     GDScript backtrace (most recent call first):
         [0] load_case (res://scripts/managers/case_manager.gd:114)
         [1] before_each (res://tests/unit/test_evidence_manager.gd:244)
         [2] _run_test (res://addons/gut/gut.gd:605)
         [3] _test_the_scripts (res://addons/gut/gut.gd:818)
WARNING: [CaseManager] Validation: EvidenceData: discovery_method is required for evidence 'ev_knife_result'
     at: push_warning (core/variant/variant_utility.cpp:1034)
     GDScript backtrace (most recent call first):
         [0] load_case (res://scripts/managers/case_manager.gd:114)
         [1] before_each (res://tests/unit/test_evidence_manager.gd:244)
         [2] _run_test (res://addons/gut/gut.gd:605)
         [3] _test_the_scripts (res://addons/gut/gut.gd:818)
WARNING: [CaseManager] Validation: CaseData: lab output evidence 'ev_knife_result' must set derived_from to 'ev_knife'
     at: push_warning (core/variant/variant_utility.cpp:1034)
     GDScript backtrace (most recent call first):
         [0] load_case (res://scripts/managers/case_manager.gd:114)
         [1] before_each (res://tests/unit/test_evidence_manager.gd:244)
         [2] _run_test (res://addons/gut/gut.gd:605)
         [3] _test_the_scripts (res://addons/gut/gut.gd:818)
* test_serialize_returns_dictionary
WARNING: [CaseManager] Validation: EvidenceData: discovery_method is required for evidence 'ev_fingerprint'
     at: push_warning (core/variant/variant_utility.cpp:1034)
     GDScript backtrace (most recent call first):
         [0] load_case (res://scripts/managers/case_manager.gd:114)
         [1] before_each (res://tests/unit/test_evidence_manager.gd:244)
         [2] _run_test (res://addons/gut/gut.gd:605)
         [3] _test_the_scripts (res://addons/gut/gut.gd:818)
WARNING: [CaseManager] Validation: EvidenceData: discovery_method is required for evidence 'ev_camera'
     at: push_warning (core/variant/variant_utility.cpp:1034)
     GDScript backtrace (most recent call first):
         [0] load_case (res://scripts/managers/case_manager.gd:114)
         [1] before_each (res://tests/unit/test_evidence_manager.gd:244)
         [2] _run_test (res://addons/gut/gut.gd:605)
         [3] _test_the_scripts (res://addons/gut/gut.gd:818)
WARNING: [CaseManager] Validation: EvidenceData: discovery_method is required for evidence 'ev_document'
     at: push_warning (core/variant/variant_utility.cpp:1034)
     GDScript backtrace (most recent call first):
         [0] load_case (res://scripts/managers/case_manager.gd:114)
         [1] before_each (res://tests/unit/test_evidence_manager.gd:244)
         [2] _run_test (res://addons/gut/gut.gd:605)
         [3] _test_the_scripts (res://addons/gut/gut.gd:818)
WARNING: [CaseManager] Validation: EvidenceData: discovery_method is required for evidence 'ev_photo'
     at: push_warning (core/variant/variant_utility.cpp:1034)
     GDScript backtrace (most recent call first):
         [0] load_case (res://scripts/managers/case_manager.gd:114)
         [1] before_each (res://tests/unit/test_evidence_manager.gd:244)
         [2] _run_test (res://addons/gut/gut.gd:605)
         [3] _test_the_scripts (res://addons/gut/gut.gd:818)
WARNING: [CaseManager] Validation: EvidenceData: discovery_method is required for evidence 'ev_phone'
     at: push_warning (core/variant/variant_utility.cpp:1034)
     GDScript backtrace (most recent call first):
         [0] load_case (res://scripts/managers/case_manager.gd:114)
         [1] before_each (res://tests/unit/test_evidence_manager.gd:244)
         [2] _run_test (res://addons/gut/gut.gd:605)
         [3] _test_the_scripts (res://addons/gut/gut.gd:818)
WARNING: [CaseManager] Validation: EvidenceData: discovery_method is required for evidence 'ev_knife'
     at: push_warning (core/variant/variant_utility.cpp:1034)
     GDScript backtrace (most recent call first):
         [0] load_case (res://scripts/managers/case_manager.gd:114)
         [1] before_each (res://tests/unit/test_evidence_manager.gd:244)
         [2] _run_test (res://addons/gut/gut.gd:605)
         [3] _test_the_scripts (res://addons/gut/gut.gd:818)
WARNING: [CaseManager] Validation: EvidenceData: discovery_method is required for evidence 'ev_letter'
     at: push_warning (core/variant/variant_utility.cpp:1034)
     GDScript backtrace (most recent call first):
         [0] load_case (res://scripts/managers/case_manager.gd:114)
         [1] before_each (res://tests/unit/test_evidence_manager.gd:244)
         [2] _run_test (res://addons/gut/gut.gd:605)
         [3] _test_the_scripts (res://addons/gut/gut.gd:818)
WARNING: [CaseManager] Validation: EvidenceData: discovery_method is required for evidence 'ev_knife_result'
     at: push_warning (core/variant/variant_utility.cpp:1034)
     GDScript backtrace (most recent call first):
         [0] load_case (res://scripts/managers/case_manager.gd:114)
         [1] before_each (res://tests/unit/test_evidence_manager.gd:244)
         [2] _run_test (res://addons/gut/gut.gd:605)
         [3] _test_the_scripts (res://addons/gut/gut.gd:818)
WARNING: [CaseManager] Validation: CaseData: lab output evidence 'ev_knife_result' must set derived_from to 'ev_knife'
     at: push_warning (core/variant/variant_utility.cpp:1034)
     GDScript backtrace (most recent call first):
         [0] load_case (res://scripts/managers/case_manager.gd:114)
         [1] before_each (res://tests/unit/test_evidence_manager.gd:244)
         [2] _run_test (res://addons/gut/gut.gd:605)
         [3] _test_the_scripts (res://addons/gut/gut.gd:818)
* test_deserialize_restores_state
WARNING: [CaseManager] Validation: EvidenceData: discovery_method is required for evidence 'ev_fingerprint'
     at: push_warning (core/variant/variant_utility.cpp:1034)
     GDScript backtrace (most recent call first):
         [0] load_case (res://scripts/managers/case_manager.gd:114)
         [1] before_each (res://tests/unit/test_evidence_manager.gd:244)
         [2] _run_test (res://addons/gut/gut.gd:605)
         [3] _test_the_scripts (res://addons/gut/gut.gd:818)
WARNING: [CaseManager] Validation: EvidenceData: discovery_method is required for evidence 'ev_camera'
     at: push_warning (core/variant/variant_utility.cpp:1034)
     GDScript backtrace (most recent call first):
         [0] load_case (res://scripts/managers/case_manager.gd:114)
         [1] before_each (res://tests/unit/test_evidence_manager.gd:244)
         [2] _run_test (res://addons/gut/gut.gd:605)
         [3] _test_the_scripts (res://addons/gut/gut.gd:818)
WARNING: [CaseManager] Validation: EvidenceData: discovery_method is required for evidence 'ev_document'
     at: push_warning (core/variant/variant_utility.cpp:1034)
     GDScript backtrace (most recent call first):
         [0] load_case (res://scripts/managers/case_manager.gd:114)
         [1] before_each (res://tests/unit/test_evidence_manager.gd:244)
         [2] _run_test (res://addons/gut/gut.gd:605)
         [3] _test_the_scripts (res://addons/gut/gut.gd:818)
WARNING: [CaseManager] Validation: EvidenceData: discovery_method is required for evidence 'ev_photo'
     at: push_warning (core/variant/variant_utility.cpp:1034)
     GDScript backtrace (most recent call first):
         [0] load_case (res://scripts/managers/case_manager.gd:114)
         [1] before_each (res://tests/unit/test_evidence_manager.gd:244)
         [2] _run_test (res://addons/gut/gut.gd:605)
         [3] _test_the_scripts (res://addons/gut/gut.gd:818)
WARNING: [CaseManager] Validation: EvidenceData: discovery_method is required for evidence 'ev_phone'
     at: push_warning (core/variant/variant_utility.cpp:1034)
     GDScript backtrace (most recent call first):
         [0] load_case (res://scripts/managers/case_manager.gd:114)
         [1] before_each (res://tests/unit/test_evidence_manager.gd:244)
         [2] _run_test (res://addons/gut/gut.gd:605)
         [3] _test_the_scripts (res://addons/gut/gut.gd:818)
WARNING: [CaseManager] Validation: EvidenceData: discovery_method is required for evidence 'ev_knife'
     at: push_warning (core/variant/variant_utility.cpp:1034)
     GDScript backtrace (most recent call first):
         [0] load_case (res://scripts/managers/case_manager.gd:114)
         [1] before_each (res://tests/unit/test_evidence_manager.gd:244)
         [2] _run_test (res://addons/gut/gut.gd:605)
         [3] _test_the_scripts (res://addons/gut/gut.gd:818)
WARNING: [CaseManager] Validation: EvidenceData: discovery_method is required for evidence 'ev_letter'
     at: push_warning (core/variant/variant_utility.cpp:1034)
     GDScript backtrace (most recent call first):
         [0] load_case (res://scripts/managers/case_manager.gd:114)
         [1] before_each (res://tests/unit/test_evidence_manager.gd:244)
         [2] _run_test (res://addons/gut/gut.gd:605)
         [3] _test_the_scripts (res://addons/gut/gut.gd:818)
WARNING: [CaseManager] Validation: EvidenceData: discovery_method is required for evidence 'ev_knife_result'
     at: push_warning (core/variant/variant_utility.cpp:1034)
     GDScript backtrace (most recent call first):
         [0] load_case (res://scripts/managers/case_manager.gd:114)
         [1] before_each (res://tests/unit/test_evidence_manager.gd:244)
         [2] _run_test (res://addons/gut/gut.gd:605)
         [3] _test_the_scripts (res://addons/gut/gut.gd:818)
WARNING: [CaseManager] Validation: CaseData: lab output evidence 'ev_knife_result' must set derived_from to 'ev_knife'
     at: push_warning (core/variant/variant_utility.cpp:1034)
     GDScript backtrace (most recent call first):
         [0] load_case (res://scripts/managers/case_manager.gd:114)
         [1] before_each (res://tests/unit/test_evidence_manager.gd:244)
         [2] _run_test (res://addons/gut/gut.gd:605)
         [3] _test_the_scripts (res://addons/gut/gut.gd:818)
* test_serialize_round_trip
WARNING: [CaseManager] Validation: EvidenceData: discovery_method is required for evidence 'ev_fingerprint'
     at: push_warning (core/variant/variant_utility.cpp:1034)
     GDScript backtrace (most recent call first):
         [0] load_case (res://scripts/managers/case_manager.gd:114)
         [1] before_each (res://tests/unit/test_evidence_manager.gd:244)
         [2] _run_test (res://addons/gut/gut.gd:605)
         [3] _test_the_scripts (res://addons/gut/gut.gd:818)
WARNING: [CaseManager] Validation: EvidenceData: discovery_method is required for evidence 'ev_camera'
     at: push_warning (core/variant/variant_utility.cpp:1034)
     GDScript backtrace (most recent call first):
         [0] load_case (res://scripts/managers/case_manager.gd:114)
         [1] before_each (res://tests/unit/test_evidence_manager.gd:244)
         [2] _run_test (res://addons/gut/gut.gd:605)
         [3] _test_the_scripts (res://addons/gut/gut.gd:818)
WARNING: [CaseManager] Validation: EvidenceData: discovery_method is required for evidence 'ev_document'
     at: push_warning (core/variant/variant_utility.cpp:1034)
     GDScript backtrace (most recent call first):
         [0] load_case (res://scripts/managers/case_manager.gd:114)
         [1] before_each (res://tests/unit/test_evidence_manager.gd:244)
         [2] _run_test (res://addons/gut/gut.gd:605)
         [3] _test_the_scripts (res://addons/gut/gut.gd:818)
WARNING: [CaseManager] Validation: EvidenceData: discovery_method is required for evidence 'ev_photo'
     at: push_warning (core/variant/variant_utility.cpp:1034)
     GDScript backtrace (most recent call first):
         [0] load_case (res://scripts/managers/case_manager.gd:114)
         [1] before_each (res://tests/unit/test_evidence_manager.gd:244)
         [2] _run_test (res://addons/gut/gut.gd:605)
         [3] _test_the_scripts (res://addons/gut/gut.gd:818)
WARNING: [CaseManager] Validation: EvidenceData: discovery_method is required for evidence 'ev_phone'
     at: push_warning (core/variant/variant_utility.cpp:1034)
     GDScript backtrace (most recent call first):
         [0] load_case (res://scripts/managers/case_manager.gd:114)
         [1] before_each (res://tests/unit/test_evidence_manager.gd:244)
         [2] _run_test (res://addons/gut/gut.gd:605)
         [3] _test_the_scripts (res://addons/gut/gut.gd:818)
WARNING: [CaseManager] Validation: EvidenceData: discovery_method is required for evidence 'ev_knife'
     at: push_warning (core/variant/variant_utility.cpp:1034)
     GDScript backtrace (most recent call first):
         [0] load_case (res://scripts/managers/case_manager.gd:114)
         [1] before_each (res://tests/unit/test_evidence_manager.gd:244)
         [2] _run_test (res://addons/gut/gut.gd:605)
         [3] _test_the_scripts (res://addons/gut/gut.gd:818)
WARNING: [CaseManager] Validation: EvidenceData: discovery_method is required for evidence 'ev_letter'
     at: push_warning (core/variant/variant_utility.cpp:1034)
     GDScript backtrace (most recent call first):
         [0] load_case (res://scripts/managers/case_manager.gd:114)
         [1] before_each (res://tests/unit/test_evidence_manager.gd:244)
         [2] _run_test (res://addons/gut/gut.gd:605)
         [3] _test_the_scripts (res://addons/gut/gut.gd:818)
WARNING: [CaseManager] Validation: EvidenceData: discovery_method is required for evidence 'ev_knife_result'
     at: push_warning (core/variant/variant_utility.cpp:1034)
     GDScript backtrace (most recent call first):
         [0] load_case (res://scripts/managers/case_manager.gd:114)
         [1] before_each (res://tests/unit/test_evidence_manager.gd:244)
         [2] _run_test (res://addons/gut/gut.gd:605)
         [3] _test_the_scripts (res://addons/gut/gut.gd:818)
WARNING: [CaseManager] Validation: CaseData: lab output evidence 'ev_knife_result' must set derived_from to 'ev_knife'
     at: push_warning (core/variant/variant_utility.cpp:1034)
     GDScript backtrace (most recent call first):
         [0] load_case (res://scripts/managers/case_manager.gd:114)
         [1] before_each (res://tests/unit/test_evidence_manager.gd:244)
         [2] _run_test (res://addons/gut/gut.gd:605)
         [3] _test_the_scripts (res://addons/gut/gut.gd:818)
* test_deserialize_ignores_legacy_player_tags_key
WARNING: [CaseManager] Validation: EvidenceData: discovery_method is required for evidence 'ev_fingerprint'
     at: push_warning (core/variant/variant_utility.cpp:1034)
     GDScript backtrace (most recent call first):
         [0] load_case (res://scripts/managers/case_manager.gd:114)
         [1] before_each (res://tests/unit/test_evidence_manager.gd:244)
         [2] _run_test (res://addons/gut/gut.gd:605)
         [3] _test_the_scripts (res://addons/gut/gut.gd:818)
WARNING: [CaseManager] Validation: EvidenceData: discovery_method is required for evidence 'ev_camera'
     at: push_warning (core/variant/variant_utility.cpp:1034)
     GDScript backtrace (most recent call first):
         [0] load_case (res://scripts/managers/case_manager.gd:114)
         [1] before_each (res://tests/unit/test_evidence_manager.gd:244)
         [2] _run_test (res://addons/gut/gut.gd:605)
         [3] _test_the_scripts (res://addons/gut/gut.gd:818)
WARNING: [CaseManager] Validation: EvidenceData: discovery_method is required for evidence 'ev_document'
     at: push_warning (core/variant/variant_utility.cpp:1034)
     GDScript backtrace (most recent call first):
         [0] load_case (res://scripts/managers/case_manager.gd:114)
         [1] before_each (res://tests/unit/test_evidence_manager.gd:244)
         [2] _run_test (res://addons/gut/gut.gd:605)
         [3] _test_the_scripts (res://addons/gut/gut.gd:818)
WARNING: [CaseManager] Validation: EvidenceData: discovery_method is required for evidence 'ev_photo'
     at: push_warning (core/variant/variant_utility.cpp:1034)
     GDScript backtrace (most recent call first):
         [0] load_case (res://scripts/managers/case_manager.gd:114)
         [1] before_each (res://tests/unit/test_evidence_manager.gd:244)
         [2] _run_test (res://addons/gut/gut.gd:605)
         [3] _test_the_scripts (res://addons/gut/gut.gd:818)
WARNING: [CaseManager] Validation: EvidenceData: discovery_method is required for evidence 'ev_phone'
     at: push_warning (core/variant/variant_utility.cpp:1034)
     GDScript backtrace (most recent call first):
         [0] load_case (res://scripts/managers/case_manager.gd:114)
         [1] before_each (res://tests/unit/test_evidence_manager.gd:244)
         [2] _run_test (res://addons/gut/gut.gd:605)
         [3] _test_the_scripts (res://addons/gut/gut.gd:818)
WARNING: [CaseManager] Validation: EvidenceData: discovery_method is required for evidence 'ev_knife'
     at: push_warning (core/variant/variant_utility.cpp:1034)
     GDScript backtrace (most recent call first):
         [0] load_case (res://scripts/managers/case_manager.gd:114)
         [1] before_each (res://tests/unit/test_evidence_manager.gd:244)
         [2] _run_test (res://addons/gut/gut.gd:605)
         [3] _test_the_scripts (res://addons/gut/gut.gd:818)
WARNING: [CaseManager] Validation: EvidenceData: discovery_method is required for evidence 'ev_letter'
     at: push_warning (core/variant/variant_utility.cpp:1034)
     GDScript backtrace (most recent call first):
         [0] load_case (res://scripts/managers/case_manager.gd:114)
         [1] before_each (res://tests/unit/test_evidence_manager.gd:244)
         [2] _run_test (res://addons/gut/gut.gd:605)
         [3] _test_the_scripts (res://addons/gut/gut.gd:818)
WARNING: [CaseManager] Validation: EvidenceData: discovery_method is required for evidence 'ev_knife_result'
     at: push_warning (core/variant/variant_utility.cpp:1034)
     GDScript backtrace (most recent call first):
         [0] load_case (res://scripts/managers/case_manager.gd:114)
         [1] before_each (res://tests/unit/test_evidence_manager.gd:244)
         [2] _run_test (res://addons/gut/gut.gd:605)
         [3] _test_the_scripts (res://addons/gut/gut.gd:818)
WARNING: [CaseManager] Validation: CaseData: lab output evidence 'ev_knife_result' must set derived_from to 'ev_knife'
     at: push_warning (core/variant/variant_utility.cpp:1034)
     GDScript backtrace (most recent call first):
         [0] load_case (res://scripts/managers/case_manager.gd:114)
         [1] before_each (res://tests/unit/test_evidence_manager.gd:244)
         [2] _run_test (res://addons/gut/gut.gd:605)
         [3] _test_the_scripts (res://addons/gut/gut.gd:818)
* test_reset_clears_all_state
WARNING: [CaseManager] Validation: EvidenceData: discovery_method is required for evidence 'ev_fingerprint'
     at: push_warning (core/variant/variant_utility.cpp:1034)
     GDScript backtrace (most recent call first):
         [0] load_case (res://scripts/managers/case_manager.gd:114)
         [1] before_each (res://tests/unit/test_evidence_manager.gd:244)
         [2] _run_test (res://addons/gut/gut.gd:605)
         [3] _test_the_scripts (res://addons/gut/gut.gd:818)
WARNING: [CaseManager] Validation: EvidenceData: discovery_method is required for evidence 'ev_camera'
     at: push_warning (core/variant/variant_utility.cpp:1034)
     GDScript backtrace (most recent call first):
         [0] load_case (res://scripts/managers/case_manager.gd:114)
         [1] before_each (res://tests/unit/test_evidence_manager.gd:244)
         [2] _run_test (res://addons/gut/gut.gd:605)
         [3] _test_the_scripts (res://addons/gut/gut.gd:818)
WARNING: [CaseManager] Validation: EvidenceData: discovery_method is required for evidence 'ev_document'
     at: push_warning (core/variant/variant_utility.cpp:1034)
     GDScript backtrace (most recent call first):
         [0] load_case (res://scripts/managers/case_manager.gd:114)
         [1] before_each (res://tests/unit/test_evidence_manager.gd:244)
         [2] _run_test (res://addons/gut/gut.gd:605)
         [3] _test_the_scripts (res://addons/gut/gut.gd:818)
WARNING: [CaseManager] Validation: EvidenceData: discovery_method is required for evidence 'ev_photo'
     at: push_warning (core/variant/variant_utility.cpp:1034)
     GDScript backtrace (most recent call first):
         [0] load_case (res://scripts/managers/case_manager.gd:114)
         [1] before_each (res://tests/unit/test_evidence_manager.gd:244)
         [2] _run_test (res://addons/gut/gut.gd:605)
         [3] _test_the_scripts (res://addons/gut/gut.gd:818)
WARNING: [CaseManager] Validation: EvidenceData: discovery_method is required for evidence 'ev_phone'
     at: push_warning (core/variant/variant_utility.cpp:1034)
     GDScript backtrace (most recent call first):
         [0] load_case (res://scripts/managers/case_manager.gd:114)
         [1] before_each (res://tests/unit/test_evidence_manager.gd:244)
         [2] _run_test (res://addons/gut/gut.gd:605)
         [3] _test_the_scripts (res://addons/gut/gut.gd:818)
WARNING: [CaseManager] Validation: EvidenceData: discovery_method is required for evidence 'ev_knife'
     at: push_warning (core/variant/variant_utility.cpp:1034)
     GDScript backtrace (most recent call first):
         [0] load_case (res://scripts/managers/case_manager.gd:114)
         [1] before_each (res://tests/unit/test_evidence_manager.gd:244)
         [2] _run_test (res://addons/gut/gut.gd:605)
         [3] _test_the_scripts (res://addons/gut/gut.gd:818)
WARNING: [CaseManager] Validation: EvidenceData: discovery_method is required for evidence 'ev_letter'
     at: push_warning (core/variant/variant_utility.cpp:1034)
     GDScript backtrace (most recent call first):
         [0] load_case (res://scripts/managers/case_manager.gd:114)
         [1] before_each (res://tests/unit/test_evidence_manager.gd:244)
         [2] _run_test (res://addons/gut/gut.gd:605)
         [3] _test_the_scripts (res://addons/gut/gut.gd:818)
WARNING: [CaseManager] Validation: EvidenceData: discovery_method is required for evidence 'ev_knife_result'
     at: push_warning (core/variant/variant_utility.cpp:1034)
     GDScript backtrace (most recent call first):
         [0] load_case (res://scripts/managers/case_manager.gd:114)
         [1] before_each (res://tests/unit/test_evidence_manager.gd:244)
         [2] _run_test (res://addons/gut/gut.gd:605)
         [3] _test_the_scripts (res://addons/gut/gut.gd:818)
WARNING: [CaseManager] Validation: CaseData: lab output evidence 'ev_knife_result' must set derived_from to 'ev_knife'
     at: push_warning (core/variant/variant_utility.cpp:1034)
     GDScript backtrace (most recent call first):
         [0] load_case (res://scripts/managers/case_manager.gd:114)
         [1] before_each (res://tests/unit/test_evidence_manager.gd:244)
         [2] _run_test (res://addons/gut/gut.gd:605)
         [3] _test_the_scripts (res://addons/gut/gut.gd:818)
* test_game_manager_new_game_resets_evidence_manager
WARNING: [CaseManager] Validation: EvidenceData: discovery_method is required for evidence 'ev_fingerprint'
     at: push_warning (core/variant/variant_utility.cpp:1034)
     GDScript backtrace (most recent call first):
         [0] load_case (res://scripts/managers/case_manager.gd:114)
         [1] before_each (res://tests/unit/test_evidence_manager.gd:244)
         [2] _run_test (res://addons/gut/gut.gd:605)
         [3] _test_the_scripts (res://addons/gut/gut.gd:818)
WARNING: [CaseManager] Validation: EvidenceData: discovery_method is required for evidence 'ev_camera'
     at: push_warning (core/variant/variant_utility.cpp:1034)
     GDScript backtrace (most recent call first):
         [0] load_case (res://scripts/managers/case_manager.gd:114)
         [1] before_each (res://tests/unit/test_evidence_manager.gd:244)
         [2] _run_test (res://addons/gut/gut.gd:605)
         [3] _test_the_scripts (res://addons/gut/gut.gd:818)
WARNING: [CaseManager] Validation: EvidenceData: discovery_method is required for evidence 'ev_document'
     at: push_warning (core/variant/variant_utility.cpp:1034)
     GDScript backtrace (most recent call first):
         [0] load_case (res://scripts/managers/case_manager.gd:114)
         [1] before_each (res://tests/unit/test_evidence_manager.gd:244)
         [2] _run_test (res://addons/gut/gut.gd:605)
         [3] _test_the_scripts (res://addons/gut/gut.gd:818)
WARNING: [CaseManager] Validation: EvidenceData: discovery_method is required for evidence 'ev_photo'
     at: push_warning (core/variant/variant_utility.cpp:1034)
     GDScript backtrace (most recent call first):
         [0] load_case (res://scripts/managers/case_manager.gd:114)
         [1] before_each (res://tests/unit/test_evidence_manager.gd:244)
         [2] _run_test (res://addons/gut/gut.gd:605)
         [3] _test_the_scripts (res://addons/gut/gut.gd:818)
WARNING: [CaseManager] Validation: EvidenceData: discovery_method is required for evidence 'ev_phone'
     at: push_warning (core/variant/variant_utility.cpp:1034)
     GDScript backtrace (most recent call first):
         [0] load_case (res://scripts/managers/case_manager.gd:114)
         [1] before_each (res://tests/unit/test_evidence_manager.gd:244)
         [2] _run_test (res://addons/gut/gut.gd:605)
         [3] _test_the_scripts (res://addons/gut/gut.gd:818)
WARNING: [CaseManager] Validation: EvidenceData: discovery_method is required for evidence 'ev_knife'
     at: push_warning (core/variant/variant_utility.cpp:1034)
     GDScript backtrace (most recent call first):
         [0] load_case (res://scripts/managers/case_manager.gd:114)
         [1] before_each (res://tests/unit/test_evidence_manager.gd:244)
         [2] _run_test (res://addons/gut/gut.gd:605)
         [3] _test_the_scripts (res://addons/gut/gut.gd:818)
WARNING: [CaseManager] Validation: EvidenceData: discovery_method is required for evidence 'ev_letter'
     at: push_warning (core/variant/variant_utility.cpp:1034)
     GDScript backtrace (most recent call first):
         [0] load_case (res://scripts/managers/case_manager.gd:114)
         [1] before_each (res://tests/unit/test_evidence_manager.gd:244)
         [2] _run_test (res://addons/gut/gut.gd:605)
         [3] _test_the_scripts (res://addons/gut/gut.gd:818)
WARNING: [CaseManager] Validation: EvidenceData: discovery_method is required for evidence 'ev_knife_result'
     at: push_warning (core/variant/variant_utility.cpp:1034)
     GDScript backtrace (most recent call first):
         [0] load_case (res://scripts/managers/case_manager.gd:114)
         [1] before_each (res://tests/unit/test_evidence_manager.gd:244)
         [2] _run_test (res://addons/gut/gut.gd:605)
         [3] _test_the_scripts (res://addons/gut/gut.gd:818)
WARNING: [CaseManager] Validation: CaseData: lab output evidence 'ev_knife_result' must set derived_from to 'ev_knife'
     at: push_warning (core/variant/variant_utility.cpp:1034)
     GDScript backtrace (most recent call first):
         [0] load_case (res://scripts/managers/case_manager.gd:114)
         [1] before_each (res://tests/unit/test_evidence_manager.gd:244)
         [2] _run_test (res://addons/gut/gut.gd:605)
         [3] _test_the_scripts (res://addons/gut/gut.gd:818)
* test_game_manager_serialize_includes_evidence_manager
WARNING: [CaseManager] Validation: EvidenceData: discovery_method is required for evidence 'ev_fingerprint'
     at: push_warning (core/variant/variant_utility.cpp:1034)
     GDScript backtrace (most recent call first):
         [0] load_case (res://scripts/managers/case_manager.gd:114)
         [1] before_each (res://tests/unit/test_evidence_manager.gd:244)
         [2] _run_test (res://addons/gut/gut.gd:605)
         [3] _test_the_scripts (res://addons/gut/gut.gd:818)
WARNING: [CaseManager] Validation: EvidenceData: discovery_method is required for evidence 'ev_camera'
     at: push_warning (core/variant/variant_utility.cpp:1034)
     GDScript backtrace (most recent call first):
         [0] load_case (res://scripts/managers/case_manager.gd:114)
         [1] before_each (res://tests/unit/test_evidence_manager.gd:244)
         [2] _run_test (res://addons/gut/gut.gd:605)
         [3] _test_the_scripts (res://addons/gut/gut.gd:818)
WARNING: [CaseManager] Validation: EvidenceData: discovery_method is required for evidence 'ev_document'
     at: push_warning (core/variant/variant_utility.cpp:1034)
     GDScript backtrace (most recent call first):
         [0] load_case (res://scripts/managers/case_manager.gd:114)
         [1] before_each (res://tests/unit/test_evidence_manager.gd:244)
         [2] _run_test (res://addons/gut/gut.gd:605)
         [3] _test_the_scripts (res://addons/gut/gut.gd:818)
WARNING: [CaseManager] Validation: EvidenceData: discovery_method is required for evidence 'ev_photo'
     at: push_warning (core/variant/variant_utility.cpp:1034)
     GDScript backtrace (most recent call first):
         [0] load_case (res://scripts/managers/case_manager.gd:114)
         [1] before_each (res://tests/unit/test_evidence_manager.gd:244)
         [2] _run_test (res://addons/gut/gut.gd:605)
         [3] _test_the_scripts (res://addons/gut/gut.gd:818)
WARNING: [CaseManager] Validation: EvidenceData: discovery_method is required for evidence 'ev_phone'
     at: push_warning (core/variant/variant_utility.cpp:1034)
     GDScript backtrace (most recent call first):
         [0] load_case (res://scripts/managers/case_manager.gd:114)
         [1] before_each (res://tests/unit/test_evidence_manager.gd:244)
         [2] _run_test (res://addons/gut/gut.gd:605)
         [3] _test_the_scripts (res://addons/gut/gut.gd:818)
WARNING: [CaseManager] Validation: EvidenceData: discovery_method is required for evidence 'ev_knife'
     at: push_warning (core/variant/variant_utility.cpp:1034)
     GDScript backtrace (most recent call first):
         [0] load_case (res://scripts/managers/case_manager.gd:114)
         [1] before_each (res://tests/unit/test_evidence_manager.gd:244)
         [2] _run_test (res://addons/gut/gut.gd:605)
         [3] _test_the_scripts (res://addons/gut/gut.gd:818)
WARNING: [CaseManager] Validation: EvidenceData: discovery_method is required for evidence 'ev_letter'
     at: push_warning (core/variant/variant_utility.cpp:1034)
     GDScript backtrace (most recent call first):
         [0] load_case (res://scripts/managers/case_manager.gd:114)
         [1] before_each (res://tests/unit/test_evidence_manager.gd:244)
         [2] _run_test (res://addons/gut/gut.gd:605)
         [3] _test_the_scripts (res://addons/gut/gut.gd:818)
WARNING: [CaseManager] Validation: EvidenceData: discovery_method is required for evidence 'ev_knife_result'
     at: push_warning (core/variant/variant_utility.cpp:1034)
     GDScript backtrace (most recent call first):
         [0] load_case (res://scripts/managers/case_manager.gd:114)
         [1] before_each (res://tests/unit/test_evidence_manager.gd:244)
         [2] _run_test (res://addons/gut/gut.gd:605)
         [3] _test_the_scripts (res://addons/gut/gut.gd:818)
WARNING: [CaseManager] Validation: CaseData: lab output evidence 'ev_knife_result' must set derived_from to 'ev_knife'
     at: push_warning (core/variant/variant_utility.cpp:1034)
     GDScript backtrace (most recent call first):
         [0] load_case (res://scripts/managers/case_manager.gd:114)
         [1] before_each (res://tests/unit/test_evidence_manager.gd:244)
         [2] _run_test (res://addons/gut/gut.gd:605)
         [3] _test_the_scripts (res://addons/gut/gut.gd:818)
* test_game_manager_deserialize_restores_evidence_manager
WARNING: [CaseManager] Validation: EvidenceData: discovery_method is required for evidence 'ev_fingerprint'
     at: push_warning (core/variant/variant_utility.cpp:1034)
     GDScript backtrace (most recent call first):
         [0] load_case (res://scripts/managers/case_manager.gd:114)
         [1] before_each (res://tests/unit/test_evidence_manager.gd:244)
         [2] _run_test (res://addons/gut/gut.gd:605)
         [3] _test_the_scripts (res://addons/gut/gut.gd:818)
WARNING: [CaseManager] Validation: EvidenceData: discovery_method is required for evidence 'ev_camera'
     at: push_warning (core/variant/variant_utility.cpp:1034)
     GDScript backtrace (most recent call first):
         [0] load_case (res://scripts/managers/case_manager.gd:114)
         [1] before_each (res://tests/unit/test_evidence_manager.gd:244)
         [2] _run_test (res://addons/gut/gut.gd:605)
         [3] _test_the_scripts (res://addons/gut/gut.gd:818)
WARNING: [CaseManager] Validation: EvidenceData: discovery_method is required for evidence 'ev_document'
     at: push_warning (core/variant/variant_utility.cpp:1034)
     GDScript backtrace (most recent call first):
         [0] load_case (res://scripts/managers/case_manager.gd:114)
         [1] before_each (res://tests/unit/test_evidence_manager.gd:244)
         [2] _run_test (res://addons/gut/gut.gd:605)
         [3] _test_the_scripts (res://addons/gut/gut.gd:818)
WARNING: [CaseManager] Validation: EvidenceData: discovery_method is required for evidence 'ev_photo'
     at: push_warning (core/variant/variant_utility.cpp:1034)
     GDScript backtrace (most recent call first):
         [0] load_case (res://scripts/managers/case_manager.gd:114)
         [1] before_each (res://tests/unit/test_evidence_manager.gd:244)
         [2] _run_test (res://addons/gut/gut.gd:605)
         [3] _test_the_scripts (res://addons/gut/gut.gd:818)
WARNING: [CaseManager] Validation: EvidenceData: discovery_method is required for evidence 'ev_phone'
     at: push_warning (core/variant/variant_utility.cpp:1034)
     GDScript backtrace (most recent call first):
         [0] load_case (res://scripts/managers/case_manager.gd:114)
         [1] before_each (res://tests/unit/test_evidence_manager.gd:244)
         [2] _run_test (res://addons/gut/gut.gd:605)
         [3] _test_the_scripts (res://addons/gut/gut.gd:818)
WARNING: [CaseManager] Validation: EvidenceData: discovery_method is required for evidence 'ev_knife'
     at: push_warning (core/variant/variant_utility.cpp:1034)
     GDScript backtrace (most recent call first):
         [0] load_case (res://scripts/managers/case_manager.gd:114)
         [1] before_each (res://tests/unit/test_evidence_manager.gd:244)
         [2] _run_test (res://addons/gut/gut.gd:605)
         [3] _test_the_scripts (res://addons/gut/gut.gd:818)
WARNING: [CaseManager] Validation: EvidenceData: discovery_method is required for evidence 'ev_letter'
     at: push_warning (core/variant/variant_utility.cpp:1034)
     GDScript backtrace (most recent call first):
         [0] load_case (res://scripts/managers/case_manager.gd:114)
         [1] before_each (res://tests/unit/test_evidence_manager.gd:244)
         [2] _run_test (res://addons/gut/gut.gd:605)
         [3] _test_the_scripts (res://addons/gut/gut.gd:818)
WARNING: [CaseManager] Validation: EvidenceData: discovery_method is required for evidence 'ev_knife_result'
     at: push_warning (core/variant/variant_utility.cpp:1034)
     GDScript backtrace (most recent call first):
         [0] load_case (res://scripts/managers/case_manager.gd:114)
         [1] before_each (res://tests/unit/test_evidence_manager.gd:244)
         [2] _run_test (res://addons/gut/gut.gd:605)
         [3] _test_the_scripts (res://addons/gut/gut.gd:818)
WARNING: [CaseManager] Validation: CaseData: lab output evidence 'ev_knife_result' must set derived_from to 'ev_knife'
     at: push_warning (core/variant/variant_utility.cpp:1034)
     GDScript backtrace (most recent call first):
         [0] load_case (res://scripts/managers/case_manager.gd:114)
         [1] before_each (res://tests/unit/test_evidence_manager.gd:244)
         [2] _run_test (res://addons/gut/gut.gd:605)
         [3] _test_the_scripts (res://addons/gut/gut.gd:818)
* test_is_reviewed_false_by_default
WARNING: [CaseManager] Validation: EvidenceData: discovery_method is required for evidence 'ev_fingerprint'
     at: push_warning (core/variant/variant_utility.cpp:1034)
     GDScript backtrace (most recent call first):
         [0] load_case (res://scripts/managers/case_manager.gd:114)
         [1] before_each (res://tests/unit/test_evidence_manager.gd:244)
         [2] _run_test (res://addons/gut/gut.gd:605)
         [3] _test_the_scripts (res://addons/gut/gut.gd:818)
WARNING: [CaseManager] Validation: EvidenceData: discovery_method is required for evidence 'ev_camera'
     at: push_warning (core/variant/variant_utility.cpp:1034)
     GDScript backtrace (most recent call first):
         [0] load_case (res://scripts/managers/case_manager.gd:114)
         [1] before_each (res://tests/unit/test_evidence_manager.gd:244)
         [2] _run_test (res://addons/gut/gut.gd:605)
         [3] _test_the_scripts (res://addons/gut/gut.gd:818)
WARNING: [CaseManager] Validation: EvidenceData: discovery_method is required for evidence 'ev_document'
     at: push_warning (core/variant/variant_utility.cpp:1034)
     GDScript backtrace (most recent call first):
         [0] load_case (res://scripts/managers/case_manager.gd:114)
         [1] before_each (res://tests/unit/test_evidence_manager.gd:244)
         [2] _run_test (res://addons/gut/gut.gd:605)
         [3] _test_the_scripts (res://addons/gut/gut.gd:818)
WARNING: [CaseManager] Validation: EvidenceData: discovery_method is required for evidence 'ev_photo'
     at: push_warning (core/variant/variant_utility.cpp:1034)
     GDScript backtrace (most recent call first):
         [0] load_case (res://scripts/managers/case_manager.gd:114)
         [1] before_each (res://tests/unit/test_evidence_manager.gd:244)
         [2] _run_test (res://addons/gut/gut.gd:605)
         [3] _test_the_scripts (res://addons/gut/gut.gd:818)
WARNING: [CaseManager] Validation: EvidenceData: discovery_method is required for evidence 'ev_phone'
     at: push_warning (core/variant/variant_utility.cpp:1034)
     GDScript backtrace (most recent call first):
         [0] load_case (res://scripts/managers/case_manager.gd:114)
         [1] before_each (res://tests/unit/test_evidence_manager.gd:244)
         [2] _run_test (res://addons/gut/gut.gd:605)
         [3] _test_the_scripts (res://addons/gut/gut.gd:818)
WARNING: [CaseManager] Validation: EvidenceData: discovery_method is required for evidence 'ev_knife'
     at: push_warning (core/variant/variant_utility.cpp:1034)
     GDScript backtrace (most recent call first):
         [0] load_case (res://scripts/managers/case_manager.gd:114)
         [1] before_each (res://tests/unit/test_evidence_manager.gd:244)
         [2] _run_test (res://addons/gut/gut.gd:605)
         [3] _test_the_scripts (res://addons/gut/gut.gd:818)
WARNING: [CaseManager] Validation: EvidenceData: discovery_method is required for evidence 'ev_letter'
     at: push_warning (core/variant/variant_utility.cpp:1034)
     GDScript backtrace (most recent call first):
         [0] load_case (res://scripts/managers/case_manager.gd:114)
         [1] before_each (res://tests/unit/test_evidence_manager.gd:244)
         [2] _run_test (res://addons/gut/gut.gd:605)
         [3] _test_the_scripts (res://addons/gut/gut.gd:818)
WARNING: [CaseManager] Validation: EvidenceData: discovery_method is required for evidence 'ev_knife_result'
     at: push_warning (core/variant/variant_utility.cpp:1034)
     GDScript backtrace (most recent call first):
         [0] load_case (res://scripts/managers/case_manager.gd:114)
         [1] before_each (res://tests/unit/test_evidence_manager.gd:244)
         [2] _run_test (res://addons/gut/gut.gd:605)
         [3] _test_the_scripts (res://addons/gut/gut.gd:818)
WARNING: [CaseManager] Validation: CaseData: lab output evidence 'ev_knife_result' must set derived_from to 'ev_knife'
     at: push_warning (core/variant/variant_utility.cpp:1034)
     GDScript backtrace (most recent call first):
         [0] load_case (res://scripts/managers/case_manager.gd:114)
         [1] before_each (res://tests/unit/test_evidence_manager.gd:244)
         [2] _run_test (res://addons/gut/gut.gd:605)
         [3] _test_the_scripts (res://addons/gut/gut.gd:818)
* test_mark_reviewed_marks_and_emits_signal
WARNING: [CaseManager] Validation: EvidenceData: discovery_method is required for evidence 'ev_fingerprint'
     at: push_warning (core/variant/variant_utility.cpp:1034)
     GDScript backtrace (most recent call first):
         [0] load_case (res://scripts/managers/case_manager.gd:114)
         [1] before_each (res://tests/unit/test_evidence_manager.gd:244)
         [2] _run_test (res://addons/gut/gut.gd:605)
         [3] _test_the_scripts (res://addons/gut/gut.gd:818)
WARNING: [CaseManager] Validation: EvidenceData: discovery_method is required for evidence 'ev_camera'
     at: push_warning (core/variant/variant_utility.cpp:1034)
     GDScript backtrace (most recent call first):
         [0] load_case (res://scripts/managers/case_manager.gd:114)
         [1] before_each (res://tests/unit/test_evidence_manager.gd:244)
         [2] _run_test (res://addons/gut/gut.gd:605)
         [3] _test_the_scripts (res://addons/gut/gut.gd:818)
WARNING: [CaseManager] Validation: EvidenceData: discovery_method is required for evidence 'ev_document'
     at: push_warning (core/variant/variant_utility.cpp:1034)
     GDScript backtrace (most recent call first):
         [0] load_case (res://scripts/managers/case_manager.gd:114)
         [1] before_each (res://tests/unit/test_evidence_manager.gd:244)
         [2] _run_test (res://addons/gut/gut.gd:605)
         [3] _test_the_scripts (res://addons/gut/gut.gd:818)
WARNING: [CaseManager] Validation: EvidenceData: discovery_method is required for evidence 'ev_photo'
     at: push_warning (core/variant/variant_utility.cpp:1034)
     GDScript backtrace (most recent call first):
         [0] load_case (res://scripts/managers/case_manager.gd:114)
         [1] before_each (res://tests/unit/test_evidence_manager.gd:244)
         [2] _run_test (res://addons/gut/gut.gd:605)
         [3] _test_the_scripts (res://addons/gut/gut.gd:818)
WARNING: [CaseManager] Validation: EvidenceData: discovery_method is required for evidence 'ev_phone'
     at: push_warning (core/variant/variant_utility.cpp:1034)
     GDScript backtrace (most recent call first):
         [0] load_case (res://scripts/managers/case_manager.gd:114)
         [1] before_each (res://tests/unit/test_evidence_manager.gd:244)
         [2] _run_test (res://addons/gut/gut.gd:605)
         [3] _test_the_scripts (res://addons/gut/gut.gd:818)
WARNING: [CaseManager] Validation: EvidenceData: discovery_method is required for evidence 'ev_knife'
     at: push_warning (core/variant/variant_utility.cpp:1034)
     GDScript backtrace (most recent call first):
         [0] load_case (res://scripts/managers/case_manager.gd:114)
         [1] before_each (res://tests/unit/test_evidence_manager.gd:244)
         [2] _run_test (res://addons/gut/gut.gd:605)
         [3] _test_the_scripts (res://addons/gut/gut.gd:818)
WARNING: [CaseManager] Validation: EvidenceData: discovery_method is required for evidence 'ev_letter'
     at: push_warning (core/variant/variant_utility.cpp:1034)
     GDScript backtrace (most recent call first):
         [0] load_case (res://scripts/managers/case_manager.gd:114)
         [1] before_each (res://tests/unit/test_evidence_manager.gd:244)
         [2] _run_test (res://addons/gut/gut.gd:605)
         [3] _test_the_scripts (res://addons/gut/gut.gd:818)
WARNING: [CaseManager] Validation: EvidenceData: discovery_method is required for evidence 'ev_knife_result'
     at: push_warning (core/variant/variant_utility.cpp:1034)
     GDScript backtrace (most recent call first):
         [0] load_case (res://scripts/managers/case_manager.gd:114)
         [1] before_each (res://tests/unit/test_evidence_manager.gd:244)
         [2] _run_test (res://addons/gut/gut.gd:605)
         [3] _test_the_scripts (res://addons/gut/gut.gd:818)
WARNING: [CaseManager] Validation: CaseData: lab output evidence 'ev_knife_result' must set derived_from to 'ev_knife'
     at: push_warning (core/variant/variant_utility.cpp:1034)
     GDScript backtrace (most recent call first):
         [0] load_case (res://scripts/managers/case_manager.gd:114)
         [1] before_each (res://tests/unit/test_evidence_manager.gd:244)
         [2] _run_test (res://addons/gut/gut.gd:605)
         [3] _test_the_scripts (res://addons/gut/gut.gd:818)
* test_mark_reviewed_again_is_no_op
WARNING: [CaseManager] Validation: EvidenceData: discovery_method is required for evidence 'ev_fingerprint'
     at: push_warning (core/variant/variant_utility.cpp:1034)
     GDScript backtrace (most recent call first):
         [0] load_case (res://scripts/managers/case_manager.gd:114)
         [1] before_each (res://tests/unit/test_evidence_manager.gd:244)
         [2] _run_test (res://addons/gut/gut.gd:605)
         [3] _test_the_scripts (res://addons/gut/gut.gd:818)
WARNING: [CaseManager] Validation: EvidenceData: discovery_method is required for evidence 'ev_camera'
     at: push_warning (core/variant/variant_utility.cpp:1034)
     GDScript backtrace (most recent call first):
         [0] load_case (res://scripts/managers/case_manager.gd:114)
         [1] before_each (res://tests/unit/test_evidence_manager.gd:244)
         [2] _run_test (res://addons/gut/gut.gd:605)
         [3] _test_the_scripts (res://addons/gut/gut.gd:818)
WARNING: [CaseManager] Validation: EvidenceData: discovery_method is required for evidence 'ev_document'
     at: push_warning (core/variant/variant_utility.cpp:1034)
     GDScript backtrace (most recent call first):
         [0] load_case (res://scripts/managers/case_manager.gd:114)
         [1] before_each (res://tests/unit/test_evidence_manager.gd:244)
         [2] _run_test (res://addons/gut/gut.gd:605)
         [3] _test_the_scripts (res://addons/gut/gut.gd:818)
WARNING: [CaseManager] Validation: EvidenceData: discovery_method is required for evidence 'ev_photo'
     at: push_warning (core/variant/variant_utility.cpp:1034)
     GDScript backtrace (most recent call first):
         [0] load_case (res://scripts/managers/case_manager.gd:114)
         [1] before_each (res://tests/unit/test_evidence_manager.gd:244)
         [2] _run_test (res://addons/gut/gut.gd:605)
         [3] _test_the_scripts (res://addons/gut/gut.gd:818)
WARNING: [CaseManager] Validation: EvidenceData: discovery_method is required for evidence 'ev_phone'
     at: push_warning (core/variant/variant_utility.cpp:1034)
     GDScript backtrace (most recent call first):
         [0] load_case (res://scripts/managers/case_manager.gd:114)
         [1] before_each (res://tests/unit/test_evidence_manager.gd:244)
         [2] _run_test (res://addons/gut/gut.gd:605)
         [3] _test_the_scripts (res://addons/gut/gut.gd:818)
WARNING: [CaseManager] Validation: EvidenceData: discovery_method is required for evidence 'ev_knife'
     at: push_warning (core/variant/variant_utility.cpp:1034)
     GDScript backtrace (most recent call first):
         [0] load_case (res://scripts/managers/case_manager.gd:114)
         [1] before_each (res://tests/unit/test_evidence_manager.gd:244)
         [2] _run_test (res://addons/gut/gut.gd:605)
         [3] _test_the_scripts (res://addons/gut/gut.gd:818)
WARNING: [CaseManager] Validation: EvidenceData: discovery_method is required for evidence 'ev_letter'
     at: push_warning (core/variant/variant_utility.cpp:1034)
     GDScript backtrace (most recent call first):
         [0] load_case (res://scripts/managers/case_manager.gd:114)
         [1] before_each (res://tests/unit/test_evidence_manager.gd:244)
         [2] _run_test (res://addons/gut/gut.gd:605)
         [3] _test_the_scripts (res://addons/gut/gut.gd:818)
WARNING: [CaseManager] Validation: EvidenceData: discovery_method is required for evidence 'ev_knife_result'
     at: push_warning (core/variant/variant_utility.cpp:1034)
     GDScript backtrace (most recent call first):
         [0] load_case (res://scripts/managers/case_manager.gd:114)
         [1] before_each (res://tests/unit/test_evidence_manager.gd:244)
         [2] _run_test (res://addons/gut/gut.gd:605)
         [3] _test_the_scripts (res://addons/gut/gut.gd:818)
WARNING: [CaseManager] Validation: CaseData: lab output evidence 'ev_knife_result' must set derived_from to 'ev_knife'
     at: push_warning (core/variant/variant_utility.cpp:1034)
     GDScript backtrace (most recent call first):
         [0] load_case (res://scripts/managers/case_manager.gd:114)
         [1] before_each (res://tests/unit/test_evidence_manager.gd:244)
         [2] _run_test (res://addons/gut/gut.gd:605)
         [3] _test_the_scripts (res://addons/gut/gut.gd:818)
* test_reviewed_state_serializes_and_restores
WARNING: [CaseManager] Validation: EvidenceData: discovery_method is required for evidence 'ev_fingerprint'
     at: push_warning (core/variant/variant_utility.cpp:1034)
     GDScript backtrace (most recent call first):
         [0] load_case (res://scripts/managers/case_manager.gd:114)
         [1] before_each (res://tests/unit/test_evidence_manager.gd:244)
         [2] _run_test (res://addons/gut/gut.gd:605)
         [3] _test_the_scripts (res://addons/gut/gut.gd:818)
WARNING: [CaseManager] Validation: EvidenceData: discovery_method is required for evidence 'ev_camera'
     at: push_warning (core/variant/variant_utility.cpp:1034)
     GDScript backtrace (most recent call first):
         [0] load_case (res://scripts/managers/case_manager.gd:114)
         [1] before_each (res://tests/unit/test_evidence_manager.gd:244)
         [2] _run_test (res://addons/gut/gut.gd:605)
         [3] _test_the_scripts (res://addons/gut/gut.gd:818)
WARNING: [CaseManager] Validation: EvidenceData: discovery_method is required for evidence 'ev_document'
     at: push_warning (core/variant/variant_utility.cpp:1034)
     GDScript backtrace (most recent call first):
         [0] load_case (res://scripts/managers/case_manager.gd:114)
         [1] before_each (res://tests/unit/test_evidence_manager.gd:244)
         [2] _run_test (res://addons/gut/gut.gd:605)
         [3] _test_the_scripts (res://addons/gut/gut.gd:818)
WARNING: [CaseManager] Validation: EvidenceData: discovery_method is required for evidence 'ev_photo'
     at: push_warning (core/variant/variant_utility.cpp:1034)
     GDScript backtrace (most recent call first):
         [0] load_case (res://scripts/managers/case_manager.gd:114)
         [1] before_each (res://tests/unit/test_evidence_manager.gd:244)
         [2] _run_test (res://addons/gut/gut.gd:605)
         [3] _test_the_scripts (res://addons/gut/gut.gd:818)
WARNING: [CaseManager] Validation: EvidenceData: discovery_method is required for evidence 'ev_phone'
     at: push_warning (core/variant/variant_utility.cpp:1034)
     GDScript backtrace (most recent call first):
         [0] load_case (res://scripts/managers/case_manager.gd:114)
         [1] before_each (res://tests/unit/test_evidence_manager.gd:244)
         [2] _run_test (res://addons/gut/gut.gd:605)
         [3] _test_the_scripts (res://addons/gut/gut.gd:818)
WARNING: [CaseManager] Validation: EvidenceData: discovery_method is required for evidence 'ev_knife'
     at: push_warning (core/variant/variant_utility.cpp:1034)
     GDScript backtrace (most recent call first):
         [0] load_case (res://scripts/managers/case_manager.gd:114)
         [1] before_each (res://tests/unit/test_evidence_manager.gd:244)
         [2] _run_test (res://addons/gut/gut.gd:605)
         [3] _test_the_scripts (res://addons/gut/gut.gd:818)
WARNING: [CaseManager] Validation: EvidenceData: discovery_method is required for evidence 'ev_letter'
     at: push_warning (core/variant/variant_utility.cpp:1034)
     GDScript backtrace (most recent call first):
         [0] load_case (res://scripts/managers/case_manager.gd:114)
         [1] before_each (res://tests/unit/test_evidence_manager.gd:244)
         [2] _run_test (res://addons/gut/gut.gd:605)
         [3] _test_the_scripts (res://addons/gut/gut.gd:818)
WARNING: [CaseManager] Validation: EvidenceData: discovery_method is required for evidence 'ev_knife_result'
     at: push_warning (core/variant/variant_utility.cpp:1034)
     GDScript backtrace (most recent call first):
         [0] load_case (res://scripts/managers/case_manager.gd:114)
         [1] before_each (res://tests/unit/test_evidence_manager.gd:244)
         [2] _run_test (res://addons/gut/gut.gd:605)
         [3] _test_the_scripts (res://addons/gut/gut.gd:818)
WARNING: [CaseManager] Validation: CaseData: lab output evidence 'ev_knife_result' must set derived_from to 'ev_knife'
     at: push_warning (core/variant/variant_utility.cpp:1034)
     GDScript backtrace (most recent call first):
         [0] load_case (res://scripts/managers/case_manager.gd:114)
         [1] before_each (res://tests/unit/test_evidence_manager.gd:244)
         [2] _run_test (res://addons/gut/gut.gd:605)
         [3] _test_the_scripts (res://addons/gut/gut.gd:818)
* test_reset_clears_reviewed_state
WARNING: [CaseManager] Validation: EvidenceData: discovery_method is required for evidence 'ev_fingerprint'
     at: push_warning (core/variant/variant_utility.cpp:1034)
     GDScript backtrace (most recent call first):
         [0] load_case (res://scripts/managers/case_manager.gd:114)
         [1] before_each (res://tests/unit/test_evidence_manager.gd:244)
         [2] _run_test (res://addons/gut/gut.gd:605)
         [3] _test_the_scripts (res://addons/gut/gut.gd:818)
WARNING: [CaseManager] Validation: EvidenceData: discovery_method is required for evidence 'ev_camera'
     at: push_warning (core/variant/variant_utility.cpp:1034)
     GDScript backtrace (most recent call first):
         [0] load_case (res://scripts/managers/case_manager.gd:114)
         [1] before_each (res://tests/unit/test_evidence_manager.gd:244)
         [2] _run_test (res://addons/gut/gut.gd:605)
         [3] _test_the_scripts (res://addons/gut/gut.gd:818)
WARNING: [CaseManager] Validation: EvidenceData: discovery_method is required for evidence 'ev_document'
     at: push_warning (core/variant/variant_utility.cpp:1034)
     GDScript backtrace (most recent call first):
         [0] load_case (res://scripts/managers/case_manager.gd:114)
         [1] before_each (res://tests/unit/test_evidence_manager.gd:244)
         [2] _run_test (res://addons/gut/gut.gd:605)
         [3] _test_the_scripts (res://addons/gut/gut.gd:818)
WARNING: [CaseManager] Validation: EvidenceData: discovery_method is required for evidence 'ev_photo'
     at: push_warning (core/variant/variant_utility.cpp:1034)
     GDScript backtrace (most recent call first):
         [0] load_case (res://scripts/managers/case_manager.gd:114)
         [1] before_each (res://tests/unit/test_evidence_manager.gd:244)
         [2] _run_test (res://addons/gut/gut.gd:605)
         [3] _test_the_scripts (res://addons/gut/gut.gd:818)
WARNING: [CaseManager] Validation: EvidenceData: discovery_method is required for evidence 'ev_phone'
     at: push_warning (core/variant/variant_utility.cpp:1034)
     GDScript backtrace (most recent call first):
         [0] load_case (res://scripts/managers/case_manager.gd:114)
         [1] before_each (res://tests/unit/test_evidence_manager.gd:244)
         [2] _run_test (res://addons/gut/gut.gd:605)
         [3] _test_the_scripts (res://addons/gut/gut.gd:818)
WARNING: [CaseManager] Validation: EvidenceData: discovery_method is required for evidence 'ev_knife'
     at: push_warning (core/variant/variant_utility.cpp:1034)
     GDScript backtrace (most recent call first):
         [0] load_case (res://scripts/managers/case_manager.gd:114)
         [1] before_each (res://tests/unit/test_evidence_manager.gd:244)
         [2] _run_test (res://addons/gut/gut.gd:605)
         [3] _test_the_scripts (res://addons/gut/gut.gd:818)
WARNING: [CaseManager] Validation: EvidenceData: discovery_method is required for evidence 'ev_letter'
     at: push_warning (core/variant/variant_utility.cpp:1034)
     GDScript backtrace (most recent call first):
         [0] load_case (res://scripts/managers/case_manager.gd:114)
         [1] before_each (res://tests/unit/test_evidence_manager.gd:244)
         [2] _run_test (res://addons/gut/gut.gd:605)
         [3] _test_the_scripts (res://addons/gut/gut.gd:818)
WARNING: [CaseManager] Validation: EvidenceData: discovery_method is required for evidence 'ev_knife_result'
     at: push_warning (core/variant/variant_utility.cpp:1034)
     GDScript backtrace (most recent call first):
         [0] load_case (res://scripts/managers/case_manager.gd:114)
         [1] before_each (res://tests/unit/test_evidence_manager.gd:244)
         [2] _run_test (res://addons/gut/gut.gd:605)
         [3] _test_the_scripts (res://addons/gut/gut.gd:818)
WARNING: [CaseManager] Validation: CaseData: lab output evidence 'ev_knife_result' must set derived_from to 'ev_knife'
     at: push_warning (core/variant/variant_utility.cpp:1034)
     GDScript backtrace (most recent call first):
         [0] load_case (res://scripts/managers/case_manager.gd:114)
         [1] before_each (res://tests/unit/test_evidence_manager.gd:244)
         [2] _run_test (res://addons/gut/gut.gd:605)
         [3] _test_the_scripts (res://addons/gut/gut.gd:818)
* test_player_notes_empty_by_default
WARNING: [CaseManager] Validation: EvidenceData: discovery_method is required for evidence 'ev_fingerprint'
     at: push_warning (core/variant/variant_utility.cpp:1034)
     GDScript backtrace (most recent call first):
         [0] load_case (res://scripts/managers/case_manager.gd:114)
         [1] before_each (res://tests/unit/test_evidence_manager.gd:244)
         [2] _run_test (res://addons/gut/gut.gd:605)
         [3] _test_the_scripts (res://addons/gut/gut.gd:818)
WARNING: [CaseManager] Validation: EvidenceData: discovery_method is required for evidence 'ev_camera'
     at: push_warning (core/variant/variant_utility.cpp:1034)
     GDScript backtrace (most recent call first):
         [0] load_case (res://scripts/managers/case_manager.gd:114)
         [1] before_each (res://tests/unit/test_evidence_manager.gd:244)
         [2] _run_test (res://addons/gut/gut.gd:605)
         [3] _test_the_scripts (res://addons/gut/gut.gd:818)
WARNING: [CaseManager] Validation: EvidenceData: discovery_method is required for evidence 'ev_document'
     at: push_warning (core/variant/variant_utility.cpp:1034)
     GDScript backtrace (most recent call first):
         [0] load_case (res://scripts/managers/case_manager.gd:114)
         [1] before_each (res://tests/unit/test_evidence_manager.gd:244)
         [2] _run_test (res://addons/gut/gut.gd:605)
         [3] _test_the_scripts (res://addons/gut/gut.gd:818)
WARNING: [CaseManager] Validation: EvidenceData: discovery_method is required for evidence 'ev_photo'
     at: push_warning (core/variant/variant_utility.cpp:1034)
     GDScript backtrace (most recent call first):
         [0] load_case (res://scripts/managers/case_manager.gd:114)
         [1] before_each (res://tests/unit/test_evidence_manager.gd:244)
         [2] _run_test (res://addons/gut/gut.gd:605)
         [3] _test_the_scripts (res://addons/gut/gut.gd:818)
WARNING: [CaseManager] Validation: EvidenceData: discovery_method is required for evidence 'ev_phone'
     at: push_warning (core/variant/variant_utility.cpp:1034)
     GDScript backtrace (most recent call first):
         [0] load_case (res://scripts/managers/case_manager.gd:114)
         [1] before_each (res://tests/unit/test_evidence_manager.gd:244)
         [2] _run_test (res://addons/gut/gut.gd:605)
         [3] _test_the_scripts (res://addons/gut/gut.gd:818)
WARNING: [CaseManager] Validation: EvidenceData: discovery_method is required for evidence 'ev_knife'
     at: push_warning (core/variant/variant_utility.cpp:1034)
     GDScript backtrace (most recent call first):
         [0] load_case (res://scripts/managers/case_manager.gd:114)
         [1] before_each (res://tests/unit/test_evidence_manager.gd:244)
         [2] _run_test (res://addons/gut/gut.gd:605)
         [3] _test_the_scripts (res://addons/gut/gut.gd:818)
WARNING: [CaseManager] Validation: EvidenceData: discovery_method is required for evidence 'ev_letter'
     at: push_warning (core/variant/variant_utility.cpp:1034)
     GDScript backtrace (most recent call first):
         [0] load_case (res://scripts/managers/case_manager.gd:114)
         [1] before_each (res://tests/unit/test_evidence_manager.gd:244)
         [2] _run_test (res://addons/gut/gut.gd:605)
         [3] _test_the_scripts (res://addons/gut/gut.gd:818)
WARNING: [CaseManager] Validation: EvidenceData: discovery_method is required for evidence 'ev_knife_result'
     at: push_warning (core/variant/variant_utility.cpp:1034)
     GDScript backtrace (most recent call first):
         [0] load_case (res://scripts/managers/case_manager.gd:114)
         [1] before_each (res://tests/unit/test_evidence_manager.gd:244)
         [2] _run_test (res://addons/gut/gut.gd:605)
         [3] _test_the_scripts (res://addons/gut/gut.gd:818)
WARNING: [CaseManager] Validation: CaseData: lab output evidence 'ev_knife_result' must set derived_from to 'ev_knife'
     at: push_warning (core/variant/variant_utility.cpp:1034)
     GDScript backtrace (most recent call first):
         [0] load_case (res://scripts/managers/case_manager.gd:114)
         [1] before_each (res://tests/unit/test_evidence_manager.gd:244)
         [2] _run_test (res://addons/gut/gut.gd:605)
         [3] _test_the_scripts (res://addons/gut/gut.gd:818)
* test_set_and_get_player_notes
WARNING: [CaseManager] Validation: EvidenceData: discovery_method is required for evidence 'ev_fingerprint'
     at: push_warning (core/variant/variant_utility.cpp:1034)
     GDScript backtrace (most recent call first):
         [0] load_case (res://scripts/managers/case_manager.gd:114)
         [1] before_each (res://tests/unit/test_evidence_manager.gd:244)
         [2] _run_test (res://addons/gut/gut.gd:605)
         [3] _test_the_scripts (res://addons/gut/gut.gd:818)
WARNING: [CaseManager] Validation: EvidenceData: discovery_method is required for evidence 'ev_camera'
     at: push_warning (core/variant/variant_utility.cpp:1034)
     GDScript backtrace (most recent call first):
         [0] load_case (res://scripts/managers/case_manager.gd:114)
         [1] before_each (res://tests/unit/test_evidence_manager.gd:244)
         [2] _run_test (res://addons/gut/gut.gd:605)
         [3] _test_the_scripts (res://addons/gut/gut.gd:818)
WARNING: [CaseManager] Validation: EvidenceData: discovery_method is required for evidence 'ev_document'
     at: push_warning (core/variant/variant_utility.cpp:1034)
     GDScript backtrace (most recent call first):
         [0] load_case (res://scripts/managers/case_manager.gd:114)
         [1] before_each (res://tests/unit/test_evidence_manager.gd:244)
         [2] _run_test (res://addons/gut/gut.gd:605)
         [3] _test_the_scripts (res://addons/gut/gut.gd:818)
WARNING: [CaseManager] Validation: EvidenceData: discovery_method is required for evidence 'ev_photo'
     at: push_warning (core/variant/variant_utility.cpp:1034)
     GDScript backtrace (most recent call first):
         [0] load_case (res://scripts/managers/case_manager.gd:114)
         [1] before_each (res://tests/unit/test_evidence_manager.gd:244)
         [2] _run_test (res://addons/gut/gut.gd:605)
         [3] _test_the_scripts (res://addons/gut/gut.gd:818)
WARNING: [CaseManager] Validation: EvidenceData: discovery_method is required for evidence 'ev_phone'
     at: push_warning (core/variant/variant_utility.cpp:1034)
     GDScript backtrace (most recent call first):
         [0] load_case (res://scripts/managers/case_manager.gd:114)
         [1] before_each (res://tests/unit/test_evidence_manager.gd:244)
         [2] _run_test (res://addons/gut/gut.gd:605)
         [3] _test_the_scripts (res://addons/gut/gut.gd:818)
WARNING: [CaseManager] Validation: EvidenceData: discovery_method is required for evidence 'ev_knife'
     at: push_warning (core/variant/variant_utility.cpp:1034)
     GDScript backtrace (most recent call first):
         [0] load_case (res://scripts/managers/case_manager.gd:114)
         [1] before_each (res://tests/unit/test_evidence_manager.gd:244)
         [2] _run_test (res://addons/gut/gut.gd:605)
         [3] _test_the_scripts (res://addons/gut/gut.gd:818)
WARNING: [CaseManager] Validation: EvidenceData: discovery_method is required for evidence 'ev_letter'
     at: push_warning (core/variant/variant_utility.cpp:1034)
     GDScript backtrace (most recent call first):
         [0] load_case (res://scripts/managers/case_manager.gd:114)
         [1] before_each (res://tests/unit/test_evidence_manager.gd:244)
         [2] _run_test (res://addons/gut/gut.gd:605)
         [3] _test_the_scripts (res://addons/gut/gut.gd:818)
WARNING: [CaseManager] Validation: EvidenceData: discovery_method is required for evidence 'ev_knife_result'
     at: push_warning (core/variant/variant_utility.cpp:1034)
     GDScript backtrace (most recent call first):
         [0] load_case (res://scripts/managers/case_manager.gd:114)
         [1] before_each (res://tests/unit/test_evidence_manager.gd:244)
         [2] _run_test (res://addons/gut/gut.gd:605)
         [3] _test_the_scripts (res://addons/gut/gut.gd:818)
WARNING: [CaseManager] Validation: CaseData: lab output evidence 'ev_knife_result' must set derived_from to 'ev_knife'
     at: push_warning (core/variant/variant_utility.cpp:1034)
     GDScript backtrace (most recent call first):
         [0] load_case (res://scripts/managers/case_manager.gd:114)
         [1] before_each (res://tests/unit/test_evidence_manager.gd:244)
         [2] _run_test (res://addons/gut/gut.gd:605)
         [3] _test_the_scripts (res://addons/gut/gut.gd:818)
* test_set_empty_notes_removes_entry
WARNING: [CaseManager] Validation: EvidenceData: discovery_method is required for evidence 'ev_fingerprint'
     at: push_warning (core/variant/variant_utility.cpp:1034)
     GDScript backtrace (most recent call first):
         [0] load_case (res://scripts/managers/case_manager.gd:114)
         [1] before_each (res://tests/unit/test_evidence_manager.gd:244)
         [2] _run_test (res://addons/gut/gut.gd:605)
         [3] _test_the_scripts (res://addons/gut/gut.gd:818)
WARNING: [CaseManager] Validation: EvidenceData: discovery_method is required for evidence 'ev_camera'
     at: push_warning (core/variant/variant_utility.cpp:1034)
     GDScript backtrace (most recent call first):
         [0] load_case (res://scripts/managers/case_manager.gd:114)
         [1] before_each (res://tests/unit/test_evidence_manager.gd:244)
         [2] _run_test (res://addons/gut/gut.gd:605)
         [3] _test_the_scripts (res://addons/gut/gut.gd:818)
WARNING: [CaseManager] Validation: EvidenceData: discovery_method is required for evidence 'ev_document'
     at: push_warning (core/variant/variant_utility.cpp:1034)
     GDScript backtrace (most recent call first):
         [0] load_case (res://scripts/managers/case_manager.gd:114)
         [1] before_each (res://tests/unit/test_evidence_manager.gd:244)
         [2] _run_test (res://addons/gut/gut.gd:605)
         [3] _test_the_scripts (res://addons/gut/gut.gd:818)
WARNING: [CaseManager] Validation: EvidenceData: discovery_method is required for evidence 'ev_photo'
     at: push_warning (core/variant/variant_utility.cpp:1034)
     GDScript backtrace (most recent call first):
         [0] load_case (res://scripts/managers/case_manager.gd:114)
         [1] before_each (res://tests/unit/test_evidence_manager.gd:244)
         [2] _run_test (res://addons/gut/gut.gd:605)
         [3] _test_the_scripts (res://addons/gut/gut.gd:818)
WARNING: [CaseManager] Validation: EvidenceData: discovery_method is required for evidence 'ev_phone'
     at: push_warning (core/variant/variant_utility.cpp:1034)
     GDScript backtrace (most recent call first):
         [0] load_case (res://scripts/managers/case_manager.gd:114)
         [1] before_each (res://tests/unit/test_evidence_manager.gd:244)
         [2] _run_test (res://addons/gut/gut.gd:605)
         [3] _test_the_scripts (res://addons/gut/gut.gd:818)
WARNING: [CaseManager] Validation: EvidenceData: discovery_method is required for evidence 'ev_knife'
     at: push_warning (core/variant/variant_utility.cpp:1034)
     GDScript backtrace (most recent call first):
         [0] load_case (res://scripts/managers/case_manager.gd:114)
         [1] before_each (res://tests/unit/test_evidence_manager.gd:244)
         [2] _run_test (res://addons/gut/gut.gd:605)
         [3] _test_the_scripts (res://addons/gut/gut.gd:818)
WARNING: [CaseManager] Validation: EvidenceData: discovery_method is required for evidence 'ev_letter'
     at: push_warning (core/variant/variant_utility.cpp:1034)
     GDScript backtrace (most recent call first):
         [0] load_case (res://scripts/managers/case_manager.gd:114)
         [1] before_each (res://tests/unit/test_evidence_manager.gd:244)
         [2] _run_test (res://addons/gut/gut.gd:605)
         [3] _test_the_scripts (res://addons/gut/gut.gd:818)
WARNING: [CaseManager] Validation: EvidenceData: discovery_method is required for evidence 'ev_knife_result'
     at: push_warning (core/variant/variant_utility.cpp:1034)
     GDScript backtrace (most recent call first):
         [0] load_case (res://scripts/managers/case_manager.gd:114)
         [1] before_each (res://tests/unit/test_evidence_manager.gd:244)
         [2] _run_test (res://addons/gut/gut.gd:605)
         [3] _test_the_scripts (res://addons/gut/gut.gd:818)
WARNING: [CaseManager] Validation: CaseData: lab output evidence 'ev_knife_result' must set derived_from to 'ev_knife'
     at: push_warning (core/variant/variant_utility.cpp:1034)
     GDScript backtrace (most recent call first):
         [0] load_case (res://scripts/managers/case_manager.gd:114)
         [1] before_each (res://tests/unit/test_evidence_manager.gd:244)
         [2] _run_test (res://addons/gut/gut.gd:605)
         [3] _test_the_scripts (res://addons/gut/gut.gd:818)
* test_set_player_notes_emits_signal
WARNING: [CaseManager] Validation: EvidenceData: discovery_method is required for evidence 'ev_fingerprint'
     at: push_warning (core/variant/variant_utility.cpp:1034)
     GDScript backtrace (most recent call first):
         [0] load_case (res://scripts/managers/case_manager.gd:114)
         [1] before_each (res://tests/unit/test_evidence_manager.gd:244)
         [2] _run_test (res://addons/gut/gut.gd:605)
         [3] _test_the_scripts (res://addons/gut/gut.gd:818)
WARNING: [CaseManager] Validation: EvidenceData: discovery_method is required for evidence 'ev_camera'
     at: push_warning (core/variant/variant_utility.cpp:1034)
     GDScript backtrace (most recent call first):
         [0] load_case (res://scripts/managers/case_manager.gd:114)
         [1] before_each (res://tests/unit/test_evidence_manager.gd:244)
         [2] _run_test (res://addons/gut/gut.gd:605)
         [3] _test_the_scripts (res://addons/gut/gut.gd:818)
WARNING: [CaseManager] Validation: EvidenceData: discovery_method is required for evidence 'ev_document'
     at: push_warning (core/variant/variant_utility.cpp:1034)
     GDScript backtrace (most recent call first):
         [0] load_case (res://scripts/managers/case_manager.gd:114)
         [1] before_each (res://tests/unit/test_evidence_manager.gd:244)
         [2] _run_test (res://addons/gut/gut.gd:605)
         [3] _test_the_scripts (res://addons/gut/gut.gd:818)
WARNING: [CaseManager] Validation: EvidenceData: discovery_method is required for evidence 'ev_photo'
     at: push_warning (core/variant/variant_utility.cpp:1034)
     GDScript backtrace (most recent call first):
         [0] load_case (res://scripts/managers/case_manager.gd:114)
         [1] before_each (res://tests/unit/test_evidence_manager.gd:244)
         [2] _run_test (res://addons/gut/gut.gd:605)
         [3] _test_the_scripts (res://addons/gut/gut.gd:818)
WARNING: [CaseManager] Validation: EvidenceData: discovery_method is required for evidence 'ev_phone'
     at: push_warning (core/variant/variant_utility.cpp:1034)
     GDScript backtrace (most recent call first):
         [0] load_case (res://scripts/managers/case_manager.gd:114)
         [1] before_each (res://tests/unit/test_evidence_manager.gd:244)
         [2] _run_test (res://addons/gut/gut.gd:605)
         [3] _test_the_scripts (res://addons/gut/gut.gd:818)
WARNING: [CaseManager] Validation: EvidenceData: discovery_method is required for evidence 'ev_knife'
     at: push_warning (core/variant/variant_utility.cpp:1034)
     GDScript backtrace (most recent call first):
         [0] load_case (res://scripts/managers/case_manager.gd:114)
         [1] before_each (res://tests/unit/test_evidence_manager.gd:244)
         [2] _run_test (res://addons/gut/gut.gd:605)
         [3] _test_the_scripts (res://addons/gut/gut.gd:818)
WARNING: [CaseManager] Validation: EvidenceData: discovery_method is required for evidence 'ev_letter'
     at: push_warning (core/variant/variant_utility.cpp:1034)
     GDScript backtrace (most recent call first):
         [0] load_case (res://scripts/managers/case_manager.gd:114)
         [1] before_each (res://tests/unit/test_evidence_manager.gd:244)
         [2] _run_test (res://addons/gut/gut.gd:605)
         [3] _test_the_scripts (res://addons/gut/gut.gd:818)
WARNING: [CaseManager] Validation: EvidenceData: discovery_method is required for evidence 'ev_knife_result'
     at: push_warning (core/variant/variant_utility.cpp:1034)
     GDScript backtrace (most recent call first):
         [0] load_case (res://scripts/managers/case_manager.gd:114)
         [1] before_each (res://tests/unit/test_evidence_manager.gd:244)
         [2] _run_test (res://addons/gut/gut.gd:605)
         [3] _test_the_scripts (res://addons/gut/gut.gd:818)
WARNING: [CaseManager] Validation: CaseData: lab output evidence 'ev_knife_result' must set derived_from to 'ev_knife'
     at: push_warning (core/variant/variant_utility.cpp:1034)
     GDScript backtrace (most recent call first):
         [0] load_case (res://scripts/managers/case_manager.gd:114)
         [1] before_each (res://tests/unit/test_evidence_manager.gd:244)
         [2] _run_test (res://addons/gut/gut.gd:605)
         [3] _test_the_scripts (res://addons/gut/gut.gd:818)
* test_player_notes_serializes_and_restores
WARNING: [CaseManager] Validation: EvidenceData: discovery_method is required for evidence 'ev_fingerprint'
     at: push_warning (core/variant/variant_utility.cpp:1034)
     GDScript backtrace (most recent call first):
         [0] load_case (res://scripts/managers/case_manager.gd:114)
         [1] before_each (res://tests/unit/test_evidence_manager.gd:244)
         [2] _run_test (res://addons/gut/gut.gd:605)
         [3] _test_the_scripts (res://addons/gut/gut.gd:818)
WARNING: [CaseManager] Validation: EvidenceData: discovery_method is required for evidence 'ev_camera'
     at: push_warning (core/variant/variant_utility.cpp:1034)
     GDScript backtrace (most recent call first):
         [0] load_case (res://scripts/managers/case_manager.gd:114)
         [1] before_each (res://tests/unit/test_evidence_manager.gd:244)
         [2] _run_test (res://addons/gut/gut.gd:605)
         [3] _test_the_scripts (res://addons/gut/gut.gd:818)
WARNING: [CaseManager] Validation: EvidenceData: discovery_method is required for evidence 'ev_document'
     at: push_warning (core/variant/variant_utility.cpp:1034)
     GDScript backtrace (most recent call first):
         [0] load_case (res://scripts/managers/case_manager.gd:114)
         [1] before_each (res://tests/unit/test_evidence_manager.gd:244)
         [2] _run_test (res://addons/gut/gut.gd:605)
         [3] _test_the_scripts (res://addons/gut/gut.gd:818)
WARNING: [CaseManager] Validation: EvidenceData: discovery_method is required for evidence 'ev_photo'
     at: push_warning (core/variant/variant_utility.cpp:1034)
     GDScript backtrace (most recent call first):
         [0] load_case (res://scripts/managers/case_manager.gd:114)
         [1] before_each (res://tests/unit/test_evidence_manager.gd:244)
         [2] _run_test (res://addons/gut/gut.gd:605)
         [3] _test_the_scripts (res://addons/gut/gut.gd:818)
WARNING: [CaseManager] Validation: EvidenceData: discovery_method is required for evidence 'ev_phone'
     at: push_warning (core/variant/variant_utility.cpp:1034)
     GDScript backtrace (most recent call first):
         [0] load_case (res://scripts/managers/case_manager.gd:114)
         [1] before_each (res://tests/unit/test_evidence_manager.gd:244)
         [2] _run_test (res://addons/gut/gut.gd:605)
         [3] _test_the_scripts (res://addons/gut/gut.gd:818)
WARNING: [CaseManager] Validation: EvidenceData: discovery_method is required for evidence 'ev_knife'
     at: push_warning (core/variant/variant_utility.cpp:1034)
     GDScript backtrace (most recent call first):
         [0] load_case (res://scripts/managers/case_manager.gd:114)
         [1] before_each (res://tests/unit/test_evidence_manager.gd:244)
         [2] _run_test (res://addons/gut/gut.gd:605)
         [3] _test_the_scripts (res://addons/gut/gut.gd:818)
WARNING: [CaseManager] Validation: EvidenceData: discovery_method is required for evidence 'ev_letter'
     at: push_warning (core/variant/variant_utility.cpp:1034)
     GDScript backtrace (most recent call first):
         [0] load_case (res://scripts/managers/case_manager.gd:114)
         [1] before_each (res://tests/unit/test_evidence_manager.gd:244)
         [2] _run_test (res://addons/gut/gut.gd:605)
         [3] _test_the_scripts (res://addons/gut/gut.gd:818)
WARNING: [CaseManager] Validation: EvidenceData: discovery_method is required for evidence 'ev_knife_result'
     at: push_warning (core/variant/variant_utility.cpp:1034)
     GDScript backtrace (most recent call first):
         [0] load_case (res://scripts/managers/case_manager.gd:114)
         [1] before_each (res://tests/unit/test_evidence_manager.gd:244)
         [2] _run_test (res://addons/gut/gut.gd:605)
         [3] _test_the_scripts (res://addons/gut/gut.gd:818)
WARNING: [CaseManager] Validation: CaseData: lab output evidence 'ev_knife_result' must set derived_from to 'ev_knife'
     at: push_warning (core/variant/variant_utility.cpp:1034)
     GDScript backtrace (most recent call first):
         [0] load_case (res://scripts/managers/case_manager.gd:114)
         [1] before_each (res://tests/unit/test_evidence_manager.gd:244)
         [2] _run_test (res://addons/gut/gut.gd:605)
         [3] _test_the_scripts (res://addons/gut/gut.gd:818)
* test_is_sent_to_board_false_by_default
WARNING: [CaseManager] Validation: EvidenceData: discovery_method is required for evidence 'ev_fingerprint'
     at: push_warning (core/variant/variant_utility.cpp:1034)
     GDScript backtrace (most recent call first):
         [0] load_case (res://scripts/managers/case_manager.gd:114)
         [1] before_each (res://tests/unit/test_evidence_manager.gd:244)
         [2] _run_test (res://addons/gut/gut.gd:605)
         [3] _test_the_scripts (res://addons/gut/gut.gd:818)
WARNING: [CaseManager] Validation: EvidenceData: discovery_method is required for evidence 'ev_camera'
     at: push_warning (core/variant/variant_utility.cpp:1034)
     GDScript backtrace (most recent call first):
         [0] load_case (res://scripts/managers/case_manager.gd:114)
         [1] before_each (res://tests/unit/test_evidence_manager.gd:244)
         [2] _run_test (res://addons/gut/gut.gd:605)
         [3] _test_the_scripts (res://addons/gut/gut.gd:818)
WARNING: [CaseManager] Validation: EvidenceData: discovery_method is required for evidence 'ev_document'
     at: push_warning (core/variant/variant_utility.cpp:1034)
     GDScript backtrace (most recent call first):
         [0] load_case (res://scripts/managers/case_manager.gd:114)
         [1] before_each (res://tests/unit/test_evidence_manager.gd:244)
         [2] _run_test (res://addons/gut/gut.gd:605)
         [3] _test_the_scripts (res://addons/gut/gut.gd:818)
WARNING: [CaseManager] Validation: EvidenceData: discovery_method is required for evidence 'ev_photo'
     at: push_warning (core/variant/variant_utility.cpp:1034)
     GDScript backtrace (most recent call first):
         [0] load_case (res://scripts/managers/case_manager.gd:114)
         [1] before_each (res://tests/unit/test_evidence_manager.gd:244)
         [2] _run_test (res://addons/gut/gut.gd:605)
         [3] _test_the_scripts (res://addons/gut/gut.gd:818)
WARNING: [CaseManager] Validation: EvidenceData: discovery_method is required for evidence 'ev_phone'
     at: push_warning (core/variant/variant_utility.cpp:1034)
     GDScript backtrace (most recent call first):
         [0] load_case (res://scripts/managers/case_manager.gd:114)
         [1] before_each (res://tests/unit/test_evidence_manager.gd:244)
         [2] _run_test (res://addons/gut/gut.gd:605)
         [3] _test_the_scripts (res://addons/gut/gut.gd:818)
WARNING: [CaseManager] Validation: EvidenceData: discovery_method is required for evidence 'ev_knife'
     at: push_warning (core/variant/variant_utility.cpp:1034)
     GDScript backtrace (most recent call first):
         [0] load_case (res://scripts/managers/case_manager.gd:114)
         [1] before_each (res://tests/unit/test_evidence_manager.gd:244)
         [2] _run_test (res://addons/gut/gut.gd:605)
         [3] _test_the_scripts (res://addons/gut/gut.gd:818)
WARNING: [CaseManager] Validation: EvidenceData: discovery_method is required for evidence 'ev_letter'
     at: push_warning (core/variant/variant_utility.cpp:1034)
     GDScript backtrace (most recent call first):
         [0] load_case (res://scripts/managers/case_manager.gd:114)
         [1] before_each (res://tests/unit/test_evidence_manager.gd:244)
         [2] _run_test (res://addons/gut/gut.gd:605)
         [3] _test_the_scripts (res://addons/gut/gut.gd:818)
WARNING: [CaseManager] Validation: EvidenceData: discovery_method is required for evidence 'ev_knife_result'
     at: push_warning (core/variant/variant_utility.cpp:1034)
     GDScript backtrace (most recent call first):
         [0] load_case (res://scripts/managers/case_manager.gd:114)
         [1] before_each (res://tests/unit/test_evidence_manager.gd:244)
         [2] _run_test (res://addons/gut/gut.gd:605)
         [3] _test_the_scripts (res://addons/gut/gut.gd:818)
WARNING: [CaseManager] Validation: CaseData: lab output evidence 'ev_knife_result' must set derived_from to 'ev_knife'
     at: push_warning (core/variant/variant_utility.cpp:1034)
     GDScript backtrace (most recent call first):
         [0] load_case (res://scripts/managers/case_manager.gd:114)
         [1] before_each (res://tests/unit/test_evidence_manager.gd:244)
         [2] _run_test (res://addons/gut/gut.gd:605)
         [3] _test_the_scripts (res://addons/gut/gut.gd:818)
* test_mark_sent_to_board_sets_state
WARNING: [CaseManager] Validation: EvidenceData: discovery_method is required for evidence 'ev_fingerprint'
     at: push_warning (core/variant/variant_utility.cpp:1034)
     GDScript backtrace (most recent call first):
         [0] load_case (res://scripts/managers/case_manager.gd:114)
         [1] before_each (res://tests/unit/test_evidence_manager.gd:244)
         [2] _run_test (res://addons/gut/gut.gd:605)
         [3] _test_the_scripts (res://addons/gut/gut.gd:818)
WARNING: [CaseManager] Validation: EvidenceData: discovery_method is required for evidence 'ev_camera'
     at: push_warning (core/variant/variant_utility.cpp:1034)
     GDScript backtrace (most recent call first):
         [0] load_case (res://scripts/managers/case_manager.gd:114)
         [1] before_each (res://tests/unit/test_evidence_manager.gd:244)
         [2] _run_test (res://addons/gut/gut.gd:605)
         [3] _test_the_scripts (res://addons/gut/gut.gd:818)
WARNING: [CaseManager] Validation: EvidenceData: discovery_method is required for evidence 'ev_document'
     at: push_warning (core/variant/variant_utility.cpp:1034)
     GDScript backtrace (most recent call first):
         [0] load_case (res://scripts/managers/case_manager.gd:114)
         [1] before_each (res://tests/unit/test_evidence_manager.gd:244)
         [2] _run_test (res://addons/gut/gut.gd:605)
         [3] _test_the_scripts (res://addons/gut/gut.gd:818)
WARNING: [CaseManager] Validation: EvidenceData: discovery_method is required for evidence 'ev_photo'
     at: push_warning (core/variant/variant_utility.cpp:1034)
     GDScript backtrace (most recent call first):
         [0] load_case (res://scripts/managers/case_manager.gd:114)
         [1] before_each (res://tests/unit/test_evidence_manager.gd:244)
         [2] _run_test (res://addons/gut/gut.gd:605)
         [3] _test_the_scripts (res://addons/gut/gut.gd:818)
WARNING: [CaseManager] Validation: EvidenceData: discovery_method is required for evidence 'ev_phone'
     at: push_warning (core/variant/variant_utility.cpp:1034)
     GDScript backtrace (most recent call first):
         [0] load_case (res://scripts/managers/case_manager.gd:114)
         [1] before_each (res://tests/unit/test_evidence_manager.gd:244)
         [2] _run_test (res://addons/gut/gut.gd:605)
         [3] _test_the_scripts (res://addons/gut/gut.gd:818)
WARNING: [CaseManager] Validation: EvidenceData: discovery_method is required for evidence 'ev_knife'
     at: push_warning (core/variant/variant_utility.cpp:1034)
     GDScript backtrace (most recent call first):
         [0] load_case (res://scripts/managers/case_manager.gd:114)
         [1] before_each (res://tests/unit/test_evidence_manager.gd:244)
         [2] _run_test (res://addons/gut/gut.gd:605)
         [3] _test_the_scripts (res://addons/gut/gut.gd:818)
WARNING: [CaseManager] Validation: EvidenceData: discovery_method is required for evidence 'ev_letter'
     at: push_warning (core/variant/variant_utility.cpp:1034)
     GDScript backtrace (most recent call first):
         [0] load_case (res://scripts/managers/case_manager.gd:114)
         [1] before_each (res://tests/unit/test_evidence_manager.gd:244)
         [2] _run_test (res://addons/gut/gut.gd:605)
         [3] _test_the_scripts (res://addons/gut/gut.gd:818)
WARNING: [CaseManager] Validation: EvidenceData: discovery_method is required for evidence 'ev_knife_result'
     at: push_warning (core/variant/variant_utility.cpp:1034)
     GDScript backtrace (most recent call first):
         [0] load_case (res://scripts/managers/case_manager.gd:114)
         [1] before_each (res://tests/unit/test_evidence_manager.gd:244)
         [2] _run_test (res://addons/gut/gut.gd:605)
         [3] _test_the_scripts (res://addons/gut/gut.gd:818)
WARNING: [CaseManager] Validation: CaseData: lab output evidence 'ev_knife_result' must set derived_from to 'ev_knife'
     at: push_warning (core/variant/variant_utility.cpp:1034)
     GDScript backtrace (most recent call first):
         [0] load_case (res://scripts/managers/case_manager.gd:114)
         [1] before_each (res://tests/unit/test_evidence_manager.gd:244)
         [2] _run_test (res://addons/gut/gut.gd:605)
         [3] _test_the_scripts (res://addons/gut/gut.gd:818)
* test_mark_sent_to_board_emits_signal
WARNING: [CaseManager] Validation: EvidenceData: discovery_method is required for evidence 'ev_fingerprint'
     at: push_warning (core/variant/variant_utility.cpp:1034)
     GDScript backtrace (most recent call first):
         [0] load_case (res://scripts/managers/case_manager.gd:114)
         [1] before_each (res://tests/unit/test_evidence_manager.gd:244)
         [2] _run_test (res://addons/gut/gut.gd:605)
         [3] _test_the_scripts (res://addons/gut/gut.gd:818)
WARNING: [CaseManager] Validation: EvidenceData: discovery_method is required for evidence 'ev_camera'
     at: push_warning (core/variant/variant_utility.cpp:1034)
     GDScript backtrace (most recent call first):
         [0] load_case (res://scripts/managers/case_manager.gd:114)
         [1] before_each (res://tests/unit/test_evidence_manager.gd:244)
         [2] _run_test (res://addons/gut/gut.gd:605)
         [3] _test_the_scripts (res://addons/gut/gut.gd:818)
WARNING: [CaseManager] Validation: EvidenceData: discovery_method is required for evidence 'ev_document'
     at: push_warning (core/variant/variant_utility.cpp:1034)
     GDScript backtrace (most recent call first):
         [0] load_case (res://scripts/managers/case_manager.gd:114)
         [1] before_each (res://tests/unit/test_evidence_manager.gd:244)
         [2] _run_test (res://addons/gut/gut.gd:605)
         [3] _test_the_scripts (res://addons/gut/gut.gd:818)
WARNING: [CaseManager] Validation: EvidenceData: discovery_method is required for evidence 'ev_photo'
     at: push_warning (core/variant/variant_utility.cpp:1034)
     GDScript backtrace (most recent call first):
         [0] load_case (res://scripts/managers/case_manager.gd:114)
         [1] before_each (res://tests/unit/test_evidence_manager.gd:244)
         [2] _run_test (res://addons/gut/gut.gd:605)
         [3] _test_the_scripts (res://addons/gut/gut.gd:818)
WARNING: [CaseManager] Validation: EvidenceData: discovery_method is required for evidence 'ev_phone'
     at: push_warning (core/variant/variant_utility.cpp:1034)
     GDScript backtrace (most recent call first):
         [0] load_case (res://scripts/managers/case_manager.gd:114)
         [1] before_each (res://tests/unit/test_evidence_manager.gd:244)
         [2] _run_test (res://addons/gut/gut.gd:605)
         [3] _test_the_scripts (res://addons/gut/gut.gd:818)
WARNING: [CaseManager] Validation: EvidenceData: discovery_method is required for evidence 'ev_knife'
     at: push_warning (core/variant/variant_utility.cpp:1034)
     GDScript backtrace (most recent call first):
         [0] load_case (res://scripts/managers/case_manager.gd:114)
         [1] before_each (res://tests/unit/test_evidence_manager.gd:244)
         [2] _run_test (res://addons/gut/gut.gd:605)
         [3] _test_the_scripts (res://addons/gut/gut.gd:818)
WARNING: [CaseManager] Validation: EvidenceData: discovery_method is required for evidence 'ev_letter'
     at: push_warning (core/variant/variant_utility.cpp:1034)
     GDScript backtrace (most recent call first):
         [0] load_case (res://scripts/managers/case_manager.gd:114)
         [1] before_each (res://tests/unit/test_evidence_manager.gd:244)
         [2] _run_test (res://addons/gut/gut.gd:605)
         [3] _test_the_scripts (res://addons/gut/gut.gd:818)
WARNING: [CaseManager] Validation: EvidenceData: discovery_method is required for evidence 'ev_knife_result'
     at: push_warning (core/variant/variant_utility.cpp:1034)
     GDScript backtrace (most recent call first):
         [0] load_case (res://scripts/managers/case_manager.gd:114)
         [1] before_each (res://tests/unit/test_evidence_manager.gd:244)
         [2] _run_test (res://addons/gut/gut.gd:605)
         [3] _test_the_scripts (res://addons/gut/gut.gd:818)
WARNING: [CaseManager] Validation: CaseData: lab output evidence 'ev_knife_result' must set derived_from to 'ev_knife'
     at: push_warning (core/variant/variant_utility.cpp:1034)
     GDScript backtrace (most recent call first):
         [0] load_case (res://scripts/managers/case_manager.gd:114)
         [1] before_each (res://tests/unit/test_evidence_manager.gd:244)
         [2] _run_test (res://addons/gut/gut.gd:605)
         [3] _test_the_scripts (res://addons/gut/gut.gd:818)
* test_mark_sent_to_board_is_idempotent
WARNING: [CaseManager] Validation: EvidenceData: discovery_method is required for evidence 'ev_fingerprint'
     at: push_warning (core/variant/variant_utility.cpp:1034)
     GDScript backtrace (most recent call first):
         [0] load_case (res://scripts/managers/case_manager.gd:114)
         [1] before_each (res://tests/unit/test_evidence_manager.gd:244)
         [2] _run_test (res://addons/gut/gut.gd:605)
         [3] _test_the_scripts (res://addons/gut/gut.gd:818)
WARNING: [CaseManager] Validation: EvidenceData: discovery_method is required for evidence 'ev_camera'
     at: push_warning (core/variant/variant_utility.cpp:1034)
     GDScript backtrace (most recent call first):
         [0] load_case (res://scripts/managers/case_manager.gd:114)
         [1] before_each (res://tests/unit/test_evidence_manager.gd:244)
         [2] _run_test (res://addons/gut/gut.gd:605)
         [3] _test_the_scripts (res://addons/gut/gut.gd:818)
WARNING: [CaseManager] Validation: EvidenceData: discovery_method is required for evidence 'ev_document'
     at: push_warning (core/variant/variant_utility.cpp:1034)
     GDScript backtrace (most recent call first):
         [0] load_case (res://scripts/managers/case_manager.gd:114)
         [1] before_each (res://tests/unit/test_evidence_manager.gd:244)
         [2] _run_test (res://addons/gut/gut.gd:605)
         [3] _test_the_scripts (res://addons/gut/gut.gd:818)
WARNING: [CaseManager] Validation: EvidenceData: discovery_method is required for evidence 'ev_photo'
     at: push_warning (core/variant/variant_utility.cpp:1034)
     GDScript backtrace (most recent call first):
         [0] load_case (res://scripts/managers/case_manager.gd:114)
         [1] before_each (res://tests/unit/test_evidence_manager.gd:244)
         [2] _run_test (res://addons/gut/gut.gd:605)
         [3] _test_the_scripts (res://addons/gut/gut.gd:818)
WARNING: [CaseManager] Validation: EvidenceData: discovery_method is required for evidence 'ev_phone'
     at: push_warning (core/variant/variant_utility.cpp:1034)
     GDScript backtrace (most recent call first):
         [0] load_case (res://scripts/managers/case_manager.gd:114)
         [1] before_each (res://tests/unit/test_evidence_manager.gd:244)
         [2] _run_test (res://addons/gut/gut.gd:605)
         [3] _test_the_scripts (res://addons/gut/gut.gd:818)
WARNING: [CaseManager] Validation: EvidenceData: discovery_method is required for evidence 'ev_knife'
     at: push_warning (core/variant/variant_utility.cpp:1034)
     GDScript backtrace (most recent call first):
         [0] load_case (res://scripts/managers/case_manager.gd:114)
         [1] before_each (res://tests/unit/test_evidence_manager.gd:244)
         [2] _run_test (res://addons/gut/gut.gd:605)
         [3] _test_the_scripts (res://addons/gut/gut.gd:818)
WARNING: [CaseManager] Validation: EvidenceData: discovery_method is required for evidence 'ev_letter'
     at: push_warning (core/variant/variant_utility.cpp:1034)
     GDScript backtrace (most recent call first):
         [0] load_case (res://scripts/managers/case_manager.gd:114)
         [1] before_each (res://tests/unit/test_evidence_manager.gd:244)
         [2] _run_test (res://addons/gut/gut.gd:605)
         [3] _test_the_scripts (res://addons/gut/gut.gd:818)
WARNING: [CaseManager] Validation: EvidenceData: discovery_method is required for evidence 'ev_knife_result'
     at: push_warning (core/variant/variant_utility.cpp:1034)
     GDScript backtrace (most recent call first):
         [0] load_case (res://scripts/managers/case_manager.gd:114)
         [1] before_each (res://tests/unit/test_evidence_manager.gd:244)
         [2] _run_test (res://addons/gut/gut.gd:605)
         [3] _test_the_scripts (res://addons/gut/gut.gd:818)
WARNING: [CaseManager] Validation: CaseData: lab output evidence 'ev_knife_result' must set derived_from to 'ev_knife'
     at: push_warning (core/variant/variant_utility.cpp:1034)
     GDScript backtrace (most recent call first):
         [0] load_case (res://scripts/managers/case_manager.gd:114)
         [1] before_each (res://tests/unit/test_evidence_manager.gd:244)
         [2] _run_test (res://addons/gut/gut.gd:605)
         [3] _test_the_scripts (res://addons/gut/gut.gd:818)
* test_sent_to_board_serializes_and_restores
WARNING: [CaseManager] Validation: EvidenceData: discovery_method is required for evidence 'ev_fingerprint'
     at: push_warning (core/variant/variant_utility.cpp:1034)
     GDScript backtrace (most recent call first):
         [0] load_case (res://scripts/managers/case_manager.gd:114)
         [1] before_each (res://tests/unit/test_evidence_manager.gd:244)
         [2] _run_test (res://addons/gut/gut.gd:605)
         [3] _test_the_scripts (res://addons/gut/gut.gd:818)
WARNING: [CaseManager] Validation: EvidenceData: discovery_method is required for evidence 'ev_camera'
     at: push_warning (core/variant/variant_utility.cpp:1034)
     GDScript backtrace (most recent call first):
         [0] load_case (res://scripts/managers/case_manager.gd:114)
         [1] before_each (res://tests/unit/test_evidence_manager.gd:244)
         [2] _run_test (res://addons/gut/gut.gd:605)
         [3] _test_the_scripts (res://addons/gut/gut.gd:818)
WARNING: [CaseManager] Validation: EvidenceData: discovery_method is required for evidence 'ev_document'
     at: push_warning (core/variant/variant_utility.cpp:1034)
     GDScript backtrace (most recent call first):
         [0] load_case (res://scripts/managers/case_manager.gd:114)
         [1] before_each (res://tests/unit/test_evidence_manager.gd:244)
         [2] _run_test (res://addons/gut/gut.gd:605)
         [3] _test_the_scripts (res://addons/gut/gut.gd:818)
WARNING: [CaseManager] Validation: EvidenceData: discovery_method is required for evidence 'ev_photo'
     at: push_warning (core/variant/variant_utility.cpp:1034)
     GDScript backtrace (most recent call first):
         [0] load_case (res://scripts/managers/case_manager.gd:114)
         [1] before_each (res://tests/unit/test_evidence_manager.gd:244)
         [2] _run_test (res://addons/gut/gut.gd:605)
         [3] _test_the_scripts (res://addons/gut/gut.gd:818)
WARNING: [CaseManager] Validation: EvidenceData: discovery_method is required for evidence 'ev_phone'
     at: push_warning (core/variant/variant_utility.cpp:1034)
     GDScript backtrace (most recent call first):
         [0] load_case (res://scripts/managers/case_manager.gd:114)
         [1] before_each (res://tests/unit/test_evidence_manager.gd:244)
         [2] _run_test (res://addons/gut/gut.gd:605)
         [3] _test_the_scripts (res://addons/gut/gut.gd:818)
WARNING: [CaseManager] Validation: EvidenceData: discovery_method is required for evidence 'ev_knife'
     at: push_warning (core/variant/variant_utility.cpp:1034)
     GDScript backtrace (most recent call first):
         [0] load_case (res://scripts/managers/case_manager.gd:114)
         [1] before_each (res://tests/unit/test_evidence_manager.gd:244)
         [2] _run_test (res://addons/gut/gut.gd:605)
         [3] _test_the_scripts (res://addons/gut/gut.gd:818)
WARNING: [CaseManager] Validation: EvidenceData: discovery_method is required for evidence 'ev_letter'
     at: push_warning (core/variant/variant_utility.cpp:1034)
     GDScript backtrace (most recent call first):
         [0] load_case (res://scripts/managers/case_manager.gd:114)
         [1] before_each (res://tests/unit/test_evidence_manager.gd:244)
         [2] _run_test (res://addons/gut/gut.gd:605)
         [3] _test_the_scripts (res://addons/gut/gut.gd:818)
WARNING: [CaseManager] Validation: EvidenceData: discovery_method is required for evidence 'ev_knife_result'
     at: push_warning (core/variant/variant_utility.cpp:1034)
     GDScript backtrace (most recent call first):
         [0] load_case (res://scripts/managers/case_manager.gd:114)
         [1] before_each (res://tests/unit/test_evidence_manager.gd:244)
         [2] _run_test (res://addons/gut/gut.gd:605)
         [3] _test_the_scripts (res://addons/gut/gut.gd:818)
WARNING: [CaseManager] Validation: CaseData: lab output evidence 'ev_knife_result' must set derived_from to 'ev_knife'
     at: push_warning (core/variant/variant_utility.cpp:1034)
     GDScript backtrace (most recent call first):
         [0] load_case (res://scripts/managers/case_manager.gd:114)
         [1] before_each (res://tests/unit/test_evidence_manager.gd:244)
         [2] _run_test (res://addons/gut/gut.gd:605)
         [3] _test_the_scripts (res://addons/gut/gut.gd:818)
* test_reset_clears_sent_to_board
WARNING: [CaseManager] Validation: EvidenceData: discovery_method is required for evidence 'ev_fingerprint'
     at: push_warning (core/variant/variant_utility.cpp:1034)
     GDScript backtrace (most recent call first):
         [0] load_case (res://scripts/managers/case_manager.gd:114)
         [1] before_each (res://tests/unit/test_evidence_manager.gd:244)
         [2] _run_test (res://addons/gut/gut.gd:605)
         [3] _test_the_scripts (res://addons/gut/gut.gd:818)
WARNING: [CaseManager] Validation: EvidenceData: discovery_method is required for evidence 'ev_camera'
     at: push_warning (core/variant/variant_utility.cpp:1034)
     GDScript backtrace (most recent call first):
         [0] load_case (res://scripts/managers/case_manager.gd:114)
         [1] before_each (res://tests/unit/test_evidence_manager.gd:244)
         [2] _run_test (res://addons/gut/gut.gd:605)
         [3] _test_the_scripts (res://addons/gut/gut.gd:818)
WARNING: [CaseManager] Validation: EvidenceData: discovery_method is required for evidence 'ev_document'
     at: push_warning (core/variant/variant_utility.cpp:1034)
     GDScript backtrace (most recent call first):
         [0] load_case (res://scripts/managers/case_manager.gd:114)
         [1] before_each (res://tests/unit/test_evidence_manager.gd:244)
         [2] _run_test (res://addons/gut/gut.gd:605)
         [3] _test_the_scripts (res://addons/gut/gut.gd:818)
WARNING: [CaseManager] Validation: EvidenceData: discovery_method is required for evidence 'ev_photo'
     at: push_warning (core/variant/variant_utility.cpp:1034)
     GDScript backtrace (most recent call first):
         [0] load_case (res://scripts/managers/case_manager.gd:114)
         [1] before_each (res://tests/unit/test_evidence_manager.gd:244)
         [2] _run_test (res://addons/gut/gut.gd:605)
         [3] _test_the_scripts (res://addons/gut/gut.gd:818)
WARNING: [CaseManager] Validation: EvidenceData: discovery_method is required for evidence 'ev_phone'
     at: push_warning (core/variant/variant_utility.cpp:1034)
     GDScript backtrace (most recent call first):
         [0] load_case (res://scripts/managers/case_manager.gd:114)
         [1] before_each (res://tests/unit/test_evidence_manager.gd:244)
         [2] _run_test (res://addons/gut/gut.gd:605)
         [3] _test_the_scripts (res://addons/gut/gut.gd:818)
WARNING: [CaseManager] Validation: EvidenceData: discovery_method is required for evidence 'ev_knife'
     at: push_warning (core/variant/variant_utility.cpp:1034)
     GDScript backtrace (most recent call first):
         [0] load_case (res://scripts/managers/case_manager.gd:114)
         [1] before_each (res://tests/unit/test_evidence_manager.gd:244)
         [2] _run_test (res://addons/gut/gut.gd:605)
         [3] _test_the_scripts (res://addons/gut/gut.gd:818)
WARNING: [CaseManager] Validation: EvidenceData: discovery_method is required for evidence 'ev_letter'
     at: push_warning (core/variant/variant_utility.cpp:1034)
     GDScript backtrace (most recent call first):
         [0] load_case (res://scripts/managers/case_manager.gd:114)
         [1] before_each (res://tests/unit/test_evidence_manager.gd:244)
         [2] _run_test (res://addons/gut/gut.gd:605)
         [3] _test_the_scripts (res://addons/gut/gut.gd:818)
WARNING: [CaseManager] Validation: EvidenceData: discovery_method is required for evidence 'ev_knife_result'
     at: push_warning (core/variant/variant_utility.cpp:1034)
     GDScript backtrace (most recent call first):
         [0] load_case (res://scripts/managers/case_manager.gd:114)
         [1] before_each (res://tests/unit/test_evidence_manager.gd:244)
         [2] _run_test (res://addons/gut/gut.gd:605)
         [3] _test_the_scripts (res://addons/gut/gut.gd:818)
WARNING: [CaseManager] Validation: CaseData: lab output evidence 'ev_knife_result' must set derived_from to 'ev_knife'
     at: push_warning (core/variant/variant_utility.cpp:1034)
     GDScript backtrace (most recent call first):
         [0] load_case (res://scripts/managers/case_manager.gd:114)
         [1] before_each (res://tests/unit/test_evidence_manager.gd:244)
         [2] _run_test (res://addons/gut/gut.gd:605)
         [3] _test_the_scripts (res://addons/gut/gut.gd:818)
* test_is_superseded_false_without_lab_request
WARNING: [CaseManager] Validation: EvidenceData: discovery_method is required for evidence 'ev_fingerprint'
     at: push_warning (core/variant/variant_utility.cpp:1034)
     GDScript backtrace (most recent call first):
         [0] load_case (res://scripts/managers/case_manager.gd:114)
         [1] before_each (res://tests/unit/test_evidence_manager.gd:244)
         [2] _run_test (res://addons/gut/gut.gd:605)
         [3] _test_the_scripts (res://addons/gut/gut.gd:818)
WARNING: [CaseManager] Validation: EvidenceData: discovery_method is required for evidence 'ev_camera'
     at: push_warning (core/variant/variant_utility.cpp:1034)
     GDScript backtrace (most recent call first):
         [0] load_case (res://scripts/managers/case_manager.gd:114)
         [1] before_each (res://tests/unit/test_evidence_manager.gd:244)
         [2] _run_test (res://addons/gut/gut.gd:605)
         [3] _test_the_scripts (res://addons/gut/gut.gd:818)
WARNING: [CaseManager] Validation: EvidenceData: discovery_method is required for evidence 'ev_document'
     at: push_warning (core/variant/variant_utility.cpp:1034)
     GDScript backtrace (most recent call first):
         [0] load_case (res://scripts/managers/case_manager.gd:114)
         [1] before_each (res://tests/unit/test_evidence_manager.gd:244)
         [2] _run_test (res://addons/gut/gut.gd:605)
         [3] _test_the_scripts (res://addons/gut/gut.gd:818)
WARNING: [CaseManager] Validation: EvidenceData: discovery_method is required for evidence 'ev_photo'
     at: push_warning (core/variant/variant_utility.cpp:1034)
     GDScript backtrace (most recent call first):
         [0] load_case (res://scripts/managers/case_manager.gd:114)
         [1] before_each (res://tests/unit/test_evidence_manager.gd:244)
         [2] _run_test (res://addons/gut/gut.gd:605)
         [3] _test_the_scripts (res://addons/gut/gut.gd:818)
WARNING: [CaseManager] Validation: EvidenceData: discovery_method is required for evidence 'ev_phone'
     at: push_warning (core/variant/variant_utility.cpp:1034)
     GDScript backtrace (most recent call first):
         [0] load_case (res://scripts/managers/case_manager.gd:114)
         [1] before_each (res://tests/unit/test_evidence_manager.gd:244)
         [2] _run_test (res://addons/gut/gut.gd:605)
         [3] _test_the_scripts (res://addons/gut/gut.gd:818)
WARNING: [CaseManager] Validation: EvidenceData: discovery_method is required for evidence 'ev_knife'
     at: push_warning (core/variant/variant_utility.cpp:1034)
     GDScript backtrace (most recent call first):
         [0] load_case (res://scripts/managers/case_manager.gd:114)
         [1] before_each (res://tests/unit/test_evidence_manager.gd:244)
         [2] _run_test (res://addons/gut/gut.gd:605)
         [3] _test_the_scripts (res://addons/gut/gut.gd:818)
WARNING: [CaseManager] Validation: EvidenceData: discovery_method is required for evidence 'ev_letter'
     at: push_warning (core/variant/variant_utility.cpp:1034)
     GDScript backtrace (most recent call first):
         [0] load_case (res://scripts/managers/case_manager.gd:114)
         [1] before_each (res://tests/unit/test_evidence_manager.gd:244)
         [2] _run_test (res://addons/gut/gut.gd:605)
         [3] _test_the_scripts (res://addons/gut/gut.gd:818)
WARNING: [CaseManager] Validation: EvidenceData: discovery_method is required for evidence 'ev_knife_result'
     at: push_warning (core/variant/variant_utility.cpp:1034)
     GDScript backtrace (most recent call first):
         [0] load_case (res://scripts/managers/case_manager.gd:114)
         [1] before_each (res://tests/unit/test_evidence_manager.gd:244)
         [2] _run_test (res://addons/gut/gut.gd:605)
         [3] _test_the_scripts (res://addons/gut/gut.gd:818)
WARNING: [CaseManager] Validation: CaseData: lab output evidence 'ev_knife_result' must set derived_from to 'ev_knife'
     at: push_warning (core/variant/variant_utility.cpp:1034)
     GDScript backtrace (most recent call first):
         [0] load_case (res://scripts/managers/case_manager.gd:114)
         [1] before_each (res://tests/unit/test_evidence_manager.gd:244)
         [2] _run_test (res://addons/gut/gut.gd:605)
         [3] _test_the_scripts (res://addons/gut/gut.gd:818)
* test_is_superseded_false_before_output_discovered
WARNING: [CaseManager] Validation: EvidenceData: discovery_method is required for evidence 'ev_fingerprint'
     at: push_warning (core/variant/variant_utility.cpp:1034)
     GDScript backtrace (most recent call first):
         [0] load_case (res://scripts/managers/case_manager.gd:114)
         [1] before_each (res://tests/unit/test_evidence_manager.gd:244)
         [2] _run_test (res://addons/gut/gut.gd:605)
         [3] _test_the_scripts (res://addons/gut/gut.gd:818)
WARNING: [CaseManager] Validation: EvidenceData: discovery_method is required for evidence 'ev_camera'
     at: push_warning (core/variant/variant_utility.cpp:1034)
     GDScript backtrace (most recent call first):
         [0] load_case (res://scripts/managers/case_manager.gd:114)
         [1] before_each (res://tests/unit/test_evidence_manager.gd:244)
         [2] _run_test (res://addons/gut/gut.gd:605)
         [3] _test_the_scripts (res://addons/gut/gut.gd:818)
WARNING: [CaseManager] Validation: EvidenceData: discovery_method is required for evidence 'ev_document'
     at: push_warning (core/variant/variant_utility.cpp:1034)
     GDScript backtrace (most recent call first):
         [0] load_case (res://scripts/managers/case_manager.gd:114)
         [1] before_each (res://tests/unit/test_evidence_manager.gd:244)
         [2] _run_test (res://addons/gut/gut.gd:605)
         [3] _test_the_scripts (res://addons/gut/gut.gd:818)
WARNING: [CaseManager] Validation: EvidenceData: discovery_method is required for evidence 'ev_photo'
     at: push_warning (core/variant/variant_utility.cpp:1034)
     GDScript backtrace (most recent call first):
         [0] load_case (res://scripts/managers/case_manager.gd:114)
         [1] before_each (res://tests/unit/test_evidence_manager.gd:244)
         [2] _run_test (res://addons/gut/gut.gd:605)
         [3] _test_the_scripts (res://addons/gut/gut.gd:818)
WARNING: [CaseManager] Validation: EvidenceData: discovery_method is required for evidence 'ev_phone'
     at: push_warning (core/variant/variant_utility.cpp:1034)
     GDScript backtrace (most recent call first):
         [0] load_case (res://scripts/managers/case_manager.gd:114)
         [1] before_each (res://tests/unit/test_evidence_manager.gd:244)
         [2] _run_test (res://addons/gut/gut.gd:605)
         [3] _test_the_scripts (res://addons/gut/gut.gd:818)
WARNING: [CaseManager] Validation: EvidenceData: discovery_method is required for evidence 'ev_knife'
     at: push_warning (core/variant/variant_utility.cpp:1034)
     GDScript backtrace (most recent call first):
         [0] load_case (res://scripts/managers/case_manager.gd:114)
         [1] before_each (res://tests/unit/test_evidence_manager.gd:244)
         [2] _run_test (res://addons/gut/gut.gd:605)
         [3] _test_the_scripts (res://addons/gut/gut.gd:818)
WARNING: [CaseManager] Validation: EvidenceData: discovery_method is required for evidence 'ev_letter'
     at: push_warning (core/variant/variant_utility.cpp:1034)
     GDScript backtrace (most recent call first):
         [0] load_case (res://scripts/managers/case_manager.gd:114)
         [1] before_each (res://tests/unit/test_evidence_manager.gd:244)
         [2] _run_test (res://addons/gut/gut.gd:605)
         [3] _test_the_scripts (res://addons/gut/gut.gd:818)
WARNING: [CaseManager] Validation: EvidenceData: discovery_method is required for evidence 'ev_knife_result'
     at: push_warning (core/variant/variant_utility.cpp:1034)
     GDScript backtrace (most recent call first):
         [0] load_case (res://scripts/managers/case_manager.gd:114)
         [1] before_each (res://tests/unit/test_evidence_manager.gd:244)
         [2] _run_test (res://addons/gut/gut.gd:605)
         [3] _test_the_scripts (res://addons/gut/gut.gd:818)
WARNING: [CaseManager] Validation: CaseData: lab output evidence 'ev_knife_result' must set derived_from to 'ev_knife'
     at: push_warning (core/variant/variant_utility.cpp:1034)
     GDScript backtrace (most recent call first):
         [0] load_case (res://scripts/managers/case_manager.gd:114)
         [1] before_each (res://tests/unit/test_evidence_manager.gd:244)
         [2] _run_test (res://addons/gut/gut.gd:605)
         [3] _test_the_scripts (res://addons/gut/gut.gd:818)
* test_is_superseded_true_when_output_discovered
WARNING: [CaseManager] Validation: EvidenceData: discovery_method is required for evidence 'ev_fingerprint'
     at: push_warning (core/variant/variant_utility.cpp:1034)
     GDScript backtrace (most recent call first):
         [0] load_case (res://scripts/managers/case_manager.gd:114)
         [1] before_each (res://tests/unit/test_evidence_manager.gd:244)
         [2] _run_test (res://addons/gut/gut.gd:605)
         [3] _test_the_scripts (res://addons/gut/gut.gd:818)
WARNING: [CaseManager] Validation: EvidenceData: discovery_method is required for evidence 'ev_camera'
     at: push_warning (core/variant/variant_utility.cpp:1034)
     GDScript backtrace (most recent call first):
         [0] load_case (res://scripts/managers/case_manager.gd:114)
         [1] before_each (res://tests/unit/test_evidence_manager.gd:244)
         [2] _run_test (res://addons/gut/gut.gd:605)
         [3] _test_the_scripts (res://addons/gut/gut.gd:818)
WARNING: [CaseManager] Validation: EvidenceData: discovery_method is required for evidence 'ev_document'
     at: push_warning (core/variant/variant_utility.cpp:1034)
     GDScript backtrace (most recent call first):
         [0] load_case (res://scripts/managers/case_manager.gd:114)
         [1] before_each (res://tests/unit/test_evidence_manager.gd:244)
         [2] _run_test (res://addons/gut/gut.gd:605)
         [3] _test_the_scripts (res://addons/gut/gut.gd:818)
WARNING: [CaseManager] Validation: EvidenceData: discovery_method is required for evidence 'ev_photo'
     at: push_warning (core/variant/variant_utility.cpp:1034)
     GDScript backtrace (most recent call first):
         [0] load_case (res://scripts/managers/case_manager.gd:114)
         [1] before_each (res://tests/unit/test_evidence_manager.gd:244)
         [2] _run_test (res://addons/gut/gut.gd:605)
         [3] _test_the_scripts (res://addons/gut/gut.gd:818)
WARNING: [CaseManager] Validation: EvidenceData: discovery_method is required for evidence 'ev_phone'
     at: push_warning (core/variant/variant_utility.cpp:1034)
     GDScript backtrace (most recent call first):
         [0] load_case (res://scripts/managers/case_manager.gd:114)
         [1] before_each (res://tests/unit/test_evidence_manager.gd:244)
         [2] _run_test (res://addons/gut/gut.gd:605)
         [3] _test_the_scripts (res://addons/gut/gut.gd:818)
WARNING: [CaseManager] Validation: EvidenceData: discovery_method is required for evidence 'ev_knife'
     at: push_warning (core/variant/variant_utility.cpp:1034)
     GDScript backtrace (most recent call first):
         [0] load_case (res://scripts/managers/case_manager.gd:114)
         [1] before_each (res://tests/unit/test_evidence_manager.gd:244)
         [2] _run_test (res://addons/gut/gut.gd:605)
         [3] _test_the_scripts (res://addons/gut/gut.gd:818)
WARNING: [CaseManager] Validation: EvidenceData: discovery_method is required for evidence 'ev_letter'
     at: push_warning (core/variant/variant_utility.cpp:1034)
     GDScript backtrace (most recent call first):
         [0] load_case (res://scripts/managers/case_manager.gd:114)
         [1] before_each (res://tests/unit/test_evidence_manager.gd:244)
         [2] _run_test (res://addons/gut/gut.gd:605)
         [3] _test_the_scripts (res://addons/gut/gut.gd:818)
WARNING: [CaseManager] Validation: EvidenceData: discovery_method is required for evidence 'ev_knife_result'
     at: push_warning (core/variant/variant_utility.cpp:1034)
     GDScript backtrace (most recent call first):
         [0] load_case (res://scripts/managers/case_manager.gd:114)
         [1] before_each (res://tests/unit/test_evidence_manager.gd:244)
         [2] _run_test (res://addons/gut/gut.gd:605)
         [3] _test_the_scripts (res://addons/gut/gut.gd:818)
WARNING: [CaseManager] Validation: CaseData: lab output evidence 'ev_knife_result' must set derived_from to 'ev_knife'
     at: push_warning (core/variant/variant_utility.cpp:1034)
     GDScript backtrace (most recent call first):
         [0] load_case (res://scripts/managers/case_manager.gd:114)
         [1] before_each (res://tests/unit/test_evidence_manager.gd:244)
         [2] _run_test (res://addons/gut/gut.gd:605)
         [3] _test_the_scripts (res://addons/gut/gut.gd:818)
[1m88/88 passed.
[0m[4m

res://tests/unit/test_game_manager.gd
[0m* test_initial_state
* test_discover_evidence_returns_true_for_new
* test_discover_evidence_returns_false_for_duplicate
* test_has_evidence
* test_discover_evidence_emits_signal
* test_discover_insight_returns_true_for_new
* test_discover_insight_returns_false_for_duplicate
* test_visit_location_first_time
* test_visit_location_second_time
* test_use_action_deducts_correctly
* test_use_action_returns_false_when_none_remaining
* test_has_actions_remaining
* test_actions_remaining_signal
* test_mandatory_actions_block_when_incomplete
* test_mandatory_actions_pass_when_complete
* test_complete_mandatory_action_returns_false_for_non_required
* test_complete_mandatory_action_returns_false_for_already_completed
* test_get_remaining_mandatory_actions
* test_phase_display_morning
* test_phase_display_daytime
* test_phase_display_night
* test_is_daytime_returns_true_during_daytime
* test_is_daytime_returns_false_during_morning
* test_is_daytime_returns_false_during_night
* test_record_interrogation_allowed
* test_record_interrogation_blocked_after_limit
* test_can_interrogate_today
* test_interrogation_counts_reset_on_new_day
* test_use_hint_returns_true_when_available
* test_use_hint_returns_false_when_exhausted
* test_get_hints_remaining
* test_log_records_actions
* test_log_entries_have_correct_structure
* test_serialize_produces_valid_dictionary
* test_deserialize_restores_state
* test_new_game_resets_all_state
* test_log_entry_phase_is_enum_not_string
* test_log_entry_exists_for_all_phases
* test_evidence_log_shows_name_not_id
* test_location_log_shows_name_not_id
* test_timeline_day_range_day1
* test_timeline_day_range_day3
* test_timeline_day_range_never_exceeds_current
* test_game_reset_emits_signal
* test_unlock_location_adds_to_unlocked_list
* test_unlock_location_does_not_mark_visited
* test_visit_location_also_unlocks
* test_unlocked_locations_cleared_on_new_game
* test_unlocked_locations_serialized
* test_unlocked_locations_deserialized
[1m50/50 passed.
[0m[4m

res://tests/unit/test_interrogation_manager.gd
[0m* test_start_interrogation_succeeds
WARNING: [CaseManager] Validation: EvidenceData: discovery_method is required for evidence 'ev_parking_camera'
     at: push_warning (core/variant/variant_utility.cpp:1034)
     GDScript backtrace (most recent call first):
         [0] load_case (res://scripts/managers/case_manager.gd:114)
         [1] before_each (res://tests/unit/test_interrogation_manager.gd:605)
         [2] _run_test (res://addons/gut/gut.gd:605)
         [3] _test_the_scripts (res://addons/gut/gut.gd:818)
WARNING: [CaseManager] Validation: EvidenceData: discovery_method is required for evidence 'ev_financial'
     at: push_warning (core/variant/variant_utility.cpp:1034)
     GDScript backtrace (most recent call first):
         [0] load_case (res://scripts/managers/case_manager.gd:114)
         [1] before_each (res://tests/unit/test_interrogation_manager.gd:605)
         [2] _run_test (res://addons/gut/gut.gd:605)
         [3] _test_the_scripts (res://addons/gut/gut.gd:818)
WARNING: [CaseManager] Validation: EvidenceData: discovery_method is required for evidence 'ev_safe'
     at: push_warning (core/variant/variant_utility.cpp:1034)
     GDScript backtrace (most recent call first):
         [0] load_case (res://scripts/managers/case_manager.gd:114)
         [1] before_each (res://tests/unit/test_interrogation_manager.gd:605)
         [2] _run_test (res://addons/gut/gut.gd:605)
         [3] _test_the_scripts (res://addons/gut/gut.gd:818)
WARNING: [CaseManager] Validation: EvidenceData: discovery_method is required for evidence 'ev_hallway_camera'
     at: push_warning (core/variant/variant_utility.cpp:1034)
     GDScript backtrace (most recent call first):
         [0] load_case (res://scripts/managers/case_manager.gd:114)
         [1] before_each (res://tests/unit/test_interrogation_manager.gd:605)
         [2] _run_test (res://addons/gut/gut.gd:605)
         [3] _test_the_scripts (res://addons/gut/gut.gd:818)
WARNING: [CaseManager] Validation: EvidenceData: discovery_method is required for evidence 'ev_shoe_print'
     at: push_warning (core/variant/variant_utility.cpp:1034)
     GDScript backtrace (most recent call first):
         [0] load_case (res://scripts/managers/case_manager.gd:114)
         [1] before_each (res://tests/unit/test_interrogation_manager.gd:605)
         [2] _run_test (res://addons/gut/gut.gd:605)
         [3] _test_the_scripts (res://addons/gut/gut.gd:818)
WARNING: [CaseManager] Validation: EvidenceData: discovery_method is required for evidence 'ev_fingerprint'
     at: push_warning (core/variant/variant_utility.cpp:1034)
     GDScript backtrace (most recent call first):
         [0] load_case (res://scripts/managers/case_manager.gd:114)
         [1] before_each (res://tests/unit/test_interrogation_manager.gd:605)
         [2] _run_test (res://addons/gut/gut.gd:605)
         [3] _test_the_scripts (res://addons/gut/gut.gd:818)
WARNING: [CaseManager] Validation: EvidenceData: discovery_method is required for evidence 'ev_elevator_log'
     at: push_warning (core/variant/variant_utility.cpp:1034)
     GDScript backtrace (most recent call first):
         [0] load_case (res://scripts/managers/case_manager.gd:114)
         [1] before_each (res://tests/unit/test_interrogation_manager.gd:605)
         [2] _run_test (res://addons/gut/gut.gd:605)
         [3] _test_the_scripts (res://addons/gut/gut.gd:818)
WARNING: [CaseManager] Validation: EvidenceData: discovery_method is required for evidence 'ev_journal'
     at: push_warning (core/variant/variant_utility.cpp:1034)
     GDScript backtrace (most recent call first):
         [0] load_case (res://scripts/managers/case_manager.gd:114)
         [1] before_each (res://tests/unit/test_interrogation_manager.gd:605)
         [2] _run_test (res://addons/gut/gut.gd:605)
         [3] _test_the_scripts (res://addons/gut/gut.gd:818)
WARNING: [CaseManager] Validation: EvidenceData: discovery_method is required for evidence 'ev_maintenance'
     at: push_warning (core/variant/variant_utility.cpp:1034)
     GDScript backtrace (most recent call first):
         [0] load_case (res://scripts/managers/case_manager.gd:114)
         [1] before_each (res://tests/unit/test_interrogation_manager.gd:605)
         [2] _run_test (res://addons/gut/gut.gd:605)
         [3] _test_the_scripts (res://addons/gut/gut.gd:818)
WARNING: [CaseManager] Validation: EvidenceData: discovery_method is required for evidence 'ev_key_access'
     at: push_warning (core/variant/variant_utility.cpp:1034)
     GDScript backtrace (most recent call first):
         [0] load_case (res://scripts/managers/case_manager.gd:114)
         [1] before_each (res://tests/unit/test_interrogation_manager.gd:605)
         [2] _run_test (res://addons/gut/gut.gd:605)
         [3] _test_the_scripts (res://addons/gut/gut.gd:818)
WARNING: [CaseManager] Validation: EvidenceData: discovery_method is required for evidence 'ev_unlocked_clue'
     at: push_warning (core/variant/variant_utility.cpp:1034)
     GDScript backtrace (most recent call first):
         [0] load_case (res://scripts/managers/case_manager.gd:114)
         [1] before_each (res://tests/unit/test_interrogation_manager.gd:605)
         [2] _run_test (res://addons/gut/gut.gd:605)
         [3] _test_the_scripts (res://addons/gut/gut.gd:818)
WARNING: [CaseManager] Validation: EvidenceData: discovery_method is required for evidence 'ev_no_trigger'
     at: push_warning (core/variant/variant_utility.cpp:1034)
     GDScript backtrace (most recent call first):
         [0] load_case (res://scripts/managers/case_manager.gd:114)
         [1] before_each (res://tests/unit/test_interrogation_manager.gd:605)
         [2] _run_test (res://addons/gut/gut.gd:605)
         [3] _test_the_scripts (res://addons/gut/gut.gd:818)
* test_start_interrogation_sets_interrogation_phase
WARNING: [CaseManager] Validation: EvidenceData: discovery_method is required for evidence 'ev_parking_camera'
     at: push_warning (core/variant/variant_utility.cpp:1034)
     GDScript backtrace (most recent call first):
         [0] load_case (res://scripts/managers/case_manager.gd:114)
         [1] before_each (res://tests/unit/test_interrogation_manager.gd:605)
         [2] _run_test (res://addons/gut/gut.gd:605)
         [3] _test_the_scripts (res://addons/gut/gut.gd:818)
WARNING: [CaseManager] Validation: EvidenceData: discovery_method is required for evidence 'ev_financial'
     at: push_warning (core/variant/variant_utility.cpp:1034)
     GDScript backtrace (most recent call first):
         [0] load_case (res://scripts/managers/case_manager.gd:114)
         [1] before_each (res://tests/unit/test_interrogation_manager.gd:605)
         [2] _run_test (res://addons/gut/gut.gd:605)
         [3] _test_the_scripts (res://addons/gut/gut.gd:818)
WARNING: [CaseManager] Validation: EvidenceData: discovery_method is required for evidence 'ev_safe'
     at: push_warning (core/variant/variant_utility.cpp:1034)
     GDScript backtrace (most recent call first):
         [0] load_case (res://scripts/managers/case_manager.gd:114)
         [1] before_each (res://tests/unit/test_interrogation_manager.gd:605)
         [2] _run_test (res://addons/gut/gut.gd:605)
         [3] _test_the_scripts (res://addons/gut/gut.gd:818)
WARNING: [CaseManager] Validation: EvidenceData: discovery_method is required for evidence 'ev_hallway_camera'
     at: push_warning (core/variant/variant_utility.cpp:1034)
     GDScript backtrace (most recent call first):
         [0] load_case (res://scripts/managers/case_manager.gd:114)
         [1] before_each (res://tests/unit/test_interrogation_manager.gd:605)
         [2] _run_test (res://addons/gut/gut.gd:605)
         [3] _test_the_scripts (res://addons/gut/gut.gd:818)
WARNING: [CaseManager] Validation: EvidenceData: discovery_method is required for evidence 'ev_shoe_print'
     at: push_warning (core/variant/variant_utility.cpp:1034)
     GDScript backtrace (most recent call first):
         [0] load_case (res://scripts/managers/case_manager.gd:114)
         [1] before_each (res://tests/unit/test_interrogation_manager.gd:605)
         [2] _run_test (res://addons/gut/gut.gd:605)
         [3] _test_the_scripts (res://addons/gut/gut.gd:818)
WARNING: [CaseManager] Validation: EvidenceData: discovery_method is required for evidence 'ev_fingerprint'
     at: push_warning (core/variant/variant_utility.cpp:1034)
     GDScript backtrace (most recent call first):
         [0] load_case (res://scripts/managers/case_manager.gd:114)
         [1] before_each (res://tests/unit/test_interrogation_manager.gd:605)
         [2] _run_test (res://addons/gut/gut.gd:605)
         [3] _test_the_scripts (res://addons/gut/gut.gd:818)
WARNING: [CaseManager] Validation: EvidenceData: discovery_method is required for evidence 'ev_elevator_log'
     at: push_warning (core/variant/variant_utility.cpp:1034)
     GDScript backtrace (most recent call first):
         [0] load_case (res://scripts/managers/case_manager.gd:114)
         [1] before_each (res://tests/unit/test_interrogation_manager.gd:605)
         [2] _run_test (res://addons/gut/gut.gd:605)
         [3] _test_the_scripts (res://addons/gut/gut.gd:818)
WARNING: [CaseManager] Validation: EvidenceData: discovery_method is required for evidence 'ev_journal'
     at: push_warning (core/variant/variant_utility.cpp:1034)
     GDScript backtrace (most recent call first):
         [0] load_case (res://scripts/managers/case_manager.gd:114)
         [1] before_each (res://tests/unit/test_interrogation_manager.gd:605)
         [2] _run_test (res://addons/gut/gut.gd:605)
         [3] _test_the_scripts (res://addons/gut/gut.gd:818)
WARNING: [CaseManager] Validation: EvidenceData: discovery_method is required for evidence 'ev_maintenance'
     at: push_warning (core/variant/variant_utility.cpp:1034)
     GDScript backtrace (most recent call first):
         [0] load_case (res://scripts/managers/case_manager.gd:114)
         [1] before_each (res://tests/unit/test_interrogation_manager.gd:605)
         [2] _run_test (res://addons/gut/gut.gd:605)
         [3] _test_the_scripts (res://addons/gut/gut.gd:818)
WARNING: [CaseManager] Validation: EvidenceData: discovery_method is required for evidence 'ev_key_access'
     at: push_warning (core/variant/variant_utility.cpp:1034)
     GDScript backtrace (most recent call first):
         [0] load_case (res://scripts/managers/case_manager.gd:114)
         [1] before_each (res://tests/unit/test_interrogation_manager.gd:605)
         [2] _run_test (res://addons/gut/gut.gd:605)
         [3] _test_the_scripts (res://addons/gut/gut.gd:818)
WARNING: [CaseManager] Validation: EvidenceData: discovery_method is required for evidence 'ev_unlocked_clue'
     at: push_warning (core/variant/variant_utility.cpp:1034)
     GDScript backtrace (most recent call first):
         [0] load_case (res://scripts/managers/case_manager.gd:114)
         [1] before_each (res://tests/unit/test_interrogation_manager.gd:605)
         [2] _run_test (res://addons/gut/gut.gd:605)
         [3] _test_the_scripts (res://addons/gut/gut.gd:818)
WARNING: [CaseManager] Validation: EvidenceData: discovery_method is required for evidence 'ev_no_trigger'
     at: push_warning (core/variant/variant_utility.cpp:1034)
     GDScript backtrace (most recent call first):
         [0] load_case (res://scripts/managers/case_manager.gd:114)
         [1] before_each (res://tests/unit/test_interrogation_manager.gd:605)
         [2] _run_test (res://addons/gut/gut.gd:605)
         [3] _test_the_scripts (res://addons/gut/gut.gd:818)
* test_start_interrogation_emits_signals
WARNING: [CaseManager] Validation: EvidenceData: discovery_method is required for evidence 'ev_parking_camera'
     at: push_warning (core/variant/variant_utility.cpp:1034)
     GDScript backtrace (most recent call first):
         [0] load_case (res://scripts/managers/case_manager.gd:114)
         [1] before_each (res://tests/unit/test_interrogation_manager.gd:605)
         [2] _run_test (res://addons/gut/gut.gd:605)
         [3] _test_the_scripts (res://addons/gut/gut.gd:818)
WARNING: [CaseManager] Validation: EvidenceData: discovery_method is required for evidence 'ev_financial'
     at: push_warning (core/variant/variant_utility.cpp:1034)
     GDScript backtrace (most recent call first):
         [0] load_case (res://scripts/managers/case_manager.gd:114)
         [1] before_each (res://tests/unit/test_interrogation_manager.gd:605)
         [2] _run_test (res://addons/gut/gut.gd:605)
         [3] _test_the_scripts (res://addons/gut/gut.gd:818)
WARNING: [CaseManager] Validation: EvidenceData: discovery_method is required for evidence 'ev_safe'
     at: push_warning (core/variant/variant_utility.cpp:1034)
     GDScript backtrace (most recent call first):
         [0] load_case (res://scripts/managers/case_manager.gd:114)
         [1] before_each (res://tests/unit/test_interrogation_manager.gd:605)
         [2] _run_test (res://addons/gut/gut.gd:605)
         [3] _test_the_scripts (res://addons/gut/gut.gd:818)
WARNING: [CaseManager] Validation: EvidenceData: discovery_method is required for evidence 'ev_hallway_camera'
     at: push_warning (core/variant/variant_utility.cpp:1034)
     GDScript backtrace (most recent call first):
         [0] load_case (res://scripts/managers/case_manager.gd:114)
         [1] before_each (res://tests/unit/test_interrogation_manager.gd:605)
         [2] _run_test (res://addons/gut/gut.gd:605)
         [3] _test_the_scripts (res://addons/gut/gut.gd:818)
WARNING: [CaseManager] Validation: EvidenceData: discovery_method is required for evidence 'ev_shoe_print'
     at: push_warning (core/variant/variant_utility.cpp:1034)
     GDScript backtrace (most recent call first):
         [0] load_case (res://scripts/managers/case_manager.gd:114)
         [1] before_each (res://tests/unit/test_interrogation_manager.gd:605)
         [2] _run_test (res://addons/gut/gut.gd:605)
         [3] _test_the_scripts (res://addons/gut/gut.gd:818)
WARNING: [CaseManager] Validation: EvidenceData: discovery_method is required for evidence 'ev_fingerprint'
     at: push_warning (core/variant/variant_utility.cpp:1034)
     GDScript backtrace (most recent call first):
         [0] load_case (res://scripts/managers/case_manager.gd:114)
         [1] before_each (res://tests/unit/test_interrogation_manager.gd:605)
         [2] _run_test (res://addons/gut/gut.gd:605)
         [3] _test_the_scripts (res://addons/gut/gut.gd:818)
WARNING: [CaseManager] Validation: EvidenceData: discovery_method is required for evidence 'ev_elevator_log'
     at: push_warning (core/variant/variant_utility.cpp:1034)
     GDScript backtrace (most recent call first):
         [0] load_case (res://scripts/managers/case_manager.gd:114)
         [1] before_each (res://tests/unit/test_interrogation_manager.gd:605)
         [2] _run_test (res://addons/gut/gut.gd:605)
         [3] _test_the_scripts (res://addons/gut/gut.gd:818)
WARNING: [CaseManager] Validation: EvidenceData: discovery_method is required for evidence 'ev_journal'
     at: push_warning (core/variant/variant_utility.cpp:1034)
     GDScript backtrace (most recent call first):
         [0] load_case (res://scripts/managers/case_manager.gd:114)
         [1] before_each (res://tests/unit/test_interrogation_manager.gd:605)
         [2] _run_test (res://addons/gut/gut.gd:605)
         [3] _test_the_scripts (res://addons/gut/gut.gd:818)
WARNING: [CaseManager] Validation: EvidenceData: discovery_method is required for evidence 'ev_maintenance'
     at: push_warning (core/variant/variant_utility.cpp:1034)
     GDScript backtrace (most recent call first):
         [0] load_case (res://scripts/managers/case_manager.gd:114)
         [1] before_each (res://tests/unit/test_interrogation_manager.gd:605)
         [2] _run_test (res://addons/gut/gut.gd:605)
         [3] _test_the_scripts (res://addons/gut/gut.gd:818)
WARNING: [CaseManager] Validation: EvidenceData: discovery_method is required for evidence 'ev_key_access'
     at: push_warning (core/variant/variant_utility.cpp:1034)
     GDScript backtrace (most recent call first):
         [0] load_case (res://scripts/managers/case_manager.gd:114)
         [1] before_each (res://tests/unit/test_interrogation_manager.gd:605)
         [2] _run_test (res://addons/gut/gut.gd:605)
         [3] _test_the_scripts (res://addons/gut/gut.gd:818)
WARNING: [CaseManager] Validation: EvidenceData: discovery_method is required for evidence 'ev_unlocked_clue'
     at: push_warning (core/variant/variant_utility.cpp:1034)
     GDScript backtrace (most recent call first):
         [0] load_case (res://scripts/managers/case_manager.gd:114)
         [1] before_each (res://tests/unit/test_interrogation_manager.gd:605)
         [2] _run_test (res://addons/gut/gut.gd:605)
         [3] _test_the_scripts (res://addons/gut/gut.gd:818)
WARNING: [CaseManager] Validation: EvidenceData: discovery_method is required for evidence 'ev_no_trigger'
     at: push_warning (core/variant/variant_utility.cpp:1034)
     GDScript backtrace (most recent call first):
         [0] load_case (res://scripts/managers/case_manager.gd:114)
         [1] before_each (res://tests/unit/test_interrogation_manager.gd:605)
         [2] _run_test (res://addons/gut/gut.gd:605)
         [3] _test_the_scripts (res://addons/gut/gut.gd:818)
* test_start_interrogation_records_initial_statements
WARNING: [CaseManager] Validation: EvidenceData: discovery_method is required for evidence 'ev_parking_camera'
     at: push_warning (core/variant/variant_utility.cpp:1034)
     GDScript backtrace (most recent call first):
         [0] load_case (res://scripts/managers/case_manager.gd:114)
         [1] before_each (res://tests/unit/test_interrogation_manager.gd:605)
         [2] _run_test (res://addons/gut/gut.gd:605)
         [3] _test_the_scripts (res://addons/gut/gut.gd:818)
WARNING: [CaseManager] Validation: EvidenceData: discovery_method is required for evidence 'ev_financial'
     at: push_warning (core/variant/variant_utility.cpp:1034)
     GDScript backtrace (most recent call first):
         [0] load_case (res://scripts/managers/case_manager.gd:114)
         [1] before_each (res://tests/unit/test_interrogation_manager.gd:605)
         [2] _run_test (res://addons/gut/gut.gd:605)
         [3] _test_the_scripts (res://addons/gut/gut.gd:818)
WARNING: [CaseManager] Validation: EvidenceData: discovery_method is required for evidence 'ev_safe'
     at: push_warning (core/variant/variant_utility.cpp:1034)
     GDScript backtrace (most recent call first):
         [0] load_case (res://scripts/managers/case_manager.gd:114)
         [1] before_each (res://tests/unit/test_interrogation_manager.gd:605)
         [2] _run_test (res://addons/gut/gut.gd:605)
         [3] _test_the_scripts (res://addons/gut/gut.gd:818)
WARNING: [CaseManager] Validation: EvidenceData: discovery_method is required for evidence 'ev_hallway_camera'
     at: push_warning (core/variant/variant_utility.cpp:1034)
     GDScript backtrace (most recent call first):
         [0] load_case (res://scripts/managers/case_manager.gd:114)
         [1] before_each (res://tests/unit/test_interrogation_manager.gd:605)
         [2] _run_test (res://addons/gut/gut.gd:605)
         [3] _test_the_scripts (res://addons/gut/gut.gd:818)
WARNING: [CaseManager] Validation: EvidenceData: discovery_method is required for evidence 'ev_shoe_print'
     at: push_warning (core/variant/variant_utility.cpp:1034)
     GDScript backtrace (most recent call first):
         [0] load_case (res://scripts/managers/case_manager.gd:114)
         [1] before_each (res://tests/unit/test_interrogation_manager.gd:605)
         [2] _run_test (res://addons/gut/gut.gd:605)
         [3] _test_the_scripts (res://addons/gut/gut.gd:818)
WARNING: [CaseManager] Validation: EvidenceData: discovery_method is required for evidence 'ev_fingerprint'
     at: push_warning (core/variant/variant_utility.cpp:1034)
     GDScript backtrace (most recent call first):
         [0] load_case (res://scripts/managers/case_manager.gd:114)
         [1] before_each (res://tests/unit/test_interrogation_manager.gd:605)
         [2] _run_test (res://addons/gut/gut.gd:605)
         [3] _test_the_scripts (res://addons/gut/gut.gd:818)
WARNING: [CaseManager] Validation: EvidenceData: discovery_method is required for evidence 'ev_elevator_log'
     at: push_warning (core/variant/variant_utility.cpp:1034)
     GDScript backtrace (most recent call first):
         [0] load_case (res://scripts/managers/case_manager.gd:114)
         [1] before_each (res://tests/unit/test_interrogation_manager.gd:605)
         [2] _run_test (res://addons/gut/gut.gd:605)
         [3] _test_the_scripts (res://addons/gut/gut.gd:818)
WARNING: [CaseManager] Validation: EvidenceData: discovery_method is required for evidence 'ev_journal'
     at: push_warning (core/variant/variant_utility.cpp:1034)
     GDScript backtrace (most recent call first):
         [0] load_case (res://scripts/managers/case_manager.gd:114)
         [1] before_each (res://tests/unit/test_interrogation_manager.gd:605)
         [2] _run_test (res://addons/gut/gut.gd:605)
         [3] _test_the_scripts (res://addons/gut/gut.gd:818)
WARNING: [CaseManager] Validation: EvidenceData: discovery_method is required for evidence 'ev_maintenance'
     at: push_warning (core/variant/variant_utility.cpp:1034)
     GDScript backtrace (most recent call first):
         [0] load_case (res://scripts/managers/case_manager.gd:114)
         [1] before_each (res://tests/unit/test_interrogation_manager.gd:605)
         [2] _run_test (res://addons/gut/gut.gd:605)
         [3] _test_the_scripts (res://addons/gut/gut.gd:818)
WARNING: [CaseManager] Validation: EvidenceData: discovery_method is required for evidence 'ev_key_access'
     at: push_warning (core/variant/variant_utility.cpp:1034)
     GDScript backtrace (most recent call first):
         [0] load_case (res://scripts/managers/case_manager.gd:114)
         [1] before_each (res://tests/unit/test_interrogation_manager.gd:605)
         [2] _run_test (res://addons/gut/gut.gd:605)
         [3] _test_the_scripts (res://addons/gut/gut.gd:818)
WARNING: [CaseManager] Validation: EvidenceData: discovery_method is required for evidence 'ev_unlocked_clue'
     at: push_warning (core/variant/variant_utility.cpp:1034)
     GDScript backtrace (most recent call first):
         [0] load_case (res://scripts/managers/case_manager.gd:114)
         [1] before_each (res://tests/unit/test_interrogation_manager.gd:605)
         [2] _run_test (res://addons/gut/gut.gd:605)
         [3] _test_the_scripts (res://addons/gut/gut.gd:818)
WARNING: [CaseManager] Validation: EvidenceData: discovery_method is required for evidence 'ev_no_trigger'
     at: push_warning (core/variant/variant_utility.cpp:1034)
     GDScript backtrace (most recent call first):
         [0] load_case (res://scripts/managers/case_manager.gd:114)
         [1] before_each (res://tests/unit/test_interrogation_manager.gd:605)
         [2] _run_test (res://addons/gut/gut.gd:605)
         [3] _test_the_scripts (res://addons/gut/gut.gd:818)
* test_start_interrogation_fails_when_already_active
WARNING: [CaseManager] Validation: EvidenceData: discovery_method is required for evidence 'ev_parking_camera'
     at: push_warning (core/variant/variant_utility.cpp:1034)
     GDScript backtrace (most recent call first):
         [0] load_case (res://scripts/managers/case_manager.gd:114)
         [1] before_each (res://tests/unit/test_interrogation_manager.gd:605)
         [2] _run_test (res://addons/gut/gut.gd:605)
         [3] _test_the_scripts (res://addons/gut/gut.gd:818)
WARNING: [CaseManager] Validation: EvidenceData: discovery_method is required for evidence 'ev_financial'
     at: push_warning (core/variant/variant_utility.cpp:1034)
     GDScript backtrace (most recent call first):
         [0] load_case (res://scripts/managers/case_manager.gd:114)
         [1] before_each (res://tests/unit/test_interrogation_manager.gd:605)
         [2] _run_test (res://addons/gut/gut.gd:605)
         [3] _test_the_scripts (res://addons/gut/gut.gd:818)
WARNING: [CaseManager] Validation: EvidenceData: discovery_method is required for evidence 'ev_safe'
     at: push_warning (core/variant/variant_utility.cpp:1034)
     GDScript backtrace (most recent call first):
         [0] load_case (res://scripts/managers/case_manager.gd:114)
         [1] before_each (res://tests/unit/test_interrogation_manager.gd:605)
         [2] _run_test (res://addons/gut/gut.gd:605)
         [3] _test_the_scripts (res://addons/gut/gut.gd:818)
WARNING: [CaseManager] Validation: EvidenceData: discovery_method is required for evidence 'ev_hallway_camera'
     at: push_warning (core/variant/variant_utility.cpp:1034)
     GDScript backtrace (most recent call first):
         [0] load_case (res://scripts/managers/case_manager.gd:114)
         [1] before_each (res://tests/unit/test_interrogation_manager.gd:605)
         [2] _run_test (res://addons/gut/gut.gd:605)
         [3] _test_the_scripts (res://addons/gut/gut.gd:818)
WARNING: [CaseManager] Validation: EvidenceData: discovery_method is required for evidence 'ev_shoe_print'
     at: push_warning (core/variant/variant_utility.cpp:1034)
     GDScript backtrace (most recent call first):
         [0] load_case (res://scripts/managers/case_manager.gd:114)
         [1] before_each (res://tests/unit/test_interrogation_manager.gd:605)
         [2] _run_test (res://addons/gut/gut.gd:605)
         [3] _test_the_scripts (res://addons/gut/gut.gd:818)
WARNING: [CaseManager] Validation: EvidenceData: discovery_method is required for evidence 'ev_fingerprint'
     at: push_warning (core/variant/variant_utility.cpp:1034)
     GDScript backtrace (most recent call first):
         [0] load_case (res://scripts/managers/case_manager.gd:114)
         [1] before_each (res://tests/unit/test_interrogation_manager.gd:605)
         [2] _run_test (res://addons/gut/gut.gd:605)
         [3] _test_the_scripts (res://addons/gut/gut.gd:818)
WARNING: [CaseManager] Validation: EvidenceData: discovery_method is required for evidence 'ev_elevator_log'
     at: push_warning (core/variant/variant_utility.cpp:1034)
     GDScript backtrace (most recent call first):
         [0] load_case (res://scripts/managers/case_manager.gd:114)
         [1] before_each (res://tests/unit/test_interrogation_manager.gd:605)
         [2] _run_test (res://addons/gut/gut.gd:605)
         [3] _test_the_scripts (res://addons/gut/gut.gd:818)
WARNING: [CaseManager] Validation: EvidenceData: discovery_method is required for evidence 'ev_journal'
     at: push_warning (core/variant/variant_utility.cpp:1034)
     GDScript backtrace (most recent call first):
         [0] load_case (res://scripts/managers/case_manager.gd:114)
         [1] before_each (res://tests/unit/test_interrogation_manager.gd:605)
         [2] _run_test (res://addons/gut/gut.gd:605)
         [3] _test_the_scripts (res://addons/gut/gut.gd:818)
WARNING: [CaseManager] Validation: EvidenceData: discovery_method is required for evidence 'ev_maintenance'
     at: push_warning (core/variant/variant_utility.cpp:1034)
     GDScript backtrace (most recent call first):
         [0] load_case (res://scripts/managers/case_manager.gd:114)
         [1] before_each (res://tests/unit/test_interrogation_manager.gd:605)
         [2] _run_test (res://addons/gut/gut.gd:605)
         [3] _test_the_scripts (res://addons/gut/gut.gd:818)
WARNING: [CaseManager] Validation: EvidenceData: discovery_method is required for evidence 'ev_key_access'
     at: push_warning (core/variant/variant_utility.cpp:1034)
     GDScript backtrace (most recent call first):
         [0] load_case (res://scripts/managers/case_manager.gd:114)
         [1] before_each (res://tests/unit/test_interrogation_manager.gd:605)
         [2] _run_test (res://addons/gut/gut.gd:605)
         [3] _test_the_scripts (res://addons/gut/gut.gd:818)
WARNING: [CaseManager] Validation: EvidenceData: discovery_method is required for evidence 'ev_unlocked_clue'
     at: push_warning (core/variant/variant_utility.cpp:1034)
     GDScript backtrace (most recent call first):
         [0] load_case (res://scripts/managers/case_manager.gd:114)
         [1] before_each (res://tests/unit/test_interrogation_manager.gd:605)
         [2] _run_test (res://addons/gut/gut.gd:605)
         [3] _test_the_scripts (res://addons/gut/gut.gd:818)
WARNING: [CaseManager] Validation: EvidenceData: discovery_method is required for evidence 'ev_no_trigger'
     at: push_warning (core/variant/variant_utility.cpp:1034)
     GDScript backtrace (most recent call first):
         [0] load_case (res://scripts/managers/case_manager.gd:114)
         [1] before_each (res://tests/unit/test_interrogation_manager.gd:605)
         [2] _run_test (res://addons/gut/gut.gd:605)
         [3] _test_the_scripts (res://addons/gut/gut.gd:818)
WARNING: [InterrogationManager] Cannot start: already interrogating p_mark
     at: push_warning (core/variant/variant_utility.cpp:1034)
     GDScript backtrace (most recent call first):
         [0] start_interrogation (res://scripts/managers/interrogation_manager.gd:69)
         [1] test_start_interrogation_fails_when_already_active (res://tests/unit/test_interrogation_manager.gd:675)
         [2] _run_test (res://addons/gut/gut.gd:615)
         [3] _test_the_scripts (res://addons/gut/gut.gd:818)
[34m[ExpectedError][0mExpected push_warning error containing '[InterrogationManager] Cannot start: already interrogating p_mark'.  
* test_start_interrogation_fails_for_invalid_person
WARNING: [CaseManager] Validation: EvidenceData: discovery_method is required for evidence 'ev_parking_camera'
     at: push_warning (core/variant/variant_utility.cpp:1034)
     GDScript backtrace (most recent call first):
         [0] load_case (res://scripts/managers/case_manager.gd:114)
         [1] before_each (res://tests/unit/test_interrogation_manager.gd:605)
         [2] _run_test (res://addons/gut/gut.gd:605)
         [3] _test_the_scripts (res://addons/gut/gut.gd:818)
WARNING: [CaseManager] Validation: EvidenceData: discovery_method is required for evidence 'ev_financial'
     at: push_warning (core/variant/variant_utility.cpp:1034)
     GDScript backtrace (most recent call first):
         [0] load_case (res://scripts/managers/case_manager.gd:114)
         [1] before_each (res://tests/unit/test_interrogation_manager.gd:605)
         [2] _run_test (res://addons/gut/gut.gd:605)
         [3] _test_the_scripts (res://addons/gut/gut.gd:818)
WARNING: [CaseManager] Validation: EvidenceData: discovery_method is required for evidence 'ev_safe'
     at: push_warning (core/variant/variant_utility.cpp:1034)
     GDScript backtrace (most recent call first):
         [0] load_case (res://scripts/managers/case_manager.gd:114)
         [1] before_each (res://tests/unit/test_interrogation_manager.gd:605)
         [2] _run_test (res://addons/gut/gut.gd:605)
         [3] _test_the_scripts (res://addons/gut/gut.gd:818)
WARNING: [CaseManager] Validation: EvidenceData: discovery_method is required for evidence 'ev_hallway_camera'
     at: push_warning (core/variant/variant_utility.cpp:1034)
     GDScript backtrace (most recent call first):
         [0] load_case (res://scripts/managers/case_manager.gd:114)
         [1] before_each (res://tests/unit/test_interrogation_manager.gd:605)
         [2] _run_test (res://addons/gut/gut.gd:605)
         [3] _test_the_scripts (res://addons/gut/gut.gd:818)
WARNING: [CaseManager] Validation: EvidenceData: discovery_method is required for evidence 'ev_shoe_print'
     at: push_warning (core/variant/variant_utility.cpp:1034)
     GDScript backtrace (most recent call first):
         [0] load_case (res://scripts/managers/case_manager.gd:114)
         [1] before_each (res://tests/unit/test_interrogation_manager.gd:605)
         [2] _run_test (res://addons/gut/gut.gd:605)
         [3] _test_the_scripts (res://addons/gut/gut.gd:818)
WARNING: [CaseManager] Validation: EvidenceData: discovery_method is required for evidence 'ev_fingerprint'
     at: push_warning (core/variant/variant_utility.cpp:1034)
     GDScript backtrace (most recent call first):
         [0] load_case (res://scripts/managers/case_manager.gd:114)
         [1] before_each (res://tests/unit/test_interrogation_manager.gd:605)
         [2] _run_test (res://addons/gut/gut.gd:605)
         [3] _test_the_scripts (res://addons/gut/gut.gd:818)
WARNING: [CaseManager] Validation: EvidenceData: discovery_method is required for evidence 'ev_elevator_log'
     at: push_warning (core/variant/variant_utility.cpp:1034)
     GDScript backtrace (most recent call first):
         [0] load_case (res://scripts/managers/case_manager.gd:114)
         [1] before_each (res://tests/unit/test_interrogation_manager.gd:605)
         [2] _run_test (res://addons/gut/gut.gd:605)
         [3] _test_the_scripts (res://addons/gut/gut.gd:818)
WARNING: [CaseManager] Validation: EvidenceData: discovery_method is required for evidence 'ev_journal'
     at: push_warning (core/variant/variant_utility.cpp:1034)
     GDScript backtrace (most recent call first):
         [0] load_case (res://scripts/managers/case_manager.gd:114)
         [1] before_each (res://tests/unit/test_interrogation_manager.gd:605)
         [2] _run_test (res://addons/gut/gut.gd:605)
         [3] _test_the_scripts (res://addons/gut/gut.gd:818)
WARNING: [CaseManager] Validation: EvidenceData: discovery_method is required for evidence 'ev_maintenance'
     at: push_warning (core/variant/variant_utility.cpp:1034)
     GDScript backtrace (most recent call first):
         [0] load_case (res://scripts/managers/case_manager.gd:114)
         [1] before_each (res://tests/unit/test_interrogation_manager.gd:605)
         [2] _run_test (res://addons/gut/gut.gd:605)
         [3] _test_the_scripts (res://addons/gut/gut.gd:818)
WARNING: [CaseManager] Validation: EvidenceData: discovery_method is required for evidence 'ev_key_access'
     at: push_warning (core/variant/variant_utility.cpp:1034)
     GDScript backtrace (most recent call first):
         [0] load_case (res://scripts/managers/case_manager.gd:114)
         [1] before_each (res://tests/unit/test_interrogation_manager.gd:605)
         [2] _run_test (res://addons/gut/gut.gd:605)
         [3] _test_the_scripts (res://addons/gut/gut.gd:818)
WARNING: [CaseManager] Validation: EvidenceData: discovery_method is required for evidence 'ev_unlocked_clue'
     at: push_warning (core/variant/variant_utility.cpp:1034)
     GDScript backtrace (most recent call first):
         [0] load_case (res://scripts/managers/case_manager.gd:114)
         [1] before_each (res://tests/unit/test_interrogation_manager.gd:605)
         [2] _run_test (res://addons/gut/gut.gd:605)
         [3] _test_the_scripts (res://addons/gut/gut.gd:818)
WARNING: [CaseManager] Validation: EvidenceData: discovery_method is required for evidence 'ev_no_trigger'
     at: push_warning (core/variant/variant_utility.cpp:1034)
     GDScript backtrace (most recent call first):
         [0] load_case (res://scripts/managers/case_manager.gd:114)
         [1] before_each (res://tests/unit/test_interrogation_manager.gd:605)
         [2] _run_test (res://addons/gut/gut.gd:605)
         [3] _test_the_scripts (res://addons/gut/gut.gd:818)
ERROR: [InterrogationManager] Person not found: nonexistent
   at: push_error (core/variant/variant_utility.cpp:1024)
   GDScript backtrace (most recent call first):
       [0] start_interrogation (res://scripts/managers/interrogation_manager.gd:78)
       [1] test_start_interrogation_fails_for_invalid_person (res://tests/unit/test_interrogation_manager.gd:682)
       [2] _run_test (res://addons/gut/gut.gd:615)
       [3] _test_the_scripts (res://addons/gut/gut.gd:818)
[34m[ExpectedError][0mExpected push_error error containing '[InterrogationManager] Person not found: nonexistent'.  
* test_end_interrogation
WARNING: [CaseManager] Validation: EvidenceData: discovery_method is required for evidence 'ev_parking_camera'
     at: push_warning (core/variant/variant_utility.cpp:1034)
     GDScript backtrace (most recent call first):
         [0] load_case (res://scripts/managers/case_manager.gd:114)
         [1] before_each (res://tests/unit/test_interrogation_manager.gd:605)
         [2] _run_test (res://addons/gut/gut.gd:605)
         [3] _test_the_scripts (res://addons/gut/gut.gd:818)
WARNING: [CaseManager] Validation: EvidenceData: discovery_method is required for evidence 'ev_financial'
     at: push_warning (core/variant/variant_utility.cpp:1034)
     GDScript backtrace (most recent call first):
         [0] load_case (res://scripts/managers/case_manager.gd:114)
         [1] before_each (res://tests/unit/test_interrogation_manager.gd:605)
         [2] _run_test (res://addons/gut/gut.gd:605)
         [3] _test_the_scripts (res://addons/gut/gut.gd:818)
WARNING: [CaseManager] Validation: EvidenceData: discovery_method is required for evidence 'ev_safe'
     at: push_warning (core/variant/variant_utility.cpp:1034)
     GDScript backtrace (most recent call first):
         [0] load_case (res://scripts/managers/case_manager.gd:114)
         [1] before_each (res://tests/unit/test_interrogation_manager.gd:605)
         [2] _run_test (res://addons/gut/gut.gd:605)
         [3] _test_the_scripts (res://addons/gut/gut.gd:818)
WARNING: [CaseManager] Validation: EvidenceData: discovery_method is required for evidence 'ev_hallway_camera'
     at: push_warning (core/variant/variant_utility.cpp:1034)
     GDScript backtrace (most recent call first):
         [0] load_case (res://scripts/managers/case_manager.gd:114)
         [1] before_each (res://tests/unit/test_interrogation_manager.gd:605)
         [2] _run_test (res://addons/gut/gut.gd:605)
         [3] _test_the_scripts (res://addons/gut/gut.gd:818)
WARNING: [CaseManager] Validation: EvidenceData: discovery_method is required for evidence 'ev_shoe_print'
     at: push_warning (core/variant/variant_utility.cpp:1034)
     GDScript backtrace (most recent call first):
         [0] load_case (res://scripts/managers/case_manager.gd:114)
         [1] before_each (res://tests/unit/test_interrogation_manager.gd:605)
         [2] _run_test (res://addons/gut/gut.gd:605)
         [3] _test_the_scripts (res://addons/gut/gut.gd:818)
WARNING: [CaseManager] Validation: EvidenceData: discovery_method is required for evidence 'ev_fingerprint'
     at: push_warning (core/variant/variant_utility.cpp:1034)
     GDScript backtrace (most recent call first):
         [0] load_case (res://scripts/managers/case_manager.gd:114)
         [1] before_each (res://tests/unit/test_interrogation_manager.gd:605)
         [2] _run_test (res://addons/gut/gut.gd:605)
         [3] _test_the_scripts (res://addons/gut/gut.gd:818)
WARNING: [CaseManager] Validation: EvidenceData: discovery_method is required for evidence 'ev_elevator_log'
     at: push_warning (core/variant/variant_utility.cpp:1034)
     GDScript backtrace (most recent call first):
         [0] load_case (res://scripts/managers/case_manager.gd:114)
         [1] before_each (res://tests/unit/test_interrogation_manager.gd:605)
         [2] _run_test (res://addons/gut/gut.gd:605)
         [3] _test_the_scripts (res://addons/gut/gut.gd:818)
WARNING: [CaseManager] Validation: EvidenceData: discovery_method is required for evidence 'ev_journal'
     at: push_warning (core/variant/variant_utility.cpp:1034)
     GDScript backtrace (most recent call first):
         [0] load_case (res://scripts/managers/case_manager.gd:114)
         [1] before_each (res://tests/unit/test_interrogation_manager.gd:605)
         [2] _run_test (res://addons/gut/gut.gd:605)
         [3] _test_the_scripts (res://addons/gut/gut.gd:818)
WARNING: [CaseManager] Validation: EvidenceData: discovery_method is required for evidence 'ev_maintenance'
     at: push_warning (core/variant/variant_utility.cpp:1034)
     GDScript backtrace (most recent call first):
         [0] load_case (res://scripts/managers/case_manager.gd:114)
         [1] before_each (res://tests/unit/test_interrogation_manager.gd:605)
         [2] _run_test (res://addons/gut/gut.gd:605)
         [3] _test_the_scripts (res://addons/gut/gut.gd:818)
WARNING: [CaseManager] Validation: EvidenceData: discovery_method is required for evidence 'ev_key_access'
     at: push_warning (core/variant/variant_utility.cpp:1034)
     GDScript backtrace (most recent call first):
         [0] load_case (res://scripts/managers/case_manager.gd:114)
         [1] before_each (res://tests/unit/test_interrogation_manager.gd:605)
         [2] _run_test (res://addons/gut/gut.gd:605)
         [3] _test_the_scripts (res://addons/gut/gut.gd:818)
WARNING: [CaseManager] Validation: EvidenceData: discovery_method is required for evidence 'ev_unlocked_clue'
     at: push_warning (core/variant/variant_utility.cpp:1034)
     GDScript backtrace (most recent call first):
         [0] load_case (res://scripts/managers/case_manager.gd:114)
         [1] before_each (res://tests/unit/test_interrogation_manager.gd:605)
         [2] _run_test (res://addons/gut/gut.gd:605)
         [3] _test_the_scripts (res://addons/gut/gut.gd:818)
WARNING: [CaseManager] Validation: EvidenceData: discovery_method is required for evidence 'ev_no_trigger'
     at: push_warning (core/variant/variant_utility.cpp:1034)
     GDScript backtrace (most recent call first):
         [0] load_case (res://scripts/managers/case_manager.gd:114)
         [1] before_each (res://tests/unit/test_interrogation_manager.gd:605)
         [2] _run_test (res://addons/gut/gut.gd:605)
         [3] _test_the_scripts (res://addons/gut/gut.gd:818)
* test_end_interrogation_emits_signals
WARNING: [CaseManager] Validation: EvidenceData: discovery_method is required for evidence 'ev_parking_camera'
     at: push_warning (core/variant/variant_utility.cpp:1034)
     GDScript backtrace (most recent call first):
         [0] load_case (res://scripts/managers/case_manager.gd:114)
         [1] before_each (res://tests/unit/test_interrogation_manager.gd:605)
         [2] _run_test (res://addons/gut/gut.gd:605)
         [3] _test_the_scripts (res://addons/gut/gut.gd:818)
WARNING: [CaseManager] Validation: EvidenceData: discovery_method is required for evidence 'ev_financial'
     at: push_warning (core/variant/variant_utility.cpp:1034)
     GDScript backtrace (most recent call first):
         [0] load_case (res://scripts/managers/case_manager.gd:114)
         [1] before_each (res://tests/unit/test_interrogation_manager.gd:605)
         [2] _run_test (res://addons/gut/gut.gd:605)
         [3] _test_the_scripts (res://addons/gut/gut.gd:818)
WARNING: [CaseManager] Validation: EvidenceData: discovery_method is required for evidence 'ev_safe'
     at: push_warning (core/variant/variant_utility.cpp:1034)
     GDScript backtrace (most recent call first):
         [0] load_case (res://scripts/managers/case_manager.gd:114)
         [1] before_each (res://tests/unit/test_interrogation_manager.gd:605)
         [2] _run_test (res://addons/gut/gut.gd:605)
         [3] _test_the_scripts (res://addons/gut/gut.gd:818)
WARNING: [CaseManager] Validation: EvidenceData: discovery_method is required for evidence 'ev_hallway_camera'
     at: push_warning (core/variant/variant_utility.cpp:1034)
     GDScript backtrace (most recent call first):
         [0] load_case (res://scripts/managers/case_manager.gd:114)
         [1] before_each (res://tests/unit/test_interrogation_manager.gd:605)
         [2] _run_test (res://addons/gut/gut.gd:605)
         [3] _test_the_scripts (res://addons/gut/gut.gd:818)
WARNING: [CaseManager] Validation: EvidenceData: discovery_method is required for evidence 'ev_shoe_print'
     at: push_warning (core/variant/variant_utility.cpp:1034)
     GDScript backtrace (most recent call first):
         [0] load_case (res://scripts/managers/case_manager.gd:114)
         [1] before_each (res://tests/unit/test_interrogation_manager.gd:605)
         [2] _run_test (res://addons/gut/gut.gd:605)
         [3] _test_the_scripts (res://addons/gut/gut.gd:818)
WARNING: [CaseManager] Validation: EvidenceData: discovery_method is required for evidence 'ev_fingerprint'
     at: push_warning (core/variant/variant_utility.cpp:1034)
     GDScript backtrace (most recent call first):
         [0] load_case (res://scripts/managers/case_manager.gd:114)
         [1] before_each (res://tests/unit/test_interrogation_manager.gd:605)
         [2] _run_test (res://addons/gut/gut.gd:605)
         [3] _test_the_scripts (res://addons/gut/gut.gd:818)
WARNING: [CaseManager] Validation: EvidenceData: discovery_method is required for evidence 'ev_elevator_log'
     at: push_warning (core/variant/variant_utility.cpp:1034)
     GDScript backtrace (most recent call first):
         [0] load_case (res://scripts/managers/case_manager.gd:114)
         [1] before_each (res://tests/unit/test_interrogation_manager.gd:605)
         [2] _run_test (res://addons/gut/gut.gd:605)
         [3] _test_the_scripts (res://addons/gut/gut.gd:818)
WARNING: [CaseManager] Validation: EvidenceData: discovery_method is required for evidence 'ev_journal'
     at: push_warning (core/variant/variant_utility.cpp:1034)
     GDScript backtrace (most recent call first):
         [0] load_case (res://scripts/managers/case_manager.gd:114)
         [1] before_each (res://tests/unit/test_interrogation_manager.gd:605)
         [2] _run_test (res://addons/gut/gut.gd:605)
         [3] _test_the_scripts (res://addons/gut/gut.gd:818)
WARNING: [CaseManager] Validation: EvidenceData: discovery_method is required for evidence 'ev_maintenance'
     at: push_warning (core/variant/variant_utility.cpp:1034)
     GDScript backtrace (most recent call first):
         [0] load_case (res://scripts/managers/case_manager.gd:114)
         [1] before_each (res://tests/unit/test_interrogation_manager.gd:605)
         [2] _run_test (res://addons/gut/gut.gd:605)
         [3] _test_the_scripts (res://addons/gut/gut.gd:818)
WARNING: [CaseManager] Validation: EvidenceData: discovery_method is required for evidence 'ev_key_access'
     at: push_warning (core/variant/variant_utility.cpp:1034)
     GDScript backtrace (most recent call first):
         [0] load_case (res://scripts/managers/case_manager.gd:114)
         [1] before_each (res://tests/unit/test_interrogation_manager.gd:605)
         [2] _run_test (res://addons/gut/gut.gd:605)
         [3] _test_the_scripts (res://addons/gut/gut.gd:818)
WARNING: [CaseManager] Validation: EvidenceData: discovery_method is required for evidence 'ev_unlocked_clue'
     at: push_warning (core/variant/variant_utility.cpp:1034)
     GDScript backtrace (most recent call first):
         [0] load_case (res://scripts/managers/case_manager.gd:114)
         [1] before_each (res://tests/unit/test_interrogation_manager.gd:605)
         [2] _run_test (res://addons/gut/gut.gd:605)
         [3] _test_the_scripts (res://addons/gut/gut.gd:818)
WARNING: [CaseManager] Validation: EvidenceData: discovery_method is required for evidence 'ev_no_trigger'
     at: push_warning (core/variant/variant_utility.cpp:1034)
     GDScript backtrace (most recent call first):
         [0] load_case (res://scripts/managers/case_manager.gd:114)
         [1] before_each (res://tests/unit/test_interrogation_manager.gd:605)
         [2] _run_test (res://addons/gut/gut.gd:605)
         [3] _test_the_scripts (res://addons/gut/gut.gd:818)
* test_daily_limit_enforced
WARNING: [CaseManager] Validation: EvidenceData: discovery_method is required for evidence 'ev_parking_camera'
     at: push_warning (core/variant/variant_utility.cpp:1034)
     GDScript backtrace (most recent call first):
         [0] load_case (res://scripts/managers/case_manager.gd:114)
         [1] before_each (res://tests/unit/test_interrogation_manager.gd:605)
         [2] _run_test (res://addons/gut/gut.gd:605)
         [3] _test_the_scripts (res://addons/gut/gut.gd:818)
WARNING: [CaseManager] Validation: EvidenceData: discovery_method is required for evidence 'ev_financial'
     at: push_warning (core/variant/variant_utility.cpp:1034)
     GDScript backtrace (most recent call first):
         [0] load_case (res://scripts/managers/case_manager.gd:114)
         [1] before_each (res://tests/unit/test_interrogation_manager.gd:605)
         [2] _run_test (res://addons/gut/gut.gd:605)
         [3] _test_the_scripts (res://addons/gut/gut.gd:818)
WARNING: [CaseManager] Validation: EvidenceData: discovery_method is required for evidence 'ev_safe'
     at: push_warning (core/variant/variant_utility.cpp:1034)
     GDScript backtrace (most recent call first):
         [0] load_case (res://scripts/managers/case_manager.gd:114)
         [1] before_each (res://tests/unit/test_interrogation_manager.gd:605)
         [2] _run_test (res://addons/gut/gut.gd:605)
         [3] _test_the_scripts (res://addons/gut/gut.gd:818)
WARNING: [CaseManager] Validation: EvidenceData: discovery_method is required for evidence 'ev_hallway_camera'
     at: push_warning (core/variant/variant_utility.cpp:1034)
     GDScript backtrace (most recent call first):
         [0] load_case (res://scripts/managers/case_manager.gd:114)
         [1] before_each (res://tests/unit/test_interrogation_manager.gd:605)
         [2] _run_test (res://addons/gut/gut.gd:605)
         [3] _test_the_scripts (res://addons/gut/gut.gd:818)
WARNING: [CaseManager] Validation: EvidenceData: discovery_method is required for evidence 'ev_shoe_print'
     at: push_warning (core/variant/variant_utility.cpp:1034)
     GDScript backtrace (most recent call first):
         [0] load_case (res://scripts/managers/case_manager.gd:114)
         [1] before_each (res://tests/unit/test_interrogation_manager.gd:605)
         [2] _run_test (res://addons/gut/gut.gd:605)
         [3] _test_the_scripts (res://addons/gut/gut.gd:818)
WARNING: [CaseManager] Validation: EvidenceData: discovery_method is required for evidence 'ev_fingerprint'
     at: push_warning (core/variant/variant_utility.cpp:1034)
     GDScript backtrace (most recent call first):
         [0] load_case (res://scripts/managers/case_manager.gd:114)
         [1] before_each (res://tests/unit/test_interrogation_manager.gd:605)
         [2] _run_test (res://addons/gut/gut.gd:605)
         [3] _test_the_scripts (res://addons/gut/gut.gd:818)
WARNING: [CaseManager] Validation: EvidenceData: discovery_method is required for evidence 'ev_elevator_log'
     at: push_warning (core/variant/variant_utility.cpp:1034)
     GDScript backtrace (most recent call first):
         [0] load_case (res://scripts/managers/case_manager.gd:114)
         [1] before_each (res://tests/unit/test_interrogation_manager.gd:605)
         [2] _run_test (res://addons/gut/gut.gd:605)
         [3] _test_the_scripts (res://addons/gut/gut.gd:818)
WARNING: [CaseManager] Validation: EvidenceData: discovery_method is required for evidence 'ev_journal'
     at: push_warning (core/variant/variant_utility.cpp:1034)
     GDScript backtrace (most recent call first):
         [0] load_case (res://scripts/managers/case_manager.gd:114)
         [1] before_each (res://tests/unit/test_interrogation_manager.gd:605)
         [2] _run_test (res://addons/gut/gut.gd:605)
         [3] _test_the_scripts (res://addons/gut/gut.gd:818)
WARNING: [CaseManager] Validation: EvidenceData: discovery_method is required for evidence 'ev_maintenance'
     at: push_warning (core/variant/variant_utility.cpp:1034)
     GDScript backtrace (most recent call first):
         [0] load_case (res://scripts/managers/case_manager.gd:114)
         [1] before_each (res://tests/unit/test_interrogation_manager.gd:605)
         [2] _run_test (res://addons/gut/gut.gd:605)
         [3] _test_the_scripts (res://addons/gut/gut.gd:818)
WARNING: [CaseManager] Validation: EvidenceData: discovery_method is required for evidence 'ev_key_access'
     at: push_warning (core/variant/variant_utility.cpp:1034)
     GDScript backtrace (most recent call first):
         [0] load_case (res://scripts/managers/case_manager.gd:114)
         [1] before_each (res://tests/unit/test_interrogation_manager.gd:605)
         [2] _run_test (res://addons/gut/gut.gd:605)
         [3] _test_the_scripts (res://addons/gut/gut.gd:818)
WARNING: [CaseManager] Validation: EvidenceData: discovery_method is required for evidence 'ev_unlocked_clue'
     at: push_warning (core/variant/variant_utility.cpp:1034)
     GDScript backtrace (most recent call first):
         [0] load_case (res://scripts/managers/case_manager.gd:114)
         [1] before_each (res://tests/unit/test_interrogation_manager.gd:605)
         [2] _run_test (res://addons/gut/gut.gd:605)
         [3] _test_the_scripts (res://addons/gut/gut.gd:818)
WARNING: [CaseManager] Validation: EvidenceData: discovery_method is required for evidence 'ev_no_trigger'
     at: push_warning (core/variant/variant_utility.cpp:1034)
     GDScript backtrace (most recent call first):
         [0] load_case (res://scripts/managers/case_manager.gd:114)
         [1] before_each (res://tests/unit/test_interrogation_manager.gd:605)
         [2] _run_test (res://addons/gut/gut.gd:605)
         [3] _test_the_scripts (res://addons/gut/gut.gd:818)
WARNING: [InterrogationManager] Cannot interrogate p_mark: daily limit reached
     at: push_warning (core/variant/variant_utility.cpp:1034)
     GDScript backtrace (most recent call first):
         [0] start_interrogation (res://scripts/managers/interrogation_manager.gd:73)
         [1] test_daily_limit_enforced (res://tests/unit/test_interrogation_manager.gd:709)
         [2] _run_test (res://addons/gut/gut.gd:615)
         [3] _test_the_scripts (res://addons/gut/gut.gd:818)
[34m[ExpectedError][0mExpected push_warning error containing '[InterrogationManager] Cannot interrogate p_mark: daily limit reached'.  
* test_daily_limit_allows_different_suspect
WARNING: [CaseManager] Validation: EvidenceData: discovery_method is required for evidence 'ev_parking_camera'
     at: push_warning (core/variant/variant_utility.cpp:1034)
     GDScript backtrace (most recent call first):
         [0] load_case (res://scripts/managers/case_manager.gd:114)
         [1] before_each (res://tests/unit/test_interrogation_manager.gd:605)
         [2] _run_test (res://addons/gut/gut.gd:605)
         [3] _test_the_scripts (res://addons/gut/gut.gd:818)
WARNING: [CaseManager] Validation: EvidenceData: discovery_method is required for evidence 'ev_financial'
     at: push_warning (core/variant/variant_utility.cpp:1034)
     GDScript backtrace (most recent call first):
         [0] load_case (res://scripts/managers/case_manager.gd:114)
         [1] before_each (res://tests/unit/test_interrogation_manager.gd:605)
         [2] _run_test (res://addons/gut/gut.gd:605)
         [3] _test_the_scripts (res://addons/gut/gut.gd:818)
WARNING: [CaseManager] Validation: EvidenceData: discovery_method is required for evidence 'ev_safe'
     at: push_warning (core/variant/variant_utility.cpp:1034)
     GDScript backtrace (most recent call first):
         [0] load_case (res://scripts/managers/case_manager.gd:114)
         [1] before_each (res://tests/unit/test_interrogation_manager.gd:605)
         [2] _run_test (res://addons/gut/gut.gd:605)
         [3] _test_the_scripts (res://addons/gut/gut.gd:818)
WARNING: [CaseManager] Validation: EvidenceData: discovery_method is required for evidence 'ev_hallway_camera'
     at: push_warning (core/variant/variant_utility.cpp:1034)
     GDScript backtrace (most recent call first):
         [0] load_case (res://scripts/managers/case_manager.gd:114)
         [1] before_each (res://tests/unit/test_interrogation_manager.gd:605)
         [2] _run_test (res://addons/gut/gut.gd:605)
         [3] _test_the_scripts (res://addons/gut/gut.gd:818)
WARNING: [CaseManager] Validation: EvidenceData: discovery_method is required for evidence 'ev_shoe_print'
     at: push_warning (core/variant/variant_utility.cpp:1034)
     GDScript backtrace (most recent call first):
         [0] load_case (res://scripts/managers/case_manager.gd:114)
         [1] before_each (res://tests/unit/test_interrogation_manager.gd:605)
         [2] _run_test (res://addons/gut/gut.gd:605)
         [3] _test_the_scripts (res://addons/gut/gut.gd:818)
WARNING: [CaseManager] Validation: EvidenceData: discovery_method is required for evidence 'ev_fingerprint'
     at: push_warning (core/variant/variant_utility.cpp:1034)
     GDScript backtrace (most recent call first):
         [0] load_case (res://scripts/managers/case_manager.gd:114)
         [1] before_each (res://tests/unit/test_interrogation_manager.gd:605)
         [2] _run_test (res://addons/gut/gut.gd:605)
         [3] _test_the_scripts (res://addons/gut/gut.gd:818)
WARNING: [CaseManager] Validation: EvidenceData: discovery_method is required for evidence 'ev_elevator_log'
     at: push_warning (core/variant/variant_utility.cpp:1034)
     GDScript backtrace (most recent call first):
         [0] load_case (res://scripts/managers/case_manager.gd:114)
         [1] before_each (res://tests/unit/test_interrogation_manager.gd:605)
         [2] _run_test (res://addons/gut/gut.gd:605)
         [3] _test_the_scripts (res://addons/gut/gut.gd:818)
WARNING: [CaseManager] Validation: EvidenceData: discovery_method is required for evidence 'ev_journal'
     at: push_warning (core/variant/variant_utility.cpp:1034)
     GDScript backtrace (most recent call first):
         [0] load_case (res://scripts/managers/case_manager.gd:114)
         [1] before_each (res://tests/unit/test_interrogation_manager.gd:605)
         [2] _run_test (res://addons/gut/gut.gd:605)
         [3] _test_the_scripts (res://addons/gut/gut.gd:818)
WARNING: [CaseManager] Validation: EvidenceData: discovery_method is required for evidence 'ev_maintenance'
     at: push_warning (core/variant/variant_utility.cpp:1034)
     GDScript backtrace (most recent call first):
         [0] load_case (res://scripts/managers/case_manager.gd:114)
         [1] before_each (res://tests/unit/test_interrogation_manager.gd:605)
         [2] _run_test (res://addons/gut/gut.gd:605)
         [3] _test_the_scripts (res://addons/gut/gut.gd:818)
WARNING: [CaseManager] Validation: EvidenceData: discovery_method is required for evidence 'ev_key_access'
     at: push_warning (core/variant/variant_utility.cpp:1034)
     GDScript backtrace (most recent call first):
         [0] load_case (res://scripts/managers/case_manager.gd:114)
         [1] before_each (res://tests/unit/test_interrogation_manager.gd:605)
         [2] _run_test (res://addons/gut/gut.gd:605)
         [3] _test_the_scripts (res://addons/gut/gut.gd:818)
WARNING: [CaseManager] Validation: EvidenceData: discovery_method is required for evidence 'ev_unlocked_clue'
     at: push_warning (core/variant/variant_utility.cpp:1034)
     GDScript backtrace (most recent call first):
         [0] load_case (res://scripts/managers/case_manager.gd:114)
         [1] before_each (res://tests/unit/test_interrogation_manager.gd:605)
         [2] _run_test (res://addons/gut/gut.gd:605)
         [3] _test_the_scripts (res://addons/gut/gut.gd:818)
WARNING: [CaseManager] Validation: EvidenceData: discovery_method is required for evidence 'ev_no_trigger'
     at: push_warning (core/variant/variant_utility.cpp:1034)
     GDScript backtrace (most recent call first):
         [0] load_case (res://scripts/managers/case_manager.gd:114)
         [1] before_each (res://tests/unit/test_interrogation_manager.gd:605)
         [2] _run_test (res://addons/gut/gut.gd:605)
         [3] _test_the_scripts (res://addons/gut/gut.gd:818)
* test_advance_to_interrogation_is_noop_when_already_interrogating
WARNING: [CaseManager] Validation: EvidenceData: discovery_method is required for evidence 'ev_parking_camera'
     at: push_warning (core/variant/variant_utility.cpp:1034)
     GDScript backtrace (most recent call first):
         [0] load_case (res://scripts/managers/case_manager.gd:114)
         [1] before_each (res://tests/unit/test_interrogation_manager.gd:605)
         [2] _run_test (res://addons/gut/gut.gd:605)
         [3] _test_the_scripts (res://addons/gut/gut.gd:818)
WARNING: [CaseManager] Validation: EvidenceData: discovery_method is required for evidence 'ev_financial'
     at: push_warning (core/variant/variant_utility.cpp:1034)
     GDScript backtrace (most recent call first):
         [0] load_case (res://scripts/managers/case_manager.gd:114)
         [1] before_each (res://tests/unit/test_interrogation_manager.gd:605)
         [2] _run_test (res://addons/gut/gut.gd:605)
         [3] _test_the_scripts (res://addons/gut/gut.gd:818)
WARNING: [CaseManager] Validation: EvidenceData: discovery_method is required for evidence 'ev_safe'
     at: push_warning (core/variant/variant_utility.cpp:1034)
     GDScript backtrace (most recent call first):
         [0] load_case (res://scripts/managers/case_manager.gd:114)
         [1] before_each (res://tests/unit/test_interrogation_manager.gd:605)
         [2] _run_test (res://addons/gut/gut.gd:605)
         [3] _test_the_scripts (res://addons/gut/gut.gd:818)
WARNING: [CaseManager] Validation: EvidenceData: discovery_method is required for evidence 'ev_hallway_camera'
     at: push_warning (core/variant/variant_utility.cpp:1034)
     GDScript backtrace (most recent call first):
         [0] load_case (res://scripts/managers/case_manager.gd:114)
         [1] before_each (res://tests/unit/test_interrogation_manager.gd:605)
         [2] _run_test (res://addons/gut/gut.gd:605)
         [3] _test_the_scripts (res://addons/gut/gut.gd:818)
WARNING: [CaseManager] Validation: EvidenceData: discovery_method is required for evidence 'ev_shoe_print'
     at: push_warning (core/variant/variant_utility.cpp:1034)
     GDScript backtrace (most recent call first):
         [0] load_case (res://scripts/managers/case_manager.gd:114)
         [1] before_each (res://tests/unit/test_interrogation_manager.gd:605)
         [2] _run_test (res://addons/gut/gut.gd:605)
         [3] _test_the_scripts (res://addons/gut/gut.gd:818)
WARNING: [CaseManager] Validation: EvidenceData: discovery_method is required for evidence 'ev_fingerprint'
     at: push_warning (core/variant/variant_utility.cpp:1034)
     GDScript backtrace (most recent call first):
         [0] load_case (res://scripts/managers/case_manager.gd:114)
         [1] before_each (res://tests/unit/test_interrogation_manager.gd:605)
         [2] _run_test (res://addons/gut/gut.gd:605)
         [3] _test_the_scripts (res://addons/gut/gut.gd:818)
WARNING: [CaseManager] Validation: EvidenceData: discovery_method is required for evidence 'ev_elevator_log'
     at: push_warning (core/variant/variant_utility.cpp:1034)
     GDScript backtrace (most recent call first):
         [0] load_case (res://scripts/managers/case_manager.gd:114)
         [1] before_each (res://tests/unit/test_interrogation_manager.gd:605)
         [2] _run_test (res://addons/gut/gut.gd:605)
         [3] _test_the_scripts (res://addons/gut/gut.gd:818)
WARNING: [CaseManager] Validation: EvidenceData: discovery_method is required for evidence 'ev_journal'
     at: push_warning (core/variant/variant_utility.cpp:1034)
     GDScript backtrace (most recent call first):
         [0] load_case (res://scripts/managers/case_manager.gd:114)
         [1] before_each (res://tests/unit/test_interrogation_manager.gd:605)
         [2] _run_test (res://addons/gut/gut.gd:605)
         [3] _test_the_scripts (res://addons/gut/gut.gd:818)
WARNING: [CaseManager] Validation: EvidenceData: discovery_method is required for evidence 'ev_maintenance'
     at: push_warning (core/variant/variant_utility.cpp:1034)
     GDScript backtrace (most recent call first):
         [0] load_case (res://scripts/managers/case_manager.gd:114)
         [1] before_each (res://tests/unit/test_interrogation_manager.gd:605)
         [2] _run_test (res://addons/gut/gut.gd:605)
         [3] _test_the_scripts (res://addons/gut/gut.gd:818)
WARNING: [CaseManager] Validation: EvidenceData: discovery_method is required for evidence 'ev_key_access'
     at: push_warning (core/variant/variant_utility.cpp:1034)
     GDScript backtrace (most recent call first):
         [0] load_case (res://scripts/managers/case_manager.gd:114)
         [1] before_each (res://tests/unit/test_interrogation_manager.gd:605)
         [2] _run_test (res://addons/gut/gut.gd:605)
         [3] _test_the_scripts (res://addons/gut/gut.gd:818)
WARNING: [CaseManager] Validation: EvidenceData: discovery_method is required for evidence 'ev_unlocked_clue'
     at: push_warning (core/variant/variant_utility.cpp:1034)
     GDScript backtrace (most recent call first):
         [0] load_case (res://scripts/managers/case_manager.gd:114)
         [1] before_each (res://tests/unit/test_interrogation_manager.gd:605)
         [2] _run_test (res://addons/gut/gut.gd:605)
         [3] _test_the_scripts (res://addons/gut/gut.gd:818)
WARNING: [CaseManager] Validation: EvidenceData: discovery_method is required for evidence 'ev_no_trigger'
     at: push_warning (core/variant/variant_utility.cpp:1034)
     GDScript backtrace (most recent call first):
         [0] load_case (res://scripts/managers/case_manager.gd:114)
         [1] before_each (res://tests/unit/test_interrogation_manager.gd:605)
         [2] _run_test (res://addons/gut/gut.gd:605)
         [3] _test_the_scripts (res://addons/gut/gut.gd:818)
* test_advance_to_interrogation_does_not_emit_when_already_interrogating
WARNING: [CaseManager] Validation: EvidenceData: discovery_method is required for evidence 'ev_parking_camera'
     at: push_warning (core/variant/variant_utility.cpp:1034)
     GDScript backtrace (most recent call first):
         [0] load_case (res://scripts/managers/case_manager.gd:114)
         [1] before_each (res://tests/unit/test_interrogation_manager.gd:605)
         [2] _run_test (res://addons/gut/gut.gd:605)
         [3] _test_the_scripts (res://addons/gut/gut.gd:818)
WARNING: [CaseManager] Validation: EvidenceData: discovery_method is required for evidence 'ev_financial'
     at: push_warning (core/variant/variant_utility.cpp:1034)
     GDScript backtrace (most recent call first):
         [0] load_case (res://scripts/managers/case_manager.gd:114)
         [1] before_each (res://tests/unit/test_interrogation_manager.gd:605)
         [2] _run_test (res://addons/gut/gut.gd:605)
         [3] _test_the_scripts (res://addons/gut/gut.gd:818)
WARNING: [CaseManager] Validation: EvidenceData: discovery_method is required for evidence 'ev_safe'
     at: push_warning (core/variant/variant_utility.cpp:1034)
     GDScript backtrace (most recent call first):
         [0] load_case (res://scripts/managers/case_manager.gd:114)
         [1] before_each (res://tests/unit/test_interrogation_manager.gd:605)
         [2] _run_test (res://addons/gut/gut.gd:605)
         [3] _test_the_scripts (res://addons/gut/gut.gd:818)
WARNING: [CaseManager] Validation: EvidenceData: discovery_method is required for evidence 'ev_hallway_camera'
     at: push_warning (core/variant/variant_utility.cpp:1034)
     GDScript backtrace (most recent call first):
         [0] load_case (res://scripts/managers/case_manager.gd:114)
         [1] before_each (res://tests/unit/test_interrogation_manager.gd:605)
         [2] _run_test (res://addons/gut/gut.gd:605)
         [3] _test_the_scripts (res://addons/gut/gut.gd:818)
WARNING: [CaseManager] Validation: EvidenceData: discovery_method is required for evidence 'ev_shoe_print'
     at: push_warning (core/variant/variant_utility.cpp:1034)
     GDScript backtrace (most recent call first):
         [0] load_case (res://scripts/managers/case_manager.gd:114)
         [1] before_each (res://tests/unit/test_interrogation_manager.gd:605)
         [2] _run_test (res://addons/gut/gut.gd:605)
         [3] _test_the_scripts (res://addons/gut/gut.gd:818)
WARNING: [CaseManager] Validation: EvidenceData: discovery_method is required for evidence 'ev_fingerprint'
     at: push_warning (core/variant/variant_utility.cpp:1034)
     GDScript backtrace (most recent call first):
         [0] load_case (res://scripts/managers/case_manager.gd:114)
         [1] before_each (res://tests/unit/test_interrogation_manager.gd:605)
         [2] _run_test (res://addons/gut/gut.gd:605)
         [3] _test_the_scripts (res://addons/gut/gut.gd:818)
WARNING: [CaseManager] Validation: EvidenceData: discovery_method is required for evidence 'ev_elevator_log'
     at: push_warning (core/variant/variant_utility.cpp:1034)
     GDScript backtrace (most recent call first):
         [0] load_case (res://scripts/managers/case_manager.gd:114)
         [1] before_each (res://tests/unit/test_interrogation_manager.gd:605)
         [2] _run_test (res://addons/gut/gut.gd:605)
         [3] _test_the_scripts (res://addons/gut/gut.gd:818)
WARNING: [CaseManager] Validation: EvidenceData: discovery_method is required for evidence 'ev_journal'
     at: push_warning (core/variant/variant_utility.cpp:1034)
     GDScript backtrace (most recent call first):
         [0] load_case (res://scripts/managers/case_manager.gd:114)
         [1] before_each (res://tests/unit/test_interrogation_manager.gd:605)
         [2] _run_test (res://addons/gut/gut.gd:605)
         [3] _test_the_scripts (res://addons/gut/gut.gd:818)
WARNING: [CaseManager] Validation: EvidenceData: discovery_method is required for evidence 'ev_maintenance'
     at: push_warning (core/variant/variant_utility.cpp:1034)
     GDScript backtrace (most recent call first):
         [0] load_case (res://scripts/managers/case_manager.gd:114)
         [1] before_each (res://tests/unit/test_interrogation_manager.gd:605)
         [2] _run_test (res://addons/gut/gut.gd:605)
         [3] _test_the_scripts (res://addons/gut/gut.gd:818)
WARNING: [CaseManager] Validation: EvidenceData: discovery_method is required for evidence 'ev_key_access'
     at: push_warning (core/variant/variant_utility.cpp:1034)
     GDScript backtrace (most recent call first):
         [0] load_case (res://scripts/managers/case_manager.gd:114)
         [1] before_each (res://tests/unit/test_interrogation_manager.gd:605)
         [2] _run_test (res://addons/gut/gut.gd:605)
         [3] _test_the_scripts (res://addons/gut/gut.gd:818)
WARNING: [CaseManager] Validation: EvidenceData: discovery_method is required for evidence 'ev_unlocked_clue'
     at: push_warning (core/variant/variant_utility.cpp:1034)
     GDScript backtrace (most recent call first):
         [0] load_case (res://scripts/managers/case_manager.gd:114)
         [1] before_each (res://tests/unit/test_interrogation_manager.gd:605)
         [2] _run_test (res://addons/gut/gut.gd:605)
         [3] _test_the_scripts (res://addons/gut/gut.gd:818)
WARNING: [CaseManager] Validation: EvidenceData: discovery_method is required for evidence 'ev_no_trigger'
     at: push_warning (core/variant/variant_utility.cpp:1034)
     GDScript backtrace (most recent call first):
         [0] load_case (res://scripts/managers/case_manager.gd:114)
         [1] before_each (res://tests/unit/test_interrogation_manager.gd:605)
         [2] _run_test (res://addons/gut/gut.gd:605)
         [3] _test_the_scripts (res://addons/gut/gut.gd:818)
* test_advance_to_interrogation_fails_from_wrong_phase
WARNING: [CaseManager] Validation: EvidenceData: discovery_method is required for evidence 'ev_parking_camera'
     at: push_warning (core/variant/variant_utility.cpp:1034)
     GDScript backtrace (most recent call first):
         [0] load_case (res://scripts/managers/case_manager.gd:114)
         [1] before_each (res://tests/unit/test_interrogation_manager.gd:605)
         [2] _run_test (res://addons/gut/gut.gd:605)
         [3] _test_the_scripts (res://addons/gut/gut.gd:818)
WARNING: [CaseManager] Validation: EvidenceData: discovery_method is required for evidence 'ev_financial'
     at: push_warning (core/variant/variant_utility.cpp:1034)
     GDScript backtrace (most recent call first):
         [0] load_case (res://scripts/managers/case_manager.gd:114)
         [1] before_each (res://tests/unit/test_interrogation_manager.gd:605)
         [2] _run_test (res://addons/gut/gut.gd:605)
         [3] _test_the_scripts (res://addons/gut/gut.gd:818)
WARNING: [CaseManager] Validation: EvidenceData: discovery_method is required for evidence 'ev_safe'
     at: push_warning (core/variant/variant_utility.cpp:1034)
     GDScript backtrace (most recent call first):
         [0] load_case (res://scripts/managers/case_manager.gd:114)
         [1] before_each (res://tests/unit/test_interrogation_manager.gd:605)
         [2] _run_test (res://addons/gut/gut.gd:605)
         [3] _test_the_scripts (res://addons/gut/gut.gd:818)
WARNING: [CaseManager] Validation: EvidenceData: discovery_method is required for evidence 'ev_hallway_camera'
     at: push_warning (core/variant/variant_utility.cpp:1034)
     GDScript backtrace (most recent call first):
         [0] load_case (res://scripts/managers/case_manager.gd:114)
         [1] before_each (res://tests/unit/test_interrogation_manager.gd:605)
         [2] _run_test (res://addons/gut/gut.gd:605)
         [3] _test_the_scripts (res://addons/gut/gut.gd:818)
WARNING: [CaseManager] Validation: EvidenceData: discovery_method is required for evidence 'ev_shoe_print'
     at: push_warning (core/variant/variant_utility.cpp:1034)
     GDScript backtrace (most recent call first):
         [0] load_case (res://scripts/managers/case_manager.gd:114)
         [1] before_each (res://tests/unit/test_interrogation_manager.gd:605)
         [2] _run_test (res://addons/gut/gut.gd:605)
         [3] _test_the_scripts (res://addons/gut/gut.gd:818)
WARNING: [CaseManager] Validation: EvidenceData: discovery_method is required for evidence 'ev_fingerprint'
     at: push_warning (core/variant/variant_utility.cpp:1034)
     GDScript backtrace (most recent call first):
         [0] load_case (res://scripts/managers/case_manager.gd:114)
         [1] before_each (res://tests/unit/test_interrogation_manager.gd:605)
         [2] _run_test (res://addons/gut/gut.gd:605)
         [3] _test_the_scripts (res://addons/gut/gut.gd:818)
WARNING: [CaseManager] Validation: EvidenceData: discovery_method is required for evidence 'ev_elevator_log'
     at: push_warning (core/variant/variant_utility.cpp:1034)
     GDScript backtrace (most recent call first):
         [0] load_case (res://scripts/managers/case_manager.gd:114)
         [1] before_each (res://tests/unit/test_interrogation_manager.gd:605)
         [2] _run_test (res://addons/gut/gut.gd:605)
         [3] _test_the_scripts (res://addons/gut/gut.gd:818)
WARNING: [CaseManager] Validation: EvidenceData: discovery_method is required for evidence 'ev_journal'
     at: push_warning (core/variant/variant_utility.cpp:1034)
     GDScript backtrace (most recent call first):
         [0] load_case (res://scripts/managers/case_manager.gd:114)
         [1] before_each (res://tests/unit/test_interrogation_manager.gd:605)
         [2] _run_test (res://addons/gut/gut.gd:605)
         [3] _test_the_scripts (res://addons/gut/gut.gd:818)
WARNING: [CaseManager] Validation: EvidenceData: discovery_method is required for evidence 'ev_maintenance'
     at: push_warning (core/variant/variant_utility.cpp:1034)
     GDScript backtrace (most recent call first):
         [0] load_case (res://scripts/managers/case_manager.gd:114)
         [1] before_each (res://tests/unit/test_interrogation_manager.gd:605)
         [2] _run_test (res://addons/gut/gut.gd:605)
         [3] _test_the_scripts (res://addons/gut/gut.gd:818)
WARNING: [CaseManager] Validation: EvidenceData: discovery_method is required for evidence 'ev_key_access'
     at: push_warning (core/variant/variant_utility.cpp:1034)
     GDScript backtrace (most recent call first):
         [0] load_case (res://scripts/managers/case_manager.gd:114)
         [1] before_each (res://tests/unit/test_interrogation_manager.gd:605)
         [2] _run_test (res://addons/gut/gut.gd:605)
         [3] _test_the_scripts (res://addons/gut/gut.gd:818)
WARNING: [CaseManager] Validation: EvidenceData: discovery_method is required for evidence 'ev_unlocked_clue'
     at: push_warning (core/variant/variant_utility.cpp:1034)
     GDScript backtrace (most recent call first):
         [0] load_case (res://scripts/managers/case_manager.gd:114)
         [1] before_each (res://tests/unit/test_interrogation_manager.gd:605)
         [2] _run_test (res://addons/gut/gut.gd:605)
         [3] _test_the_scripts (res://addons/gut/gut.gd:818)
WARNING: [CaseManager] Validation: EvidenceData: discovery_method is required for evidence 'ev_no_trigger'
     at: push_warning (core/variant/variant_utility.cpp:1034)
     GDScript backtrace (most recent call first):
         [0] load_case (res://scripts/managers/case_manager.gd:114)
         [1] before_each (res://tests/unit/test_interrogation_manager.gd:605)
         [2] _run_test (res://addons/gut/gut.gd:605)
         [3] _test_the_scripts (res://addons/gut/gut.gd:818)
* test_select_focus_statement
WARNING: [CaseManager] Validation: EvidenceData: discovery_method is required for evidence 'ev_parking_camera'
     at: push_warning (core/variant/variant_utility.cpp:1034)
     GDScript backtrace (most recent call first):
         [0] load_case (res://scripts/managers/case_manager.gd:114)
         [1] before_each (res://tests/unit/test_interrogation_manager.gd:605)
         [2] _run_test (res://addons/gut/gut.gd:605)
         [3] _test_the_scripts (res://addons/gut/gut.gd:818)
WARNING: [CaseManager] Validation: EvidenceData: discovery_method is required for evidence 'ev_financial'
     at: push_warning (core/variant/variant_utility.cpp:1034)
     GDScript backtrace (most recent call first):
         [0] load_case (res://scripts/managers/case_manager.gd:114)
         [1] before_each (res://tests/unit/test_interrogation_manager.gd:605)
         [2] _run_test (res://addons/gut/gut.gd:605)
         [3] _test_the_scripts (res://addons/gut/gut.gd:818)
WARNING: [CaseManager] Validation: EvidenceData: discovery_method is required for evidence 'ev_safe'
     at: push_warning (core/variant/variant_utility.cpp:1034)
     GDScript backtrace (most recent call first):
         [0] load_case (res://scripts/managers/case_manager.gd:114)
         [1] before_each (res://tests/unit/test_interrogation_manager.gd:605)
         [2] _run_test (res://addons/gut/gut.gd:605)
         [3] _test_the_scripts (res://addons/gut/gut.gd:818)
WARNING: [CaseManager] Validation: EvidenceData: discovery_method is required for evidence 'ev_hallway_camera'
     at: push_warning (core/variant/variant_utility.cpp:1034)
     GDScript backtrace (most recent call first):
         [0] load_case (res://scripts/managers/case_manager.gd:114)
         [1] before_each (res://tests/unit/test_interrogation_manager.gd:605)
         [2] _run_test (res://addons/gut/gut.gd:605)
         [3] _test_the_scripts (res://addons/gut/gut.gd:818)
WARNING: [CaseManager] Validation: EvidenceData: discovery_method is required for evidence 'ev_shoe_print'
     at: push_warning (core/variant/variant_utility.cpp:1034)
     GDScript backtrace (most recent call first):
         [0] load_case (res://scripts/managers/case_manager.gd:114)
         [1] before_each (res://tests/unit/test_interrogation_manager.gd:605)
         [2] _run_test (res://addons/gut/gut.gd:605)
         [3] _test_the_scripts (res://addons/gut/gut.gd:818)
WARNING: [CaseManager] Validation: EvidenceData: discovery_method is required for evidence 'ev_fingerprint'
     at: push_warning (core/variant/variant_utility.cpp:1034)
     GDScript backtrace (most recent call first):
         [0] load_case (res://scripts/managers/case_manager.gd:114)
         [1] before_each (res://tests/unit/test_interrogation_manager.gd:605)
         [2] _run_test (res://addons/gut/gut.gd:605)
         [3] _test_the_scripts (res://addons/gut/gut.gd:818)
WARNING: [CaseManager] Validation: EvidenceData: discovery_method is required for evidence 'ev_elevator_log'
     at: push_warning (core/variant/variant_utility.cpp:1034)
     GDScript backtrace (most recent call first):
         [0] load_case (res://scripts/managers/case_manager.gd:114)
         [1] before_each (res://tests/unit/test_interrogation_manager.gd:605)
         [2] _run_test (res://addons/gut/gut.gd:605)
         [3] _test_the_scripts (res://addons/gut/gut.gd:818)
WARNING: [CaseManager] Validation: EvidenceData: discovery_method is required for evidence 'ev_journal'
     at: push_warning (core/variant/variant_utility.cpp:1034)
     GDScript backtrace (most recent call first):
         [0] load_case (res://scripts/managers/case_manager.gd:114)
         [1] before_each (res://tests/unit/test_interrogation_manager.gd:605)
         [2] _run_test (res://addons/gut/gut.gd:605)
         [3] _test_the_scripts (res://addons/gut/gut.gd:818)
WARNING: [CaseManager] Validation: EvidenceData: discovery_method is required for evidence 'ev_maintenance'
     at: push_warning (core/variant/variant_utility.cpp:1034)
     GDScript backtrace (most recent call first):
         [0] load_case (res://scripts/managers/case_manager.gd:114)
         [1] before_each (res://tests/unit/test_interrogation_manager.gd:605)
         [2] _run_test (res://addons/gut/gut.gd:605)
         [3] _test_the_scripts (res://addons/gut/gut.gd:818)
WARNING: [CaseManager] Validation: EvidenceData: discovery_method is required for evidence 'ev_key_access'
     at: push_warning (core/variant/variant_utility.cpp:1034)
     GDScript backtrace (most recent call first):
         [0] load_case (res://scripts/managers/case_manager.gd:114)
         [1] before_each (res://tests/unit/test_interrogation_manager.gd:605)
         [2] _run_test (res://addons/gut/gut.gd:605)
         [3] _test_the_scripts (res://addons/gut/gut.gd:818)
WARNING: [CaseManager] Validation: EvidenceData: discovery_method is required for evidence 'ev_unlocked_clue'
     at: push_warning (core/variant/variant_utility.cpp:1034)
     GDScript backtrace (most recent call first):
         [0] load_case (res://scripts/managers/case_manager.gd:114)
         [1] before_each (res://tests/unit/test_interrogation_manager.gd:605)
         [2] _run_test (res://addons/gut/gut.gd:605)
         [3] _test_the_scripts (res://addons/gut/gut.gd:818)
WARNING: [CaseManager] Validation: EvidenceData: discovery_method is required for evidence 'ev_no_trigger'
     at: push_warning (core/variant/variant_utility.cpp:1034)
     GDScript backtrace (most recent call first):
         [0] load_case (res://scripts/managers/case_manager.gd:114)
         [1] before_each (res://tests/unit/test_interrogation_manager.gd:605)
         [2] _run_test (res://addons/gut/gut.gd:605)
         [3] _test_the_scripts (res://addons/gut/gut.gd:818)
* test_select_focus_topic
WARNING: [CaseManager] Validation: EvidenceData: discovery_method is required for evidence 'ev_parking_camera'
     at: push_warning (core/variant/variant_utility.cpp:1034)
     GDScript backtrace (most recent call first):
         [0] load_case (res://scripts/managers/case_manager.gd:114)
         [1] before_each (res://tests/unit/test_interrogation_manager.gd:605)
         [2] _run_test (res://addons/gut/gut.gd:605)
         [3] _test_the_scripts (res://addons/gut/gut.gd:818)
WARNING: [CaseManager] Validation: EvidenceData: discovery_method is required for evidence 'ev_financial'
     at: push_warning (core/variant/variant_utility.cpp:1034)
     GDScript backtrace (most recent call first):
         [0] load_case (res://scripts/managers/case_manager.gd:114)
         [1] before_each (res://tests/unit/test_interrogation_manager.gd:605)
         [2] _run_test (res://addons/gut/gut.gd:605)
         [3] _test_the_scripts (res://addons/gut/gut.gd:818)
WARNING: [CaseManager] Validation: EvidenceData: discovery_method is required for evidence 'ev_safe'
     at: push_warning (core/variant/variant_utility.cpp:1034)
     GDScript backtrace (most recent call first):
         [0] load_case (res://scripts/managers/case_manager.gd:114)
         [1] before_each (res://tests/unit/test_interrogation_manager.gd:605)
         [2] _run_test (res://addons/gut/gut.gd:605)
         [3] _test_the_scripts (res://addons/gut/gut.gd:818)
WARNING: [CaseManager] Validation: EvidenceData: discovery_method is required for evidence 'ev_hallway_camera'
     at: push_warning (core/variant/variant_utility.cpp:1034)
     GDScript backtrace (most recent call first):
         [0] load_case (res://scripts/managers/case_manager.gd:114)
         [1] before_each (res://tests/unit/test_interrogation_manager.gd:605)
         [2] _run_test (res://addons/gut/gut.gd:605)
         [3] _test_the_scripts (res://addons/gut/gut.gd:818)
WARNING: [CaseManager] Validation: EvidenceData: discovery_method is required for evidence 'ev_shoe_print'
     at: push_warning (core/variant/variant_utility.cpp:1034)
     GDScript backtrace (most recent call first):
         [0] load_case (res://scripts/managers/case_manager.gd:114)
         [1] before_each (res://tests/unit/test_interrogation_manager.gd:605)
         [2] _run_test (res://addons/gut/gut.gd:605)
         [3] _test_the_scripts (res://addons/gut/gut.gd:818)
WARNING: [CaseManager] Validation: EvidenceData: discovery_method is required for evidence 'ev_fingerprint'
     at: push_warning (core/variant/variant_utility.cpp:1034)
     GDScript backtrace (most recent call first):
         [0] load_case (res://scripts/managers/case_manager.gd:114)
         [1] before_each (res://tests/unit/test_interrogation_manager.gd:605)
         [2] _run_test (res://addons/gut/gut.gd:605)
         [3] _test_the_scripts (res://addons/gut/gut.gd:818)
WARNING: [CaseManager] Validation: EvidenceData: discovery_method is required for evidence 'ev_elevator_log'
     at: push_warning (core/variant/variant_utility.cpp:1034)
     GDScript backtrace (most recent call first):
         [0] load_case (res://scripts/managers/case_manager.gd:114)
         [1] before_each (res://tests/unit/test_interrogation_manager.gd:605)
         [2] _run_test (res://addons/gut/gut.gd:605)
         [3] _test_the_scripts (res://addons/gut/gut.gd:818)
WARNING: [CaseManager] Validation: EvidenceData: discovery_method is required for evidence 'ev_journal'
     at: push_warning (core/variant/variant_utility.cpp:1034)
     GDScript backtrace (most recent call first):
         [0] load_case (res://scripts/managers/case_manager.gd:114)
         [1] before_each (res://tests/unit/test_interrogation_manager.gd:605)
         [2] _run_test (res://addons/gut/gut.gd:605)
         [3] _test_the_scripts (res://addons/gut/gut.gd:818)
WARNING: [CaseManager] Validation: EvidenceData: discovery_method is required for evidence 'ev_maintenance'
     at: push_warning (core/variant/variant_utility.cpp:1034)
     GDScript backtrace (most recent call first):
         [0] load_case (res://scripts/managers/case_manager.gd:114)
         [1] before_each (res://tests/unit/test_interrogation_manager.gd:605)
         [2] _run_test (res://addons/gut/gut.gd:605)
         [3] _test_the_scripts (res://addons/gut/gut.gd:818)
WARNING: [CaseManager] Validation: EvidenceData: discovery_method is required for evidence 'ev_key_access'
     at: push_warning (core/variant/variant_utility.cpp:1034)
     GDScript backtrace (most recent call first):
         [0] load_case (res://scripts/managers/case_manager.gd:114)
         [1] before_each (res://tests/unit/test_interrogation_manager.gd:605)
         [2] _run_test (res://addons/gut/gut.gd:605)
         [3] _test_the_scripts (res://addons/gut/gut.gd:818)
WARNING: [CaseManager] Validation: EvidenceData: discovery_method is required for evidence 'ev_unlocked_clue'
     at: push_warning (core/variant/variant_utility.cpp:1034)
     GDScript backtrace (most recent call first):
         [0] load_case (res://scripts/managers/case_manager.gd:114)
         [1] before_each (res://tests/unit/test_interrogation_manager.gd:605)
         [2] _run_test (res://addons/gut/gut.gd:605)
         [3] _test_the_scripts (res://addons/gut/gut.gd:818)
WARNING: [CaseManager] Validation: EvidenceData: discovery_method is required for evidence 'ev_no_trigger'
     at: push_warning (core/variant/variant_utility.cpp:1034)
     GDScript backtrace (most recent call first):
         [0] load_case (res://scripts/managers/case_manager.gd:114)
         [1] before_each (res://tests/unit/test_interrogation_manager.gd:605)
         [2] _run_test (res://addons/gut/gut.gd:605)
         [3] _test_the_scripts (res://addons/gut/gut.gd:818)
* test_select_focus_emits_signal
WARNING: [CaseManager] Validation: EvidenceData: discovery_method is required for evidence 'ev_parking_camera'
     at: push_warning (core/variant/variant_utility.cpp:1034)
     GDScript backtrace (most recent call first):
         [0] load_case (res://scripts/managers/case_manager.gd:114)
         [1] before_each (res://tests/unit/test_interrogation_manager.gd:605)
         [2] _run_test (res://addons/gut/gut.gd:605)
         [3] _test_the_scripts (res://addons/gut/gut.gd:818)
WARNING: [CaseManager] Validation: EvidenceData: discovery_method is required for evidence 'ev_financial'
     at: push_warning (core/variant/variant_utility.cpp:1034)
     GDScript backtrace (most recent call first):
         [0] load_case (res://scripts/managers/case_manager.gd:114)
         [1] before_each (res://tests/unit/test_interrogation_manager.gd:605)
         [2] _run_test (res://addons/gut/gut.gd:605)
         [3] _test_the_scripts (res://addons/gut/gut.gd:818)
WARNING: [CaseManager] Validation: EvidenceData: discovery_method is required for evidence 'ev_safe'
     at: push_warning (core/variant/variant_utility.cpp:1034)
     GDScript backtrace (most recent call first):
         [0] load_case (res://scripts/managers/case_manager.gd:114)
         [1] before_each (res://tests/unit/test_interrogation_manager.gd:605)
         [2] _run_test (res://addons/gut/gut.gd:605)
         [3] _test_the_scripts (res://addons/gut/gut.gd:818)
WARNING: [CaseManager] Validation: EvidenceData: discovery_method is required for evidence 'ev_hallway_camera'
     at: push_warning (core/variant/variant_utility.cpp:1034)
     GDScript backtrace (most recent call first):
         [0] load_case (res://scripts/managers/case_manager.gd:114)
         [1] before_each (res://tests/unit/test_interrogation_manager.gd:605)
         [2] _run_test (res://addons/gut/gut.gd:605)
         [3] _test_the_scripts (res://addons/gut/gut.gd:818)
WARNING: [CaseManager] Validation: EvidenceData: discovery_method is required for evidence 'ev_shoe_print'
     at: push_warning (core/variant/variant_utility.cpp:1034)
     GDScript backtrace (most recent call first):
         [0] load_case (res://scripts/managers/case_manager.gd:114)
         [1] before_each (res://tests/unit/test_interrogation_manager.gd:605)
         [2] _run_test (res://addons/gut/gut.gd:605)
         [3] _test_the_scripts (res://addons/gut/gut.gd:818)
WARNING: [CaseManager] Validation: EvidenceData: discovery_method is required for evidence 'ev_fingerprint'
     at: push_warning (core/variant/variant_utility.cpp:1034)
     GDScript backtrace (most recent call first):
         [0] load_case (res://scripts/managers/case_manager.gd:114)
         [1] before_each (res://tests/unit/test_interrogation_manager.gd:605)
         [2] _run_test (res://addons/gut/gut.gd:605)
         [3] _test_the_scripts (res://addons/gut/gut.gd:818)
WARNING: [CaseManager] Validation: EvidenceData: discovery_method is required for evidence 'ev_elevator_log'
     at: push_warning (core/variant/variant_utility.cpp:1034)
     GDScript backtrace (most recent call first):
         [0] load_case (res://scripts/managers/case_manager.gd:114)
         [1] before_each (res://tests/unit/test_interrogation_manager.gd:605)
         [2] _run_test (res://addons/gut/gut.gd:605)
         [3] _test_the_scripts (res://addons/gut/gut.gd:818)
WARNING: [CaseManager] Validation: EvidenceData: discovery_method is required for evidence 'ev_journal'
     at: push_warning (core/variant/variant_utility.cpp:1034)
     GDScript backtrace (most recent call first):
         [0] load_case (res://scripts/managers/case_manager.gd:114)
         [1] before_each (res://tests/unit/test_interrogation_manager.gd:605)
         [2] _run_test (res://addons/gut/gut.gd:605)
         [3] _test_the_scripts (res://addons/gut/gut.gd:818)
WARNING: [CaseManager] Validation: EvidenceData: discovery_method is required for evidence 'ev_maintenance'
     at: push_warning (core/variant/variant_utility.cpp:1034)
     GDScript backtrace (most recent call first):
         [0] load_case (res://scripts/managers/case_manager.gd:114)
         [1] before_each (res://tests/unit/test_interrogation_manager.gd:605)
         [2] _run_test (res://addons/gut/gut.gd:605)
         [3] _test_the_scripts (res://addons/gut/gut.gd:818)
WARNING: [CaseManager] Validation: EvidenceData: discovery_method is required for evidence 'ev_key_access'
     at: push_warning (core/variant/variant_utility.cpp:1034)
     GDScript backtrace (most recent call first):
         [0] load_case (res://scripts/managers/case_manager.gd:114)
         [1] before_each (res://tests/unit/test_interrogation_manager.gd:605)
         [2] _run_test (res://addons/gut/gut.gd:605)
         [3] _test_the_scripts (res://addons/gut/gut.gd:818)
WARNING: [CaseManager] Validation: EvidenceData: discovery_method is required for evidence 'ev_unlocked_clue'
     at: push_warning (core/variant/variant_utility.cpp:1034)
     GDScript backtrace (most recent call first):
         [0] load_case (res://scripts/managers/case_manager.gd:114)
         [1] before_each (res://tests/unit/test_interrogation_manager.gd:605)
         [2] _run_test (res://addons/gut/gut.gd:605)
         [3] _test_the_scripts (res://addons/gut/gut.gd:818)
WARNING: [CaseManager] Validation: EvidenceData: discovery_method is required for evidence 'ev_no_trigger'
     at: push_warning (core/variant/variant_utility.cpp:1034)
     GDScript backtrace (most recent call first):
         [0] load_case (res://scripts/managers/case_manager.gd:114)
         [1] before_each (res://tests/unit/test_interrogation_manager.gd:605)
         [2] _run_test (res://addons/gut/gut.gd:605)
         [3] _test_the_scripts (res://addons/gut/gut.gd:818)
* test_clear_focus
WARNING: [CaseManager] Validation: EvidenceData: discovery_method is required for evidence 'ev_parking_camera'
     at: push_warning (core/variant/variant_utility.cpp:1034)
     GDScript backtrace (most recent call first):
         [0] load_case (res://scripts/managers/case_manager.gd:114)
         [1] before_each (res://tests/unit/test_interrogation_manager.gd:605)
         [2] _run_test (res://addons/gut/gut.gd:605)
         [3] _test_the_scripts (res://addons/gut/gut.gd:818)
WARNING: [CaseManager] Validation: EvidenceData: discovery_method is required for evidence 'ev_financial'
     at: push_warning (core/variant/variant_utility.cpp:1034)
     GDScript backtrace (most recent call first):
         [0] load_case (res://scripts/managers/case_manager.gd:114)
         [1] before_each (res://tests/unit/test_interrogation_manager.gd:605)
         [2] _run_test (res://addons/gut/gut.gd:605)
         [3] _test_the_scripts (res://addons/gut/gut.gd:818)
WARNING: [CaseManager] Validation: EvidenceData: discovery_method is required for evidence 'ev_safe'
     at: push_warning (core/variant/variant_utility.cpp:1034)
     GDScript backtrace (most recent call first):
         [0] load_case (res://scripts/managers/case_manager.gd:114)
         [1] before_each (res://tests/unit/test_interrogation_manager.gd:605)
         [2] _run_test (res://addons/gut/gut.gd:605)
         [3] _test_the_scripts (res://addons/gut/gut.gd:818)
WARNING: [CaseManager] Validation: EvidenceData: discovery_method is required for evidence 'ev_hallway_camera'
     at: push_warning (core/variant/variant_utility.cpp:1034)
     GDScript backtrace (most recent call first):
         [0] load_case (res://scripts/managers/case_manager.gd:114)
         [1] before_each (res://tests/unit/test_interrogation_manager.gd:605)
         [2] _run_test (res://addons/gut/gut.gd:605)
         [3] _test_the_scripts (res://addons/gut/gut.gd:818)
WARNING: [CaseManager] Validation: EvidenceData: discovery_method is required for evidence 'ev_shoe_print'
     at: push_warning (core/variant/variant_utility.cpp:1034)
     GDScript backtrace (most recent call first):
         [0] load_case (res://scripts/managers/case_manager.gd:114)
         [1] before_each (res://tests/unit/test_interrogation_manager.gd:605)
         [2] _run_test (res://addons/gut/gut.gd:605)
         [3] _test_the_scripts (res://addons/gut/gut.gd:818)
WARNING: [CaseManager] Validation: EvidenceData: discovery_method is required for evidence 'ev_fingerprint'
     at: push_warning (core/variant/variant_utility.cpp:1034)
     GDScript backtrace (most recent call first):
         [0] load_case (res://scripts/managers/case_manager.gd:114)
         [1] before_each (res://tests/unit/test_interrogation_manager.gd:605)
         [2] _run_test (res://addons/gut/gut.gd:605)
         [3] _test_the_scripts (res://addons/gut/gut.gd:818)
WARNING: [CaseManager] Validation: EvidenceData: discovery_method is required for evidence 'ev_elevator_log'
     at: push_warning (core/variant/variant_utility.cpp:1034)
     GDScript backtrace (most recent call first):
         [0] load_case (res://scripts/managers/case_manager.gd:114)
         [1] before_each (res://tests/unit/test_interrogation_manager.gd:605)
         [2] _run_test (res://addons/gut/gut.gd:605)
         [3] _test_the_scripts (res://addons/gut/gut.gd:818)
WARNING: [CaseManager] Validation: EvidenceData: discovery_method is required for evidence 'ev_journal'
     at: push_warning (core/variant/variant_utility.cpp:1034)
     GDScript backtrace (most recent call first):
         [0] load_case (res://scripts/managers/case_manager.gd:114)
         [1] before_each (res://tests/unit/test_interrogation_manager.gd:605)
         [2] _run_test (res://addons/gut/gut.gd:605)
         [3] _test_the_scripts (res://addons/gut/gut.gd:818)
WARNING: [CaseManager] Validation: EvidenceData: discovery_method is required for evidence 'ev_maintenance'
     at: push_warning (core/variant/variant_utility.cpp:1034)
     GDScript backtrace (most recent call first):
         [0] load_case (res://scripts/managers/case_manager.gd:114)
         [1] before_each (res://tests/unit/test_interrogation_manager.gd:605)
         [2] _run_test (res://addons/gut/gut.gd:605)
         [3] _test_the_scripts (res://addons/gut/gut.gd:818)
WARNING: [CaseManager] Validation: EvidenceData: discovery_method is required for evidence 'ev_key_access'
     at: push_warning (core/variant/variant_utility.cpp:1034)
     GDScript backtrace (most recent call first):
         [0] load_case (res://scripts/managers/case_manager.gd:114)
         [1] before_each (res://tests/unit/test_interrogation_manager.gd:605)
         [2] _run_test (res://addons/gut/gut.gd:605)
         [3] _test_the_scripts (res://addons/gut/gut.gd:818)
WARNING: [CaseManager] Validation: EvidenceData: discovery_method is required for evidence 'ev_unlocked_clue'
     at: push_warning (core/variant/variant_utility.cpp:1034)
     GDScript backtrace (most recent call first):
         [0] load_case (res://scripts/managers/case_manager.gd:114)
         [1] before_each (res://tests/unit/test_interrogation_manager.gd:605)
         [2] _run_test (res://addons/gut/gut.gd:605)
         [3] _test_the_scripts (res://addons/gut/gut.gd:818)
WARNING: [CaseManager] Validation: EvidenceData: discovery_method is required for evidence 'ev_no_trigger'
     at: push_warning (core/variant/variant_utility.cpp:1034)
     GDScript backtrace (most recent call first):
         [0] load_case (res://scripts/managers/case_manager.gd:114)
         [1] before_each (res://tests/unit/test_interrogation_manager.gd:605)
         [2] _run_test (res://addons/gut/gut.gd:605)
         [3] _test_the_scripts (res://addons/gut/gut.gd:818)
* test_select_focus_invalid_type_errors
WARNING: [CaseManager] Validation: EvidenceData: discovery_method is required for evidence 'ev_parking_camera'
     at: push_warning (core/variant/variant_utility.cpp:1034)
     GDScript backtrace (most recent call first):
         [0] load_case (res://scripts/managers/case_manager.gd:114)
         [1] before_each (res://tests/unit/test_interrogation_manager.gd:605)
         [2] _run_test (res://addons/gut/gut.gd:605)
         [3] _test_the_scripts (res://addons/gut/gut.gd:818)
WARNING: [CaseManager] Validation: EvidenceData: discovery_method is required for evidence 'ev_financial'
     at: push_warning (core/variant/variant_utility.cpp:1034)
     GDScript backtrace (most recent call first):
         [0] load_case (res://scripts/managers/case_manager.gd:114)
         [1] before_each (res://tests/unit/test_interrogation_manager.gd:605)
         [2] _run_test (res://addons/gut/gut.gd:605)
         [3] _test_the_scripts (res://addons/gut/gut.gd:818)
WARNING: [CaseManager] Validation: EvidenceData: discovery_method is required for evidence 'ev_safe'
     at: push_warning (core/variant/variant_utility.cpp:1034)
     GDScript backtrace (most recent call first):
         [0] load_case (res://scripts/managers/case_manager.gd:114)
         [1] before_each (res://tests/unit/test_interrogation_manager.gd:605)
         [2] _run_test (res://addons/gut/gut.gd:605)
         [3] _test_the_scripts (res://addons/gut/gut.gd:818)
WARNING: [CaseManager] Validation: EvidenceData: discovery_method is required for evidence 'ev_hallway_camera'
     at: push_warning (core/variant/variant_utility.cpp:1034)
     GDScript backtrace (most recent call first):
         [0] load_case (res://scripts/managers/case_manager.gd:114)
         [1] before_each (res://tests/unit/test_interrogation_manager.gd:605)
         [2] _run_test (res://addons/gut/gut.gd:605)
         [3] _test_the_scripts (res://addons/gut/gut.gd:818)
WARNING: [CaseManager] Validation: EvidenceData: discovery_method is required for evidence 'ev_shoe_print'
     at: push_warning (core/variant/variant_utility.cpp:1034)
     GDScript backtrace (most recent call first):
         [0] load_case (res://scripts/managers/case_manager.gd:114)
         [1] before_each (res://tests/unit/test_interrogation_manager.gd:605)
         [2] _run_test (res://addons/gut/gut.gd:605)
         [3] _test_the_scripts (res://addons/gut/gut.gd:818)
WARNING: [CaseManager] Validation: EvidenceData: discovery_method is required for evidence 'ev_fingerprint'
     at: push_warning (core/variant/variant_utility.cpp:1034)
     GDScript backtrace (most recent call first):
         [0] load_case (res://scripts/managers/case_manager.gd:114)
         [1] before_each (res://tests/unit/test_interrogation_manager.gd:605)
         [2] _run_test (res://addons/gut/gut.gd:605)
         [3] _test_the_scripts (res://addons/gut/gut.gd:818)
WARNING: [CaseManager] Validation: EvidenceData: discovery_method is required for evidence 'ev_elevator_log'
     at: push_warning (core/variant/variant_utility.cpp:1034)
     GDScript backtrace (most recent call first):
         [0] load_case (res://scripts/managers/case_manager.gd:114)
         [1] before_each (res://tests/unit/test_interrogation_manager.gd:605)
         [2] _run_test (res://addons/gut/gut.gd:605)
         [3] _test_the_scripts (res://addons/gut/gut.gd:818)
WARNING: [CaseManager] Validation: EvidenceData: discovery_method is required for evidence 'ev_journal'
     at: push_warning (core/variant/variant_utility.cpp:1034)
     GDScript backtrace (most recent call first):
         [0] load_case (res://scripts/managers/case_manager.gd:114)
         [1] before_each (res://tests/unit/test_interrogation_manager.gd:605)
         [2] _run_test (res://addons/gut/gut.gd:605)
         [3] _test_the_scripts (res://addons/gut/gut.gd:818)
WARNING: [CaseManager] Validation: EvidenceData: discovery_method is required for evidence 'ev_maintenance'
     at: push_warning (core/variant/variant_utility.cpp:1034)
     GDScript backtrace (most recent call first):
         [0] load_case (res://scripts/managers/case_manager.gd:114)
         [1] before_each (res://tests/unit/test_interrogation_manager.gd:605)
         [2] _run_test (res://addons/gut/gut.gd:605)
         [3] _test_the_scripts (res://addons/gut/gut.gd:818)
WARNING: [CaseManager] Validation: EvidenceData: discovery_method is required for evidence 'ev_key_access'
     at: push_warning (core/variant/variant_utility.cpp:1034)
     GDScript backtrace (most recent call first):
         [0] load_case (res://scripts/managers/case_manager.gd:114)
         [1] before_each (res://tests/unit/test_interrogation_manager.gd:605)
         [2] _run_test (res://addons/gut/gut.gd:605)
         [3] _test_the_scripts (res://addons/gut/gut.gd:818)
WARNING: [CaseManager] Validation: EvidenceData: discovery_method is required for evidence 'ev_unlocked_clue'
     at: push_warning (core/variant/variant_utility.cpp:1034)
     GDScript backtrace (most recent call first):
         [0] load_case (res://scripts/managers/case_manager.gd:114)
         [1] before_each (res://tests/unit/test_interrogation_manager.gd:605)
         [2] _run_test (res://addons/gut/gut.gd:605)
         [3] _test_the_scripts (res://addons/gut/gut.gd:818)
WARNING: [CaseManager] Validation: EvidenceData: discovery_method is required for evidence 'ev_no_trigger'
     at: push_warning (core/variant/variant_utility.cpp:1034)
     GDScript backtrace (most recent call first):
         [0] load_case (res://scripts/managers/case_manager.gd:114)
         [1] before_each (res://tests/unit/test_interrogation_manager.gd:605)
         [2] _run_test (res://addons/gut/gut.gd:605)
         [3] _test_the_scripts (res://addons/gut/gut.gd:818)
ERROR: [InterrogationManager] Invalid focus type: invalid
   at: push_error (core/variant/variant_utility.cpp:1024)
   GDScript backtrace (most recent call first):
       [0] select_focus (res://scripts/managers/interrogation_manager.gd:154)
       [1] test_select_focus_invalid_type_errors (res://tests/unit/test_interrogation_manager.gd:786)
       [2] _run_test (res://addons/gut/gut.gd:615)
       [3] _test_the_scripts (res://addons/gut/gut.gd:818)
[34m[ExpectedError][0mExpected push_error error containing '[InterrogationManager] Invalid focus type: invalid'.  
* test_present_evidence_without_focus_returns_no_focus
WARNING: [CaseManager] Validation: EvidenceData: discovery_method is required for evidence 'ev_parking_camera'
     at: push_warning (core/variant/variant_utility.cpp:1034)
     GDScript backtrace (most recent call first):
         [0] load_case (res://scripts/managers/case_manager.gd:114)
         [1] before_each (res://tests/unit/test_interrogation_manager.gd:605)
         [2] _run_test (res://addons/gut/gut.gd:605)
         [3] _test_the_scripts (res://addons/gut/gut.gd:818)
WARNING: [CaseManager] Validation: EvidenceData: discovery_method is required for evidence 'ev_financial'
     at: push_warning (core/variant/variant_utility.cpp:1034)
     GDScript backtrace (most recent call first):
         [0] load_case (res://scripts/managers/case_manager.gd:114)
         [1] before_each (res://tests/unit/test_interrogation_manager.gd:605)
         [2] _run_test (res://addons/gut/gut.gd:605)
         [3] _test_the_scripts (res://addons/gut/gut.gd:818)
WARNING: [CaseManager] Validation: EvidenceData: discovery_method is required for evidence 'ev_safe'
     at: push_warning (core/variant/variant_utility.cpp:1034)
     GDScript backtrace (most recent call first):
         [0] load_case (res://scripts/managers/case_manager.gd:114)
         [1] before_each (res://tests/unit/test_interrogation_manager.gd:605)
         [2] _run_test (res://addons/gut/gut.gd:605)
         [3] _test_the_scripts (res://addons/gut/gut.gd:818)
WARNING: [CaseManager] Validation: EvidenceData: discovery_method is required for evidence 'ev_hallway_camera'
     at: push_warning (core/variant/variant_utility.cpp:1034)
     GDScript backtrace (most recent call first):
         [0] load_case (res://scripts/managers/case_manager.gd:114)
         [1] before_each (res://tests/unit/test_interrogation_manager.gd:605)
         [2] _run_test (res://addons/gut/gut.gd:605)
         [3] _test_the_scripts (res://addons/gut/gut.gd:818)
WARNING: [CaseManager] Validation: EvidenceData: discovery_method is required for evidence 'ev_shoe_print'
     at: push_warning (core/variant/variant_utility.cpp:1034)
     GDScript backtrace (most recent call first):
         [0] load_case (res://scripts/managers/case_manager.gd:114)
         [1] before_each (res://tests/unit/test_interrogation_manager.gd:605)
         [2] _run_test (res://addons/gut/gut.gd:605)
         [3] _test_the_scripts (res://addons/gut/gut.gd:818)
WARNING: [CaseManager] Validation: EvidenceData: discovery_method is required for evidence 'ev_fingerprint'
     at: push_warning (core/variant/variant_utility.cpp:1034)
     GDScript backtrace (most recent call first):
         [0] load_case (res://scripts/managers/case_manager.gd:114)
         [1] before_each (res://tests/unit/test_interrogation_manager.gd:605)
         [2] _run_test (res://addons/gut/gut.gd:605)
         [3] _test_the_scripts (res://addons/gut/gut.gd:818)
WARNING: [CaseManager] Validation: EvidenceData: discovery_method is required for evidence 'ev_elevator_log'
     at: push_warning (core/variant/variant_utility.cpp:1034)
     GDScript backtrace (most recent call first):
         [0] load_case (res://scripts/managers/case_manager.gd:114)
         [1] before_each (res://tests/unit/test_interrogation_manager.gd:605)
         [2] _run_test (res://addons/gut/gut.gd:605)
         [3] _test_the_scripts (res://addons/gut/gut.gd:818)
WARNING: [CaseManager] Validation: EvidenceData: discovery_method is required for evidence 'ev_journal'
     at: push_warning (core/variant/variant_utility.cpp:1034)
     GDScript backtrace (most recent call first):
         [0] load_case (res://scripts/managers/case_manager.gd:114)
         [1] before_each (res://tests/unit/test_interrogation_manager.gd:605)
         [2] _run_test (res://addons/gut/gut.gd:605)
         [3] _test_the_scripts (res://addons/gut/gut.gd:818)
WARNING: [CaseManager] Validation: EvidenceData: discovery_method is required for evidence 'ev_maintenance'
     at: push_warning (core/variant/variant_utility.cpp:1034)
     GDScript backtrace (most recent call first):
         [0] load_case (res://scripts/managers/case_manager.gd:114)
         [1] before_each (res://tests/unit/test_interrogation_manager.gd:605)
         [2] _run_test (res://addons/gut/gut.gd:605)
         [3] _test_the_scripts (res://addons/gut/gut.gd:818)
WARNING: [CaseManager] Validation: EvidenceData: discovery_method is required for evidence 'ev_key_access'
     at: push_warning (core/variant/variant_utility.cpp:1034)
     GDScript backtrace (most recent call first):
         [0] load_case (res://scripts/managers/case_manager.gd:114)
         [1] before_each (res://tests/unit/test_interrogation_manager.gd:605)
         [2] _run_test (res://addons/gut/gut.gd:605)
         [3] _test_the_scripts (res://addons/gut/gut.gd:818)
WARNING: [CaseManager] Validation: EvidenceData: discovery_method is required for evidence 'ev_unlocked_clue'
     at: push_warning (core/variant/variant_utility.cpp:1034)
     GDScript backtrace (most recent call first):
         [0] load_case (res://scripts/managers/case_manager.gd:114)
         [1] before_each (res://tests/unit/test_interrogation_manager.gd:605)
         [2] _run_test (res://addons/gut/gut.gd:605)
         [3] _test_the_scripts (res://addons/gut/gut.gd:818)
WARNING: [CaseManager] Validation: EvidenceData: discovery_method is required for evidence 'ev_no_trigger'
     at: push_warning (core/variant/variant_utility.cpp:1034)
     GDScript backtrace (most recent call first):
         [0] load_case (res://scripts/managers/case_manager.gd:114)
         [1] before_each (res://tests/unit/test_interrogation_manager.gd:605)
         [2] _run_test (res://addons/gut/gut.gd:605)
         [3] _test_the_scripts (res://addons/gut/gut.gd:818)
* test_present_evidence_matching_trigger_fires
WARNING: [CaseManager] Validation: EvidenceData: discovery_method is required for evidence 'ev_parking_camera'
     at: push_warning (core/variant/variant_utility.cpp:1034)
     GDScript backtrace (most recent call first):
         [0] load_case (res://scripts/managers/case_manager.gd:114)
         [1] before_each (res://tests/unit/test_interrogation_manager.gd:605)
         [2] _run_test (res://addons/gut/gut.gd:605)
         [3] _test_the_scripts (res://addons/gut/gut.gd:818)
WARNING: [CaseManager] Validation: EvidenceData: discovery_method is required for evidence 'ev_financial'
     at: push_warning (core/variant/variant_utility.cpp:1034)
     GDScript backtrace (most recent call first):
         [0] load_case (res://scripts/managers/case_manager.gd:114)
         [1] before_each (res://tests/unit/test_interrogation_manager.gd:605)
         [2] _run_test (res://addons/gut/gut.gd:605)
         [3] _test_the_scripts (res://addons/gut/gut.gd:818)
WARNING: [CaseManager] Validation: EvidenceData: discovery_method is required for evidence 'ev_safe'
     at: push_warning (core/variant/variant_utility.cpp:1034)
     GDScript backtrace (most recent call first):
         [0] load_case (res://scripts/managers/case_manager.gd:114)
         [1] before_each (res://tests/unit/test_interrogation_manager.gd:605)
         [2] _run_test (res://addons/gut/gut.gd:605)
         [3] _test_the_scripts (res://addons/gut/gut.gd:818)
WARNING: [CaseManager] Validation: EvidenceData: discovery_method is required for evidence 'ev_hallway_camera'
     at: push_warning (core/variant/variant_utility.cpp:1034)
     GDScript backtrace (most recent call first):
         [0] load_case (res://scripts/managers/case_manager.gd:114)
         [1] before_each (res://tests/unit/test_interrogation_manager.gd:605)
         [2] _run_test (res://addons/gut/gut.gd:605)
         [3] _test_the_scripts (res://addons/gut/gut.gd:818)
WARNING: [CaseManager] Validation: EvidenceData: discovery_method is required for evidence 'ev_shoe_print'
     at: push_warning (core/variant/variant_utility.cpp:1034)
     GDScript backtrace (most recent call first):
         [0] load_case (res://scripts/managers/case_manager.gd:114)
         [1] before_each (res://tests/unit/test_interrogation_manager.gd:605)
         [2] _run_test (res://addons/gut/gut.gd:605)
         [3] _test_the_scripts (res://addons/gut/gut.gd:818)
WARNING: [CaseManager] Validation: EvidenceData: discovery_method is required for evidence 'ev_fingerprint'
     at: push_warning (core/variant/variant_utility.cpp:1034)
     GDScript backtrace (most recent call first):
         [0] load_case (res://scripts/managers/case_manager.gd:114)
         [1] before_each (res://tests/unit/test_interrogation_manager.gd:605)
         [2] _run_test (res://addons/gut/gut.gd:605)
         [3] _test_the_scripts (res://addons/gut/gut.gd:818)
WARNING: [CaseManager] Validation: EvidenceData: discovery_method is required for evidence 'ev_elevator_log'
     at: push_warning (core/variant/variant_utility.cpp:1034)
     GDScript backtrace (most recent call first):
         [0] load_case (res://scripts/managers/case_manager.gd:114)
         [1] before_each (res://tests/unit/test_interrogation_manager.gd:605)
         [2] _run_test (res://addons/gut/gut.gd:605)
         [3] _test_the_scripts (res://addons/gut/gut.gd:818)
WARNING: [CaseManager] Validation: EvidenceData: discovery_method is required for evidence 'ev_journal'
     at: push_warning (core/variant/variant_utility.cpp:1034)
     GDScript backtrace (most recent call first):
         [0] load_case (res://scripts/managers/case_manager.gd:114)
         [1] before_each (res://tests/unit/test_interrogation_manager.gd:605)
         [2] _run_test (res://addons/gut/gut.gd:605)
         [3] _test_the_scripts (res://addons/gut/gut.gd:818)
WARNING: [CaseManager] Validation: EvidenceData: discovery_method is required for evidence 'ev_maintenance'
     at: push_warning (core/variant/variant_utility.cpp:1034)
     GDScript backtrace (most recent call first):
         [0] load_case (res://scripts/managers/case_manager.gd:114)
         [1] before_each (res://tests/unit/test_interrogation_manager.gd:605)
         [2] _run_test (res://addons/gut/gut.gd:605)
         [3] _test_the_scripts (res://addons/gut/gut.gd:818)
WARNING: [CaseManager] Validation: EvidenceData: discovery_method is required for evidence 'ev_key_access'
     at: push_warning (core/variant/variant_utility.cpp:1034)
     GDScript backtrace (most recent call first):
         [0] load_case (res://scripts/managers/case_manager.gd:114)
         [1] before_each (res://tests/unit/test_interrogation_manager.gd:605)
         [2] _run_test (res://addons/gut/gut.gd:605)
         [3] _test_the_scripts (res://addons/gut/gut.gd:818)
WARNING: [CaseManager] Validation: EvidenceData: discovery_method is required for evidence 'ev_unlocked_clue'
     at: push_warning (core/variant/variant_utility.cpp:1034)
     GDScript backtrace (most recent call first):
         [0] load_case (res://scripts/managers/case_manager.gd:114)
         [1] before_each (res://tests/unit/test_interrogation_manager.gd:605)
         [2] _run_test (res://addons/gut/gut.gd:605)
         [3] _test_the_scripts (res://addons/gut/gut.gd:818)
WARNING: [CaseManager] Validation: EvidenceData: discovery_method is required for evidence 'ev_no_trigger'
     at: push_warning (core/variant/variant_utility.cpp:1034)
     GDScript backtrace (most recent call first):
         [0] load_case (res://scripts/managers/case_manager.gd:114)
         [1] before_each (res://tests/unit/test_interrogation_manager.gd:605)
         [2] _run_test (res://addons/gut/gut.gd:605)
         [3] _test_the_scripts (res://addons/gut/gut.gd:818)
* test_present_evidence_no_match_returns_not_triggered
WARNING: [CaseManager] Validation: EvidenceData: discovery_method is required for evidence 'ev_parking_camera'
     at: push_warning (core/variant/variant_utility.cpp:1034)
     GDScript backtrace (most recent call first):
         [0] load_case (res://scripts/managers/case_manager.gd:114)
         [1] before_each (res://tests/unit/test_interrogation_manager.gd:605)
         [2] _run_test (res://addons/gut/gut.gd:605)
         [3] _test_the_scripts (res://addons/gut/gut.gd:818)
WARNING: [CaseManager] Validation: EvidenceData: discovery_method is required for evidence 'ev_financial'
     at: push_warning (core/variant/variant_utility.cpp:1034)
     GDScript backtrace (most recent call first):
         [0] load_case (res://scripts/managers/case_manager.gd:114)
         [1] before_each (res://tests/unit/test_interrogation_manager.gd:605)
         [2] _run_test (res://addons/gut/gut.gd:605)
         [3] _test_the_scripts (res://addons/gut/gut.gd:818)
WARNING: [CaseManager] Validation: EvidenceData: discovery_method is required for evidence 'ev_safe'
     at: push_warning (core/variant/variant_utility.cpp:1034)
     GDScript backtrace (most recent call first):
         [0] load_case (res://scripts/managers/case_manager.gd:114)
         [1] before_each (res://tests/unit/test_interrogation_manager.gd:605)
         [2] _run_test (res://addons/gut/gut.gd:605)
         [3] _test_the_scripts (res://addons/gut/gut.gd:818)
WARNING: [CaseManager] Validation: EvidenceData: discovery_method is required for evidence 'ev_hallway_camera'
     at: push_warning (core/variant/variant_utility.cpp:1034)
     GDScript backtrace (most recent call first):
         [0] load_case (res://scripts/managers/case_manager.gd:114)
         [1] before_each (res://tests/unit/test_interrogation_manager.gd:605)
         [2] _run_test (res://addons/gut/gut.gd:605)
         [3] _test_the_scripts (res://addons/gut/gut.gd:818)
WARNING: [CaseManager] Validation: EvidenceData: discovery_method is required for evidence 'ev_shoe_print'
     at: push_warning (core/variant/variant_utility.cpp:1034)
     GDScript backtrace (most recent call first):
         [0] load_case (res://scripts/managers/case_manager.gd:114)
         [1] before_each (res://tests/unit/test_interrogation_manager.gd:605)
         [2] _run_test (res://addons/gut/gut.gd:605)
         [3] _test_the_scripts (res://addons/gut/gut.gd:818)
WARNING: [CaseManager] Validation: EvidenceData: discovery_method is required for evidence 'ev_fingerprint'
     at: push_warning (core/variant/variant_utility.cpp:1034)
     GDScript backtrace (most recent call first):
         [0] load_case (res://scripts/managers/case_manager.gd:114)
         [1] before_each (res://tests/unit/test_interrogation_manager.gd:605)
         [2] _run_test (res://addons/gut/gut.gd:605)
         [3] _test_the_scripts (res://addons/gut/gut.gd:818)
WARNING: [CaseManager] Validation: EvidenceData: discovery_method is required for evidence 'ev_elevator_log'
     at: push_warning (core/variant/variant_utility.cpp:1034)
     GDScript backtrace (most recent call first):
         [0] load_case (res://scripts/managers/case_manager.gd:114)
         [1] before_each (res://tests/unit/test_interrogation_manager.gd:605)
         [2] _run_test (res://addons/gut/gut.gd:605)
         [3] _test_the_scripts (res://addons/gut/gut.gd:818)
WARNING: [CaseManager] Validation: EvidenceData: discovery_method is required for evidence 'ev_journal'
     at: push_warning (core/variant/variant_utility.cpp:1034)
     GDScript backtrace (most recent call first):
         [0] load_case (res://scripts/managers/case_manager.gd:114)
         [1] before_each (res://tests/unit/test_interrogation_manager.gd:605)
         [2] _run_test (res://addons/gut/gut.gd:605)
         [3] _test_the_scripts (res://addons/gut/gut.gd:818)
WARNING: [CaseManager] Validation: EvidenceData: discovery_method is required for evidence 'ev_maintenance'
     at: push_warning (core/variant/variant_utility.cpp:1034)
     GDScript backtrace (most recent call first):
         [0] load_case (res://scripts/managers/case_manager.gd:114)
         [1] before_each (res://tests/unit/test_interrogation_manager.gd:605)
         [2] _run_test (res://addons/gut/gut.gd:605)
         [3] _test_the_scripts (res://addons/gut/gut.gd:818)
WARNING: [CaseManager] Validation: EvidenceData: discovery_method is required for evidence 'ev_key_access'
     at: push_warning (core/variant/variant_utility.cpp:1034)
     GDScript backtrace (most recent call first):
         [0] load_case (res://scripts/managers/case_manager.gd:114)
         [1] before_each (res://tests/unit/test_interrogation_manager.gd:605)
         [2] _run_test (res://addons/gut/gut.gd:605)
         [3] _test_the_scripts (res://addons/gut/gut.gd:818)
WARNING: [CaseManager] Validation: EvidenceData: discovery_method is required for evidence 'ev_unlocked_clue'
     at: push_warning (core/variant/variant_utility.cpp:1034)
     GDScript backtrace (most recent call first):
         [0] load_case (res://scripts/managers/case_manager.gd:114)
         [1] before_each (res://tests/unit/test_interrogation_manager.gd:605)
         [2] _run_test (res://addons/gut/gut.gd:605)
         [3] _test_the_scripts (res://addons/gut/gut.gd:818)
WARNING: [CaseManager] Validation: EvidenceData: discovery_method is required for evidence 'ev_no_trigger'
     at: push_warning (core/variant/variant_utility.cpp:1034)
     GDScript backtrace (most recent call first):
         [0] load_case (res://scripts/managers/case_manager.gd:114)
         [1] before_each (res://tests/unit/test_interrogation_manager.gd:605)
         [2] _run_test (res://addons/gut/gut.gd:605)
         [3] _test_the_scripts (res://addons/gut/gut.gd:818)
* test_present_evidence_already_fired_returns_not_triggered
WARNING: [CaseManager] Validation: EvidenceData: discovery_method is required for evidence 'ev_parking_camera'
     at: push_warning (core/variant/variant_utility.cpp:1034)
     GDScript backtrace (most recent call first):
         [0] load_case (res://scripts/managers/case_manager.gd:114)
         [1] before_each (res://tests/unit/test_interrogation_manager.gd:605)
         [2] _run_test (res://addons/gut/gut.gd:605)
         [3] _test_the_scripts (res://addons/gut/gut.gd:818)
WARNING: [CaseManager] Validation: EvidenceData: discovery_method is required for evidence 'ev_financial'
     at: push_warning (core/variant/variant_utility.cpp:1034)
     GDScript backtrace (most recent call first):
         [0] load_case (res://scripts/managers/case_manager.gd:114)
         [1] before_each (res://tests/unit/test_interrogation_manager.gd:605)
         [2] _run_test (res://addons/gut/gut.gd:605)
         [3] _test_the_scripts (res://addons/gut/gut.gd:818)
WARNING: [CaseManager] Validation: EvidenceData: discovery_method is required for evidence 'ev_safe'
     at: push_warning (core/variant/variant_utility.cpp:1034)
     GDScript backtrace (most recent call first):
         [0] load_case (res://scripts/managers/case_manager.gd:114)
         [1] before_each (res://tests/unit/test_interrogation_manager.gd:605)
         [2] _run_test (res://addons/gut/gut.gd:605)
         [3] _test_the_scripts (res://addons/gut/gut.gd:818)
WARNING: [CaseManager] Validation: EvidenceData: discovery_method is required for evidence 'ev_hallway_camera'
     at: push_warning (core/variant/variant_utility.cpp:1034)
     GDScript backtrace (most recent call first):
         [0] load_case (res://scripts/managers/case_manager.gd:114)
         [1] before_each (res://tests/unit/test_interrogation_manager.gd:605)
         [2] _run_test (res://addons/gut/gut.gd:605)
         [3] _test_the_scripts (res://addons/gut/gut.gd:818)
WARNING: [CaseManager] Validation: EvidenceData: discovery_method is required for evidence 'ev_shoe_print'
     at: push_warning (core/variant/variant_utility.cpp:1034)
     GDScript backtrace (most recent call first):
         [0] load_case (res://scripts/managers/case_manager.gd:114)
         [1] before_each (res://tests/unit/test_interrogation_manager.gd:605)
         [2] _run_test (res://addons/gut/gut.gd:605)
         [3] _test_the_scripts (res://addons/gut/gut.gd:818)
WARNING: [CaseManager] Validation: EvidenceData: discovery_method is required for evidence 'ev_fingerprint'
     at: push_warning (core/variant/variant_utility.cpp:1034)
     GDScript backtrace (most recent call first):
         [0] load_case (res://scripts/managers/case_manager.gd:114)
         [1] before_each (res://tests/unit/test_interrogation_manager.gd:605)
         [2] _run_test (res://addons/gut/gut.gd:605)
         [3] _test_the_scripts (res://addons/gut/gut.gd:818)
WARNING: [CaseManager] Validation: EvidenceData: discovery_method is required for evidence 'ev_elevator_log'
     at: push_warning (core/variant/variant_utility.cpp:1034)
     GDScript backtrace (most recent call first):
         [0] load_case (res://scripts/managers/case_manager.gd:114)
         [1] before_each (res://tests/unit/test_interrogation_manager.gd:605)
         [2] _run_test (res://addons/gut/gut.gd:605)
         [3] _test_the_scripts (res://addons/gut/gut.gd:818)
WARNING: [CaseManager] Validation: EvidenceData: discovery_method is required for evidence 'ev_journal'
     at: push_warning (core/variant/variant_utility.cpp:1034)
     GDScript backtrace (most recent call first):
         [0] load_case (res://scripts/managers/case_manager.gd:114)
         [1] before_each (res://tests/unit/test_interrogation_manager.gd:605)
         [2] _run_test (res://addons/gut/gut.gd:605)
         [3] _test_the_scripts (res://addons/gut/gut.gd:818)
WARNING: [CaseManager] Validation: EvidenceData: discovery_method is required for evidence 'ev_maintenance'
     at: push_warning (core/variant/variant_utility.cpp:1034)
     GDScript backtrace (most recent call first):
         [0] load_case (res://scripts/managers/case_manager.gd:114)
         [1] before_each (res://tests/unit/test_interrogation_manager.gd:605)
         [2] _run_test (res://addons/gut/gut.gd:605)
         [3] _test_the_scripts (res://addons/gut/gut.gd:818)
WARNING: [CaseManager] Validation: EvidenceData: discovery_method is required for evidence 'ev_key_access'
     at: push_warning (core/variant/variant_utility.cpp:1034)
     GDScript backtrace (most recent call first):
         [0] load_case (res://scripts/managers/case_manager.gd:114)
         [1] before_each (res://tests/unit/test_interrogation_manager.gd:605)
         [2] _run_test (res://addons/gut/gut.gd:605)
         [3] _test_the_scripts (res://addons/gut/gut.gd:818)
WARNING: [CaseManager] Validation: EvidenceData: discovery_method is required for evidence 'ev_unlocked_clue'
     at: push_warning (core/variant/variant_utility.cpp:1034)
     GDScript backtrace (most recent call first):
         [0] load_case (res://scripts/managers/case_manager.gd:114)
         [1] before_each (res://tests/unit/test_interrogation_manager.gd:605)
         [2] _run_test (res://addons/gut/gut.gd:605)
         [3] _test_the_scripts (res://addons/gut/gut.gd:818)
WARNING: [CaseManager] Validation: EvidenceData: discovery_method is required for evidence 'ev_no_trigger'
     at: push_warning (core/variant/variant_utility.cpp:1034)
     GDScript backtrace (most recent call first):
         [0] load_case (res://scripts/managers/case_manager.gd:114)
         [1] before_each (res://tests/unit/test_interrogation_manager.gd:605)
         [2] _run_test (res://addons/gut/gut.gd:605)
         [3] _test_the_scripts (res://addons/gut/gut.gd:818)
* test_present_evidence_records_new_statement
WARNING: [CaseManager] Validation: EvidenceData: discovery_method is required for evidence 'ev_parking_camera'
     at: push_warning (core/variant/variant_utility.cpp:1034)
     GDScript backtrace (most recent call first):
         [0] load_case (res://scripts/managers/case_manager.gd:114)
         [1] before_each (res://tests/unit/test_interrogation_manager.gd:605)
         [2] _run_test (res://addons/gut/gut.gd:605)
         [3] _test_the_scripts (res://addons/gut/gut.gd:818)
WARNING: [CaseManager] Validation: EvidenceData: discovery_method is required for evidence 'ev_financial'
     at: push_warning (core/variant/variant_utility.cpp:1034)
     GDScript backtrace (most recent call first):
         [0] load_case (res://scripts/managers/case_manager.gd:114)
         [1] before_each (res://tests/unit/test_interrogation_manager.gd:605)
         [2] _run_test (res://addons/gut/gut.gd:605)
         [3] _test_the_scripts (res://addons/gut/gut.gd:818)
WARNING: [CaseManager] Validation: EvidenceData: discovery_method is required for evidence 'ev_safe'
     at: push_warning (core/variant/variant_utility.cpp:1034)
     GDScript backtrace (most recent call first):
         [0] load_case (res://scripts/managers/case_manager.gd:114)
         [1] before_each (res://tests/unit/test_interrogation_manager.gd:605)
         [2] _run_test (res://addons/gut/gut.gd:605)
         [3] _test_the_scripts (res://addons/gut/gut.gd:818)
WARNING: [CaseManager] Validation: EvidenceData: discovery_method is required for evidence 'ev_hallway_camera'
     at: push_warning (core/variant/variant_utility.cpp:1034)
     GDScript backtrace (most recent call first):
         [0] load_case (res://scripts/managers/case_manager.gd:114)
         [1] before_each (res://tests/unit/test_interrogation_manager.gd:605)
         [2] _run_test (res://addons/gut/gut.gd:605)
         [3] _test_the_scripts (res://addons/gut/gut.gd:818)
WARNING: [CaseManager] Validation: EvidenceData: discovery_method is required for evidence 'ev_shoe_print'
     at: push_warning (core/variant/variant_utility.cpp:1034)
     GDScript backtrace (most recent call first):
         [0] load_case (res://scripts/managers/case_manager.gd:114)
         [1] before_each (res://tests/unit/test_interrogation_manager.gd:605)
         [2] _run_test (res://addons/gut/gut.gd:605)
         [3] _test_the_scripts (res://addons/gut/gut.gd:818)
WARNING: [CaseManager] Validation: EvidenceData: discovery_method is required for evidence 'ev_fingerprint'
     at: push_warning (core/variant/variant_utility.cpp:1034)
     GDScript backtrace (most recent call first):
         [0] load_case (res://scripts/managers/case_manager.gd:114)
         [1] before_each (res://tests/unit/test_interrogation_manager.gd:605)
         [2] _run_test (res://addons/gut/gut.gd:605)
         [3] _test_the_scripts (res://addons/gut/gut.gd:818)
WARNING: [CaseManager] Validation: EvidenceData: discovery_method is required for evidence 'ev_elevator_log'
     at: push_warning (core/variant/variant_utility.cpp:1034)
     GDScript backtrace (most recent call first):
         [0] load_case (res://scripts/managers/case_manager.gd:114)
         [1] before_each (res://tests/unit/test_interrogation_manager.gd:605)
         [2] _run_test (res://addons/gut/gut.gd:605)
         [3] _test_the_scripts (res://addons/gut/gut.gd:818)
WARNING: [CaseManager] Validation: EvidenceData: discovery_method is required for evidence 'ev_journal'
     at: push_warning (core/variant/variant_utility.cpp:1034)
     GDScript backtrace (most recent call first):
         [0] load_case (res://scripts/managers/case_manager.gd:114)
         [1] before_each (res://tests/unit/test_interrogation_manager.gd:605)
         [2] _run_test (res://addons/gut/gut.gd:605)
         [3] _test_the_scripts (res://addons/gut/gut.gd:818)
WARNING: [CaseManager] Validation: EvidenceData: discovery_method is required for evidence 'ev_maintenance'
     at: push_warning (core/variant/variant_utility.cpp:1034)
     GDScript backtrace (most recent call first):
         [0] load_case (res://scripts/managers/case_manager.gd:114)
         [1] before_each (res://tests/unit/test_interrogation_manager.gd:605)
         [2] _run_test (res://addons/gut/gut.gd:605)
         [3] _test_the_scripts (res://addons/gut/gut.gd:818)
WARNING: [CaseManager] Validation: EvidenceData: discovery_method is required for evidence 'ev_key_access'
     at: push_warning (core/variant/variant_utility.cpp:1034)
     GDScript backtrace (most recent call first):
         [0] load_case (res://scripts/managers/case_manager.gd:114)
         [1] before_each (res://tests/unit/test_interrogation_manager.gd:605)
         [2] _run_test (res://addons/gut/gut.gd:605)
         [3] _test_the_scripts (res://addons/gut/gut.gd:818)
WARNING: [CaseManager] Validation: EvidenceData: discovery_method is required for evidence 'ev_unlocked_clue'
     at: push_warning (core/variant/variant_utility.cpp:1034)
     GDScript backtrace (most recent call first):
         [0] load_case (res://scripts/managers/case_manager.gd:114)
         [1] before_each (res://tests/unit/test_interrogation_manager.gd:605)
         [2] _run_test (res://addons/gut/gut.gd:605)
         [3] _test_the_scripts (res://addons/gut/gut.gd:818)
WARNING: [CaseManager] Validation: EvidenceData: discovery_method is required for evidence 'ev_no_trigger'
     at: push_warning (core/variant/variant_utility.cpp:1034)
     GDScript backtrace (most recent call first):
         [0] load_case (res://scripts/managers/case_manager.gd:114)
         [1] before_each (res://tests/unit/test_interrogation_manager.gd:605)
         [2] _run_test (res://addons/gut/gut.gd:605)
         [3] _test_the_scripts (res://addons/gut/gut.gd:818)
* test_present_evidence_unlocks_evidence
WARNING: [CaseManager] Validation: EvidenceData: discovery_method is required for evidence 'ev_parking_camera'
     at: push_warning (core/variant/variant_utility.cpp:1034)
     GDScript backtrace (most recent call first):
         [0] load_case (res://scripts/managers/case_manager.gd:114)
         [1] before_each (res://tests/unit/test_interrogation_manager.gd:605)
         [2] _run_test (res://addons/gut/gut.gd:605)
         [3] _test_the_scripts (res://addons/gut/gut.gd:818)
WARNING: [CaseManager] Validation: EvidenceData: discovery_method is required for evidence 'ev_financial'
     at: push_warning (core/variant/variant_utility.cpp:1034)
     GDScript backtrace (most recent call first):
         [0] load_case (res://scripts/managers/case_manager.gd:114)
         [1] before_each (res://tests/unit/test_interrogation_manager.gd:605)
         [2] _run_test (res://addons/gut/gut.gd:605)
         [3] _test_the_scripts (res://addons/gut/gut.gd:818)
WARNING: [CaseManager] Validation: EvidenceData: discovery_method is required for evidence 'ev_safe'
     at: push_warning (core/variant/variant_utility.cpp:1034)
     GDScript backtrace (most recent call first):
         [0] load_case (res://scripts/managers/case_manager.gd:114)
         [1] before_each (res://tests/unit/test_interrogation_manager.gd:605)
         [2] _run_test (res://addons/gut/gut.gd:605)
         [3] _test_the_scripts (res://addons/gut/gut.gd:818)
WARNING: [CaseManager] Validation: EvidenceData: discovery_method is required for evidence 'ev_hallway_camera'
     at: push_warning (core/variant/variant_utility.cpp:1034)
     GDScript backtrace (most recent call first):
         [0] load_case (res://scripts/managers/case_manager.gd:114)
         [1] before_each (res://tests/unit/test_interrogation_manager.gd:605)
         [2] _run_test (res://addons/gut/gut.gd:605)
         [3] _test_the_scripts (res://addons/gut/gut.gd:818)
WARNING: [CaseManager] Validation: EvidenceData: discovery_method is required for evidence 'ev_shoe_print'
     at: push_warning (core/variant/variant_utility.cpp:1034)
     GDScript backtrace (most recent call first):
         [0] load_case (res://scripts/managers/case_manager.gd:114)
         [1] before_each (res://tests/unit/test_interrogation_manager.gd:605)
         [2] _run_test (res://addons/gut/gut.gd:605)
         [3] _test_the_scripts (res://addons/gut/gut.gd:818)
WARNING: [CaseManager] Validation: EvidenceData: discovery_method is required for evidence 'ev_fingerprint'
     at: push_warning (core/variant/variant_utility.cpp:1034)
     GDScript backtrace (most recent call first):
         [0] load_case (res://scripts/managers/case_manager.gd:114)
         [1] before_each (res://tests/unit/test_interrogation_manager.gd:605)
         [2] _run_test (res://addons/gut/gut.gd:605)
         [3] _test_the_scripts (res://addons/gut/gut.gd:818)
WARNING: [CaseManager] Validation: EvidenceData: discovery_method is required for evidence 'ev_elevator_log'
     at: push_warning (core/variant/variant_utility.cpp:1034)
     GDScript backtrace (most recent call first):
         [0] load_case (res://scripts/managers/case_manager.gd:114)
         [1] before_each (res://tests/unit/test_interrogation_manager.gd:605)
         [2] _run_test (res://addons/gut/gut.gd:605)
         [3] _test_the_scripts (res://addons/gut/gut.gd:818)
WARNING: [CaseManager] Validation: EvidenceData: discovery_method is required for evidence 'ev_journal'
     at: push_warning (core/variant/variant_utility.cpp:1034)
     GDScript backtrace (most recent call first):
         [0] load_case (res://scripts/managers/case_manager.gd:114)
         [1] before_each (res://tests/unit/test_interrogation_manager.gd:605)
         [2] _run_test (res://addons/gut/gut.gd:605)
         [3] _test_the_scripts (res://addons/gut/gut.gd:818)
WARNING: [CaseManager] Validation: EvidenceData: discovery_method is required for evidence 'ev_maintenance'
     at: push_warning (core/variant/variant_utility.cpp:1034)
     GDScript backtrace (most recent call first):
         [0] load_case (res://scripts/managers/case_manager.gd:114)
         [1] before_each (res://tests/unit/test_interrogation_manager.gd:605)
         [2] _run_test (res://addons/gut/gut.gd:605)
         [3] _test_the_scripts (res://addons/gut/gut.gd:818)
WARNING: [CaseManager] Validation: EvidenceData: discovery_method is required for evidence 'ev_key_access'
     at: push_warning (core/variant/variant_utility.cpp:1034)
     GDScript backtrace (most recent call first):
         [0] load_case (res://scripts/managers/case_manager.gd:114)
         [1] before_each (res://tests/unit/test_interrogation_manager.gd:605)
         [2] _run_test (res://addons/gut/gut.gd:605)
         [3] _test_the_scripts (res://addons/gut/gut.gd:818)
WARNING: [CaseManager] Validation: EvidenceData: discovery_method is required for evidence 'ev_unlocked_clue'
     at: push_warning (core/variant/variant_utility.cpp:1034)
     GDScript backtrace (most recent call first):
         [0] load_case (res://scripts/managers/case_manager.gd:114)
         [1] before_each (res://tests/unit/test_interrogation_manager.gd:605)
         [2] _run_test (res://addons/gut/gut.gd:605)
         [3] _test_the_scripts (res://addons/gut/gut.gd:818)
WARNING: [CaseManager] Validation: EvidenceData: discovery_method is required for evidence 'ev_no_trigger'
     at: push_warning (core/variant/variant_utility.cpp:1034)
     GDScript backtrace (most recent call first):
         [0] load_case (res://scripts/managers/case_manager.gd:114)
         [1] before_each (res://tests/unit/test_interrogation_manager.gd:605)
         [2] _run_test (res://addons/gut/gut.gd:605)
         [3] _test_the_scripts (res://addons/gut/gut.gd:818)
* test_present_evidence_emits_trigger_fired
WARNING: [CaseManager] Validation: EvidenceData: discovery_method is required for evidence 'ev_parking_camera'
     at: push_warning (core/variant/variant_utility.cpp:1034)
     GDScript backtrace (most recent call first):
         [0] load_case (res://scripts/managers/case_manager.gd:114)
         [1] before_each (res://tests/unit/test_interrogation_manager.gd:605)
         [2] _run_test (res://addons/gut/gut.gd:605)
         [3] _test_the_scripts (res://addons/gut/gut.gd:818)
WARNING: [CaseManager] Validation: EvidenceData: discovery_method is required for evidence 'ev_financial'
     at: push_warning (core/variant/variant_utility.cpp:1034)
     GDScript backtrace (most recent call first):
         [0] load_case (res://scripts/managers/case_manager.gd:114)
         [1] before_each (res://tests/unit/test_interrogation_manager.gd:605)
         [2] _run_test (res://addons/gut/gut.gd:605)
         [3] _test_the_scripts (res://addons/gut/gut.gd:818)
WARNING: [CaseManager] Validation: EvidenceData: discovery_method is required for evidence 'ev_safe'
     at: push_warning (core/variant/variant_utility.cpp:1034)
     GDScript backtrace (most recent call first):
         [0] load_case (res://scripts/managers/case_manager.gd:114)
         [1] before_each (res://tests/unit/test_interrogation_manager.gd:605)
         [2] _run_test (res://addons/gut/gut.gd:605)
         [3] _test_the_scripts (res://addons/gut/gut.gd:818)
WARNING: [CaseManager] Validation: EvidenceData: discovery_method is required for evidence 'ev_hallway_camera'
     at: push_warning (core/variant/variant_utility.cpp:1034)
     GDScript backtrace (most recent call first):
         [0] load_case (res://scripts/managers/case_manager.gd:114)
         [1] before_each (res://tests/unit/test_interrogation_manager.gd:605)
         [2] _run_test (res://addons/gut/gut.gd:605)
         [3] _test_the_scripts (res://addons/gut/gut.gd:818)
WARNING: [CaseManager] Validation: EvidenceData: discovery_method is required for evidence 'ev_shoe_print'
     at: push_warning (core/variant/variant_utility.cpp:1034)
     GDScript backtrace (most recent call first):
         [0] load_case (res://scripts/managers/case_manager.gd:114)
         [1] before_each (res://tests/unit/test_interrogation_manager.gd:605)
         [2] _run_test (res://addons/gut/gut.gd:605)
         [3] _test_the_scripts (res://addons/gut/gut.gd:818)
WARNING: [CaseManager] Validation: EvidenceData: discovery_method is required for evidence 'ev_fingerprint'
     at: push_warning (core/variant/variant_utility.cpp:1034)
     GDScript backtrace (most recent call first):
         [0] load_case (res://scripts/managers/case_manager.gd:114)
         [1] before_each (res://tests/unit/test_interrogation_manager.gd:605)
         [2] _run_test (res://addons/gut/gut.gd:605)
         [3] _test_the_scripts (res://addons/gut/gut.gd:818)
WARNING: [CaseManager] Validation: EvidenceData: discovery_method is required for evidence 'ev_elevator_log'
     at: push_warning (core/variant/variant_utility.cpp:1034)
     GDScript backtrace (most recent call first):
         [0] load_case (res://scripts/managers/case_manager.gd:114)
         [1] before_each (res://tests/unit/test_interrogation_manager.gd:605)
         [2] _run_test (res://addons/gut/gut.gd:605)
         [3] _test_the_scripts (res://addons/gut/gut.gd:818)
WARNING: [CaseManager] Validation: EvidenceData: discovery_method is required for evidence 'ev_journal'
     at: push_warning (core/variant/variant_utility.cpp:1034)
     GDScript backtrace (most recent call first):
         [0] load_case (res://scripts/managers/case_manager.gd:114)
         [1] before_each (res://tests/unit/test_interrogation_manager.gd:605)
         [2] _run_test (res://addons/gut/gut.gd:605)
         [3] _test_the_scripts (res://addons/gut/gut.gd:818)
WARNING: [CaseManager] Validation: EvidenceData: discovery_method is required for evidence 'ev_maintenance'
     at: push_warning (core/variant/variant_utility.cpp:1034)
     GDScript backtrace (most recent call first):
         [0] load_case (res://scripts/managers/case_manager.gd:114)
         [1] before_each (res://tests/unit/test_interrogation_manager.gd:605)
         [2] _run_test (res://addons/gut/gut.gd:605)
         [3] _test_the_scripts (res://addons/gut/gut.gd:818)
WARNING: [CaseManager] Validation: EvidenceData: discovery_method is required for evidence 'ev_key_access'
     at: push_warning (core/variant/variant_utility.cpp:1034)
     GDScript backtrace (most recent call first):
         [0] load_case (res://scripts/managers/case_manager.gd:114)
         [1] before_each (res://tests/unit/test_interrogation_manager.gd:605)
         [2] _run_test (res://addons/gut/gut.gd:605)
         [3] _test_the_scripts (res://addons/gut/gut.gd:818)
WARNING: [CaseManager] Validation: EvidenceData: discovery_method is required for evidence 'ev_unlocked_clue'
     at: push_warning (core/variant/variant_utility.cpp:1034)
     GDScript backtrace (most recent call first):
         [0] load_case (res://scripts/managers/case_manager.gd:114)
         [1] before_each (res://tests/unit/test_interrogation_manager.gd:605)
         [2] _run_test (res://addons/gut/gut.gd:605)
         [3] _test_the_scripts (res://addons/gut/gut.gd:818)
WARNING: [CaseManager] Validation: EvidenceData: discovery_method is required for evidence 'ev_no_trigger'
     at: push_warning (core/variant/variant_utility.cpp:1034)
     GDScript backtrace (most recent call first):
         [0] load_case (res://scripts/managers/case_manager.gd:114)
         [1] before_each (res://tests/unit/test_interrogation_manager.gd:605)
         [2] _run_test (res://addons/gut/gut.gd:605)
         [3] _test_the_scripts (res://addons/gut/gut.gd:818)
* test_present_evidence_emits_statement_recorded
WARNING: [CaseManager] Validation: EvidenceData: discovery_method is required for evidence 'ev_parking_camera'
     at: push_warning (core/variant/variant_utility.cpp:1034)
     GDScript backtrace (most recent call first):
         [0] load_case (res://scripts/managers/case_manager.gd:114)
         [1] before_each (res://tests/unit/test_interrogation_manager.gd:605)
         [2] _run_test (res://addons/gut/gut.gd:605)
         [3] _test_the_scripts (res://addons/gut/gut.gd:818)
WARNING: [CaseManager] Validation: EvidenceData: discovery_method is required for evidence 'ev_financial'
     at: push_warning (core/variant/variant_utility.cpp:1034)
     GDScript backtrace (most recent call first):
         [0] load_case (res://scripts/managers/case_manager.gd:114)
         [1] before_each (res://tests/unit/test_interrogation_manager.gd:605)
         [2] _run_test (res://addons/gut/gut.gd:605)
         [3] _test_the_scripts (res://addons/gut/gut.gd:818)
WARNING: [CaseManager] Validation: EvidenceData: discovery_method is required for evidence 'ev_safe'
     at: push_warning (core/variant/variant_utility.cpp:1034)
     GDScript backtrace (most recent call first):
         [0] load_case (res://scripts/managers/case_manager.gd:114)
         [1] before_each (res://tests/unit/test_interrogation_manager.gd:605)
         [2] _run_test (res://addons/gut/gut.gd:605)
         [3] _test_the_scripts (res://addons/gut/gut.gd:818)
WARNING: [CaseManager] Validation: EvidenceData: discovery_method is required for evidence 'ev_hallway_camera'
     at: push_warning (core/variant/variant_utility.cpp:1034)
     GDScript backtrace (most recent call first):
         [0] load_case (res://scripts/managers/case_manager.gd:114)
         [1] before_each (res://tests/unit/test_interrogation_manager.gd:605)
         [2] _run_test (res://addons/gut/gut.gd:605)
         [3] _test_the_scripts (res://addons/gut/gut.gd:818)
WARNING: [CaseManager] Validation: EvidenceData: discovery_method is required for evidence 'ev_shoe_print'
     at: push_warning (core/variant/variant_utility.cpp:1034)
     GDScript backtrace (most recent call first):
         [0] load_case (res://scripts/managers/case_manager.gd:114)
         [1] before_each (res://tests/unit/test_interrogation_manager.gd:605)
         [2] _run_test (res://addons/gut/gut.gd:605)
         [3] _test_the_scripts (res://addons/gut/gut.gd:818)
WARNING: [CaseManager] Validation: EvidenceData: discovery_method is required for evidence 'ev_fingerprint'
     at: push_warning (core/variant/variant_utility.cpp:1034)
     GDScript backtrace (most recent call first):
         [0] load_case (res://scripts/managers/case_manager.gd:114)
         [1] before_each (res://tests/unit/test_interrogation_manager.gd:605)
         [2] _run_test (res://addons/gut/gut.gd:605)
         [3] _test_the_scripts (res://addons/gut/gut.gd:818)
WARNING: [CaseManager] Validation: EvidenceData: discovery_method is required for evidence 'ev_elevator_log'
     at: push_warning (core/variant/variant_utility.cpp:1034)
     GDScript backtrace (most recent call first):
         [0] load_case (res://scripts/managers/case_manager.gd:114)
         [1] before_each (res://tests/unit/test_interrogation_manager.gd:605)
         [2] _run_test (res://addons/gut/gut.gd:605)
         [3] _test_the_scripts (res://addons/gut/gut.gd:818)
WARNING: [CaseManager] Validation: EvidenceData: discovery_method is required for evidence 'ev_journal'
     at: push_warning (core/variant/variant_utility.cpp:1034)
     GDScript backtrace (most recent call first):
         [0] load_case (res://scripts/managers/case_manager.gd:114)
         [1] before_each (res://tests/unit/test_interrogation_manager.gd:605)
         [2] _run_test (res://addons/gut/gut.gd:605)
         [3] _test_the_scripts (res://addons/gut/gut.gd:818)
WARNING: [CaseManager] Validation: EvidenceData: discovery_method is required for evidence 'ev_maintenance'
     at: push_warning (core/variant/variant_utility.cpp:1034)
     GDScript backtrace (most recent call first):
         [0] load_case (res://scripts/managers/case_manager.gd:114)
         [1] before_each (res://tests/unit/test_interrogation_manager.gd:605)
         [2] _run_test (res://addons/gut/gut.gd:605)
         [3] _test_the_scripts (res://addons/gut/gut.gd:818)
WARNING: [CaseManager] Validation: EvidenceData: discovery_method is required for evidence 'ev_key_access'
     at: push_warning (core/variant/variant_utility.cpp:1034)
     GDScript backtrace (most recent call first):
         [0] load_case (res://scripts/managers/case_manager.gd:114)
         [1] before_each (res://tests/unit/test_interrogation_manager.gd:605)
         [2] _run_test (res://addons/gut/gut.gd:605)
         [3] _test_the_scripts (res://addons/gut/gut.gd:818)
WARNING: [CaseManager] Validation: EvidenceData: discovery_method is required for evidence 'ev_unlocked_clue'
     at: push_warning (core/variant/variant_utility.cpp:1034)
     GDScript backtrace (most recent call first):
         [0] load_case (res://scripts/managers/case_manager.gd:114)
         [1] before_each (res://tests/unit/test_interrogation_manager.gd:605)
         [2] _run_test (res://addons/gut/gut.gd:605)
         [3] _test_the_scripts (res://addons/gut/gut.gd:818)
WARNING: [CaseManager] Validation: EvidenceData: discovery_method is required for evidence 'ev_no_trigger'
     at: push_warning (core/variant/variant_utility.cpp:1034)
     GDScript backtrace (most recent call first):
         [0] load_case (res://scripts/managers/case_manager.gd:114)
         [1] before_each (res://tests/unit/test_interrogation_manager.gd:605)
         [2] _run_test (res://addons/gut/gut.gd:605)
         [3] _test_the_scripts (res://addons/gut/gut.gd:818)
* test_requires_statement_blocks_when_not_heard
WARNING: [CaseManager] Validation: EvidenceData: discovery_method is required for evidence 'ev_parking_camera'
     at: push_warning (core/variant/variant_utility.cpp:1034)
     GDScript backtrace (most recent call first):
         [0] load_case (res://scripts/managers/case_manager.gd:114)
         [1] before_each (res://tests/unit/test_interrogation_manager.gd:605)
         [2] _run_test (res://addons/gut/gut.gd:605)
         [3] _test_the_scripts (res://addons/gut/gut.gd:818)
WARNING: [CaseManager] Validation: EvidenceData: discovery_method is required for evidence 'ev_financial'
     at: push_warning (core/variant/variant_utility.cpp:1034)
     GDScript backtrace (most recent call first):
         [0] load_case (res://scripts/managers/case_manager.gd:114)
         [1] before_each (res://tests/unit/test_interrogation_manager.gd:605)
         [2] _run_test (res://addons/gut/gut.gd:605)
         [3] _test_the_scripts (res://addons/gut/gut.gd:818)
WARNING: [CaseManager] Validation: EvidenceData: discovery_method is required for evidence 'ev_safe'
     at: push_warning (core/variant/variant_utility.cpp:1034)
     GDScript backtrace (most recent call first):
         [0] load_case (res://scripts/managers/case_manager.gd:114)
         [1] before_each (res://tests/unit/test_interrogation_manager.gd:605)
         [2] _run_test (res://addons/gut/gut.gd:605)
         [3] _test_the_scripts (res://addons/gut/gut.gd:818)
WARNING: [CaseManager] Validation: EvidenceData: discovery_method is required for evidence 'ev_hallway_camera'
     at: push_warning (core/variant/variant_utility.cpp:1034)
     GDScript backtrace (most recent call first):
         [0] load_case (res://scripts/managers/case_manager.gd:114)
         [1] before_each (res://tests/unit/test_interrogation_manager.gd:605)
         [2] _run_test (res://addons/gut/gut.gd:605)
         [3] _test_the_scripts (res://addons/gut/gut.gd:818)
WARNING: [CaseManager] Validation: EvidenceData: discovery_method is required for evidence 'ev_shoe_print'
     at: push_warning (core/variant/variant_utility.cpp:1034)
     GDScript backtrace (most recent call first):
         [0] load_case (res://scripts/managers/case_manager.gd:114)
         [1] before_each (res://tests/unit/test_interrogation_manager.gd:605)
         [2] _run_test (res://addons/gut/gut.gd:605)
         [3] _test_the_scripts (res://addons/gut/gut.gd:818)
WARNING: [CaseManager] Validation: EvidenceData: discovery_method is required for evidence 'ev_fingerprint'
     at: push_warning (core/variant/variant_utility.cpp:1034)
     GDScript backtrace (most recent call first):
         [0] load_case (res://scripts/managers/case_manager.gd:114)
         [1] before_each (res://tests/unit/test_interrogation_manager.gd:605)
         [2] _run_test (res://addons/gut/gut.gd:605)
         [3] _test_the_scripts (res://addons/gut/gut.gd:818)
WARNING: [CaseManager] Validation: EvidenceData: discovery_method is required for evidence 'ev_elevator_log'
     at: push_warning (core/variant/variant_utility.cpp:1034)
     GDScript backtrace (most recent call first):
         [0] load_case (res://scripts/managers/case_manager.gd:114)
         [1] before_each (res://tests/unit/test_interrogation_manager.gd:605)
         [2] _run_test (res://addons/gut/gut.gd:605)
         [3] _test_the_scripts (res://addons/gut/gut.gd:818)
WARNING: [CaseManager] Validation: EvidenceData: discovery_method is required for evidence 'ev_journal'
     at: push_warning (core/variant/variant_utility.cpp:1034)
     GDScript backtrace (most recent call first):
         [0] load_case (res://scripts/managers/case_manager.gd:114)
         [1] before_each (res://tests/unit/test_interrogation_manager.gd:605)
         [2] _run_test (res://addons/gut/gut.gd:605)
         [3] _test_the_scripts (res://addons/gut/gut.gd:818)
WARNING: [CaseManager] Validation: EvidenceData: discovery_method is required for evidence 'ev_maintenance'
     at: push_warning (core/variant/variant_utility.cpp:1034)
     GDScript backtrace (most recent call first):
         [0] load_case (res://scripts/managers/case_manager.gd:114)
         [1] before_each (res://tests/unit/test_interrogation_manager.gd:605)
         [2] _run_test (res://addons/gut/gut.gd:605)
         [3] _test_the_scripts (res://addons/gut/gut.gd:818)
WARNING: [CaseManager] Validation: EvidenceData: discovery_method is required for evidence 'ev_key_access'
     at: push_warning (core/variant/variant_utility.cpp:1034)
     GDScript backtrace (most recent call first):
         [0] load_case (res://scripts/managers/case_manager.gd:114)
         [1] before_each (res://tests/unit/test_interrogation_manager.gd:605)
         [2] _run_test (res://addons/gut/gut.gd:605)
         [3] _test_the_scripts (res://addons/gut/gut.gd:818)
WARNING: [CaseManager] Validation: EvidenceData: discovery_method is required for evidence 'ev_unlocked_clue'
     at: push_warning (core/variant/variant_utility.cpp:1034)
     GDScript backtrace (most recent call first):
         [0] load_case (res://scripts/managers/case_manager.gd:114)
         [1] before_each (res://tests/unit/test_interrogation_manager.gd:605)
         [2] _run_test (res://addons/gut/gut.gd:605)
         [3] _test_the_scripts (res://addons/gut/gut.gd:818)
WARNING: [CaseManager] Validation: EvidenceData: discovery_method is required for evidence 'ev_no_trigger'
     at: push_warning (core/variant/variant_utility.cpp:1034)
     GDScript backtrace (most recent call first):
         [0] load_case (res://scripts/managers/case_manager.gd:114)
         [1] before_each (res://tests/unit/test_interrogation_manager.gd:605)
         [2] _run_test (res://addons/gut/gut.gd:605)
         [3] _test_the_scripts (res://addons/gut/gut.gd:818)
* test_requires_statement_full_strength_when_heard
WARNING: [CaseManager] Validation: EvidenceData: discovery_method is required for evidence 'ev_parking_camera'
     at: push_warning (core/variant/variant_utility.cpp:1034)
     GDScript backtrace (most recent call first):
         [0] load_case (res://scripts/managers/case_manager.gd:114)
         [1] before_each (res://tests/unit/test_interrogation_manager.gd:605)
         [2] _run_test (res://addons/gut/gut.gd:605)
         [3] _test_the_scripts (res://addons/gut/gut.gd:818)
WARNING: [CaseManager] Validation: EvidenceData: discovery_method is required for evidence 'ev_financial'
     at: push_warning (core/variant/variant_utility.cpp:1034)
     GDScript backtrace (most recent call first):
         [0] load_case (res://scripts/managers/case_manager.gd:114)
         [1] before_each (res://tests/unit/test_interrogation_manager.gd:605)
         [2] _run_test (res://addons/gut/gut.gd:605)
         [3] _test_the_scripts (res://addons/gut/gut.gd:818)
WARNING: [CaseManager] Validation: EvidenceData: discovery_method is required for evidence 'ev_safe'
     at: push_warning (core/variant/variant_utility.cpp:1034)
     GDScript backtrace (most recent call first):
         [0] load_case (res://scripts/managers/case_manager.gd:114)
         [1] before_each (res://tests/unit/test_interrogation_manager.gd:605)
         [2] _run_test (res://addons/gut/gut.gd:605)
         [3] _test_the_scripts (res://addons/gut/gut.gd:818)
WARNING: [CaseManager] Validation: EvidenceData: discovery_method is required for evidence 'ev_hallway_camera'
     at: push_warning (core/variant/variant_utility.cpp:1034)
     GDScript backtrace (most recent call first):
         [0] load_case (res://scripts/managers/case_manager.gd:114)
         [1] before_each (res://tests/unit/test_interrogation_manager.gd:605)
         [2] _run_test (res://addons/gut/gut.gd:605)
         [3] _test_the_scripts (res://addons/gut/gut.gd:818)
WARNING: [CaseManager] Validation: EvidenceData: discovery_method is required for evidence 'ev_shoe_print'
     at: push_warning (core/variant/variant_utility.cpp:1034)
     GDScript backtrace (most recent call first):
         [0] load_case (res://scripts/managers/case_manager.gd:114)
         [1] before_each (res://tests/unit/test_interrogation_manager.gd:605)
         [2] _run_test (res://addons/gut/gut.gd:605)
         [3] _test_the_scripts (res://addons/gut/gut.gd:818)
WARNING: [CaseManager] Validation: EvidenceData: discovery_method is required for evidence 'ev_fingerprint'
     at: push_warning (core/variant/variant_utility.cpp:1034)
     GDScript backtrace (most recent call first):
         [0] load_case (res://scripts/managers/case_manager.gd:114)
         [1] before_each (res://tests/unit/test_interrogation_manager.gd:605)
         [2] _run_test (res://addons/gut/gut.gd:605)
         [3] _test_the_scripts (res://addons/gut/gut.gd:818)
WARNING: [CaseManager] Validation: EvidenceData: discovery_method is required for evidence 'ev_elevator_log'
     at: push_warning (core/variant/variant_utility.cpp:1034)
     GDScript backtrace (most recent call first):
         [0] load_case (res://scripts/managers/case_manager.gd:114)
         [1] before_each (res://tests/unit/test_interrogation_manager.gd:605)
         [2] _run_test (res://addons/gut/gut.gd:605)
         [3] _test_the_scripts (res://addons/gut/gut.gd:818)
WARNING: [CaseManager] Validation: EvidenceData: discovery_method is required for evidence 'ev_journal'
     at: push_warning (core/variant/variant_utility.cpp:1034)
     GDScript backtrace (most recent call first):
         [0] load_case (res://scripts/managers/case_manager.gd:114)
         [1] before_each (res://tests/unit/test_interrogation_manager.gd:605)
         [2] _run_test (res://addons/gut/gut.gd:605)
         [3] _test_the_scripts (res://addons/gut/gut.gd:818)
WARNING: [CaseManager] Validation: EvidenceData: discovery_method is required for evidence 'ev_maintenance'
     at: push_warning (core/variant/variant_utility.cpp:1034)
     GDScript backtrace (most recent call first):
         [0] load_case (res://scripts/managers/case_manager.gd:114)
         [1] before_each (res://tests/unit/test_interrogation_manager.gd:605)
         [2] _run_test (res://addons/gut/gut.gd:605)
         [3] _test_the_scripts (res://addons/gut/gut.gd:818)
WARNING: [CaseManager] Validation: EvidenceData: discovery_method is required for evidence 'ev_key_access'
     at: push_warning (core/variant/variant_utility.cpp:1034)
     GDScript backtrace (most recent call first):
         [0] load_case (res://scripts/managers/case_manager.gd:114)
         [1] before_each (res://tests/unit/test_interrogation_manager.gd:605)
         [2] _run_test (res://addons/gut/gut.gd:605)
         [3] _test_the_scripts (res://addons/gut/gut.gd:818)
WARNING: [CaseManager] Validation: EvidenceData: discovery_method is required for evidence 'ev_unlocked_clue'
     at: push_warning (core/variant/variant_utility.cpp:1034)
     GDScript backtrace (most recent call first):
         [0] load_case (res://scripts/managers/case_manager.gd:114)
         [1] before_each (res://tests/unit/test_interrogation_manager.gd:605)
         [2] _run_test (res://addons/gut/gut.gd:605)
         [3] _test_the_scripts (res://addons/gut/gut.gd:818)
WARNING: [CaseManager] Validation: EvidenceData: discovery_method is required for evidence 'ev_no_trigger'
     at: push_warning (core/variant/variant_utility.cpp:1034)
     GDScript backtrace (most recent call first):
         [0] load_case (res://scripts/managers/case_manager.gd:114)
         [1] before_each (res://tests/unit/test_interrogation_manager.gd:605)
         [2] _run_test (res://addons/gut/gut.gd:605)
         [3] _test_the_scripts (res://addons/gut/gut.gd:818)
* test_requires_statement_blocks_pressure_when_not_heard
WARNING: [CaseManager] Validation: EvidenceData: discovery_method is required for evidence 'ev_parking_camera'
     at: push_warning (core/variant/variant_utility.cpp:1034)
     GDScript backtrace (most recent call first):
         [0] load_case (res://scripts/managers/case_manager.gd:114)
         [1] before_each (res://tests/unit/test_interrogation_manager.gd:605)
         [2] _run_test (res://addons/gut/gut.gd:605)
         [3] _test_the_scripts (res://addons/gut/gut.gd:818)
WARNING: [CaseManager] Validation: EvidenceData: discovery_method is required for evidence 'ev_financial'
     at: push_warning (core/variant/variant_utility.cpp:1034)
     GDScript backtrace (most recent call first):
         [0] load_case (res://scripts/managers/case_manager.gd:114)
         [1] before_each (res://tests/unit/test_interrogation_manager.gd:605)
         [2] _run_test (res://addons/gut/gut.gd:605)
         [3] _test_the_scripts (res://addons/gut/gut.gd:818)
WARNING: [CaseManager] Validation: EvidenceData: discovery_method is required for evidence 'ev_safe'
     at: push_warning (core/variant/variant_utility.cpp:1034)
     GDScript backtrace (most recent call first):
         [0] load_case (res://scripts/managers/case_manager.gd:114)
         [1] before_each (res://tests/unit/test_interrogation_manager.gd:605)
         [2] _run_test (res://addons/gut/gut.gd:605)
         [3] _test_the_scripts (res://addons/gut/gut.gd:818)
WARNING: [CaseManager] Validation: EvidenceData: discovery_method is required for evidence 'ev_hallway_camera'
     at: push_warning (core/variant/variant_utility.cpp:1034)
     GDScript backtrace (most recent call first):
         [0] load_case (res://scripts/managers/case_manager.gd:114)
         [1] before_each (res://tests/unit/test_interrogation_manager.gd:605)
         [2] _run_test (res://addons/gut/gut.gd:605)
         [3] _test_the_scripts (res://addons/gut/gut.gd:818)
WARNING: [CaseManager] Validation: EvidenceData: discovery_method is required for evidence 'ev_shoe_print'
     at: push_warning (core/variant/variant_utility.cpp:1034)
     GDScript backtrace (most recent call first):
         [0] load_case (res://scripts/managers/case_manager.gd:114)
         [1] before_each (res://tests/unit/test_interrogation_manager.gd:605)
         [2] _run_test (res://addons/gut/gut.gd:605)
         [3] _test_the_scripts (res://addons/gut/gut.gd:818)
WARNING: [CaseManager] Validation: EvidenceData: discovery_method is required for evidence 'ev_fingerprint'
     at: push_warning (core/variant/variant_utility.cpp:1034)
     GDScript backtrace (most recent call first):
         [0] load_case (res://scripts/managers/case_manager.gd:114)
         [1] before_each (res://tests/unit/test_interrogation_manager.gd:605)
         [2] _run_test (res://addons/gut/gut.gd:605)
         [3] _test_the_scripts (res://addons/gut/gut.gd:818)
WARNING: [CaseManager] Validation: EvidenceData: discovery_method is required for evidence 'ev_elevator_log'
     at: push_warning (core/variant/variant_utility.cpp:1034)
     GDScript backtrace (most recent call first):
         [0] load_case (res://scripts/managers/case_manager.gd:114)
         [1] before_each (res://tests/unit/test_interrogation_manager.gd:605)
         [2] _run_test (res://addons/gut/gut.gd:605)
         [3] _test_the_scripts (res://addons/gut/gut.gd:818)
WARNING: [CaseManager] Validation: EvidenceData: discovery_method is required for evidence 'ev_journal'
     at: push_warning (core/variant/variant_utility.cpp:1034)
     GDScript backtrace (most recent call first):
         [0] load_case (res://scripts/managers/case_manager.gd:114)
         [1] before_each (res://tests/unit/test_interrogation_manager.gd:605)
         [2] _run_test (res://addons/gut/gut.gd:605)
         [3] _test_the_scripts (res://addons/gut/gut.gd:818)
WARNING: [CaseManager] Validation: EvidenceData: discovery_method is required for evidence 'ev_maintenance'
     at: push_warning (core/variant/variant_utility.cpp:1034)
     GDScript backtrace (most recent call first):
         [0] load_case (res://scripts/managers/case_manager.gd:114)
         [1] before_each (res://tests/unit/test_interrogation_manager.gd:605)
         [2] _run_test (res://addons/gut/gut.gd:605)
         [3] _test_the_scripts (res://addons/gut/gut.gd:818)
WARNING: [CaseManager] Validation: EvidenceData: discovery_method is required for evidence 'ev_key_access'
     at: push_warning (core/variant/variant_utility.cpp:1034)
     GDScript backtrace (most recent call first):
         [0] load_case (res://scripts/managers/case_manager.gd:114)
         [1] before_each (res://tests/unit/test_interrogation_manager.gd:605)
         [2] _run_test (res://addons/gut/gut.gd:605)
         [3] _test_the_scripts (res://addons/gut/gut.gd:818)
WARNING: [CaseManager] Validation: EvidenceData: discovery_method is required for evidence 'ev_unlocked_clue'
     at: push_warning (core/variant/variant_utility.cpp:1034)
     GDScript backtrace (most recent call first):
         [0] load_case (res://scripts/managers/case_manager.gd:114)
         [1] before_each (res://tests/unit/test_interrogation_manager.gd:605)
         [2] _run_test (res://addons/gut/gut.gd:605)
         [3] _test_the_scripts (res://addons/gut/gut.gd:818)
WARNING: [CaseManager] Validation: EvidenceData: discovery_method is required for evidence 'ev_no_trigger'
     at: push_warning (core/variant/variant_utility.cpp:1034)
     GDScript backtrace (most recent call first):
         [0] load_case (res://scripts/managers/case_manager.gd:114)
         [1] before_each (res://tests/unit/test_interrogation_manager.gd:605)
         [2] _run_test (res://addons/gut/gut.gd:605)
         [3] _test_the_scripts (res://addons/gut/gut.gd:818)
* test_pressure_accumulates
WARNING: [CaseManager] Validation: EvidenceData: discovery_method is required for evidence 'ev_parking_camera'
     at: push_warning (core/variant/variant_utility.cpp:1034)
     GDScript backtrace (most recent call first):
         [0] load_case (res://scripts/managers/case_manager.gd:114)
         [1] before_each (res://tests/unit/test_interrogation_manager.gd:605)
         [2] _run_test (res://addons/gut/gut.gd:605)
         [3] _test_the_scripts (res://addons/gut/gut.gd:818)
WARNING: [CaseManager] Validation: EvidenceData: discovery_method is required for evidence 'ev_financial'
     at: push_warning (core/variant/variant_utility.cpp:1034)
     GDScript backtrace (most recent call first):
         [0] load_case (res://scripts/managers/case_manager.gd:114)
         [1] before_each (res://tests/unit/test_interrogation_manager.gd:605)
         [2] _run_test (res://addons/gut/gut.gd:605)
         [3] _test_the_scripts (res://addons/gut/gut.gd:818)
WARNING: [CaseManager] Validation: EvidenceData: discovery_method is required for evidence 'ev_safe'
     at: push_warning (core/variant/variant_utility.cpp:1034)
     GDScript backtrace (most recent call first):
         [0] load_case (res://scripts/managers/case_manager.gd:114)
         [1] before_each (res://tests/unit/test_interrogation_manager.gd:605)
         [2] _run_test (res://addons/gut/gut.gd:605)
         [3] _test_the_scripts (res://addons/gut/gut.gd:818)
WARNING: [CaseManager] Validation: EvidenceData: discovery_method is required for evidence 'ev_hallway_camera'
     at: push_warning (core/variant/variant_utility.cpp:1034)
     GDScript backtrace (most recent call first):
         [0] load_case (res://scripts/managers/case_manager.gd:114)
         [1] before_each (res://tests/unit/test_interrogation_manager.gd:605)
         [2] _run_test (res://addons/gut/gut.gd:605)
         [3] _test_the_scripts (res://addons/gut/gut.gd:818)
WARNING: [CaseManager] Validation: EvidenceData: discovery_method is required for evidence 'ev_shoe_print'
     at: push_warning (core/variant/variant_utility.cpp:1034)
     GDScript backtrace (most recent call first):
         [0] load_case (res://scripts/managers/case_manager.gd:114)
         [1] before_each (res://tests/unit/test_interrogation_manager.gd:605)
         [2] _run_test (res://addons/gut/gut.gd:605)
         [3] _test_the_scripts (res://addons/gut/gut.gd:818)
WARNING: [CaseManager] Validation: EvidenceData: discovery_method is required for evidence 'ev_fingerprint'
     at: push_warning (core/variant/variant_utility.cpp:1034)
     GDScript backtrace (most recent call first):
         [0] load_case (res://scripts/managers/case_manager.gd:114)
         [1] before_each (res://tests/unit/test_interrogation_manager.gd:605)
         [2] _run_test (res://addons/gut/gut.gd:605)
         [3] _test_the_scripts (res://addons/gut/gut.gd:818)
WARNING: [CaseManager] Validation: EvidenceData: discovery_method is required for evidence 'ev_elevator_log'
     at: push_warning (core/variant/variant_utility.cpp:1034)
     GDScript backtrace (most recent call first):
         [0] load_case (res://scripts/managers/case_manager.gd:114)
         [1] before_each (res://tests/unit/test_interrogation_manager.gd:605)
         [2] _run_test (res://addons/gut/gut.gd:605)
         [3] _test_the_scripts (res://addons/gut/gut.gd:818)
WARNING: [CaseManager] Validation: EvidenceData: discovery_method is required for evidence 'ev_journal'
     at: push_warning (core/variant/variant_utility.cpp:1034)
     GDScript backtrace (most recent call first):
         [0] load_case (res://scripts/managers/case_manager.gd:114)
         [1] before_each (res://tests/unit/test_interrogation_manager.gd:605)
         [2] _run_test (res://addons/gut/gut.gd:605)
         [3] _test_the_scripts (res://addons/gut/gut.gd:818)
WARNING: [CaseManager] Validation: EvidenceData: discovery_method is required for evidence 'ev_maintenance'
     at: push_warning (core/variant/variant_utility.cpp:1034)
     GDScript backtrace (most recent call first):
         [0] load_case (res://scripts/managers/case_manager.gd:114)
         [1] before_each (res://tests/unit/test_interrogation_manager.gd:605)
         [2] _run_test (res://addons/gut/gut.gd:605)
         [3] _test_the_scripts (res://addons/gut/gut.gd:818)
WARNING: [CaseManager] Validation: EvidenceData: discovery_method is required for evidence 'ev_key_access'
     at: push_warning (core/variant/variant_utility.cpp:1034)
     GDScript backtrace (most recent call first):
         [0] load_case (res://scripts/managers/case_manager.gd:114)
         [1] before_each (res://tests/unit/test_interrogation_manager.gd:605)
         [2] _run_test (res://addons/gut/gut.gd:605)
         [3] _test_the_scripts (res://addons/gut/gut.gd:818)
WARNING: [CaseManager] Validation: EvidenceData: discovery_method is required for evidence 'ev_unlocked_clue'
     at: push_warning (core/variant/variant_utility.cpp:1034)
     GDScript backtrace (most recent call first):
         [0] load_case (res://scripts/managers/case_manager.gd:114)
         [1] before_each (res://tests/unit/test_interrogation_manager.gd:605)
         [2] _run_test (res://addons/gut/gut.gd:605)
         [3] _test_the_scripts (res://addons/gut/gut.gd:818)
WARNING: [CaseManager] Validation: EvidenceData: discovery_method is required for evidence 'ev_no_trigger'
     at: push_warning (core/variant/variant_utility.cpp:1034)
     GDScript backtrace (most recent call first):
         [0] load_case (res://scripts/managers/case_manager.gd:114)
         [1] before_each (res://tests/unit/test_interrogation_manager.gd:605)
         [2] _run_test (res://addons/gut/gut.gd:605)
         [3] _test_the_scripts (res://addons/gut/gut.gd:818)
* test_pressure_emits_signal
WARNING: [CaseManager] Validation: EvidenceData: discovery_method is required for evidence 'ev_parking_camera'
     at: push_warning (core/variant/variant_utility.cpp:1034)
     GDScript backtrace (most recent call first):
         [0] load_case (res://scripts/managers/case_manager.gd:114)
         [1] before_each (res://tests/unit/test_interrogation_manager.gd:605)
         [2] _run_test (res://addons/gut/gut.gd:605)
         [3] _test_the_scripts (res://addons/gut/gut.gd:818)
WARNING: [CaseManager] Validation: EvidenceData: discovery_method is required for evidence 'ev_financial'
     at: push_warning (core/variant/variant_utility.cpp:1034)
     GDScript backtrace (most recent call first):
         [0] load_case (res://scripts/managers/case_manager.gd:114)
         [1] before_each (res://tests/unit/test_interrogation_manager.gd:605)
         [2] _run_test (res://addons/gut/gut.gd:605)
         [3] _test_the_scripts (res://addons/gut/gut.gd:818)
WARNING: [CaseManager] Validation: EvidenceData: discovery_method is required for evidence 'ev_safe'
     at: push_warning (core/variant/variant_utility.cpp:1034)
     GDScript backtrace (most recent call first):
         [0] load_case (res://scripts/managers/case_manager.gd:114)
         [1] before_each (res://tests/unit/test_interrogation_manager.gd:605)
         [2] _run_test (res://addons/gut/gut.gd:605)
         [3] _test_the_scripts (res://addons/gut/gut.gd:818)
WARNING: [CaseManager] Validation: EvidenceData: discovery_method is required for evidence 'ev_hallway_camera'
     at: push_warning (core/variant/variant_utility.cpp:1034)
     GDScript backtrace (most recent call first):
         [0] load_case (res://scripts/managers/case_manager.gd:114)
         [1] before_each (res://tests/unit/test_interrogation_manager.gd:605)
         [2] _run_test (res://addons/gut/gut.gd:605)
         [3] _test_the_scripts (res://addons/gut/gut.gd:818)
WARNING: [CaseManager] Validation: EvidenceData: discovery_method is required for evidence 'ev_shoe_print'
     at: push_warning (core/variant/variant_utility.cpp:1034)
     GDScript backtrace (most recent call first):
         [0] load_case (res://scripts/managers/case_manager.gd:114)
         [1] before_each (res://tests/unit/test_interrogation_manager.gd:605)
         [2] _run_test (res://addons/gut/gut.gd:605)
         [3] _test_the_scripts (res://addons/gut/gut.gd:818)
WARNING: [CaseManager] Validation: EvidenceData: discovery_method is required for evidence 'ev_fingerprint'
     at: push_warning (core/variant/variant_utility.cpp:1034)
     GDScript backtrace (most recent call first):
         [0] load_case (res://scripts/managers/case_manager.gd:114)
         [1] before_each (res://tests/unit/test_interrogation_manager.gd:605)
         [2] _run_test (res://addons/gut/gut.gd:605)
         [3] _test_the_scripts (res://addons/gut/gut.gd:818)
WARNING: [CaseManager] Validation: EvidenceData: discovery_method is required for evidence 'ev_elevator_log'
     at: push_warning (core/variant/variant_utility.cpp:1034)
     GDScript backtrace (most recent call first):
         [0] load_case (res://scripts/managers/case_manager.gd:114)
         [1] before_each (res://tests/unit/test_interrogation_manager.gd:605)
         [2] _run_test (res://addons/gut/gut.gd:605)
         [3] _test_the_scripts (res://addons/gut/gut.gd:818)
WARNING: [CaseManager] Validation: EvidenceData: discovery_method is required for evidence 'ev_journal'
     at: push_warning (core/variant/variant_utility.cpp:1034)
     GDScript backtrace (most recent call first):
         [0] load_case (res://scripts/managers/case_manager.gd:114)
         [1] before_each (res://tests/unit/test_interrogation_manager.gd:605)
         [2] _run_test (res://addons/gut/gut.gd:605)
         [3] _test_the_scripts (res://addons/gut/gut.gd:818)
WARNING: [CaseManager] Validation: EvidenceData: discovery_method is required for evidence 'ev_maintenance'
     at: push_warning (core/variant/variant_utility.cpp:1034)
     GDScript backtrace (most recent call first):
         [0] load_case (res://scripts/managers/case_manager.gd:114)
         [1] before_each (res://tests/unit/test_interrogation_manager.gd:605)
         [2] _run_test (res://addons/gut/gut.gd:605)
         [3] _test_the_scripts (res://addons/gut/gut.gd:818)
WARNING: [CaseManager] Validation: EvidenceData: discovery_method is required for evidence 'ev_key_access'
     at: push_warning (core/variant/variant_utility.cpp:1034)
     GDScript backtrace (most recent call first):
         [0] load_case (res://scripts/managers/case_manager.gd:114)
         [1] before_each (res://tests/unit/test_interrogation_manager.gd:605)
         [2] _run_test (res://addons/gut/gut.gd:605)
         [3] _test_the_scripts (res://addons/gut/gut.gd:818)
WARNING: [CaseManager] Validation: EvidenceData: discovery_method is required for evidence 'ev_unlocked_clue'
     at: push_warning (core/variant/variant_utility.cpp:1034)
     GDScript backtrace (most recent call first):
         [0] load_case (res://scripts/managers/case_manager.gd:114)
         [1] before_each (res://tests/unit/test_interrogation_manager.gd:605)
         [2] _run_test (res://addons/gut/gut.gd:605)
         [3] _test_the_scripts (res://addons/gut/gut.gd:818)
WARNING: [CaseManager] Validation: EvidenceData: discovery_method is required for evidence 'ev_no_trigger'
     at: push_warning (core/variant/variant_utility.cpp:1034)
     GDScript backtrace (most recent call first):
         [0] load_case (res://scripts/managers/case_manager.gd:114)
         [1] before_each (res://tests/unit/test_interrogation_manager.gd:605)
         [2] _run_test (res://addons/gut/gut.gd:605)
         [3] _test_the_scripts (res://addons/gut/gut.gd:818)
* test_break_moment_at_threshold
WARNING: [CaseManager] Validation: EvidenceData: discovery_method is required for evidence 'ev_parking_camera'
     at: push_warning (core/variant/variant_utility.cpp:1034)
     GDScript backtrace (most recent call first):
         [0] load_case (res://scripts/managers/case_manager.gd:114)
         [1] before_each (res://tests/unit/test_interrogation_manager.gd:605)
         [2] _run_test (res://addons/gut/gut.gd:605)
         [3] _test_the_scripts (res://addons/gut/gut.gd:818)
WARNING: [CaseManager] Validation: EvidenceData: discovery_method is required for evidence 'ev_financial'
     at: push_warning (core/variant/variant_utility.cpp:1034)
     GDScript backtrace (most recent call first):
         [0] load_case (res://scripts/managers/case_manager.gd:114)
         [1] before_each (res://tests/unit/test_interrogation_manager.gd:605)
         [2] _run_test (res://addons/gut/gut.gd:605)
         [3] _test_the_scripts (res://addons/gut/gut.gd:818)
WARNING: [CaseManager] Validation: EvidenceData: discovery_method is required for evidence 'ev_safe'
     at: push_warning (core/variant/variant_utility.cpp:1034)
     GDScript backtrace (most recent call first):
         [0] load_case (res://scripts/managers/case_manager.gd:114)
         [1] before_each (res://tests/unit/test_interrogation_manager.gd:605)
         [2] _run_test (res://addons/gut/gut.gd:605)
         [3] _test_the_scripts (res://addons/gut/gut.gd:818)
WARNING: [CaseManager] Validation: EvidenceData: discovery_method is required for evidence 'ev_hallway_camera'
     at: push_warning (core/variant/variant_utility.cpp:1034)
     GDScript backtrace (most recent call first):
         [0] load_case (res://scripts/managers/case_manager.gd:114)
         [1] before_each (res://tests/unit/test_interrogation_manager.gd:605)
         [2] _run_test (res://addons/gut/gut.gd:605)
         [3] _test_the_scripts (res://addons/gut/gut.gd:818)
WARNING: [CaseManager] Validation: EvidenceData: discovery_method is required for evidence 'ev_shoe_print'
     at: push_warning (core/variant/variant_utility.cpp:1034)
     GDScript backtrace (most recent call first):
         [0] load_case (res://scripts/managers/case_manager.gd:114)
         [1] before_each (res://tests/unit/test_interrogation_manager.gd:605)
         [2] _run_test (res://addons/gut/gut.gd:605)
         [3] _test_the_scripts (res://addons/gut/gut.gd:818)
WARNING: [CaseManager] Validation: EvidenceData: discovery_method is required for evidence 'ev_fingerprint'
     at: push_warning (core/variant/variant_utility.cpp:1034)
     GDScript backtrace (most recent call first):
         [0] load_case (res://scripts/managers/case_manager.gd:114)
         [1] before_each (res://tests/unit/test_interrogation_manager.gd:605)
         [2] _run_test (res://addons/gut/gut.gd:605)
         [3] _test_the_scripts (res://addons/gut/gut.gd:818)
WARNING: [CaseManager] Validation: EvidenceData: discovery_method is required for evidence 'ev_elevator_log'
     at: push_warning (core/variant/variant_utility.cpp:1034)
     GDScript backtrace (most recent call first):
         [0] load_case (res://scripts/managers/case_manager.gd:114)
         [1] before_each (res://tests/unit/test_interrogation_manager.gd:605)
         [2] _run_test (res://addons/gut/gut.gd:605)
         [3] _test_the_scripts (res://addons/gut/gut.gd:818)
WARNING: [CaseManager] Validation: EvidenceData: discovery_method is required for evidence 'ev_journal'
     at: push_warning (core/variant/variant_utility.cpp:1034)
     GDScript backtrace (most recent call first):
         [0] load_case (res://scripts/managers/case_manager.gd:114)
         [1] before_each (res://tests/unit/test_interrogation_manager.gd:605)
         [2] _run_test (res://addons/gut/gut.gd:605)
         [3] _test_the_scripts (res://addons/gut/gut.gd:818)
WARNING: [CaseManager] Validation: EvidenceData: discovery_method is required for evidence 'ev_maintenance'
     at: push_warning (core/variant/variant_utility.cpp:1034)
     GDScript backtrace (most recent call first):
         [0] load_case (res://scripts/managers/case_manager.gd:114)
         [1] before_each (res://tests/unit/test_interrogation_manager.gd:605)
         [2] _run_test (res://addons/gut/gut.gd:605)
         [3] _test_the_scripts (res://addons/gut/gut.gd:818)
WARNING: [CaseManager] Validation: EvidenceData: discovery_method is required for evidence 'ev_key_access'
     at: push_warning (core/variant/variant_utility.cpp:1034)
     GDScript backtrace (most recent call first):
         [0] load_case (res://scripts/managers/case_manager.gd:114)
         [1] before_each (res://tests/unit/test_interrogation_manager.gd:605)
         [2] _run_test (res://addons/gut/gut.gd:605)
         [3] _test_the_scripts (res://addons/gut/gut.gd:818)
WARNING: [CaseManager] Validation: EvidenceData: discovery_method is required for evidence 'ev_unlocked_clue'
     at: push_warning (core/variant/variant_utility.cpp:1034)
     GDScript backtrace (most recent call first):
         [0] load_case (res://scripts/managers/case_manager.gd:114)
         [1] before_each (res://tests/unit/test_interrogation_manager.gd:605)
         [2] _run_test (res://addons/gut/gut.gd:605)
         [3] _test_the_scripts (res://addons/gut/gut.gd:818)
WARNING: [CaseManager] Validation: EvidenceData: discovery_method is required for evidence 'ev_no_trigger'
     at: push_warning (core/variant/variant_utility.cpp:1034)
     GDScript backtrace (most recent call first):
         [0] load_case (res://scripts/managers/case_manager.gd:114)
         [1] before_each (res://tests/unit/test_interrogation_manager.gd:605)
         [2] _run_test (res://addons/gut/gut.gd:605)
         [3] _test_the_scripts (res://addons/gut/gut.gd:818)
* test_break_moment_emits_signal
WARNING: [CaseManager] Validation: EvidenceData: discovery_method is required for evidence 'ev_parking_camera'
     at: push_warning (core/variant/variant_utility.cpp:1034)
     GDScript backtrace (most recent call first):
         [0] load_case (res://scripts/managers/case_manager.gd:114)
         [1] before_each (res://tests/unit/test_interrogation_manager.gd:605)
         [2] _run_test (res://addons/gut/gut.gd:605)
         [3] _test_the_scripts (res://addons/gut/gut.gd:818)
WARNING: [CaseManager] Validation: EvidenceData: discovery_method is required for evidence 'ev_financial'
     at: push_warning (core/variant/variant_utility.cpp:1034)
     GDScript backtrace (most recent call first):
         [0] load_case (res://scripts/managers/case_manager.gd:114)
         [1] before_each (res://tests/unit/test_interrogation_manager.gd:605)
         [2] _run_test (res://addons/gut/gut.gd:605)
         [3] _test_the_scripts (res://addons/gut/gut.gd:818)
WARNING: [CaseManager] Validation: EvidenceData: discovery_method is required for evidence 'ev_safe'
     at: push_warning (core/variant/variant_utility.cpp:1034)
     GDScript backtrace (most recent call first):
         [0] load_case (res://scripts/managers/case_manager.gd:114)
         [1] before_each (res://tests/unit/test_interrogation_manager.gd:605)
         [2] _run_test (res://addons/gut/gut.gd:605)
         [3] _test_the_scripts (res://addons/gut/gut.gd:818)
WARNING: [CaseManager] Validation: EvidenceData: discovery_method is required for evidence 'ev_hallway_camera'
     at: push_warning (core/variant/variant_utility.cpp:1034)
     GDScript backtrace (most recent call first):
         [0] load_case (res://scripts/managers/case_manager.gd:114)
         [1] before_each (res://tests/unit/test_interrogation_manager.gd:605)
         [2] _run_test (res://addons/gut/gut.gd:605)
         [3] _test_the_scripts (res://addons/gut/gut.gd:818)
WARNING: [CaseManager] Validation: EvidenceData: discovery_method is required for evidence 'ev_shoe_print'
     at: push_warning (core/variant/variant_utility.cpp:1034)
     GDScript backtrace (most recent call first):
         [0] load_case (res://scripts/managers/case_manager.gd:114)
         [1] before_each (res://tests/unit/test_interrogation_manager.gd:605)
         [2] _run_test (res://addons/gut/gut.gd:605)
         [3] _test_the_scripts (res://addons/gut/gut.gd:818)
WARNING: [CaseManager] Validation: EvidenceData: discovery_method is required for evidence 'ev_fingerprint'
     at: push_warning (core/variant/variant_utility.cpp:1034)
     GDScript backtrace (most recent call first):
         [0] load_case (res://scripts/managers/case_manager.gd:114)
         [1] before_each (res://tests/unit/test_interrogation_manager.gd:605)
         [2] _run_test (res://addons/gut/gut.gd:605)
         [3] _test_the_scripts (res://addons/gut/gut.gd:818)
WARNING: [CaseManager] Validation: EvidenceData: discovery_method is required for evidence 'ev_elevator_log'
     at: push_warning (core/variant/variant_utility.cpp:1034)
     GDScript backtrace (most recent call first):
         [0] load_case (res://scripts/managers/case_manager.gd:114)
         [1] before_each (res://tests/unit/test_interrogation_manager.gd:605)
         [2] _run_test (res://addons/gut/gut.gd:605)
         [3] _test_the_scripts (res://addons/gut/gut.gd:818)
WARNING: [CaseManager] Validation: EvidenceData: discovery_method is required for evidence 'ev_journal'
     at: push_warning (core/variant/variant_utility.cpp:1034)
     GDScript backtrace (most recent call first):
         [0] load_case (res://scripts/managers/case_manager.gd:114)
         [1] before_each (res://tests/unit/test_interrogation_manager.gd:605)
         [2] _run_test (res://addons/gut/gut.gd:605)
         [3] _test_the_scripts (res://addons/gut/gut.gd:818)
WARNING: [CaseManager] Validation: EvidenceData: discovery_method is required for evidence 'ev_maintenance'
     at: push_warning (core/variant/variant_utility.cpp:1034)
     GDScript backtrace (most recent call first):
         [0] load_case (res://scripts/managers/case_manager.gd:114)
         [1] before_each (res://tests/unit/test_interrogation_manager.gd:605)
         [2] _run_test (res://addons/gut/gut.gd:605)
         [3] _test_the_scripts (res://addons/gut/gut.gd:818)
WARNING: [CaseManager] Validation: EvidenceData: discovery_method is required for evidence 'ev_key_access'
     at: push_warning (core/variant/variant_utility.cpp:1034)
     GDScript backtrace (most recent call first):
         [0] load_case (res://scripts/managers/case_manager.gd:114)
         [1] before_each (res://tests/unit/test_interrogation_manager.gd:605)
         [2] _run_test (res://addons/gut/gut.gd:605)
         [3] _test_the_scripts (res://addons/gut/gut.gd:818)
WARNING: [CaseManager] Validation: EvidenceData: discovery_method is required for evidence 'ev_unlocked_clue'
     at: push_warning (core/variant/variant_utility.cpp:1034)
     GDScript backtrace (most recent call first):
         [0] load_case (res://scripts/managers/case_manager.gd:114)
         [1] before_each (res://tests/unit/test_interrogation_manager.gd:605)
         [2] _run_test (res://addons/gut/gut.gd:605)
         [3] _test_the_scripts (res://addons/gut/gut.gd:818)
WARNING: [CaseManager] Validation: EvidenceData: discovery_method is required for evidence 'ev_no_trigger'
     at: push_warning (core/variant/variant_utility.cpp:1034)
     GDScript backtrace (most recent call first):
         [0] load_case (res://scripts/managers/case_manager.gd:114)
         [1] before_each (res://tests/unit/test_interrogation_manager.gd:605)
         [2] _run_test (res://addons/gut/gut.gd:605)
         [3] _test_the_scripts (res://addons/gut/gut.gd:818)
* test_break_moment_changes_phase
WARNING: [CaseManager] Validation: EvidenceData: discovery_method is required for evidence 'ev_parking_camera'
     at: push_warning (core/variant/variant_utility.cpp:1034)
     GDScript backtrace (most recent call first):
         [0] load_case (res://scripts/managers/case_manager.gd:114)
         [1] before_each (res://tests/unit/test_interrogation_manager.gd:605)
         [2] _run_test (res://addons/gut/gut.gd:605)
         [3] _test_the_scripts (res://addons/gut/gut.gd:818)
WARNING: [CaseManager] Validation: EvidenceData: discovery_method is required for evidence 'ev_financial'
     at: push_warning (core/variant/variant_utility.cpp:1034)
     GDScript backtrace (most recent call first):
         [0] load_case (res://scripts/managers/case_manager.gd:114)
         [1] before_each (res://tests/unit/test_interrogation_manager.gd:605)
         [2] _run_test (res://addons/gut/gut.gd:605)
         [3] _test_the_scripts (res://addons/gut/gut.gd:818)
WARNING: [CaseManager] Validation: EvidenceData: discovery_method is required for evidence 'ev_safe'
     at: push_warning (core/variant/variant_utility.cpp:1034)
     GDScript backtrace (most recent call first):
         [0] load_case (res://scripts/managers/case_manager.gd:114)
         [1] before_each (res://tests/unit/test_interrogation_manager.gd:605)
         [2] _run_test (res://addons/gut/gut.gd:605)
         [3] _test_the_scripts (res://addons/gut/gut.gd:818)
WARNING: [CaseManager] Validation: EvidenceData: discovery_method is required for evidence 'ev_hallway_camera'
     at: push_warning (core/variant/variant_utility.cpp:1034)
     GDScript backtrace (most recent call first):
         [0] load_case (res://scripts/managers/case_manager.gd:114)
         [1] before_each (res://tests/unit/test_interrogation_manager.gd:605)
         [2] _run_test (res://addons/gut/gut.gd:605)
         [3] _test_the_scripts (res://addons/gut/gut.gd:818)
WARNING: [CaseManager] Validation: EvidenceData: discovery_method is required for evidence 'ev_shoe_print'
     at: push_warning (core/variant/variant_utility.cpp:1034)
     GDScript backtrace (most recent call first):
         [0] load_case (res://scripts/managers/case_manager.gd:114)
         [1] before_each (res://tests/unit/test_interrogation_manager.gd:605)
         [2] _run_test (res://addons/gut/gut.gd:605)
         [3] _test_the_scripts (res://addons/gut/gut.gd:818)
WARNING: [CaseManager] Validation: EvidenceData: discovery_method is required for evidence 'ev_fingerprint'
     at: push_warning (core/variant/variant_utility.cpp:1034)
     GDScript backtrace (most recent call first):
         [0] load_case (res://scripts/managers/case_manager.gd:114)
         [1] before_each (res://tests/unit/test_interrogation_manager.gd:605)
         [2] _run_test (res://addons/gut/gut.gd:605)
         [3] _test_the_scripts (res://addons/gut/gut.gd:818)
WARNING: [CaseManager] Validation: EvidenceData: discovery_method is required for evidence 'ev_elevator_log'
     at: push_warning (core/variant/variant_utility.cpp:1034)
     GDScript backtrace (most recent call first):
         [0] load_case (res://scripts/managers/case_manager.gd:114)
         [1] before_each (res://tests/unit/test_interrogation_manager.gd:605)
         [2] _run_test (res://addons/gut/gut.gd:605)
         [3] _test_the_scripts (res://addons/gut/gut.gd:818)
WARNING: [CaseManager] Validation: EvidenceData: discovery_method is required for evidence 'ev_journal'
     at: push_warning (core/variant/variant_utility.cpp:1034)
     GDScript backtrace (most recent call first):
         [0] load_case (res://scripts/managers/case_manager.gd:114)
         [1] before_each (res://tests/unit/test_interrogation_manager.gd:605)
         [2] _run_test (res://addons/gut/gut.gd:605)
         [3] _test_the_scripts (res://addons/gut/gut.gd:818)
WARNING: [CaseManager] Validation: EvidenceData: discovery_method is required for evidence 'ev_maintenance'
     at: push_warning (core/variant/variant_utility.cpp:1034)
     GDScript backtrace (most recent call first):
         [0] load_case (res://scripts/managers/case_manager.gd:114)
         [1] before_each (res://tests/unit/test_interrogation_manager.gd:605)
         [2] _run_test (res://addons/gut/gut.gd:605)
         [3] _test_the_scripts (res://addons/gut/gut.gd:818)
WARNING: [CaseManager] Validation: EvidenceData: discovery_method is required for evidence 'ev_key_access'
     at: push_warning (core/variant/variant_utility.cpp:1034)
     GDScript backtrace (most recent call first):
         [0] load_case (res://scripts/managers/case_manager.gd:114)
         [1] before_each (res://tests/unit/test_interrogation_manager.gd:605)
         [2] _run_test (res://addons/gut/gut.gd:605)
         [3] _test_the_scripts (res://addons/gut/gut.gd:818)
WARNING: [CaseManager] Validation: EvidenceData: discovery_method is required for evidence 'ev_unlocked_clue'
     at: push_warning (core/variant/variant_utility.cpp:1034)
     GDScript backtrace (most recent call first):
         [0] load_case (res://scripts/managers/case_manager.gd:114)
         [1] before_each (res://tests/unit/test_interrogation_manager.gd:605)
         [2] _run_test (res://addons/gut/gut.gd:605)
         [3] _test_the_scripts (res://addons/gut/gut.gd:818)
WARNING: [CaseManager] Validation: EvidenceData: discovery_method is required for evidence 'ev_no_trigger'
     at: push_warning (core/variant/variant_utility.cpp:1034)
     GDScript backtrace (most recent call first):
         [0] load_case (res://scripts/managers/case_manager.gd:114)
         [1] before_each (res://tests/unit/test_interrogation_manager.gd:605)
         [2] _run_test (res://addons/gut/gut.gd:605)
         [3] _test_the_scripts (res://addons/gut/gut.gd:818)
* test_break_moment_persists_across_sessions
WARNING: [CaseManager] Validation: EvidenceData: discovery_method is required for evidence 'ev_parking_camera'
     at: push_warning (core/variant/variant_utility.cpp:1034)
     GDScript backtrace (most recent call first):
         [0] load_case (res://scripts/managers/case_manager.gd:114)
         [1] before_each (res://tests/unit/test_interrogation_manager.gd:605)
         [2] _run_test (res://addons/gut/gut.gd:605)
         [3] _test_the_scripts (res://addons/gut/gut.gd:818)
WARNING: [CaseManager] Validation: EvidenceData: discovery_method is required for evidence 'ev_financial'
     at: push_warning (core/variant/variant_utility.cpp:1034)
     GDScript backtrace (most recent call first):
         [0] load_case (res://scripts/managers/case_manager.gd:114)
         [1] before_each (res://tests/unit/test_interrogation_manager.gd:605)
         [2] _run_test (res://addons/gut/gut.gd:605)
         [3] _test_the_scripts (res://addons/gut/gut.gd:818)
WARNING: [CaseManager] Validation: EvidenceData: discovery_method is required for evidence 'ev_safe'
     at: push_warning (core/variant/variant_utility.cpp:1034)
     GDScript backtrace (most recent call first):
         [0] load_case (res://scripts/managers/case_manager.gd:114)
         [1] before_each (res://tests/unit/test_interrogation_manager.gd:605)
         [2] _run_test (res://addons/gut/gut.gd:605)
         [3] _test_the_scripts (res://addons/gut/gut.gd:818)
WARNING: [CaseManager] Validation: EvidenceData: discovery_method is required for evidence 'ev_hallway_camera'
     at: push_warning (core/variant/variant_utility.cpp:1034)
     GDScript backtrace (most recent call first):
         [0] load_case (res://scripts/managers/case_manager.gd:114)
         [1] before_each (res://tests/unit/test_interrogation_manager.gd:605)
         [2] _run_test (res://addons/gut/gut.gd:605)
         [3] _test_the_scripts (res://addons/gut/gut.gd:818)
WARNING: [CaseManager] Validation: EvidenceData: discovery_method is required for evidence 'ev_shoe_print'
     at: push_warning (core/variant/variant_utility.cpp:1034)
     GDScript backtrace (most recent call first):
         [0] load_case (res://scripts/managers/case_manager.gd:114)
         [1] before_each (res://tests/unit/test_interrogation_manager.gd:605)
         [2] _run_test (res://addons/gut/gut.gd:605)
         [3] _test_the_scripts (res://addons/gut/gut.gd:818)
WARNING: [CaseManager] Validation: EvidenceData: discovery_method is required for evidence 'ev_fingerprint'
     at: push_warning (core/variant/variant_utility.cpp:1034)
     GDScript backtrace (most recent call first):
         [0] load_case (res://scripts/managers/case_manager.gd:114)
         [1] before_each (res://tests/unit/test_interrogation_manager.gd:605)
         [2] _run_test (res://addons/gut/gut.gd:605)
         [3] _test_the_scripts (res://addons/gut/gut.gd:818)
WARNING: [CaseManager] Validation: EvidenceData: discovery_method is required for evidence 'ev_elevator_log'
     at: push_warning (core/variant/variant_utility.cpp:1034)
     GDScript backtrace (most recent call first):
         [0] load_case (res://scripts/managers/case_manager.gd:114)
         [1] before_each (res://tests/unit/test_interrogation_manager.gd:605)
         [2] _run_test (res://addons/gut/gut.gd:605)
         [3] _test_the_scripts (res://addons/gut/gut.gd:818)
WARNING: [CaseManager] Validation: EvidenceData: discovery_method is required for evidence 'ev_journal'
     at: push_warning (core/variant/variant_utility.cpp:1034)
     GDScript backtrace (most recent call first):
         [0] load_case (res://scripts/managers/case_manager.gd:114)
         [1] before_each (res://tests/unit/test_interrogation_manager.gd:605)
         [2] _run_test (res://addons/gut/gut.gd:605)
         [3] _test_the_scripts (res://addons/gut/gut.gd:818)
WARNING: [CaseManager] Validation: EvidenceData: discovery_method is required for evidence 'ev_maintenance'
     at: push_warning (core/variant/variant_utility.cpp:1034)
     GDScript backtrace (most recent call first):
         [0] load_case (res://scripts/managers/case_manager.gd:114)
         [1] before_each (res://tests/unit/test_interrogation_manager.gd:605)
         [2] _run_test (res://addons/gut/gut.gd:605)
         [3] _test_the_scripts (res://addons/gut/gut.gd:818)
WARNING: [CaseManager] Validation: EvidenceData: discovery_method is required for evidence 'ev_key_access'
     at: push_warning (core/variant/variant_utility.cpp:1034)
     GDScript backtrace (most recent call first):
         [0] load_case (res://scripts/managers/case_manager.gd:114)
         [1] before_each (res://tests/unit/test_interrogation_manager.gd:605)
         [2] _run_test (res://addons/gut/gut.gd:605)
         [3] _test_the_scripts (res://addons/gut/gut.gd:818)
WARNING: [CaseManager] Validation: EvidenceData: discovery_method is required for evidence 'ev_unlocked_clue'
     at: push_warning (core/variant/variant_utility.cpp:1034)
     GDScript backtrace (most recent call first):
         [0] load_case (res://scripts/managers/case_manager.gd:114)
         [1] before_each (res://tests/unit/test_interrogation_manager.gd:605)
         [2] _run_test (res://addons/gut/gut.gd:605)
         [3] _test_the_scripts (res://addons/gut/gut.gd:818)
WARNING: [CaseManager] Validation: EvidenceData: discovery_method is required for evidence 'ev_no_trigger'
     at: push_warning (core/variant/variant_utility.cpp:1034)
     GDScript backtrace (most recent call first):
         [0] load_case (res://scripts/managers/case_manager.gd:114)
         [1] before_each (res://tests/unit/test_interrogation_manager.gd:605)
         [2] _run_test (res://addons/gut/gut.gd:605)
         [3] _test_the_scripts (res://addons/gut/gut.gd:818)
* test_personality_aggressive_denial_becomes_anger
WARNING: [CaseManager] Validation: EvidenceData: discovery_method is required for evidence 'ev_parking_camera'
     at: push_warning (core/variant/variant_utility.cpp:1034)
     GDScript backtrace (most recent call first):
         [0] load_case (res://scripts/managers/case_manager.gd:114)
         [1] before_each (res://tests/unit/test_interrogation_manager.gd:605)
         [2] _run_test (res://addons/gut/gut.gd:605)
         [3] _test_the_scripts (res://addons/gut/gut.gd:818)
WARNING: [CaseManager] Validation: EvidenceData: discovery_method is required for evidence 'ev_financial'
     at: push_warning (core/variant/variant_utility.cpp:1034)
     GDScript backtrace (most recent call first):
         [0] load_case (res://scripts/managers/case_manager.gd:114)
         [1] before_each (res://tests/unit/test_interrogation_manager.gd:605)
         [2] _run_test (res://addons/gut/gut.gd:605)
         [3] _test_the_scripts (res://addons/gut/gut.gd:818)
WARNING: [CaseManager] Validation: EvidenceData: discovery_method is required for evidence 'ev_safe'
     at: push_warning (core/variant/variant_utility.cpp:1034)
     GDScript backtrace (most recent call first):
         [0] load_case (res://scripts/managers/case_manager.gd:114)
         [1] before_each (res://tests/unit/test_interrogation_manager.gd:605)
         [2] _run_test (res://addons/gut/gut.gd:605)
         [3] _test_the_scripts (res://addons/gut/gut.gd:818)
WARNING: [CaseManager] Validation: EvidenceData: discovery_method is required for evidence 'ev_hallway_camera'
     at: push_warning (core/variant/variant_utility.cpp:1034)
     GDScript backtrace (most recent call first):
         [0] load_case (res://scripts/managers/case_manager.gd:114)
         [1] before_each (res://tests/unit/test_interrogation_manager.gd:605)
         [2] _run_test (res://addons/gut/gut.gd:605)
         [3] _test_the_scripts (res://addons/gut/gut.gd:818)
WARNING: [CaseManager] Validation: EvidenceData: discovery_method is required for evidence 'ev_shoe_print'
     at: push_warning (core/variant/variant_utility.cpp:1034)
     GDScript backtrace (most recent call first):
         [0] load_case (res://scripts/managers/case_manager.gd:114)
         [1] before_each (res://tests/unit/test_interrogation_manager.gd:605)
         [2] _run_test (res://addons/gut/gut.gd:605)
         [3] _test_the_scripts (res://addons/gut/gut.gd:818)
WARNING: [CaseManager] Validation: EvidenceData: discovery_method is required for evidence 'ev_fingerprint'
     at: push_warning (core/variant/variant_utility.cpp:1034)
     GDScript backtrace (most recent call first):
         [0] load_case (res://scripts/managers/case_manager.gd:114)
         [1] before_each (res://tests/unit/test_interrogation_manager.gd:605)
         [2] _run_test (res://addons/gut/gut.gd:605)
         [3] _test_the_scripts (res://addons/gut/gut.gd:818)
WARNING: [CaseManager] Validation: EvidenceData: discovery_method is required for evidence 'ev_elevator_log'
     at: push_warning (core/variant/variant_utility.cpp:1034)
     GDScript backtrace (most recent call first):
         [0] load_case (res://scripts/managers/case_manager.gd:114)
         [1] before_each (res://tests/unit/test_interrogation_manager.gd:605)
         [2] _run_test (res://addons/gut/gut.gd:605)
         [3] _test_the_scripts (res://addons/gut/gut.gd:818)
WARNING: [CaseManager] Validation: EvidenceData: discovery_method is required for evidence 'ev_journal'
     at: push_warning (core/variant/variant_utility.cpp:1034)
     GDScript backtrace (most recent call first):
         [0] load_case (res://scripts/managers/case_manager.gd:114)
         [1] before_each (res://tests/unit/test_interrogation_manager.gd:605)
         [2] _run_test (res://addons/gut/gut.gd:605)
         [3] _test_the_scripts (res://addons/gut/gut.gd:818)
WARNING: [CaseManager] Validation: EvidenceData: discovery_method is required for evidence 'ev_maintenance'
     at: push_warning (core/variant/variant_utility.cpp:1034)
     GDScript backtrace (most recent call first):
         [0] load_case (res://scripts/managers/case_manager.gd:114)
         [1] before_each (res://tests/unit/test_interrogation_manager.gd:605)
         [2] _run_test (res://addons/gut/gut.gd:605)
         [3] _test_the_scripts (res://addons/gut/gut.gd:818)
WARNING: [CaseManager] Validation: EvidenceData: discovery_method is required for evidence 'ev_key_access'
     at: push_warning (core/variant/variant_utility.cpp:1034)
     GDScript backtrace (most recent call first):
         [0] load_case (res://scripts/managers/case_manager.gd:114)
         [1] before_each (res://tests/unit/test_interrogation_manager.gd:605)
         [2] _run_test (res://addons/gut/gut.gd:605)
         [3] _test_the_scripts (res://addons/gut/gut.gd:818)
WARNING: [CaseManager] Validation: EvidenceData: discovery_method is required for evidence 'ev_unlocked_clue'
     at: push_warning (core/variant/variant_utility.cpp:1034)
     GDScript backtrace (most recent call first):
         [0] load_case (res://scripts/managers/case_manager.gd:114)
         [1] before_each (res://tests/unit/test_interrogation_manager.gd:605)
         [2] _run_test (res://addons/gut/gut.gd:605)
         [3] _test_the_scripts (res://addons/gut/gut.gd:818)
WARNING: [CaseManager] Validation: EvidenceData: discovery_method is required for evidence 'ev_no_trigger'
     at: push_warning (core/variant/variant_utility.cpp:1034)
     GDScript backtrace (most recent call first):
         [0] load_case (res://scripts/managers/case_manager.gd:114)
         [1] before_each (res://tests/unit/test_interrogation_manager.gd:605)
         [2] _run_test (res://addons/gut/gut.gd:605)
         [3] _test_the_scripts (res://addons/gut/gut.gd:818)
* test_personality_anxious_silence_becomes_panic
WARNING: [CaseManager] Validation: EvidenceData: discovery_method is required for evidence 'ev_parking_camera'
     at: push_warning (core/variant/variant_utility.cpp:1034)
     GDScript backtrace (most recent call first):
         [0] load_case (res://scripts/managers/case_manager.gd:114)
         [1] before_each (res://tests/unit/test_interrogation_manager.gd:605)
         [2] _run_test (res://addons/gut/gut.gd:605)
         [3] _test_the_scripts (res://addons/gut/gut.gd:818)
WARNING: [CaseManager] Validation: EvidenceData: discovery_method is required for evidence 'ev_financial'
     at: push_warning (core/variant/variant_utility.cpp:1034)
     GDScript backtrace (most recent call first):
         [0] load_case (res://scripts/managers/case_manager.gd:114)
         [1] before_each (res://tests/unit/test_interrogation_manager.gd:605)
         [2] _run_test (res://addons/gut/gut.gd:605)
         [3] _test_the_scripts (res://addons/gut/gut.gd:818)
WARNING: [CaseManager] Validation: EvidenceData: discovery_method is required for evidence 'ev_safe'
     at: push_warning (core/variant/variant_utility.cpp:1034)
     GDScript backtrace (most recent call first):
         [0] load_case (res://scripts/managers/case_manager.gd:114)
         [1] before_each (res://tests/unit/test_interrogation_manager.gd:605)
         [2] _run_test (res://addons/gut/gut.gd:605)
         [3] _test_the_scripts (res://addons/gut/gut.gd:818)
WARNING: [CaseManager] Validation: EvidenceData: discovery_method is required for evidence 'ev_hallway_camera'
     at: push_warning (core/variant/variant_utility.cpp:1034)
     GDScript backtrace (most recent call first):
         [0] load_case (res://scripts/managers/case_manager.gd:114)
         [1] before_each (res://tests/unit/test_interrogation_manager.gd:605)
         [2] _run_test (res://addons/gut/gut.gd:605)
         [3] _test_the_scripts (res://addons/gut/gut.gd:818)
WARNING: [CaseManager] Validation: EvidenceData: discovery_method is required for evidence 'ev_shoe_print'
     at: push_warning (core/variant/variant_utility.cpp:1034)
     GDScript backtrace (most recent call first):
         [0] load_case (res://scripts/managers/case_manager.gd:114)
         [1] before_each (res://tests/unit/test_interrogation_manager.gd:605)
         [2] _run_test (res://addons/gut/gut.gd:605)
         [3] _test_the_scripts (res://addons/gut/gut.gd:818)
WARNING: [CaseManager] Validation: EvidenceData: discovery_method is required for evidence 'ev_fingerprint'
     at: push_warning (core/variant/variant_utility.cpp:1034)
     GDScript backtrace (most recent call first):
         [0] load_case (res://scripts/managers/case_manager.gd:114)
         [1] before_each (res://tests/unit/test_interrogation_manager.gd:605)
         [2] _run_test (res://addons/gut/gut.gd:605)
         [3] _test_the_scripts (res://addons/gut/gut.gd:818)
WARNING: [CaseManager] Validation: EvidenceData: discovery_method is required for evidence 'ev_elevator_log'
     at: push_warning (core/variant/variant_utility.cpp:1034)
     GDScript backtrace (most recent call first):
         [0] load_case (res://scripts/managers/case_manager.gd:114)
         [1] before_each (res://tests/unit/test_interrogation_manager.gd:605)
         [2] _run_test (res://addons/gut/gut.gd:605)
         [3] _test_the_scripts (res://addons/gut/gut.gd:818)
WARNING: [CaseManager] Validation: EvidenceData: discovery_method is required for evidence 'ev_journal'
     at: push_warning (core/variant/variant_utility.cpp:1034)
     GDScript backtrace (most recent call first):
         [0] load_case (res://scripts/managers/case_manager.gd:114)
         [1] before_each (res://tests/unit/test_interrogation_manager.gd:605)
         [2] _run_test (res://addons/gut/gut.gd:605)
         [3] _test_the_scripts (res://addons/gut/gut.gd:818)
WARNING: [CaseManager] Validation: EvidenceData: discovery_method is required for evidence 'ev_maintenance'
     at: push_warning (core/variant/variant_utility.cpp:1034)
     GDScript backtrace (most recent call first):
         [0] load_case (res://scripts/managers/case_manager.gd:114)
         [1] before_each (res://tests/unit/test_interrogation_manager.gd:605)
         [2] _run_test (res://addons/gut/gut.gd:605)
         [3] _test_the_scripts (res://addons/gut/gut.gd:818)
WARNING: [CaseManager] Validation: EvidenceData: discovery_method is required for evidence 'ev_key_access'
     at: push_warning (core/variant/variant_utility.cpp:1034)
     GDScript backtrace (most recent call first):
         [0] load_case (res://scripts/managers/case_manager.gd:114)
         [1] before_each (res://tests/unit/test_interrogation_manager.gd:605)
         [2] _run_test (res://addons/gut/gut.gd:605)
         [3] _test_the_scripts (res://addons/gut/gut.gd:818)
WARNING: [CaseManager] Validation: EvidenceData: discovery_method is required for evidence 'ev_unlocked_clue'
     at: push_warning (core/variant/variant_utility.cpp:1034)
     GDScript backtrace (most recent call first):
         [0] load_case (res://scripts/managers/case_manager.gd:114)
         [1] before_each (res://tests/unit/test_interrogation_manager.gd:605)
         [2] _run_test (res://addons/gut/gut.gd:605)
         [3] _test_the_scripts (res://addons/gut/gut.gd:818)
WARNING: [CaseManager] Validation: EvidenceData: discovery_method is required for evidence 'ev_no_trigger'
     at: push_warning (core/variant/variant_utility.cpp:1034)
     GDScript backtrace (most recent call first):
         [0] load_case (res://scripts/managers/case_manager.gd:114)
         [1] before_each (res://tests/unit/test_interrogation_manager.gd:605)
         [2] _run_test (res://addons/gut/gut.gd:605)
         [3] _test_the_scripts (res://addons/gut/gut.gd:818)
* test_personality_manipulative_minor_becomes_deflection
WARNING: [CaseManager] Validation: EvidenceData: discovery_method is required for evidence 'ev_parking_camera'
     at: push_warning (core/variant/variant_utility.cpp:1034)
     GDScript backtrace (most recent call first):
         [0] load_case (res://scripts/managers/case_manager.gd:114)
         [1] before_each (res://tests/unit/test_interrogation_manager.gd:605)
         [2] _run_test (res://addons/gut/gut.gd:605)
         [3] _test_the_scripts (res://addons/gut/gut.gd:818)
WARNING: [CaseManager] Validation: EvidenceData: discovery_method is required for evidence 'ev_financial'
     at: push_warning (core/variant/variant_utility.cpp:1034)
     GDScript backtrace (most recent call first):
         [0] load_case (res://scripts/managers/case_manager.gd:114)
         [1] before_each (res://tests/unit/test_interrogation_manager.gd:605)
         [2] _run_test (res://addons/gut/gut.gd:605)
         [3] _test_the_scripts (res://addons/gut/gut.gd:818)
WARNING: [CaseManager] Validation: EvidenceData: discovery_method is required for evidence 'ev_safe'
     at: push_warning (core/variant/variant_utility.cpp:1034)
     GDScript backtrace (most recent call first):
         [0] load_case (res://scripts/managers/case_manager.gd:114)
         [1] before_each (res://tests/unit/test_interrogation_manager.gd:605)
         [2] _run_test (res://addons/gut/gut.gd:605)
         [3] _test_the_scripts (res://addons/gut/gut.gd:818)
WARNING: [CaseManager] Validation: EvidenceData: discovery_method is required for evidence 'ev_hallway_camera'
     at: push_warning (core/variant/variant_utility.cpp:1034)
     GDScript backtrace (most recent call first):
         [0] load_case (res://scripts/managers/case_manager.gd:114)
         [1] before_each (res://tests/unit/test_interrogation_manager.gd:605)
         [2] _run_test (res://addons/gut/gut.gd:605)
         [3] _test_the_scripts (res://addons/gut/gut.gd:818)
WARNING: [CaseManager] Validation: EvidenceData: discovery_method is required for evidence 'ev_shoe_print'
     at: push_warning (core/variant/variant_utility.cpp:1034)
     GDScript backtrace (most recent call first):
         [0] load_case (res://scripts/managers/case_manager.gd:114)
         [1] before_each (res://tests/unit/test_interrogation_manager.gd:605)
         [2] _run_test (res://addons/gut/gut.gd:605)
         [3] _test_the_scripts (res://addons/gut/gut.gd:818)
WARNING: [CaseManager] Validation: EvidenceData: discovery_method is required for evidence 'ev_fingerprint'
     at: push_warning (core/variant/variant_utility.cpp:1034)
     GDScript backtrace (most recent call first):
         [0] load_case (res://scripts/managers/case_manager.gd:114)
         [1] before_each (res://tests/unit/test_interrogation_manager.gd:605)
         [2] _run_test (res://addons/gut/gut.gd:605)
         [3] _test_the_scripts (res://addons/gut/gut.gd:818)
WARNING: [CaseManager] Validation: EvidenceData: discovery_method is required for evidence 'ev_elevator_log'
     at: push_warning (core/variant/variant_utility.cpp:1034)
     GDScript backtrace (most recent call first):
         [0] load_case (res://scripts/managers/case_manager.gd:114)
         [1] before_each (res://tests/unit/test_interrogation_manager.gd:605)
         [2] _run_test (res://addons/gut/gut.gd:605)
         [3] _test_the_scripts (res://addons/gut/gut.gd:818)
WARNING: [CaseManager] Validation: EvidenceData: discovery_method is required for evidence 'ev_journal'
     at: push_warning (core/variant/variant_utility.cpp:1034)
     GDScript backtrace (most recent call first):
         [0] load_case (res://scripts/managers/case_manager.gd:114)
         [1] before_each (res://tests/unit/test_interrogation_manager.gd:605)
         [2] _run_test (res://addons/gut/gut.gd:605)
         [3] _test_the_scripts (res://addons/gut/gut.gd:818)
WARNING: [CaseManager] Validation: EvidenceData: discovery_method is required for evidence 'ev_maintenance'
     at: push_warning (core/variant/variant_utility.cpp:1034)
     GDScript backtrace (most recent call first):
         [0] load_case (res://scripts/managers/case_manager.gd:114)
         [1] before_each (res://tests/unit/test_interrogation_manager.gd:605)
         [2] _run_test (res://addons/gut/gut.gd:605)
         [3] _test_the_scripts (res://addons/gut/gut.gd:818)
WARNING: [CaseManager] Validation: EvidenceData: discovery_method is required for evidence 'ev_key_access'
     at: push_warning (core/variant/variant_utility.cpp:1034)
     GDScript backtrace (most recent call first):
         [0] load_case (res://scripts/managers/case_manager.gd:114)
         [1] before_each (res://tests/unit/test_interrogation_manager.gd:605)
         [2] _run_test (res://addons/gut/gut.gd:605)
         [3] _test_the_scripts (res://addons/gut/gut.gd:818)
WARNING: [CaseManager] Validation: EvidenceData: discovery_method is required for evidence 'ev_unlocked_clue'
     at: push_warning (core/variant/variant_utility.cpp:1034)
     GDScript backtrace (most recent call first):
         [0] load_case (res://scripts/managers/case_manager.gd:114)
         [1] before_each (res://tests/unit/test_interrogation_manager.gd:605)
         [2] _run_test (res://addons/gut/gut.gd:605)
         [3] _test_the_scripts (res://addons/gut/gut.gd:818)
WARNING: [CaseManager] Validation: EvidenceData: discovery_method is required for evidence 'ev_no_trigger'
     at: push_warning (core/variant/variant_utility.cpp:1034)
     GDScript backtrace (most recent call first):
         [0] load_case (res://scripts/managers/case_manager.gd:114)
         [1] before_each (res://tests/unit/test_interrogation_manager.gd:605)
         [2] _run_test (res://addons/gut/gut.gd:605)
         [3] _test_the_scripts (res://addons/gut/gut.gd:818)
* test_personality_calm_minor_no_pressure
WARNING: [CaseManager] Validation: EvidenceData: discovery_method is required for evidence 'ev_parking_camera'
     at: push_warning (core/variant/variant_utility.cpp:1034)
     GDScript backtrace (most recent call first):
         [0] load_case (res://scripts/managers/case_manager.gd:114)
         [1] before_each (res://tests/unit/test_interrogation_manager.gd:605)
         [2] _run_test (res://addons/gut/gut.gd:605)
         [3] _test_the_scripts (res://addons/gut/gut.gd:818)
WARNING: [CaseManager] Validation: EvidenceData: discovery_method is required for evidence 'ev_financial'
     at: push_warning (core/variant/variant_utility.cpp:1034)
     GDScript backtrace (most recent call first):
         [0] load_case (res://scripts/managers/case_manager.gd:114)
         [1] before_each (res://tests/unit/test_interrogation_manager.gd:605)
         [2] _run_test (res://addons/gut/gut.gd:605)
         [3] _test_the_scripts (res://addons/gut/gut.gd:818)
WARNING: [CaseManager] Validation: EvidenceData: discovery_method is required for evidence 'ev_safe'
     at: push_warning (core/variant/variant_utility.cpp:1034)
     GDScript backtrace (most recent call first):
         [0] load_case (res://scripts/managers/case_manager.gd:114)
         [1] before_each (res://tests/unit/test_interrogation_manager.gd:605)
         [2] _run_test (res://addons/gut/gut.gd:605)
         [3] _test_the_scripts (res://addons/gut/gut.gd:818)
WARNING: [CaseManager] Validation: EvidenceData: discovery_method is required for evidence 'ev_hallway_camera'
     at: push_warning (core/variant/variant_utility.cpp:1034)
     GDScript backtrace (most recent call first):
         [0] load_case (res://scripts/managers/case_manager.gd:114)
         [1] before_each (res://tests/unit/test_interrogation_manager.gd:605)
         [2] _run_test (res://addons/gut/gut.gd:605)
         [3] _test_the_scripts (res://addons/gut/gut.gd:818)
WARNING: [CaseManager] Validation: EvidenceData: discovery_method is required for evidence 'ev_shoe_print'
     at: push_warning (core/variant/variant_utility.cpp:1034)
     GDScript backtrace (most recent call first):
         [0] load_case (res://scripts/managers/case_manager.gd:114)
         [1] before_each (res://tests/unit/test_interrogation_manager.gd:605)
         [2] _run_test (res://addons/gut/gut.gd:605)
         [3] _test_the_scripts (res://addons/gut/gut.gd:818)
WARNING: [CaseManager] Validation: EvidenceData: discovery_method is required for evidence 'ev_fingerprint'
     at: push_warning (core/variant/variant_utility.cpp:1034)
     GDScript backtrace (most recent call first):
         [0] load_case (res://scripts/managers/case_manager.gd:114)
         [1] before_each (res://tests/unit/test_interrogation_manager.gd:605)
         [2] _run_test (res://addons/gut/gut.gd:605)
         [3] _test_the_scripts (res://addons/gut/gut.gd:818)
WARNING: [CaseManager] Validation: EvidenceData: discovery_method is required for evidence 'ev_elevator_log'
     at: push_warning (core/variant/variant_utility.cpp:1034)
     GDScript backtrace (most recent call first):
         [0] load_case (res://scripts/managers/case_manager.gd:114)
         [1] before_each (res://tests/unit/test_interrogation_manager.gd:605)
         [2] _run_test (res://addons/gut/gut.gd:605)
         [3] _test_the_scripts (res://addons/gut/gut.gd:818)
WARNING: [CaseManager] Validation: EvidenceData: discovery_method is required for evidence 'ev_journal'
     at: push_warning (core/variant/variant_utility.cpp:1034)
     GDScript backtrace (most recent call first):
         [0] load_case (res://scripts/managers/case_manager.gd:114)
         [1] before_each (res://tests/unit/test_interrogation_manager.gd:605)
         [2] _run_test (res://addons/gut/gut.gd:605)
         [3] _test_the_scripts (res://addons/gut/gut.gd:818)
WARNING: [CaseManager] Validation: EvidenceData: discovery_method is required for evidence 'ev_maintenance'
     at: push_warning (core/variant/variant_utility.cpp:1034)
     GDScript backtrace (most recent call first):
         [0] load_case (res://scripts/managers/case_manager.gd:114)
         [1] before_each (res://tests/unit/test_interrogation_manager.gd:605)
         [2] _run_test (res://addons/gut/gut.gd:605)
         [3] _test_the_scripts (res://addons/gut/gut.gd:818)
WARNING: [CaseManager] Validation: EvidenceData: discovery_method is required for evidence 'ev_key_access'
     at: push_warning (core/variant/variant_utility.cpp:1034)
     GDScript backtrace (most recent call first):
         [0] load_case (res://scripts/managers/case_manager.gd:114)
         [1] before_each (res://tests/unit/test_interrogation_manager.gd:605)
         [2] _run_test (res://addons/gut/gut.gd:605)
         [3] _test_the_scripts (res://addons/gut/gut.gd:818)
WARNING: [CaseManager] Validation: EvidenceData: discovery_method is required for evidence 'ev_unlocked_clue'
     at: push_warning (core/variant/variant_utility.cpp:1034)
     GDScript backtrace (most recent call first):
         [0] load_case (res://scripts/managers/case_manager.gd:114)
         [1] before_each (res://tests/unit/test_interrogation_manager.gd:605)
         [2] _run_test (res://addons/gut/gut.gd:605)
         [3] _test_the_scripts (res://addons/gut/gut.gd:818)
WARNING: [CaseManager] Validation: EvidenceData: discovery_method is required for evidence 'ev_no_trigger'
     at: push_warning (core/variant/variant_utility.cpp:1034)
     GDScript backtrace (most recent call first):
         [0] load_case (res://scripts/managers/case_manager.gd:114)
         [1] before_each (res://tests/unit/test_interrogation_manager.gd:605)
         [2] _run_test (res://addons/gut/gut.gd:605)
         [3] _test_the_scripts (res://addons/gut/gut.gd:818)
* test_deflection_references_target
WARNING: [CaseManager] Validation: EvidenceData: discovery_method is required for evidence 'ev_parking_camera'
     at: push_warning (core/variant/variant_utility.cpp:1034)
     GDScript backtrace (most recent call first):
         [0] load_case (res://scripts/managers/case_manager.gd:114)
         [1] before_each (res://tests/unit/test_interrogation_manager.gd:605)
         [2] _run_test (res://addons/gut/gut.gd:605)
         [3] _test_the_scripts (res://addons/gut/gut.gd:818)
WARNING: [CaseManager] Validation: EvidenceData: discovery_method is required for evidence 'ev_financial'
     at: push_warning (core/variant/variant_utility.cpp:1034)
     GDScript backtrace (most recent call first):
         [0] load_case (res://scripts/managers/case_manager.gd:114)
         [1] before_each (res://tests/unit/test_interrogation_manager.gd:605)
         [2] _run_test (res://addons/gut/gut.gd:605)
         [3] _test_the_scripts (res://addons/gut/gut.gd:818)
WARNING: [CaseManager] Validation: EvidenceData: discovery_method is required for evidence 'ev_safe'
     at: push_warning (core/variant/variant_utility.cpp:1034)
     GDScript backtrace (most recent call first):
         [0] load_case (res://scripts/managers/case_manager.gd:114)
         [1] before_each (res://tests/unit/test_interrogation_manager.gd:605)
         [2] _run_test (res://addons/gut/gut.gd:605)
         [3] _test_the_scripts (res://addons/gut/gut.gd:818)
WARNING: [CaseManager] Validation: EvidenceData: discovery_method is required for evidence 'ev_hallway_camera'
     at: push_warning (core/variant/variant_utility.cpp:1034)
     GDScript backtrace (most recent call first):
         [0] load_case (res://scripts/managers/case_manager.gd:114)
         [1] before_each (res://tests/unit/test_interrogation_manager.gd:605)
         [2] _run_test (res://addons/gut/gut.gd:605)
         [3] _test_the_scripts (res://addons/gut/gut.gd:818)
WARNING: [CaseManager] Validation: EvidenceData: discovery_method is required for evidence 'ev_shoe_print'
     at: push_warning (core/variant/variant_utility.cpp:1034)
     GDScript backtrace (most recent call first):
         [0] load_case (res://scripts/managers/case_manager.gd:114)
         [1] before_each (res://tests/unit/test_interrogation_manager.gd:605)
         [2] _run_test (res://addons/gut/gut.gd:605)
         [3] _test_the_scripts (res://addons/gut/gut.gd:818)
WARNING: [CaseManager] Validation: EvidenceData: discovery_method is required for evidence 'ev_fingerprint'
     at: push_warning (core/variant/variant_utility.cpp:1034)
     GDScript backtrace (most recent call first):
         [0] load_case (res://scripts/managers/case_manager.gd:114)
         [1] before_each (res://tests/unit/test_interrogation_manager.gd:605)
         [2] _run_test (res://addons/gut/gut.gd:605)
         [3] _test_the_scripts (res://addons/gut/gut.gd:818)
WARNING: [CaseManager] Validation: EvidenceData: discovery_method is required for evidence 'ev_elevator_log'
     at: push_warning (core/variant/variant_utility.cpp:1034)
     GDScript backtrace (most recent call first):
         [0] load_case (res://scripts/managers/case_manager.gd:114)
         [1] before_each (res://tests/unit/test_interrogation_manager.gd:605)
         [2] _run_test (res://addons/gut/gut.gd:605)
         [3] _test_the_scripts (res://addons/gut/gut.gd:818)
WARNING: [CaseManager] Validation: EvidenceData: discovery_method is required for evidence 'ev_journal'
     at: push_warning (core/variant/variant_utility.cpp:1034)
     GDScript backtrace (most recent call first):
         [0] load_case (res://scripts/managers/case_manager.gd:114)
         [1] before_each (res://tests/unit/test_interrogation_manager.gd:605)
         [2] _run_test (res://addons/gut/gut.gd:605)
         [3] _test_the_scripts (res://addons/gut/gut.gd:818)
WARNING: [CaseManager] Validation: EvidenceData: discovery_method is required for evidence 'ev_maintenance'
     at: push_warning (core/variant/variant_utility.cpp:1034)
     GDScript backtrace (most recent call first):
         [0] load_case (res://scripts/managers/case_manager.gd:114)
         [1] before_each (res://tests/unit/test_interrogation_manager.gd:605)
         [2] _run_test (res://addons/gut/gut.gd:605)
         [3] _test_the_scripts (res://addons/gut/gut.gd:818)
WARNING: [CaseManager] Validation: EvidenceData: discovery_method is required for evidence 'ev_key_access'
     at: push_warning (core/variant/variant_utility.cpp:1034)
     GDScript backtrace (most recent call first):
         [0] load_case (res://scripts/managers/case_manager.gd:114)
         [1] before_each (res://tests/unit/test_interrogation_manager.gd:605)
         [2] _run_test (res://addons/gut/gut.gd:605)
         [3] _test_the_scripts (res://addons/gut/gut.gd:818)
WARNING: [CaseManager] Validation: EvidenceData: discovery_method is required for evidence 'ev_unlocked_clue'
     at: push_warning (core/variant/variant_utility.cpp:1034)
     GDScript backtrace (most recent call first):
         [0] load_case (res://scripts/managers/case_manager.gd:114)
         [1] before_each (res://tests/unit/test_interrogation_manager.gd:605)
         [2] _run_test (res://addons/gut/gut.gd:605)
         [3] _test_the_scripts (res://addons/gut/gut.gd:818)
WARNING: [CaseManager] Validation: EvidenceData: discovery_method is required for evidence 'ev_no_trigger'
     at: push_warning (core/variant/variant_utility.cpp:1034)
     GDScript backtrace (most recent call first):
         [0] load_case (res://scripts/managers/case_manager.gd:114)
         [1] before_each (res://tests/unit/test_interrogation_manager.gd:605)
         [2] _run_test (res://addons/gut/gut.gd:605)
         [3] _test_the_scripts (res://addons/gut/gut.gd:818)
* test_discuss_topic_produces_statements
WARNING: [CaseManager] Validation: EvidenceData: discovery_method is required for evidence 'ev_parking_camera'
     at: push_warning (core/variant/variant_utility.cpp:1034)
     GDScript backtrace (most recent call first):
         [0] load_case (res://scripts/managers/case_manager.gd:114)
         [1] before_each (res://tests/unit/test_interrogation_manager.gd:605)
         [2] _run_test (res://addons/gut/gut.gd:605)
         [3] _test_the_scripts (res://addons/gut/gut.gd:818)
WARNING: [CaseManager] Validation: EvidenceData: discovery_method is required for evidence 'ev_financial'
     at: push_warning (core/variant/variant_utility.cpp:1034)
     GDScript backtrace (most recent call first):
         [0] load_case (res://scripts/managers/case_manager.gd:114)
         [1] before_each (res://tests/unit/test_interrogation_manager.gd:605)
         [2] _run_test (res://addons/gut/gut.gd:605)
         [3] _test_the_scripts (res://addons/gut/gut.gd:818)
WARNING: [CaseManager] Validation: EvidenceData: discovery_method is required for evidence 'ev_safe'
     at: push_warning (core/variant/variant_utility.cpp:1034)
     GDScript backtrace (most recent call first):
         [0] load_case (res://scripts/managers/case_manager.gd:114)
         [1] before_each (res://tests/unit/test_interrogation_manager.gd:605)
         [2] _run_test (res://addons/gut/gut.gd:605)
         [3] _test_the_scripts (res://addons/gut/gut.gd:818)
WARNING: [CaseManager] Validation: EvidenceData: discovery_method is required for evidence 'ev_hallway_camera'
     at: push_warning (core/variant/variant_utility.cpp:1034)
     GDScript backtrace (most recent call first):
         [0] load_case (res://scripts/managers/case_manager.gd:114)
         [1] before_each (res://tests/unit/test_interrogation_manager.gd:605)
         [2] _run_test (res://addons/gut/gut.gd:605)
         [3] _test_the_scripts (res://addons/gut/gut.gd:818)
WARNING: [CaseManager] Validation: EvidenceData: discovery_method is required for evidence 'ev_shoe_print'
     at: push_warning (core/variant/variant_utility.cpp:1034)
     GDScript backtrace (most recent call first):
         [0] load_case (res://scripts/managers/case_manager.gd:114)
         [1] before_each (res://tests/unit/test_interrogation_manager.gd:605)
         [2] _run_test (res://addons/gut/gut.gd:605)
         [3] _test_the_scripts (res://addons/gut/gut.gd:818)
WARNING: [CaseManager] Validation: EvidenceData: discovery_method is required for evidence 'ev_fingerprint'
     at: push_warning (core/variant/variant_utility.cpp:1034)
     GDScript backtrace (most recent call first):
         [0] load_case (res://scripts/managers/case_manager.gd:114)
         [1] before_each (res://tests/unit/test_interrogation_manager.gd:605)
         [2] _run_test (res://addons/gut/gut.gd:605)
         [3] _test_the_scripts (res://addons/gut/gut.gd:818)
WARNING: [CaseManager] Validation: EvidenceData: discovery_method is required for evidence 'ev_elevator_log'
     at: push_warning (core/variant/variant_utility.cpp:1034)
     GDScript backtrace (most recent call first):
         [0] load_case (res://scripts/managers/case_manager.gd:114)
         [1] before_each (res://tests/unit/test_interrogation_manager.gd:605)
         [2] _run_test (res://addons/gut/gut.gd:605)
         [3] _test_the_scripts (res://addons/gut/gut.gd:818)
WARNING: [CaseManager] Validation: EvidenceData: discovery_method is required for evidence 'ev_journal'
     at: push_warning (core/variant/variant_utility.cpp:1034)
     GDScript backtrace (most recent call first):
         [0] load_case (res://scripts/managers/case_manager.gd:114)
         [1] before_each (res://tests/unit/test_interrogation_manager.gd:605)
         [2] _run_test (res://addons/gut/gut.gd:605)
         [3] _test_the_scripts (res://addons/gut/gut.gd:818)
WARNING: [CaseManager] Validation: EvidenceData: discovery_method is required for evidence 'ev_maintenance'
     at: push_warning (core/variant/variant_utility.cpp:1034)
     GDScript backtrace (most recent call first):
         [0] load_case (res://scripts/managers/case_manager.gd:114)
         [1] before_each (res://tests/unit/test_interrogation_manager.gd:605)
         [2] _run_test (res://addons/gut/gut.gd:605)
         [3] _test_the_scripts (res://addons/gut/gut.gd:818)
WARNING: [CaseManager] Validation: EvidenceData: discovery_method is required for evidence 'ev_key_access'
     at: push_warning (core/variant/variant_utility.cpp:1034)
     GDScript backtrace (most recent call first):
         [0] load_case (res://scripts/managers/case_manager.gd:114)
         [1] before_each (res://tests/unit/test_interrogation_manager.gd:605)
         [2] _run_test (res://addons/gut/gut.gd:605)
         [3] _test_the_scripts (res://addons/gut/gut.gd:818)
WARNING: [CaseManager] Validation: EvidenceData: discovery_method is required for evidence 'ev_unlocked_clue'
     at: push_warning (core/variant/variant_utility.cpp:1034)
     GDScript backtrace (most recent call first):
         [0] load_case (res://scripts/managers/case_manager.gd:114)
         [1] before_each (res://tests/unit/test_interrogation_manager.gd:605)
         [2] _run_test (res://addons/gut/gut.gd:605)
         [3] _test_the_scripts (res://addons/gut/gut.gd:818)
WARNING: [CaseManager] Validation: EvidenceData: discovery_method is required for evidence 'ev_no_trigger'
     at: push_warning (core/variant/variant_utility.cpp:1034)
     GDScript backtrace (most recent call first):
         [0] load_case (res://scripts/managers/case_manager.gd:114)
         [1] before_each (res://tests/unit/test_interrogation_manager.gd:605)
         [2] _run_test (res://addons/gut/gut.gd:605)
         [3] _test_the_scripts (res://addons/gut/gut.gd:818)
* test_discuss_topic_records_heard_statements
WARNING: [CaseManager] Validation: EvidenceData: discovery_method is required for evidence 'ev_parking_camera'
     at: push_warning (core/variant/variant_utility.cpp:1034)
     GDScript backtrace (most recent call first):
         [0] load_case (res://scripts/managers/case_manager.gd:114)
         [1] before_each (res://tests/unit/test_interrogation_manager.gd:605)
         [2] _run_test (res://addons/gut/gut.gd:605)
         [3] _test_the_scripts (res://addons/gut/gut.gd:818)
WARNING: [CaseManager] Validation: EvidenceData: discovery_method is required for evidence 'ev_financial'
     at: push_warning (core/variant/variant_utility.cpp:1034)
     GDScript backtrace (most recent call first):
         [0] load_case (res://scripts/managers/case_manager.gd:114)
         [1] before_each (res://tests/unit/test_interrogation_manager.gd:605)
         [2] _run_test (res://addons/gut/gut.gd:605)
         [3] _test_the_scripts (res://addons/gut/gut.gd:818)
WARNING: [CaseManager] Validation: EvidenceData: discovery_method is required for evidence 'ev_safe'
     at: push_warning (core/variant/variant_utility.cpp:1034)
     GDScript backtrace (most recent call first):
         [0] load_case (res://scripts/managers/case_manager.gd:114)
         [1] before_each (res://tests/unit/test_interrogation_manager.gd:605)
         [2] _run_test (res://addons/gut/gut.gd:605)
         [3] _test_the_scripts (res://addons/gut/gut.gd:818)
WARNING: [CaseManager] Validation: EvidenceData: discovery_method is required for evidence 'ev_hallway_camera'
     at: push_warning (core/variant/variant_utility.cpp:1034)
     GDScript backtrace (most recent call first):
         [0] load_case (res://scripts/managers/case_manager.gd:114)
         [1] before_each (res://tests/unit/test_interrogation_manager.gd:605)
         [2] _run_test (res://addons/gut/gut.gd:605)
         [3] _test_the_scripts (res://addons/gut/gut.gd:818)
WARNING: [CaseManager] Validation: EvidenceData: discovery_method is required for evidence 'ev_shoe_print'
     at: push_warning (core/variant/variant_utility.cpp:1034)
     GDScript backtrace (most recent call first):
         [0] load_case (res://scripts/managers/case_manager.gd:114)
         [1] before_each (res://tests/unit/test_interrogation_manager.gd:605)
         [2] _run_test (res://addons/gut/gut.gd:605)
         [3] _test_the_scripts (res://addons/gut/gut.gd:818)
WARNING: [CaseManager] Validation: EvidenceData: discovery_method is required for evidence 'ev_fingerprint'
     at: push_warning (core/variant/variant_utility.cpp:1034)
     GDScript backtrace (most recent call first):
         [0] load_case (res://scripts/managers/case_manager.gd:114)
         [1] before_each (res://tests/unit/test_interrogation_manager.gd:605)
         [2] _run_test (res://addons/gut/gut.gd:605)
         [3] _test_the_scripts (res://addons/gut/gut.gd:818)
WARNING: [CaseManager] Validation: EvidenceData: discovery_method is required for evidence 'ev_elevator_log'
     at: push_warning (core/variant/variant_utility.cpp:1034)
     GDScript backtrace (most recent call first):
         [0] load_case (res://scripts/managers/case_manager.gd:114)
         [1] before_each (res://tests/unit/test_interrogation_manager.gd:605)
         [2] _run_test (res://addons/gut/gut.gd:605)
         [3] _test_the_scripts (res://addons/gut/gut.gd:818)
WARNING: [CaseManager] Validation: EvidenceData: discovery_method is required for evidence 'ev_journal'
     at: push_warning (core/variant/variant_utility.cpp:1034)
     GDScript backtrace (most recent call first):
         [0] load_case (res://scripts/managers/case_manager.gd:114)
         [1] before_each (res://tests/unit/test_interrogation_manager.gd:605)
         [2] _run_test (res://addons/gut/gut.gd:605)
         [3] _test_the_scripts (res://addons/gut/gut.gd:818)
WARNING: [CaseManager] Validation: EvidenceData: discovery_method is required for evidence 'ev_maintenance'
     at: push_warning (core/variant/variant_utility.cpp:1034)
     GDScript backtrace (most recent call first):
         [0] load_case (res://scripts/managers/case_manager.gd:114)
         [1] before_each (res://tests/unit/test_interrogation_manager.gd:605)
         [2] _run_test (res://addons/gut/gut.gd:605)
         [3] _test_the_scripts (res://addons/gut/gut.gd:818)
WARNING: [CaseManager] Validation: EvidenceData: discovery_method is required for evidence 'ev_key_access'
     at: push_warning (core/variant/variant_utility.cpp:1034)
     GDScript backtrace (most recent call first):
         [0] load_case (res://scripts/managers/case_manager.gd:114)
         [1] before_each (res://tests/unit/test_interrogation_manager.gd:605)
         [2] _run_test (res://addons/gut/gut.gd:605)
         [3] _test_the_scripts (res://addons/gut/gut.gd:818)
WARNING: [CaseManager] Validation: EvidenceData: discovery_method is required for evidence 'ev_unlocked_clue'
     at: push_warning (core/variant/variant_utility.cpp:1034)
     GDScript backtrace (most recent call first):
         [0] load_case (res://scripts/managers/case_manager.gd:114)
         [1] before_each (res://tests/unit/test_interrogation_manager.gd:605)
         [2] _run_test (res://addons/gut/gut.gd:605)
         [3] _test_the_scripts (res://addons/gut/gut.gd:818)
WARNING: [CaseManager] Validation: EvidenceData: discovery_method is required for evidence 'ev_no_trigger'
     at: push_warning (core/variant/variant_utility.cpp:1034)
     GDScript backtrace (most recent call first):
         [0] load_case (res://scripts/managers/case_manager.gd:114)
         [1] before_each (res://tests/unit/test_interrogation_manager.gd:605)
         [2] _run_test (res://addons/gut/gut.gd:605)
         [3] _test_the_scripts (res://addons/gut/gut.gd:818)
* test_discuss_topic_wrong_person_fails
WARNING: [CaseManager] Validation: EvidenceData: discovery_method is required for evidence 'ev_parking_camera'
     at: push_warning (core/variant/variant_utility.cpp:1034)
     GDScript backtrace (most recent call first):
         [0] load_case (res://scripts/managers/case_manager.gd:114)
         [1] before_each (res://tests/unit/test_interrogation_manager.gd:605)
         [2] _run_test (res://addons/gut/gut.gd:605)
         [3] _test_the_scripts (res://addons/gut/gut.gd:818)
WARNING: [CaseManager] Validation: EvidenceData: discovery_method is required for evidence 'ev_financial'
     at: push_warning (core/variant/variant_utility.cpp:1034)
     GDScript backtrace (most recent call first):
         [0] load_case (res://scripts/managers/case_manager.gd:114)
         [1] before_each (res://tests/unit/test_interrogation_manager.gd:605)
         [2] _run_test (res://addons/gut/gut.gd:605)
         [3] _test_the_scripts (res://addons/gut/gut.gd:818)
WARNING: [CaseManager] Validation: EvidenceData: discovery_method is required for evidence 'ev_safe'
     at: push_warning (core/variant/variant_utility.cpp:1034)
     GDScript backtrace (most recent call first):
         [0] load_case (res://scripts/managers/case_manager.gd:114)
         [1] before_each (res://tests/unit/test_interrogation_manager.gd:605)
         [2] _run_test (res://addons/gut/gut.gd:605)
         [3] _test_the_scripts (res://addons/gut/gut.gd:818)
WARNING: [CaseManager] Validation: EvidenceData: discovery_method is required for evidence 'ev_hallway_camera'
     at: push_warning (core/variant/variant_utility.cpp:1034)
     GDScript backtrace (most recent call first):
         [0] load_case (res://scripts/managers/case_manager.gd:114)
         [1] before_each (res://tests/unit/test_interrogation_manager.gd:605)
         [2] _run_test (res://addons/gut/gut.gd:605)
         [3] _test_the_scripts (res://addons/gut/gut.gd:818)
WARNING: [CaseManager] Validation: EvidenceData: discovery_method is required for evidence 'ev_shoe_print'
     at: push_warning (core/variant/variant_utility.cpp:1034)
     GDScript backtrace (most recent call first):
         [0] load_case (res://scripts/managers/case_manager.gd:114)
         [1] before_each (res://tests/unit/test_interrogation_manager.gd:605)
         [2] _run_test (res://addons/gut/gut.gd:605)
         [3] _test_the_scripts (res://addons/gut/gut.gd:818)
WARNING: [CaseManager] Validation: EvidenceData: discovery_method is required for evidence 'ev_fingerprint'
     at: push_warning (core/variant/variant_utility.cpp:1034)
     GDScript backtrace (most recent call first):
         [0] load_case (res://scripts/managers/case_manager.gd:114)
         [1] before_each (res://tests/unit/test_interrogation_manager.gd:605)
         [2] _run_test (res://addons/gut/gut.gd:605)
         [3] _test_the_scripts (res://addons/gut/gut.gd:818)
WARNING: [CaseManager] Validation: EvidenceData: discovery_method is required for evidence 'ev_elevator_log'
     at: push_warning (core/variant/variant_utility.cpp:1034)
     GDScript backtrace (most recent call first):
         [0] load_case (res://scripts/managers/case_manager.gd:114)
         [1] before_each (res://tests/unit/test_interrogation_manager.gd:605)
         [2] _run_test (res://addons/gut/gut.gd:605)
         [3] _test_the_scripts (res://addons/gut/gut.gd:818)
WARNING: [CaseManager] Validation: EvidenceData: discovery_method is required for evidence 'ev_journal'
     at: push_warning (core/variant/variant_utility.cpp:1034)
     GDScript backtrace (most recent call first):
         [0] load_case (res://scripts/managers/case_manager.gd:114)
         [1] before_each (res://tests/unit/test_interrogation_manager.gd:605)
         [2] _run_test (res://addons/gut/gut.gd:605)
         [3] _test_the_scripts (res://addons/gut/gut.gd:818)
WARNING: [CaseManager] Validation: EvidenceData: discovery_method is required for evidence 'ev_maintenance'
     at: push_warning (core/variant/variant_utility.cpp:1034)
     GDScript backtrace (most recent call first):
         [0] load_case (res://scripts/managers/case_manager.gd:114)
         [1] before_each (res://tests/unit/test_interrogation_manager.gd:605)
         [2] _run_test (res://addons/gut/gut.gd:605)
         [3] _test_the_scripts (res://addons/gut/gut.gd:818)
WARNING: [CaseManager] Validation: EvidenceData: discovery_method is required for evidence 'ev_key_access'
     at: push_warning (core/variant/variant_utility.cpp:1034)
     GDScript backtrace (most recent call first):
         [0] load_case (res://scripts/managers/case_manager.gd:114)
         [1] before_each (res://tests/unit/test_interrogation_manager.gd:605)
         [2] _run_test (res://addons/gut/gut.gd:605)
         [3] _test_the_scripts (res://addons/gut/gut.gd:818)
WARNING: [CaseManager] Validation: EvidenceData: discovery_method is required for evidence 'ev_unlocked_clue'
     at: push_warning (core/variant/variant_utility.cpp:1034)
     GDScript backtrace (most recent call first):
         [0] load_case (res://scripts/managers/case_manager.gd:114)
         [1] before_each (res://tests/unit/test_interrogation_manager.gd:605)
         [2] _run_test (res://addons/gut/gut.gd:605)
         [3] _test_the_scripts (res://addons/gut/gut.gd:818)
WARNING: [CaseManager] Validation: EvidenceData: discovery_method is required for evidence 'ev_no_trigger'
     at: push_warning (core/variant/variant_utility.cpp:1034)
     GDScript backtrace (most recent call first):
         [0] load_case (res://scripts/managers/case_manager.gd:114)
         [1] before_each (res://tests/unit/test_interrogation_manager.gd:605)
         [2] _run_test (res://addons/gut/gut.gd:605)
         [3] _test_the_scripts (res://addons/gut/gut.gd:818)
ERROR: [InterrogationManager] Topic topic_sarah_alibi does not belong to p_mark
   at: push_error (core/variant/variant_utility.cpp:1024)
   GDScript backtrace (most recent call first):
       [0] discuss_topic (res://scripts/managers/interrogation_manager.gd:385)
       [1] test_discuss_topic_wrong_person_fails (res://tests/unit/test_interrogation_manager.gd:1089)
       [2] _run_test (res://addons/gut/gut.gd:615)
       [3] _test_the_scripts (res://addons/gut/gut.gd:818)
[34m[ExpectedError][0mExpected push_error error containing '[InterrogationManager] Topic topic_sarah_alibi does not belong to p_mark'.  
* test_available_topics_includes_base_topics
WARNING: [CaseManager] Validation: EvidenceData: discovery_method is required for evidence 'ev_parking_camera'
     at: push_warning (core/variant/variant_utility.cpp:1034)
     GDScript backtrace (most recent call first):
         [0] load_case (res://scripts/managers/case_manager.gd:114)
         [1] before_each (res://tests/unit/test_interrogation_manager.gd:605)
         [2] _run_test (res://addons/gut/gut.gd:605)
         [3] _test_the_scripts (res://addons/gut/gut.gd:818)
WARNING: [CaseManager] Validation: EvidenceData: discovery_method is required for evidence 'ev_financial'
     at: push_warning (core/variant/variant_utility.cpp:1034)
     GDScript backtrace (most recent call first):
         [0] load_case (res://scripts/managers/case_manager.gd:114)
         [1] before_each (res://tests/unit/test_interrogation_manager.gd:605)
         [2] _run_test (res://addons/gut/gut.gd:605)
         [3] _test_the_scripts (res://addons/gut/gut.gd:818)
WARNING: [CaseManager] Validation: EvidenceData: discovery_method is required for evidence 'ev_safe'
     at: push_warning (core/variant/variant_utility.cpp:1034)
     GDScript backtrace (most recent call first):
         [0] load_case (res://scripts/managers/case_manager.gd:114)
         [1] before_each (res://tests/unit/test_interrogation_manager.gd:605)
         [2] _run_test (res://addons/gut/gut.gd:605)
         [3] _test_the_scripts (res://addons/gut/gut.gd:818)
WARNING: [CaseManager] Validation: EvidenceData: discovery_method is required for evidence 'ev_hallway_camera'
     at: push_warning (core/variant/variant_utility.cpp:1034)
     GDScript backtrace (most recent call first):
         [0] load_case (res://scripts/managers/case_manager.gd:114)
         [1] before_each (res://tests/unit/test_interrogation_manager.gd:605)
         [2] _run_test (res://addons/gut/gut.gd:605)
         [3] _test_the_scripts (res://addons/gut/gut.gd:818)
WARNING: [CaseManager] Validation: EvidenceData: discovery_method is required for evidence 'ev_shoe_print'
     at: push_warning (core/variant/variant_utility.cpp:1034)
     GDScript backtrace (most recent call first):
         [0] load_case (res://scripts/managers/case_manager.gd:114)
         [1] before_each (res://tests/unit/test_interrogation_manager.gd:605)
         [2] _run_test (res://addons/gut/gut.gd:605)
         [3] _test_the_scripts (res://addons/gut/gut.gd:818)
WARNING: [CaseManager] Validation: EvidenceData: discovery_method is required for evidence 'ev_fingerprint'
     at: push_warning (core/variant/variant_utility.cpp:1034)
     GDScript backtrace (most recent call first):
         [0] load_case (res://scripts/managers/case_manager.gd:114)
         [1] before_each (res://tests/unit/test_interrogation_manager.gd:605)
         [2] _run_test (res://addons/gut/gut.gd:605)
         [3] _test_the_scripts (res://addons/gut/gut.gd:818)
WARNING: [CaseManager] Validation: EvidenceData: discovery_method is required for evidence 'ev_elevator_log'
     at: push_warning (core/variant/variant_utility.cpp:1034)
     GDScript backtrace (most recent call first):
         [0] load_case (res://scripts/managers/case_manager.gd:114)
         [1] before_each (res://tests/unit/test_interrogation_manager.gd:605)
         [2] _run_test (res://addons/gut/gut.gd:605)
         [3] _test_the_scripts (res://addons/gut/gut.gd:818)
WARNING: [CaseManager] Validation: EvidenceData: discovery_method is required for evidence 'ev_journal'
     at: push_warning (core/variant/variant_utility.cpp:1034)
     GDScript backtrace (most recent call first):
         [0] load_case (res://scripts/managers/case_manager.gd:114)
         [1] before_each (res://tests/unit/test_interrogation_manager.gd:605)
         [2] _run_test (res://addons/gut/gut.gd:605)
         [3] _test_the_scripts (res://addons/gut/gut.gd:818)
WARNING: [CaseManager] Validation: EvidenceData: discovery_method is required for evidence 'ev_maintenance'
     at: push_warning (core/variant/variant_utility.cpp:1034)
     GDScript backtrace (most recent call first):
         [0] load_case (res://scripts/managers/case_manager.gd:114)
         [1] before_each (res://tests/unit/test_interrogation_manager.gd:605)
         [2] _run_test (res://addons/gut/gut.gd:605)
         [3] _test_the_scripts (res://addons/gut/gut.gd:818)
WARNING: [CaseManager] Validation: EvidenceData: discovery_method is required for evidence 'ev_key_access'
     at: push_warning (core/variant/variant_utility.cpp:1034)
     GDScript backtrace (most recent call first):
         [0] load_case (res://scripts/managers/case_manager.gd:114)
         [1] before_each (res://tests/unit/test_interrogation_manager.gd:605)
         [2] _run_test (res://addons/gut/gut.gd:605)
         [3] _test_the_scripts (res://addons/gut/gut.gd:818)
WARNING: [CaseManager] Validation: EvidenceData: discovery_method is required for evidence 'ev_unlocked_clue'
     at: push_warning (core/variant/variant_utility.cpp:1034)
     GDScript backtrace (most recent call first):
         [0] load_case (res://scripts/managers/case_manager.gd:114)
         [1] before_each (res://tests/unit/test_interrogation_manager.gd:605)
         [2] _run_test (res://addons/gut/gut.gd:605)
         [3] _test_the_scripts (res://addons/gut/gut.gd:818)
WARNING: [CaseManager] Validation: EvidenceData: discovery_method is required for evidence 'ev_no_trigger'
     at: push_warning (core/variant/variant_utility.cpp:1034)
     GDScript backtrace (most recent call first):
         [0] load_case (res://scripts/managers/case_manager.gd:114)
         [1] before_each (res://tests/unit/test_interrogation_manager.gd:605)
         [2] _run_test (res://addons/gut/gut.gd:605)
         [3] _test_the_scripts (res://addons/gut/gut.gd:818)
* test_available_topics_with_evidence_condition
WARNING: [CaseManager] Validation: EvidenceData: discovery_method is required for evidence 'ev_parking_camera'
     at: push_warning (core/variant/variant_utility.cpp:1034)
     GDScript backtrace (most recent call first):
         [0] load_case (res://scripts/managers/case_manager.gd:114)
         [1] before_each (res://tests/unit/test_interrogation_manager.gd:605)
         [2] _run_test (res://addons/gut/gut.gd:605)
         [3] _test_the_scripts (res://addons/gut/gut.gd:818)
WARNING: [CaseManager] Validation: EvidenceData: discovery_method is required for evidence 'ev_financial'
     at: push_warning (core/variant/variant_utility.cpp:1034)
     GDScript backtrace (most recent call first):
         [0] load_case (res://scripts/managers/case_manager.gd:114)
         [1] before_each (res://tests/unit/test_interrogation_manager.gd:605)
         [2] _run_test (res://addons/gut/gut.gd:605)
         [3] _test_the_scripts (res://addons/gut/gut.gd:818)
WARNING: [CaseManager] Validation: EvidenceData: discovery_method is required for evidence 'ev_safe'
     at: push_warning (core/variant/variant_utility.cpp:1034)
     GDScript backtrace (most recent call first):
         [0] load_case (res://scripts/managers/case_manager.gd:114)
         [1] before_each (res://tests/unit/test_interrogation_manager.gd:605)
         [2] _run_test (res://addons/gut/gut.gd:605)
         [3] _test_the_scripts (res://addons/gut/gut.gd:818)
WARNING: [CaseManager] Validation: EvidenceData: discovery_method is required for evidence 'ev_hallway_camera'
     at: push_warning (core/variant/variant_utility.cpp:1034)
     GDScript backtrace (most recent call first):
         [0] load_case (res://scripts/managers/case_manager.gd:114)
         [1] before_each (res://tests/unit/test_interrogation_manager.gd:605)
         [2] _run_test (res://addons/gut/gut.gd:605)
         [3] _test_the_scripts (res://addons/gut/gut.gd:818)
WARNING: [CaseManager] Validation: EvidenceData: discovery_method is required for evidence 'ev_shoe_print'
     at: push_warning (core/variant/variant_utility.cpp:1034)
     GDScript backtrace (most recent call first):
         [0] load_case (res://scripts/managers/case_manager.gd:114)
         [1] before_each (res://tests/unit/test_interrogation_manager.gd:605)
         [2] _run_test (res://addons/gut/gut.gd:605)
         [3] _test_the_scripts (res://addons/gut/gut.gd:818)
WARNING: [CaseManager] Validation: EvidenceData: discovery_method is required for evidence 'ev_fingerprint'
     at: push_warning (core/variant/variant_utility.cpp:1034)
     GDScript backtrace (most recent call first):
         [0] load_case (res://scripts/managers/case_manager.gd:114)
         [1] before_each (res://tests/unit/test_interrogation_manager.gd:605)
         [2] _run_test (res://addons/gut/gut.gd:605)
         [3] _test_the_scripts (res://addons/gut/gut.gd:818)
WARNING: [CaseManager] Validation: EvidenceData: discovery_method is required for evidence 'ev_elevator_log'
     at: push_warning (core/variant/variant_utility.cpp:1034)
     GDScript backtrace (most recent call first):
         [0] load_case (res://scripts/managers/case_manager.gd:114)
         [1] before_each (res://tests/unit/test_interrogation_manager.gd:605)
         [2] _run_test (res://addons/gut/gut.gd:605)
         [3] _test_the_scripts (res://addons/gut/gut.gd:818)
WARNING: [CaseManager] Validation: EvidenceData: discovery_method is required for evidence 'ev_journal'
     at: push_warning (core/variant/variant_utility.cpp:1034)
     GDScript backtrace (most recent call first):
         [0] load_case (res://scripts/managers/case_manager.gd:114)
         [1] before_each (res://tests/unit/test_interrogation_manager.gd:605)
         [2] _run_test (res://addons/gut/gut.gd:605)
         [3] _test_the_scripts (res://addons/gut/gut.gd:818)
WARNING: [CaseManager] Validation: EvidenceData: discovery_method is required for evidence 'ev_maintenance'
     at: push_warning (core/variant/variant_utility.cpp:1034)
     GDScript backtrace (most recent call first):
         [0] load_case (res://scripts/managers/case_manager.gd:114)
         [1] before_each (res://tests/unit/test_interrogation_manager.gd:605)
         [2] _run_test (res://addons/gut/gut.gd:605)
         [3] _test_the_scripts (res://addons/gut/gut.gd:818)
WARNING: [CaseManager] Validation: EvidenceData: discovery_method is required for evidence 'ev_key_access'
     at: push_warning (core/variant/variant_utility.cpp:1034)
     GDScript backtrace (most recent call first):
         [0] load_case (res://scripts/managers/case_manager.gd:114)
         [1] before_each (res://tests/unit/test_interrogation_manager.gd:605)
         [2] _run_test (res://addons/gut/gut.gd:605)
         [3] _test_the_scripts (res://addons/gut/gut.gd:818)
WARNING: [CaseManager] Validation: EvidenceData: discovery_method is required for evidence 'ev_unlocked_clue'
     at: push_warning (core/variant/variant_utility.cpp:1034)
     GDScript backtrace (most recent call first):
         [0] load_case (res://scripts/managers/case_manager.gd:114)
         [1] before_each (res://tests/unit/test_interrogation_manager.gd:605)
         [2] _run_test (res://addons/gut/gut.gd:605)
         [3] _test_the_scripts (res://addons/gut/gut.gd:818)
WARNING: [CaseManager] Validation: EvidenceData: discovery_method is required for evidence 'ev_no_trigger'
     at: push_warning (core/variant/variant_utility.cpp:1034)
     GDScript backtrace (most recent call first):
         [0] load_case (res://scripts/managers/case_manager.gd:114)
         [1] before_each (res://tests/unit/test_interrogation_manager.gd:605)
         [2] _run_test (res://addons/gut/gut.gd:605)
         [3] _test_the_scripts (res://addons/gut/gut.gd:818)
* test_available_topics_requires_statement
WARNING: [CaseManager] Validation: EvidenceData: discovery_method is required for evidence 'ev_parking_camera'
     at: push_warning (core/variant/variant_utility.cpp:1034)
     GDScript backtrace (most recent call first):
         [0] load_case (res://scripts/managers/case_manager.gd:114)
         [1] before_each (res://tests/unit/test_interrogation_manager.gd:605)
         [2] _run_test (res://addons/gut/gut.gd:605)
         [3] _test_the_scripts (res://addons/gut/gut.gd:818)
WARNING: [CaseManager] Validation: EvidenceData: discovery_method is required for evidence 'ev_financial'
     at: push_warning (core/variant/variant_utility.cpp:1034)
     GDScript backtrace (most recent call first):
         [0] load_case (res://scripts/managers/case_manager.gd:114)
         [1] before_each (res://tests/unit/test_interrogation_manager.gd:605)
         [2] _run_test (res://addons/gut/gut.gd:605)
         [3] _test_the_scripts (res://addons/gut/gut.gd:818)
WARNING: [CaseManager] Validation: EvidenceData: discovery_method is required for evidence 'ev_safe'
     at: push_warning (core/variant/variant_utility.cpp:1034)
     GDScript backtrace (most recent call first):
         [0] load_case (res://scripts/managers/case_manager.gd:114)
         [1] before_each (res://tests/unit/test_interrogation_manager.gd:605)
         [2] _run_test (res://addons/gut/gut.gd:605)
         [3] _test_the_scripts (res://addons/gut/gut.gd:818)
WARNING: [CaseManager] Validation: EvidenceData: discovery_method is required for evidence 'ev_hallway_camera'
     at: push_warning (core/variant/variant_utility.cpp:1034)
     GDScript backtrace (most recent call first):
         [0] load_case (res://scripts/managers/case_manager.gd:114)
         [1] before_each (res://tests/unit/test_interrogation_manager.gd:605)
         [2] _run_test (res://addons/gut/gut.gd:605)
         [3] _test_the_scripts (res://addons/gut/gut.gd:818)
WARNING: [CaseManager] Validation: EvidenceData: discovery_method is required for evidence 'ev_shoe_print'
     at: push_warning (core/variant/variant_utility.cpp:1034)
     GDScript backtrace (most recent call first):
         [0] load_case (res://scripts/managers/case_manager.gd:114)
         [1] before_each (res://tests/unit/test_interrogation_manager.gd:605)
         [2] _run_test (res://addons/gut/gut.gd:605)
         [3] _test_the_scripts (res://addons/gut/gut.gd:818)
WARNING: [CaseManager] Validation: EvidenceData: discovery_method is required for evidence 'ev_fingerprint'
     at: push_warning (core/variant/variant_utility.cpp:1034)
     GDScript backtrace (most recent call first):
         [0] load_case (res://scripts/managers/case_manager.gd:114)
         [1] before_each (res://tests/unit/test_interrogation_manager.gd:605)
         [2] _run_test (res://addons/gut/gut.gd:605)
         [3] _test_the_scripts (res://addons/gut/gut.gd:818)
WARNING: [CaseManager] Validation: EvidenceData: discovery_method is required for evidence 'ev_elevator_log'
     at: push_warning (core/variant/variant_utility.cpp:1034)
     GDScript backtrace (most recent call first):
         [0] load_case (res://scripts/managers/case_manager.gd:114)
         [1] before_each (res://tests/unit/test_interrogation_manager.gd:605)
         [2] _run_test (res://addons/gut/gut.gd:605)
         [3] _test_the_scripts (res://addons/gut/gut.gd:818)
WARNING: [CaseManager] Validation: EvidenceData: discovery_method is required for evidence 'ev_journal'
     at: push_warning (core/variant/variant_utility.cpp:1034)
     GDScript backtrace (most recent call first):
         [0] load_case (res://scripts/managers/case_manager.gd:114)
         [1] before_each (res://tests/unit/test_interrogation_manager.gd:605)
         [2] _run_test (res://addons/gut/gut.gd:605)
         [3] _test_the_scripts (res://addons/gut/gut.gd:818)
WARNING: [CaseManager] Validation: EvidenceData: discovery_method is required for evidence 'ev_maintenance'
     at: push_warning (core/variant/variant_utility.cpp:1034)
     GDScript backtrace (most recent call first):
         [0] load_case (res://scripts/managers/case_manager.gd:114)
         [1] before_each (res://tests/unit/test_interrogation_manager.gd:605)
         [2] _run_test (res://addons/gut/gut.gd:605)
         [3] _test_the_scripts (res://addons/gut/gut.gd:818)
WARNING: [CaseManager] Validation: EvidenceData: discovery_method is required for evidence 'ev_key_access'
     at: push_warning (core/variant/variant_utility.cpp:1034)
     GDScript backtrace (most recent call first):
         [0] load_case (res://scripts/managers/case_manager.gd:114)
         [1] before_each (res://tests/unit/test_interrogation_manager.gd:605)
         [2] _run_test (res://addons/gut/gut.gd:605)
         [3] _test_the_scripts (res://addons/gut/gut.gd:818)
WARNING: [CaseManager] Validation: EvidenceData: discovery_method is required for evidence 'ev_unlocked_clue'
     at: push_warning (core/variant/variant_utility.cpp:1034)
     GDScript backtrace (most recent call first):
         [0] load_case (res://scripts/managers/case_manager.gd:114)
         [1] before_each (res://tests/unit/test_interrogation_manager.gd:605)
         [2] _run_test (res://addons/gut/gut.gd:605)
         [3] _test_the_scripts (res://addons/gut/gut.gd:818)
WARNING: [CaseManager] Validation: EvidenceData: discovery_method is required for evidence 'ev_no_trigger'
     at: push_warning (core/variant/variant_utility.cpp:1034)
     GDScript backtrace (most recent call first):
         [0] load_case (res://scripts/managers/case_manager.gd:114)
         [1] before_each (res://tests/unit/test_interrogation_manager.gd:605)
         [2] _run_test (res://addons/gut/gut.gd:605)
         [3] _test_the_scripts (res://addons/gut/gut.gd:818)
* test_contradicted_statements_with_evidence
WARNING: [CaseManager] Validation: EvidenceData: discovery_method is required for evidence 'ev_parking_camera'
     at: push_warning (core/variant/variant_utility.cpp:1034)
     GDScript backtrace (most recent call first):
         [0] load_case (res://scripts/managers/case_manager.gd:114)
         [1] before_each (res://tests/unit/test_interrogation_manager.gd:605)
         [2] _run_test (res://addons/gut/gut.gd:605)
         [3] _test_the_scripts (res://addons/gut/gut.gd:818)
WARNING: [CaseManager] Validation: EvidenceData: discovery_method is required for evidence 'ev_financial'
     at: push_warning (core/variant/variant_utility.cpp:1034)
     GDScript backtrace (most recent call first):
         [0] load_case (res://scripts/managers/case_manager.gd:114)
         [1] before_each (res://tests/unit/test_interrogation_manager.gd:605)
         [2] _run_test (res://addons/gut/gut.gd:605)
         [3] _test_the_scripts (res://addons/gut/gut.gd:818)
WARNING: [CaseManager] Validation: EvidenceData: discovery_method is required for evidence 'ev_safe'
     at: push_warning (core/variant/variant_utility.cpp:1034)
     GDScript backtrace (most recent call first):
         [0] load_case (res://scripts/managers/case_manager.gd:114)
         [1] before_each (res://tests/unit/test_interrogation_manager.gd:605)
         [2] _run_test (res://addons/gut/gut.gd:605)
         [3] _test_the_scripts (res://addons/gut/gut.gd:818)
WARNING: [CaseManager] Validation: EvidenceData: discovery_method is required for evidence 'ev_hallway_camera'
     at: push_warning (core/variant/variant_utility.cpp:1034)
     GDScript backtrace (most recent call first):
         [0] load_case (res://scripts/managers/case_manager.gd:114)
         [1] before_each (res://tests/unit/test_interrogation_manager.gd:605)
         [2] _run_test (res://addons/gut/gut.gd:605)
         [3] _test_the_scripts (res://addons/gut/gut.gd:818)
WARNING: [CaseManager] Validation: EvidenceData: discovery_method is required for evidence 'ev_shoe_print'
     at: push_warning (core/variant/variant_utility.cpp:1034)
     GDScript backtrace (most recent call first):
         [0] load_case (res://scripts/managers/case_manager.gd:114)
         [1] before_each (res://tests/unit/test_interrogation_manager.gd:605)
         [2] _run_test (res://addons/gut/gut.gd:605)
         [3] _test_the_scripts (res://addons/gut/gut.gd:818)
WARNING: [CaseManager] Validation: EvidenceData: discovery_method is required for evidence 'ev_fingerprint'
     at: push_warning (core/variant/variant_utility.cpp:1034)
     GDScript backtrace (most recent call first):
         [0] load_case (res://scripts/managers/case_manager.gd:114)
         [1] before_each (res://tests/unit/test_interrogation_manager.gd:605)
         [2] _run_test (res://addons/gut/gut.gd:605)
         [3] _test_the_scripts (res://addons/gut/gut.gd:818)
WARNING: [CaseManager] Validation: EvidenceData: discovery_method is required for evidence 'ev_elevator_log'
     at: push_warning (core/variant/variant_utility.cpp:1034)
     GDScript backtrace (most recent call first):
         [0] load_case (res://scripts/managers/case_manager.gd:114)
         [1] before_each (res://tests/unit/test_interrogation_manager.gd:605)
         [2] _run_test (res://addons/gut/gut.gd:605)
         [3] _test_the_scripts (res://addons/gut/gut.gd:818)
WARNING: [CaseManager] Validation: EvidenceData: discovery_method is required for evidence 'ev_journal'
     at: push_warning (core/variant/variant_utility.cpp:1034)
     GDScript backtrace (most recent call first):
         [0] load_case (res://scripts/managers/case_manager.gd:114)
         [1] before_each (res://tests/unit/test_interrogation_manager.gd:605)
         [2] _run_test (res://addons/gut/gut.gd:605)
         [3] _test_the_scripts (res://addons/gut/gut.gd:818)
WARNING: [CaseManager] Validation: EvidenceData: discovery_method is required for evidence 'ev_maintenance'
     at: push_warning (core/variant/variant_utility.cpp:1034)
     GDScript backtrace (most recent call first):
         [0] load_case (res://scripts/managers/case_manager.gd:114)
         [1] before_each (res://tests/unit/test_interrogation_manager.gd:605)
         [2] _run_test (res://addons/gut/gut.gd:605)
         [3] _test_the_scripts (res://addons/gut/gut.gd:818)
WARNING: [CaseManager] Validation: EvidenceData: discovery_method is required for evidence 'ev_key_access'
     at: push_warning (core/variant/variant_utility.cpp:1034)
     GDScript backtrace (most recent call first):
         [0] load_case (res://scripts/managers/case_manager.gd:114)
         [1] before_each (res://tests/unit/test_interrogation_manager.gd:605)
         [2] _run_test (res://addons/gut/gut.gd:605)
         [3] _test_the_scripts (res://addons/gut/gut.gd:818)
WARNING: [CaseManager] Validation: EvidenceData: discovery_method is required for evidence 'ev_unlocked_clue'
     at: push_warning (core/variant/variant_utility.cpp:1034)
     GDScript backtrace (most recent call first):
         [0] load_case (res://scripts/managers/case_manager.gd:114)
         [1] before_each (res://tests/unit/test_interrogation_manager.gd:605)
         [2] _run_test (res://addons/gut/gut.gd:605)
         [3] _test_the_scripts (res://addons/gut/gut.gd:818)
WARNING: [CaseManager] Validation: EvidenceData: discovery_method is required for evidence 'ev_no_trigger'
     at: push_warning (core/variant/variant_utility.cpp:1034)
     GDScript backtrace (most recent call first):
         [0] load_case (res://scripts/managers/case_manager.gd:114)
         [1] before_each (res://tests/unit/test_interrogation_manager.gd:605)
         [2] _run_test (res://addons/gut/gut.gd:605)
         [3] _test_the_scripts (res://addons/gut/gut.gd:818)
* test_contradicted_statements_without_evidence
WARNING: [CaseManager] Validation: EvidenceData: discovery_method is required for evidence 'ev_parking_camera'
     at: push_warning (core/variant/variant_utility.cpp:1034)
     GDScript backtrace (most recent call first):
         [0] load_case (res://scripts/managers/case_manager.gd:114)
         [1] before_each (res://tests/unit/test_interrogation_manager.gd:605)
         [2] _run_test (res://addons/gut/gut.gd:605)
         [3] _test_the_scripts (res://addons/gut/gut.gd:818)
WARNING: [CaseManager] Validation: EvidenceData: discovery_method is required for evidence 'ev_financial'
     at: push_warning (core/variant/variant_utility.cpp:1034)
     GDScript backtrace (most recent call first):
         [0] load_case (res://scripts/managers/case_manager.gd:114)
         [1] before_each (res://tests/unit/test_interrogation_manager.gd:605)
         [2] _run_test (res://addons/gut/gut.gd:605)
         [3] _test_the_scripts (res://addons/gut/gut.gd:818)
WARNING: [CaseManager] Validation: EvidenceData: discovery_method is required for evidence 'ev_safe'
     at: push_warning (core/variant/variant_utility.cpp:1034)
     GDScript backtrace (most recent call first):
         [0] load_case (res://scripts/managers/case_manager.gd:114)
         [1] before_each (res://tests/unit/test_interrogation_manager.gd:605)
         [2] _run_test (res://addons/gut/gut.gd:605)
         [3] _test_the_scripts (res://addons/gut/gut.gd:818)
WARNING: [CaseManager] Validation: EvidenceData: discovery_method is required for evidence 'ev_hallway_camera'
     at: push_warning (core/variant/variant_utility.cpp:1034)
     GDScript backtrace (most recent call first):
         [0] load_case (res://scripts/managers/case_manager.gd:114)
         [1] before_each (res://tests/unit/test_interrogation_manager.gd:605)
         [2] _run_test (res://addons/gut/gut.gd:605)
         [3] _test_the_scripts (res://addons/gut/gut.gd:818)
WARNING: [CaseManager] Validation: EvidenceData: discovery_method is required for evidence 'ev_shoe_print'
     at: push_warning (core/variant/variant_utility.cpp:1034)
     GDScript backtrace (most recent call first):
         [0] load_case (res://scripts/managers/case_manager.gd:114)
         [1] before_each (res://tests/unit/test_interrogation_manager.gd:605)
         [2] _run_test (res://addons/gut/gut.gd:605)
         [3] _test_the_scripts (res://addons/gut/gut.gd:818)
WARNING: [CaseManager] Validation: EvidenceData: discovery_method is required for evidence 'ev_fingerprint'
     at: push_warning (core/variant/variant_utility.cpp:1034)
     GDScript backtrace (most recent call first):
         [0] load_case (res://scripts/managers/case_manager.gd:114)
         [1] before_each (res://tests/unit/test_interrogation_manager.gd:605)
         [2] _run_test (res://addons/gut/gut.gd:605)
         [3] _test_the_scripts (res://addons/gut/gut.gd:818)
WARNING: [CaseManager] Validation: EvidenceData: discovery_method is required for evidence 'ev_elevator_log'
     at: push_warning (core/variant/variant_utility.cpp:1034)
     GDScript backtrace (most recent call first):
         [0] load_case (res://scripts/managers/case_manager.gd:114)
         [1] before_each (res://tests/unit/test_interrogation_manager.gd:605)
         [2] _run_test (res://addons/gut/gut.gd:605)
         [3] _test_the_scripts (res://addons/gut/gut.gd:818)
WARNING: [CaseManager] Validation: EvidenceData: discovery_method is required for evidence 'ev_journal'
     at: push_warning (core/variant/variant_utility.cpp:1034)
     GDScript backtrace (most recent call first):
         [0] load_case (res://scripts/managers/case_manager.gd:114)
         [1] before_each (res://tests/unit/test_interrogation_manager.gd:605)
         [2] _run_test (res://addons/gut/gut.gd:605)
         [3] _test_the_scripts (res://addons/gut/gut.gd:818)
WARNING: [CaseManager] Validation: EvidenceData: discovery_method is required for evidence 'ev_maintenance'
     at: push_warning (core/variant/variant_utility.cpp:1034)
     GDScript backtrace (most recent call first):
         [0] load_case (res://scripts/managers/case_manager.gd:114)
         [1] before_each (res://tests/unit/test_interrogation_manager.gd:605)
         [2] _run_test (res://addons/gut/gut.gd:605)
         [3] _test_the_scripts (res://addons/gut/gut.gd:818)
WARNING: [CaseManager] Validation: EvidenceData: discovery_method is required for evidence 'ev_key_access'
     at: push_warning (core/variant/variant_utility.cpp:1034)
     GDScript backtrace (most recent call first):
         [0] load_case (res://scripts/managers/case_manager.gd:114)
         [1] before_each (res://tests/unit/test_interrogation_manager.gd:605)
         [2] _run_test (res://addons/gut/gut.gd:605)
         [3] _test_the_scripts (res://addons/gut/gut.gd:818)
WARNING: [CaseManager] Validation: EvidenceData: discovery_method is required for evidence 'ev_unlocked_clue'
     at: push_warning (core/variant/variant_utility.cpp:1034)
     GDScript backtrace (most recent call first):
         [0] load_case (res://scripts/managers/case_manager.gd:114)
         [1] before_each (res://tests/unit/test_interrogation_manager.gd:605)
         [2] _run_test (res://addons/gut/gut.gd:605)
         [3] _test_the_scripts (res://addons/gut/gut.gd:818)
WARNING: [CaseManager] Validation: EvidenceData: discovery_method is required for evidence 'ev_no_trigger'
     at: push_warning (core/variant/variant_utility.cpp:1034)
     GDScript backtrace (most recent call first):
         [0] load_case (res://scripts/managers/case_manager.gd:114)
         [1] before_each (res://tests/unit/test_interrogation_manager.gd:605)
         [2] _run_test (res://addons/gut/gut.gd:605)
         [3] _test_the_scripts (res://addons/gut/gut.gd:818)
* test_contradiction_logged_on_focused_evidence
WARNING: [CaseManager] Validation: EvidenceData: discovery_method is required for evidence 'ev_parking_camera'
     at: push_warning (core/variant/variant_utility.cpp:1034)
     GDScript backtrace (most recent call first):
         [0] load_case (res://scripts/managers/case_manager.gd:114)
         [1] before_each (res://tests/unit/test_interrogation_manager.gd:605)
         [2] _run_test (res://addons/gut/gut.gd:605)
         [3] _test_the_scripts (res://addons/gut/gut.gd:818)
WARNING: [CaseManager] Validation: EvidenceData: discovery_method is required for evidence 'ev_financial'
     at: push_warning (core/variant/variant_utility.cpp:1034)
     GDScript backtrace (most recent call first):
         [0] load_case (res://scripts/managers/case_manager.gd:114)
         [1] before_each (res://tests/unit/test_interrogation_manager.gd:605)
         [2] _run_test (res://addons/gut/gut.gd:605)
         [3] _test_the_scripts (res://addons/gut/gut.gd:818)
WARNING: [CaseManager] Validation: EvidenceData: discovery_method is required for evidence 'ev_safe'
     at: push_warning (core/variant/variant_utility.cpp:1034)
     GDScript backtrace (most recent call first):
         [0] load_case (res://scripts/managers/case_manager.gd:114)
         [1] before_each (res://tests/unit/test_interrogation_manager.gd:605)
         [2] _run_test (res://addons/gut/gut.gd:605)
         [3] _test_the_scripts (res://addons/gut/gut.gd:818)
WARNING: [CaseManager] Validation: EvidenceData: discovery_method is required for evidence 'ev_hallway_camera'
     at: push_warning (core/variant/variant_utility.cpp:1034)
     GDScript backtrace (most recent call first):
         [0] load_case (res://scripts/managers/case_manager.gd:114)
         [1] before_each (res://tests/unit/test_interrogation_manager.gd:605)
         [2] _run_test (res://addons/gut/gut.gd:605)
         [3] _test_the_scripts (res://addons/gut/gut.gd:818)
WARNING: [CaseManager] Validation: EvidenceData: discovery_method is required for evidence 'ev_shoe_print'
     at: push_warning (core/variant/variant_utility.cpp:1034)
     GDScript backtrace (most recent call first):
         [0] load_case (res://scripts/managers/case_manager.gd:114)
         [1] before_each (res://tests/unit/test_interrogation_manager.gd:605)
         [2] _run_test (res://addons/gut/gut.gd:605)
         [3] _test_the_scripts (res://addons/gut/gut.gd:818)
WARNING: [CaseManager] Validation: EvidenceData: discovery_method is required for evidence 'ev_fingerprint'
     at: push_warning (core/variant/variant_utility.cpp:1034)
     GDScript backtrace (most recent call first):
         [0] load_case (res://scripts/managers/case_manager.gd:114)
         [1] before_each (res://tests/unit/test_interrogation_manager.gd:605)
         [2] _run_test (res://addons/gut/gut.gd:605)
         [3] _test_the_scripts (res://addons/gut/gut.gd:818)
WARNING: [CaseManager] Validation: EvidenceData: discovery_method is required for evidence 'ev_elevator_log'
     at: push_warning (core/variant/variant_utility.cpp:1034)
     GDScript backtrace (most recent call first):
         [0] load_case (res://scripts/managers/case_manager.gd:114)
         [1] before_each (res://tests/unit/test_interrogation_manager.gd:605)
         [2] _run_test (res://addons/gut/gut.gd:605)
         [3] _test_the_scripts (res://addons/gut/gut.gd:818)
WARNING: [CaseManager] Validation: EvidenceData: discovery_method is required for evidence 'ev_journal'
     at: push_warning (core/variant/variant_utility.cpp:1034)
     GDScript backtrace (most recent call first):
         [0] load_case (res://scripts/managers/case_manager.gd:114)
         [1] before_each (res://tests/unit/test_interrogation_manager.gd:605)
         [2] _run_test (res://addons/gut/gut.gd:605)
         [3] _test_the_scripts (res://addons/gut/gut.gd:818)
WARNING: [CaseManager] Validation: EvidenceData: discovery_method is required for evidence 'ev_maintenance'
     at: push_warning (core/variant/variant_utility.cpp:1034)
     GDScript backtrace (most recent call first):
         [0] load_case (res://scripts/managers/case_manager.gd:114)
         [1] before_each (res://tests/unit/test_interrogation_manager.gd:605)
         [2] _run_test (res://addons/gut/gut.gd:605)
         [3] _test_the_scripts (res://addons/gut/gut.gd:818)
WARNING: [CaseManager] Validation: EvidenceData: discovery_method is required for evidence 'ev_key_access'
     at: push_warning (core/variant/variant_utility.cpp:1034)
     GDScript backtrace (most recent call first):
         [0] load_case (res://scripts/managers/case_manager.gd:114)
         [1] before_each (res://tests/unit/test_interrogation_manager.gd:605)
         [2] _run_test (res://addons/gut/gut.gd:605)
         [3] _test_the_scripts (res://addons/gut/gut.gd:818)
WARNING: [CaseManager] Validation: EvidenceData: discovery_method is required for evidence 'ev_unlocked_clue'
     at: push_warning (core/variant/variant_utility.cpp:1034)
     GDScript backtrace (most recent call first):
         [0] load_case (res://scripts/managers/case_manager.gd:114)
         [1] before_each (res://tests/unit/test_interrogation_manager.gd:605)
         [2] _run_test (res://addons/gut/gut.gd:605)
         [3] _test_the_scripts (res://addons/gut/gut.gd:818)
WARNING: [CaseManager] Validation: EvidenceData: discovery_method is required for evidence 'ev_no_trigger'
     at: push_warning (core/variant/variant_utility.cpp:1034)
     GDScript backtrace (most recent call first):
         [0] load_case (res://scripts/managers/case_manager.gd:114)
         [1] before_each (res://tests/unit/test_interrogation_manager.gd:605)
         [2] _run_test (res://addons/gut/gut.gd:605)
         [3] _test_the_scripts (res://addons/gut/gut.gd:818)
* test_contradiction_not_duplicated
WARNING: [CaseManager] Validation: EvidenceData: discovery_method is required for evidence 'ev_parking_camera'
     at: push_warning (core/variant/variant_utility.cpp:1034)
     GDScript backtrace (most recent call first):
         [0] load_case (res://scripts/managers/case_manager.gd:114)
         [1] before_each (res://tests/unit/test_interrogation_manager.gd:605)
         [2] _run_test (res://addons/gut/gut.gd:605)
         [3] _test_the_scripts (res://addons/gut/gut.gd:818)
WARNING: [CaseManager] Validation: EvidenceData: discovery_method is required for evidence 'ev_financial'
     at: push_warning (core/variant/variant_utility.cpp:1034)
     GDScript backtrace (most recent call first):
         [0] load_case (res://scripts/managers/case_manager.gd:114)
         [1] before_each (res://tests/unit/test_interrogation_manager.gd:605)
         [2] _run_test (res://addons/gut/gut.gd:605)
         [3] _test_the_scripts (res://addons/gut/gut.gd:818)
WARNING: [CaseManager] Validation: EvidenceData: discovery_method is required for evidence 'ev_safe'
     at: push_warning (core/variant/variant_utility.cpp:1034)
     GDScript backtrace (most recent call first):
         [0] load_case (res://scripts/managers/case_manager.gd:114)
         [1] before_each (res://tests/unit/test_interrogation_manager.gd:605)
         [2] _run_test (res://addons/gut/gut.gd:605)
         [3] _test_the_scripts (res://addons/gut/gut.gd:818)
WARNING: [CaseManager] Validation: EvidenceData: discovery_method is required for evidence 'ev_hallway_camera'
     at: push_warning (core/variant/variant_utility.cpp:1034)
     GDScript backtrace (most recent call first):
         [0] load_case (res://scripts/managers/case_manager.gd:114)
         [1] before_each (res://tests/unit/test_interrogation_manager.gd:605)
         [2] _run_test (res://addons/gut/gut.gd:605)
         [3] _test_the_scripts (res://addons/gut/gut.gd:818)
WARNING: [CaseManager] Validation: EvidenceData: discovery_method is required for evidence 'ev_shoe_print'
     at: push_warning (core/variant/variant_utility.cpp:1034)
     GDScript backtrace (most recent call first):
         [0] load_case (res://scripts/managers/case_manager.gd:114)
         [1] before_each (res://tests/unit/test_interrogation_manager.gd:605)
         [2] _run_test (res://addons/gut/gut.gd:605)
         [3] _test_the_scripts (res://addons/gut/gut.gd:818)
WARNING: [CaseManager] Validation: EvidenceData: discovery_method is required for evidence 'ev_fingerprint'
     at: push_warning (core/variant/variant_utility.cpp:1034)
     GDScript backtrace (most recent call first):
         [0] load_case (res://scripts/managers/case_manager.gd:114)
         [1] before_each (res://tests/unit/test_interrogation_manager.gd:605)
         [2] _run_test (res://addons/gut/gut.gd:605)
         [3] _test_the_scripts (res://addons/gut/gut.gd:818)
WARNING: [CaseManager] Validation: EvidenceData: discovery_method is required for evidence 'ev_elevator_log'
     at: push_warning (core/variant/variant_utility.cpp:1034)
     GDScript backtrace (most recent call first):
         [0] load_case (res://scripts/managers/case_manager.gd:114)
         [1] before_each (res://tests/unit/test_interrogation_manager.gd:605)
         [2] _run_test (res://addons/gut/gut.gd:605)
         [3] _test_the_scripts (res://addons/gut/gut.gd:818)
WARNING: [CaseManager] Validation: EvidenceData: discovery_method is required for evidence 'ev_journal'
     at: push_warning (core/variant/variant_utility.cpp:1034)
     GDScript backtrace (most recent call first):
         [0] load_case (res://scripts/managers/case_manager.gd:114)
         [1] before_each (res://tests/unit/test_interrogation_manager.gd:605)
         [2] _run_test (res://addons/gut/gut.gd:605)
         [3] _test_the_scripts (res://addons/gut/gut.gd:818)
WARNING: [CaseManager] Validation: EvidenceData: discovery_method is required for evidence 'ev_maintenance'
     at: push_warning (core/variant/variant_utility.cpp:1034)
     GDScript backtrace (most recent call first):
         [0] load_case (res://scripts/managers/case_manager.gd:114)
         [1] before_each (res://tests/unit/test_interrogation_manager.gd:605)
         [2] _run_test (res://addons/gut/gut.gd:605)
         [3] _test_the_scripts (res://addons/gut/gut.gd:818)
WARNING: [CaseManager] Validation: EvidenceData: discovery_method is required for evidence 'ev_key_access'
     at: push_warning (core/variant/variant_utility.cpp:1034)
     GDScript backtrace (most recent call first):
         [0] load_case (res://scripts/managers/case_manager.gd:114)
         [1] before_each (res://tests/unit/test_interrogation_manager.gd:605)
         [2] _run_test (res://addons/gut/gut.gd:605)
         [3] _test_the_scripts (res://addons/gut/gut.gd:818)
WARNING: [CaseManager] Validation: EvidenceData: discovery_method is required for evidence 'ev_unlocked_clue'
     at: push_warning (core/variant/variant_utility.cpp:1034)
     GDScript backtrace (most recent call first):
         [0] load_case (res://scripts/managers/case_manager.gd:114)
         [1] before_each (res://tests/unit/test_interrogation_manager.gd:605)
         [2] _run_test (res://addons/gut/gut.gd:605)
         [3] _test_the_scripts (res://addons/gut/gut.gd:818)
WARNING: [CaseManager] Validation: EvidenceData: discovery_method is required for evidence 'ev_no_trigger'
     at: push_warning (core/variant/variant_utility.cpp:1034)
     GDScript backtrace (most recent call first):
         [0] load_case (res://scripts/managers/case_manager.gd:114)
         [1] before_each (res://tests/unit/test_interrogation_manager.gd:605)
         [2] _run_test (res://addons/gut/gut.gd:605)
         [3] _test_the_scripts (res://addons/gut/gut.gd:818)
* test_apply_pressure_fails_without_enough_pressure
WARNING: [CaseManager] Validation: EvidenceData: discovery_method is required for evidence 'ev_parking_camera'
     at: push_warning (core/variant/variant_utility.cpp:1034)
     GDScript backtrace (most recent call first):
         [0] load_case (res://scripts/managers/case_manager.gd:114)
         [1] before_each (res://tests/unit/test_interrogation_manager.gd:605)
         [2] _run_test (res://addons/gut/gut.gd:605)
         [3] _test_the_scripts (res://addons/gut/gut.gd:818)
WARNING: [CaseManager] Validation: EvidenceData: discovery_method is required for evidence 'ev_financial'
     at: push_warning (core/variant/variant_utility.cpp:1034)
     GDScript backtrace (most recent call first):
         [0] load_case (res://scripts/managers/case_manager.gd:114)
         [1] before_each (res://tests/unit/test_interrogation_manager.gd:605)
         [2] _run_test (res://addons/gut/gut.gd:605)
         [3] _test_the_scripts (res://addons/gut/gut.gd:818)
WARNING: [CaseManager] Validation: EvidenceData: discovery_method is required for evidence 'ev_safe'
     at: push_warning (core/variant/variant_utility.cpp:1034)
     GDScript backtrace (most recent call first):
         [0] load_case (res://scripts/managers/case_manager.gd:114)
         [1] before_each (res://tests/unit/test_interrogation_manager.gd:605)
         [2] _run_test (res://addons/gut/gut.gd:605)
         [3] _test_the_scripts (res://addons/gut/gut.gd:818)
WARNING: [CaseManager] Validation: EvidenceData: discovery_method is required for evidence 'ev_hallway_camera'
     at: push_warning (core/variant/variant_utility.cpp:1034)
     GDScript backtrace (most recent call first):
         [0] load_case (res://scripts/managers/case_manager.gd:114)
         [1] before_each (res://tests/unit/test_interrogation_manager.gd:605)
         [2] _run_test (res://addons/gut/gut.gd:605)
         [3] _test_the_scripts (res://addons/gut/gut.gd:818)
WARNING: [CaseManager] Validation: EvidenceData: discovery_method is required for evidence 'ev_shoe_print'
     at: push_warning (core/variant/variant_utility.cpp:1034)
     GDScript backtrace (most recent call first):
         [0] load_case (res://scripts/managers/case_manager.gd:114)
         [1] before_each (res://tests/unit/test_interrogation_manager.gd:605)
         [2] _run_test (res://addons/gut/gut.gd:605)
         [3] _test_the_scripts (res://addons/gut/gut.gd:818)
WARNING: [CaseManager] Validation: EvidenceData: discovery_method is required for evidence 'ev_fingerprint'
     at: push_warning (core/variant/variant_utility.cpp:1034)
     GDScript backtrace (most recent call first):
         [0] load_case (res://scripts/managers/case_manager.gd:114)
         [1] before_each (res://tests/unit/test_interrogation_manager.gd:605)
         [2] _run_test (res://addons/gut/gut.gd:605)
         [3] _test_the_scripts (res://addons/gut/gut.gd:818)
WARNING: [CaseManager] Validation: EvidenceData: discovery_method is required for evidence 'ev_elevator_log'
     at: push_warning (core/variant/variant_utility.cpp:1034)
     GDScript backtrace (most recent call first):
         [0] load_case (res://scripts/managers/case_manager.gd:114)
         [1] before_each (res://tests/unit/test_interrogation_manager.gd:605)
         [2] _run_test (res://addons/gut/gut.gd:605)
         [3] _test_the_scripts (res://addons/gut/gut.gd:818)
WARNING: [CaseManager] Validation: EvidenceData: discovery_method is required for evidence 'ev_journal'
     at: push_warning (core/variant/variant_utility.cpp:1034)
     GDScript backtrace (most recent call first):
         [0] load_case (res://scripts/managers/case_manager.gd:114)
         [1] before_each (res://tests/unit/test_interrogation_manager.gd:605)
         [2] _run_test (res://addons/gut/gut.gd:605)
         [3] _test_the_scripts (res://addons/gut/gut.gd:818)
WARNING: [CaseManager] Validation: EvidenceData: discovery_method is required for evidence 'ev_maintenance'
     at: push_warning (core/variant/variant_utility.cpp:1034)
     GDScript backtrace (most recent call first):
         [0] load_case (res://scripts/managers/case_manager.gd:114)
         [1] before_each (res://tests/unit/test_interrogation_manager.gd:605)
         [2] _run_test (res://addons/gut/gut.gd:605)
         [3] _test_the_scripts (res://addons/gut/gut.gd:818)
WARNING: [CaseManager] Validation: EvidenceData: discovery_method is required for evidence 'ev_key_access'
     at: push_warning (core/variant/variant_utility.cpp:1034)
     GDScript backtrace (most recent call first):
         [0] load_case (res://scripts/managers/case_manager.gd:114)
         [1] before_each (res://tests/unit/test_interrogation_manager.gd:605)
         [2] _run_test (res://addons/gut/gut.gd:605)
         [3] _test_the_scripts (res://addons/gut/gut.gd:818)
WARNING: [CaseManager] Validation: EvidenceData: discovery_method is required for evidence 'ev_unlocked_clue'
     at: push_warning (core/variant/variant_utility.cpp:1034)
     GDScript backtrace (most recent call first):
         [0] load_case (res://scripts/managers/case_manager.gd:114)
         [1] before_each (res://tests/unit/test_interrogation_manager.gd:605)
         [2] _run_test (res://addons/gut/gut.gd:605)
         [3] _test_the_scripts (res://addons/gut/gut.gd:818)
WARNING: [CaseManager] Validation: EvidenceData: discovery_method is required for evidence 'ev_no_trigger'
     at: push_warning (core/variant/variant_utility.cpp:1034)
     GDScript backtrace (most recent call first):
         [0] load_case (res://scripts/managers/case_manager.gd:114)
         [1] before_each (res://tests/unit/test_interrogation_manager.gd:605)
         [2] _run_test (res://addons/gut/gut.gd:605)
         [3] _test_the_scripts (res://addons/gut/gut.gd:818)
* test_can_apply_pressure_returns_false_below_gate
WARNING: [CaseManager] Validation: EvidenceData: discovery_method is required for evidence 'ev_parking_camera'
     at: push_warning (core/variant/variant_utility.cpp:1034)
     GDScript backtrace (most recent call first):
         [0] load_case (res://scripts/managers/case_manager.gd:114)
         [1] before_each (res://tests/unit/test_interrogation_manager.gd:605)
         [2] _run_test (res://addons/gut/gut.gd:605)
         [3] _test_the_scripts (res://addons/gut/gut.gd:818)
WARNING: [CaseManager] Validation: EvidenceData: discovery_method is required for evidence 'ev_financial'
     at: push_warning (core/variant/variant_utility.cpp:1034)
     GDScript backtrace (most recent call first):
         [0] load_case (res://scripts/managers/case_manager.gd:114)
         [1] before_each (res://tests/unit/test_interrogation_manager.gd:605)
         [2] _run_test (res://addons/gut/gut.gd:605)
         [3] _test_the_scripts (res://addons/gut/gut.gd:818)
WARNING: [CaseManager] Validation: EvidenceData: discovery_method is required for evidence 'ev_safe'
     at: push_warning (core/variant/variant_utility.cpp:1034)
     GDScript backtrace (most recent call first):
         [0] load_case (res://scripts/managers/case_manager.gd:114)
         [1] before_each (res://tests/unit/test_interrogation_manager.gd:605)
         [2] _run_test (res://addons/gut/gut.gd:605)
         [3] _test_the_scripts (res://addons/gut/gut.gd:818)
WARNING: [CaseManager] Validation: EvidenceData: discovery_method is required for evidence 'ev_hallway_camera'
     at: push_warning (core/variant/variant_utility.cpp:1034)
     GDScript backtrace (most recent call first):
         [0] load_case (res://scripts/managers/case_manager.gd:114)
         [1] before_each (res://tests/unit/test_interrogation_manager.gd:605)
         [2] _run_test (res://addons/gut/gut.gd:605)
         [3] _test_the_scripts (res://addons/gut/gut.gd:818)
WARNING: [CaseManager] Validation: EvidenceData: discovery_method is required for evidence 'ev_shoe_print'
     at: push_warning (core/variant/variant_utility.cpp:1034)
     GDScript backtrace (most recent call first):
         [0] load_case (res://scripts/managers/case_manager.gd:114)
         [1] before_each (res://tests/unit/test_interrogation_manager.gd:605)
         [2] _run_test (res://addons/gut/gut.gd:605)
         [3] _test_the_scripts (res://addons/gut/gut.gd:818)
WARNING: [CaseManager] Validation: EvidenceData: discovery_method is required for evidence 'ev_fingerprint'
     at: push_warning (core/variant/variant_utility.cpp:1034)
     GDScript backtrace (most recent call first):
         [0] load_case (res://scripts/managers/case_manager.gd:114)
         [1] before_each (res://tests/unit/test_interrogation_manager.gd:605)
         [2] _run_test (res://addons/gut/gut.gd:605)
         [3] _test_the_scripts (res://addons/gut/gut.gd:818)
WARNING: [CaseManager] Validation: EvidenceData: discovery_method is required for evidence 'ev_elevator_log'
     at: push_warning (core/variant/variant_utility.cpp:1034)
     GDScript backtrace (most recent call first):
         [0] load_case (res://scripts/managers/case_manager.gd:114)
         [1] before_each (res://tests/unit/test_interrogation_manager.gd:605)
         [2] _run_test (res://addons/gut/gut.gd:605)
         [3] _test_the_scripts (res://addons/gut/gut.gd:818)
WARNING: [CaseManager] Validation: EvidenceData: discovery_method is required for evidence 'ev_journal'
     at: push_warning (core/variant/variant_utility.cpp:1034)
     GDScript backtrace (most recent call first):
         [0] load_case (res://scripts/managers/case_manager.gd:114)
         [1] before_each (res://tests/unit/test_interrogation_manager.gd:605)
         [2] _run_test (res://addons/gut/gut.gd:605)
         [3] _test_the_scripts (res://addons/gut/gut.gd:818)
WARNING: [CaseManager] Validation: EvidenceData: discovery_method is required for evidence 'ev_maintenance'
     at: push_warning (core/variant/variant_utility.cpp:1034)
     GDScript backtrace (most recent call first):
         [0] load_case (res://scripts/managers/case_manager.gd:114)
         [1] before_each (res://tests/unit/test_interrogation_manager.gd:605)
         [2] _run_test (res://addons/gut/gut.gd:605)
         [3] _test_the_scripts (res://addons/gut/gut.gd:818)
WARNING: [CaseManager] Validation: EvidenceData: discovery_method is required for evidence 'ev_key_access'
     at: push_warning (core/variant/variant_utility.cpp:1034)
     GDScript backtrace (most recent call first):
         [0] load_case (res://scripts/managers/case_manager.gd:114)
         [1] before_each (res://tests/unit/test_interrogation_manager.gd:605)
         [2] _run_test (res://addons/gut/gut.gd:605)
         [3] _test_the_scripts (res://addons/gut/gut.gd:818)
WARNING: [CaseManager] Validation: EvidenceData: discovery_method is required for evidence 'ev_unlocked_clue'
     at: push_warning (core/variant/variant_utility.cpp:1034)
     GDScript backtrace (most recent call first):
         [0] load_case (res://scripts/managers/case_manager.gd:114)
         [1] before_each (res://tests/unit/test_interrogation_manager.gd:605)
         [2] _run_test (res://addons/gut/gut.gd:605)
         [3] _test_the_scripts (res://addons/gut/gut.gd:818)
WARNING: [CaseManager] Validation: EvidenceData: discovery_method is required for evidence 'ev_no_trigger'
     at: push_warning (core/variant/variant_utility.cpp:1034)
     GDScript backtrace (most recent call first):
         [0] load_case (res://scripts/managers/case_manager.gd:114)
         [1] before_each (res://tests/unit/test_interrogation_manager.gd:605)
         [2] _run_test (res://addons/gut/gut.gd:605)
         [3] _test_the_scripts (res://addons/gut/gut.gd:818)
* test_apply_pressure_succeeds_at_gate
WARNING: [CaseManager] Validation: EvidenceData: discovery_method is required for evidence 'ev_parking_camera'
     at: push_warning (core/variant/variant_utility.cpp:1034)
     GDScript backtrace (most recent call first):
         [0] load_case (res://scripts/managers/case_manager.gd:114)
         [1] before_each (res://tests/unit/test_interrogation_manager.gd:605)
         [2] _run_test (res://addons/gut/gut.gd:605)
         [3] _test_the_scripts (res://addons/gut/gut.gd:818)
WARNING: [CaseManager] Validation: EvidenceData: discovery_method is required for evidence 'ev_financial'
     at: push_warning (core/variant/variant_utility.cpp:1034)
     GDScript backtrace (most recent call first):
         [0] load_case (res://scripts/managers/case_manager.gd:114)
         [1] before_each (res://tests/unit/test_interrogation_manager.gd:605)
         [2] _run_test (res://addons/gut/gut.gd:605)
         [3] _test_the_scripts (res://addons/gut/gut.gd:818)
WARNING: [CaseManager] Validation: EvidenceData: discovery_method is required for evidence 'ev_safe'
     at: push_warning (core/variant/variant_utility.cpp:1034)
     GDScript backtrace (most recent call first):
         [0] load_case (res://scripts/managers/case_manager.gd:114)
         [1] before_each (res://tests/unit/test_interrogation_manager.gd:605)
         [2] _run_test (res://addons/gut/gut.gd:605)
         [3] _test_the_scripts (res://addons/gut/gut.gd:818)
WARNING: [CaseManager] Validation: EvidenceData: discovery_method is required for evidence 'ev_hallway_camera'
     at: push_warning (core/variant/variant_utility.cpp:1034)
     GDScript backtrace (most recent call first):
         [0] load_case (res://scripts/managers/case_manager.gd:114)
         [1] before_each (res://tests/unit/test_interrogation_manager.gd:605)
         [2] _run_test (res://addons/gut/gut.gd:605)
         [3] _test_the_scripts (res://addons/gut/gut.gd:818)
WARNING: [CaseManager] Validation: EvidenceData: discovery_method is required for evidence 'ev_shoe_print'
     at: push_warning (core/variant/variant_utility.cpp:1034)
     GDScript backtrace (most recent call first):
         [0] load_case (res://scripts/managers/case_manager.gd:114)
         [1] before_each (res://tests/unit/test_interrogation_manager.gd:605)
         [2] _run_test (res://addons/gut/gut.gd:605)
         [3] _test_the_scripts (res://addons/gut/gut.gd:818)
WARNING: [CaseManager] Validation: EvidenceData: discovery_method is required for evidence 'ev_fingerprint'
     at: push_warning (core/variant/variant_utility.cpp:1034)
     GDScript backtrace (most recent call first):
         [0] load_case (res://scripts/managers/case_manager.gd:114)
         [1] before_each (res://tests/unit/test_interrogation_manager.gd:605)
         [2] _run_test (res://addons/gut/gut.gd:605)
         [3] _test_the_scripts (res://addons/gut/gut.gd:818)
WARNING: [CaseManager] Validation: EvidenceData: discovery_method is required for evidence 'ev_elevator_log'
     at: push_warning (core/variant/variant_utility.cpp:1034)
     GDScript backtrace (most recent call first):
         [0] load_case (res://scripts/managers/case_manager.gd:114)
         [1] before_each (res://tests/unit/test_interrogation_manager.gd:605)
         [2] _run_test (res://addons/gut/gut.gd:605)
         [3] _test_the_scripts (res://addons/gut/gut.gd:818)
WARNING: [CaseManager] Validation: EvidenceData: discovery_method is required for evidence 'ev_journal'
     at: push_warning (core/variant/variant_utility.cpp:1034)
     GDScript backtrace (most recent call first):
         [0] load_case (res://scripts/managers/case_manager.gd:114)
         [1] before_each (res://tests/unit/test_interrogation_manager.gd:605)
         [2] _run_test (res://addons/gut/gut.gd:605)
         [3] _test_the_scripts (res://addons/gut/gut.gd:818)
WARNING: [CaseManager] Validation: EvidenceData: discovery_method is required for evidence 'ev_maintenance'
     at: push_warning (core/variant/variant_utility.cpp:1034)
     GDScript backtrace (most recent call first):
         [0] load_case (res://scripts/managers/case_manager.gd:114)
         [1] before_each (res://tests/unit/test_interrogation_manager.gd:605)
         [2] _run_test (res://addons/gut/gut.gd:605)
         [3] _test_the_scripts (res://addons/gut/gut.gd:818)
WARNING: [CaseManager] Validation: EvidenceData: discovery_method is required for evidence 'ev_key_access'
     at: push_warning (core/variant/variant_utility.cpp:1034)
     GDScript backtrace (most recent call first):
         [0] load_case (res://scripts/managers/case_manager.gd:114)
         [1] before_each (res://tests/unit/test_interrogation_manager.gd:605)
         [2] _run_test (res://addons/gut/gut.gd:605)
         [3] _test_the_scripts (res://addons/gut/gut.gd:818)
WARNING: [CaseManager] Validation: EvidenceData: discovery_method is required for evidence 'ev_unlocked_clue'
     at: push_warning (core/variant/variant_utility.cpp:1034)
     GDScript backtrace (most recent call first):
         [0] load_case (res://scripts/managers/case_manager.gd:114)
         [1] before_each (res://tests/unit/test_interrogation_manager.gd:605)
         [2] _run_test (res://addons/gut/gut.gd:605)
         [3] _test_the_scripts (res://addons/gut/gut.gd:818)
WARNING: [CaseManager] Validation: EvidenceData: discovery_method is required for evidence 'ev_no_trigger'
     at: push_warning (core/variant/variant_utility.cpp:1034)
     GDScript backtrace (most recent call first):
         [0] load_case (res://scripts/managers/case_manager.gd:114)
         [1] before_each (res://tests/unit/test_interrogation_manager.gd:605)
         [2] _run_test (res://addons/gut/gut.gd:605)
         [3] _test_the_scripts (res://addons/gut/gut.gd:818)
* test_apply_pressure_with_sarah_lower_gate
WARNING: [CaseManager] Validation: EvidenceData: discovery_method is required for evidence 'ev_parking_camera'
     at: push_warning (core/variant/variant_utility.cpp:1034)
     GDScript backtrace (most recent call first):
         [0] load_case (res://scripts/managers/case_manager.gd:114)
         [1] before_each (res://tests/unit/test_interrogation_manager.gd:605)
         [2] _run_test (res://addons/gut/gut.gd:605)
         [3] _test_the_scripts (res://addons/gut/gut.gd:818)
WARNING: [CaseManager] Validation: EvidenceData: discovery_method is required for evidence 'ev_financial'
     at: push_warning (core/variant/variant_utility.cpp:1034)
     GDScript backtrace (most recent call first):
         [0] load_case (res://scripts/managers/case_manager.gd:114)
         [1] before_each (res://tests/unit/test_interrogation_manager.gd:605)
         [2] _run_test (res://addons/gut/gut.gd:605)
         [3] _test_the_scripts (res://addons/gut/gut.gd:818)
WARNING: [CaseManager] Validation: EvidenceData: discovery_method is required for evidence 'ev_safe'
     at: push_warning (core/variant/variant_utility.cpp:1034)
     GDScript backtrace (most recent call first):
         [0] load_case (res://scripts/managers/case_manager.gd:114)
         [1] before_each (res://tests/unit/test_interrogation_manager.gd:605)
         [2] _run_test (res://addons/gut/gut.gd:605)
         [3] _test_the_scripts (res://addons/gut/gut.gd:818)
WARNING: [CaseManager] Validation: EvidenceData: discovery_method is required for evidence 'ev_hallway_camera'
     at: push_warning (core/variant/variant_utility.cpp:1034)
     GDScript backtrace (most recent call first):
         [0] load_case (res://scripts/managers/case_manager.gd:114)
         [1] before_each (res://tests/unit/test_interrogation_manager.gd:605)
         [2] _run_test (res://addons/gut/gut.gd:605)
         [3] _test_the_scripts (res://addons/gut/gut.gd:818)
WARNING: [CaseManager] Validation: EvidenceData: discovery_method is required for evidence 'ev_shoe_print'
     at: push_warning (core/variant/variant_utility.cpp:1034)
     GDScript backtrace (most recent call first):
         [0] load_case (res://scripts/managers/case_manager.gd:114)
         [1] before_each (res://tests/unit/test_interrogation_manager.gd:605)
         [2] _run_test (res://addons/gut/gut.gd:605)
         [3] _test_the_scripts (res://addons/gut/gut.gd:818)
WARNING: [CaseManager] Validation: EvidenceData: discovery_method is required for evidence 'ev_fingerprint'
     at: push_warning (core/variant/variant_utility.cpp:1034)
     GDScript backtrace (most recent call first):
         [0] load_case (res://scripts/managers/case_manager.gd:114)
         [1] before_each (res://tests/unit/test_interrogation_manager.gd:605)
         [2] _run_test (res://addons/gut/gut.gd:605)
         [3] _test_the_scripts (res://addons/gut/gut.gd:818)
WARNING: [CaseManager] Validation: EvidenceData: discovery_method is required for evidence 'ev_elevator_log'
     at: push_warning (core/variant/variant_utility.cpp:1034)
     GDScript backtrace (most recent call first):
         [0] load_case (res://scripts/managers/case_manager.gd:114)
         [1] before_each (res://tests/unit/test_interrogation_manager.gd:605)
         [2] _run_test (res://addons/gut/gut.gd:605)
         [3] _test_the_scripts (res://addons/gut/gut.gd:818)
WARNING: [CaseManager] Validation: EvidenceData: discovery_method is required for evidence 'ev_journal'
     at: push_warning (core/variant/variant_utility.cpp:1034)
     GDScript backtrace (most recent call first):
         [0] load_case (res://scripts/managers/case_manager.gd:114)
         [1] before_each (res://tests/unit/test_interrogation_manager.gd:605)
         [2] _run_test (res://addons/gut/gut.gd:605)
         [3] _test_the_scripts (res://addons/gut/gut.gd:818)
WARNING: [CaseManager] Validation: EvidenceData: discovery_method is required for evidence 'ev_maintenance'
     at: push_warning (core/variant/variant_utility.cpp:1034)
     GDScript backtrace (most recent call first):
         [0] load_case (res://scripts/managers/case_manager.gd:114)
         [1] before_each (res://tests/unit/test_interrogation_manager.gd:605)
         [2] _run_test (res://addons/gut/gut.gd:605)
         [3] _test_the_scripts (res://addons/gut/gut.gd:818)
WARNING: [CaseManager] Validation: EvidenceData: discovery_method is required for evidence 'ev_key_access'
     at: push_warning (core/variant/variant_utility.cpp:1034)
     GDScript backtrace (most recent call first):
         [0] load_case (res://scripts/managers/case_manager.gd:114)
         [1] before_each (res://tests/unit/test_interrogation_manager.gd:605)
         [2] _run_test (res://addons/gut/gut.gd:605)
         [3] _test_the_scripts (res://addons/gut/gut.gd:818)
WARNING: [CaseManager] Validation: EvidenceData: discovery_method is required for evidence 'ev_unlocked_clue'
     at: push_warning (core/variant/variant_utility.cpp:1034)
     GDScript backtrace (most recent call first):
         [0] load_case (res://scripts/managers/case_manager.gd:114)
         [1] before_each (res://tests/unit/test_interrogation_manager.gd:605)
         [2] _run_test (res://addons/gut/gut.gd:605)
         [3] _test_the_scripts (res://addons/gut/gut.gd:818)
WARNING: [CaseManager] Validation: EvidenceData: discovery_method is required for evidence 'ev_no_trigger'
     at: push_warning (core/variant/variant_utility.cpp:1034)
     GDScript backtrace (most recent call first):
         [0] load_case (res://scripts/managers/case_manager.gd:114)
         [1] before_each (res://tests/unit/test_interrogation_manager.gd:605)
         [2] _run_test (res://addons/gut/gut.gd:605)
         [3] _test_the_scripts (res://addons/gut/gut.gd:818)
* test_apply_pressure_blocked_after_break
WARNING: [CaseManager] Validation: EvidenceData: discovery_method is required for evidence 'ev_parking_camera'
     at: push_warning (core/variant/variant_utility.cpp:1034)
     GDScript backtrace (most recent call first):
         [0] load_case (res://scripts/managers/case_manager.gd:114)
         [1] before_each (res://tests/unit/test_interrogation_manager.gd:605)
         [2] _run_test (res://addons/gut/gut.gd:605)
         [3] _test_the_scripts (res://addons/gut/gut.gd:818)
WARNING: [CaseManager] Validation: EvidenceData: discovery_method is required for evidence 'ev_financial'
     at: push_warning (core/variant/variant_utility.cpp:1034)
     GDScript backtrace (most recent call first):
         [0] load_case (res://scripts/managers/case_manager.gd:114)
         [1] before_each (res://tests/unit/test_interrogation_manager.gd:605)
         [2] _run_test (res://addons/gut/gut.gd:605)
         [3] _test_the_scripts (res://addons/gut/gut.gd:818)
WARNING: [CaseManager] Validation: EvidenceData: discovery_method is required for evidence 'ev_safe'
     at: push_warning (core/variant/variant_utility.cpp:1034)
     GDScript backtrace (most recent call first):
         [0] load_case (res://scripts/managers/case_manager.gd:114)
         [1] before_each (res://tests/unit/test_interrogation_manager.gd:605)
         [2] _run_test (res://addons/gut/gut.gd:605)
         [3] _test_the_scripts (res://addons/gut/gut.gd:818)
WARNING: [CaseManager] Validation: EvidenceData: discovery_method is required for evidence 'ev_hallway_camera'
     at: push_warning (core/variant/variant_utility.cpp:1034)
     GDScript backtrace (most recent call first):
         [0] load_case (res://scripts/managers/case_manager.gd:114)
         [1] before_each (res://tests/unit/test_interrogation_manager.gd:605)
         [2] _run_test (res://addons/gut/gut.gd:605)
         [3] _test_the_scripts (res://addons/gut/gut.gd:818)
WARNING: [CaseManager] Validation: EvidenceData: discovery_method is required for evidence 'ev_shoe_print'
     at: push_warning (core/variant/variant_utility.cpp:1034)
     GDScript backtrace (most recent call first):
         [0] load_case (res://scripts/managers/case_manager.gd:114)
         [1] before_each (res://tests/unit/test_interrogation_manager.gd:605)
         [2] _run_test (res://addons/gut/gut.gd:605)
         [3] _test_the_scripts (res://addons/gut/gut.gd:818)
WARNING: [CaseManager] Validation: EvidenceData: discovery_method is required for evidence 'ev_fingerprint'
     at: push_warning (core/variant/variant_utility.cpp:1034)
     GDScript backtrace (most recent call first):
         [0] load_case (res://scripts/managers/case_manager.gd:114)
         [1] before_each (res://tests/unit/test_interrogation_manager.gd:605)
         [2] _run_test (res://addons/gut/gut.gd:605)
         [3] _test_the_scripts (res://addons/gut/gut.gd:818)
WARNING: [CaseManager] Validation: EvidenceData: discovery_method is required for evidence 'ev_elevator_log'
     at: push_warning (core/variant/variant_utility.cpp:1034)
     GDScript backtrace (most recent call first):
         [0] load_case (res://scripts/managers/case_manager.gd:114)
         [1] before_each (res://tests/unit/test_interrogation_manager.gd:605)
         [2] _run_test (res://addons/gut/gut.gd:605)
         [3] _test_the_scripts (res://addons/gut/gut.gd:818)
WARNING: [CaseManager] Validation: EvidenceData: discovery_method is required for evidence 'ev_journal'
     at: push_warning (core/variant/variant_utility.cpp:1034)
     GDScript backtrace (most recent call first):
         [0] load_case (res://scripts/managers/case_manager.gd:114)
         [1] before_each (res://tests/unit/test_interrogation_manager.gd:605)
         [2] _run_test (res://addons/gut/gut.gd:605)
         [3] _test_the_scripts (res://addons/gut/gut.gd:818)
WARNING: [CaseManager] Validation: EvidenceData: discovery_method is required for evidence 'ev_maintenance'
     at: push_warning (core/variant/variant_utility.cpp:1034)
     GDScript backtrace (most recent call first):
         [0] load_case (res://scripts/managers/case_manager.gd:114)
         [1] before_each (res://tests/unit/test_interrogation_manager.gd:605)
         [2] _run_test (res://addons/gut/gut.gd:605)
         [3] _test_the_scripts (res://addons/gut/gut.gd:818)
WARNING: [CaseManager] Validation: EvidenceData: discovery_method is required for evidence 'ev_key_access'
     at: push_warning (core/variant/variant_utility.cpp:1034)
     GDScript backtrace (most recent call first):
         [0] load_case (res://scripts/managers/case_manager.gd:114)
         [1] before_each (res://tests/unit/test_interrogation_manager.gd:605)
         [2] _run_test (res://addons/gut/gut.gd:605)
         [3] _test_the_scripts (res://addons/gut/gut.gd:818)
WARNING: [CaseManager] Validation: EvidenceData: discovery_method is required for evidence 'ev_unlocked_clue'
     at: push_warning (core/variant/variant_utility.cpp:1034)
     GDScript backtrace (most recent call first):
         [0] load_case (res://scripts/managers/case_manager.gd:114)
         [1] before_each (res://tests/unit/test_interrogation_manager.gd:605)
         [2] _run_test (res://addons/gut/gut.gd:605)
         [3] _test_the_scripts (res://addons/gut/gut.gd:818)
WARNING: [CaseManager] Validation: EvidenceData: discovery_method is required for evidence 'ev_no_trigger'
     at: push_warning (core/variant/variant_utility.cpp:1034)
     GDScript backtrace (most recent call first):
         [0] load_case (res://scripts/managers/case_manager.gd:114)
         [1] before_each (res://tests/unit/test_interrogation_manager.gd:605)
         [2] _run_test (res://addons/gut/gut.gd:605)
         [3] _test_the_scripts (res://addons/gut/gut.gd:818)
* test_phase_returns_to_interrogation_after_pressure
WARNING: [CaseManager] Validation: EvidenceData: discovery_method is required for evidence 'ev_parking_camera'
     at: push_warning (core/variant/variant_utility.cpp:1034)
     GDScript backtrace (most recent call first):
         [0] load_case (res://scripts/managers/case_manager.gd:114)
         [1] before_each (res://tests/unit/test_interrogation_manager.gd:605)
         [2] _run_test (res://addons/gut/gut.gd:605)
         [3] _test_the_scripts (res://addons/gut/gut.gd:818)
WARNING: [CaseManager] Validation: EvidenceData: discovery_method is required for evidence 'ev_financial'
     at: push_warning (core/variant/variant_utility.cpp:1034)
     GDScript backtrace (most recent call first):
         [0] load_case (res://scripts/managers/case_manager.gd:114)
         [1] before_each (res://tests/unit/test_interrogation_manager.gd:605)
         [2] _run_test (res://addons/gut/gut.gd:605)
         [3] _test_the_scripts (res://addons/gut/gut.gd:818)
WARNING: [CaseManager] Validation: EvidenceData: discovery_method is required for evidence 'ev_safe'
     at: push_warning (core/variant/variant_utility.cpp:1034)
     GDScript backtrace (most recent call first):
         [0] load_case (res://scripts/managers/case_manager.gd:114)
         [1] before_each (res://tests/unit/test_interrogation_manager.gd:605)
         [2] _run_test (res://addons/gut/gut.gd:605)
         [3] _test_the_scripts (res://addons/gut/gut.gd:818)
WARNING: [CaseManager] Validation: EvidenceData: discovery_method is required for evidence 'ev_hallway_camera'
     at: push_warning (core/variant/variant_utility.cpp:1034)
     GDScript backtrace (most recent call first):
         [0] load_case (res://scripts/managers/case_manager.gd:114)
         [1] before_each (res://tests/unit/test_interrogation_manager.gd:605)
         [2] _run_test (res://addons/gut/gut.gd:605)
         [3] _test_the_scripts (res://addons/gut/gut.gd:818)
WARNING: [CaseManager] Validation: EvidenceData: discovery_method is required for evidence 'ev_shoe_print'
     at: push_warning (core/variant/variant_utility.cpp:1034)
     GDScript backtrace (most recent call first):
         [0] load_case (res://scripts/managers/case_manager.gd:114)
         [1] before_each (res://tests/unit/test_interrogation_manager.gd:605)
         [2] _run_test (res://addons/gut/gut.gd:605)
         [3] _test_the_scripts (res://addons/gut/gut.gd:818)
WARNING: [CaseManager] Validation: EvidenceData: discovery_method is required for evidence 'ev_fingerprint'
     at: push_warning (core/variant/variant_utility.cpp:1034)
     GDScript backtrace (most recent call first):
         [0] load_case (res://scripts/managers/case_manager.gd:114)
         [1] before_each (res://tests/unit/test_interrogation_manager.gd:605)
         [2] _run_test (res://addons/gut/gut.gd:605)
         [3] _test_the_scripts (res://addons/gut/gut.gd:818)
WARNING: [CaseManager] Validation: EvidenceData: discovery_method is required for evidence 'ev_elevator_log'
     at: push_warning (core/variant/variant_utility.cpp:1034)
     GDScript backtrace (most recent call first):
         [0] load_case (res://scripts/managers/case_manager.gd:114)
         [1] before_each (res://tests/unit/test_interrogation_manager.gd:605)
         [2] _run_test (res://addons/gut/gut.gd:605)
         [3] _test_the_scripts (res://addons/gut/gut.gd:818)
WARNING: [CaseManager] Validation: EvidenceData: discovery_method is required for evidence 'ev_journal'
     at: push_warning (core/variant/variant_utility.cpp:1034)
     GDScript backtrace (most recent call first):
         [0] load_case (res://scripts/managers/case_manager.gd:114)
         [1] before_each (res://tests/unit/test_interrogation_manager.gd:605)
         [2] _run_test (res://addons/gut/gut.gd:605)
         [3] _test_the_scripts (res://addons/gut/gut.gd:818)
WARNING: [CaseManager] Validation: EvidenceData: discovery_method is required for evidence 'ev_maintenance'
     at: push_warning (core/variant/variant_utility.cpp:1034)
     GDScript backtrace (most recent call first):
         [0] load_case (res://scripts/managers/case_manager.gd:114)
         [1] before_each (res://tests/unit/test_interrogation_manager.gd:605)
         [2] _run_test (res://addons/gut/gut.gd:605)
         [3] _test_the_scripts (res://addons/gut/gut.gd:818)
WARNING: [CaseManager] Validation: EvidenceData: discovery_method is required for evidence 'ev_key_access'
     at: push_warning (core/variant/variant_utility.cpp:1034)
     GDScript backtrace (most recent call first):
         [0] load_case (res://scripts/managers/case_manager.gd:114)
         [1] before_each (res://tests/unit/test_interrogation_manager.gd:605)
         [2] _run_test (res://addons/gut/gut.gd:605)
         [3] _test_the_scripts (res://addons/gut/gut.gd:818)
WARNING: [CaseManager] Validation: EvidenceData: discovery_method is required for evidence 'ev_unlocked_clue'
     at: push_warning (core/variant/variant_utility.cpp:1034)
     GDScript backtrace (most recent call first):
         [0] load_case (res://scripts/managers/case_manager.gd:114)
         [1] before_each (res://tests/unit/test_interrogation_manager.gd:605)
         [2] _run_test (res://addons/gut/gut.gd:605)
         [3] _test_the_scripts (res://addons/gut/gut.gd:818)
WARNING: [CaseManager] Validation: EvidenceData: discovery_method is required for evidence 'ev_no_trigger'
     at: push_warning (core/variant/variant_utility.cpp:1034)
     GDScript backtrace (most recent call first):
         [0] load_case (res://scripts/managers/case_manager.gd:114)
         [1] before_each (res://tests/unit/test_interrogation_manager.gd:605)
         [2] _run_test (res://addons/gut/gut.gd:605)
         [3] _test_the_scripts (res://addons/gut/gut.gd:818)
* test_initial_dialogue_returned
WARNING: [CaseManager] Validation: EvidenceData: discovery_method is required for evidence 'ev_parking_camera'
     at: push_warning (core/variant/variant_utility.cpp:1034)
     GDScript backtrace (most recent call first):
         [0] load_case (res://scripts/managers/case_manager.gd:114)
         [1] before_each (res://tests/unit/test_interrogation_manager.gd:605)
         [2] _run_test (res://addons/gut/gut.gd:605)
         [3] _test_the_scripts (res://addons/gut/gut.gd:818)
WARNING: [CaseManager] Validation: EvidenceData: discovery_method is required for evidence 'ev_financial'
     at: push_warning (core/variant/variant_utility.cpp:1034)
     GDScript backtrace (most recent call first):
         [0] load_case (res://scripts/managers/case_manager.gd:114)
         [1] before_each (res://tests/unit/test_interrogation_manager.gd:605)
         [2] _run_test (res://addons/gut/gut.gd:605)
         [3] _test_the_scripts (res://addons/gut/gut.gd:818)
WARNING: [CaseManager] Validation: EvidenceData: discovery_method is required for evidence 'ev_safe'
     at: push_warning (core/variant/variant_utility.cpp:1034)
     GDScript backtrace (most recent call first):
         [0] load_case (res://scripts/managers/case_manager.gd:114)
         [1] before_each (res://tests/unit/test_interrogation_manager.gd:605)
         [2] _run_test (res://addons/gut/gut.gd:605)
         [3] _test_the_scripts (res://addons/gut/gut.gd:818)
WARNING: [CaseManager] Validation: EvidenceData: discovery_method is required for evidence 'ev_hallway_camera'
     at: push_warning (core/variant/variant_utility.cpp:1034)
     GDScript backtrace (most recent call first):
         [0] load_case (res://scripts/managers/case_manager.gd:114)
         [1] before_each (res://tests/unit/test_interrogation_manager.gd:605)
         [2] _run_test (res://addons/gut/gut.gd:605)
         [3] _test_the_scripts (res://addons/gut/gut.gd:818)
WARNING: [CaseManager] Validation: EvidenceData: discovery_method is required for evidence 'ev_shoe_print'
     at: push_warning (core/variant/variant_utility.cpp:1034)
     GDScript backtrace (most recent call first):
         [0] load_case (res://scripts/managers/case_manager.gd:114)
         [1] before_each (res://tests/unit/test_interrogation_manager.gd:605)
         [2] _run_test (res://addons/gut/gut.gd:605)
         [3] _test_the_scripts (res://addons/gut/gut.gd:818)
WARNING: [CaseManager] Validation: EvidenceData: discovery_method is required for evidence 'ev_fingerprint'
     at: push_warning (core/variant/variant_utility.cpp:1034)
     GDScript backtrace (most recent call first):
         [0] load_case (res://scripts/managers/case_manager.gd:114)
         [1] before_each (res://tests/unit/test_interrogation_manager.gd:605)
         [2] _run_test (res://addons/gut/gut.gd:605)
         [3] _test_the_scripts (res://addons/gut/gut.gd:818)
WARNING: [CaseManager] Validation: EvidenceData: discovery_method is required for evidence 'ev_elevator_log'
     at: push_warning (core/variant/variant_utility.cpp:1034)
     GDScript backtrace (most recent call first):
         [0] load_case (res://scripts/managers/case_manager.gd:114)
         [1] before_each (res://tests/unit/test_interrogation_manager.gd:605)
         [2] _run_test (res://addons/gut/gut.gd:605)
         [3] _test_the_scripts (res://addons/gut/gut.gd:818)
WARNING: [CaseManager] Validation: EvidenceData: discovery_method is required for evidence 'ev_journal'
     at: push_warning (core/variant/variant_utility.cpp:1034)
     GDScript backtrace (most recent call first):
         [0] load_case (res://scripts/managers/case_manager.gd:114)
         [1] before_each (res://tests/unit/test_interrogation_manager.gd:605)
         [2] _run_test (res://addons/gut/gut.gd:605)
         [3] _test_the_scripts (res://addons/gut/gut.gd:818)
WARNING: [CaseManager] Validation: EvidenceData: discovery_method is required for evidence 'ev_maintenance'
     at: push_warning (core/variant/variant_utility.cpp:1034)
     GDScript backtrace (most recent call first):
         [0] load_case (res://scripts/managers/case_manager.gd:114)
         [1] before_each (res://tests/unit/test_interrogation_manager.gd:605)
         [2] _run_test (res://addons/gut/gut.gd:605)
         [3] _test_the_scripts (res://addons/gut/gut.gd:818)
WARNING: [CaseManager] Validation: EvidenceData: discovery_method is required for evidence 'ev_key_access'
     at: push_warning (core/variant/variant_utility.cpp:1034)
     GDScript backtrace (most recent call first):
         [0] load_case (res://scripts/managers/case_manager.gd:114)
         [1] before_each (res://tests/unit/test_interrogation_manager.gd:605)
         [2] _run_test (res://addons/gut/gut.gd:605)
         [3] _test_the_scripts (res://addons/gut/gut.gd:818)
WARNING: [CaseManager] Validation: EvidenceData: discovery_method is required for evidence 'ev_unlocked_clue'
     at: push_warning (core/variant/variant_utility.cpp:1034)
     GDScript backtrace (most recent call first):
         [0] load_case (res://scripts/managers/case_manager.gd:114)
         [1] before_each (res://tests/unit/test_interrogation_manager.gd:605)
         [2] _run_test (res://addons/gut/gut.gd:605)
         [3] _test_the_scripts (res://addons/gut/gut.gd:818)
WARNING: [CaseManager] Validation: EvidenceData: discovery_method is required for evidence 'ev_no_trigger'
     at: push_warning (core/variant/variant_utility.cpp:1034)
     GDScript backtrace (most recent call first):
         [0] load_case (res://scripts/managers/case_manager.gd:114)
         [1] before_each (res://tests/unit/test_interrogation_manager.gd:605)
         [2] _run_test (res://addons/gut/gut.gd:605)
         [3] _test_the_scripts (res://addons/gut/gut.gd:818)
* test_rejection_text_returned
WARNING: [CaseManager] Validation: EvidenceData: discovery_method is required for evidence 'ev_parking_camera'
     at: push_warning (core/variant/variant_utility.cpp:1034)
     GDScript backtrace (most recent call first):
         [0] load_case (res://scripts/managers/case_manager.gd:114)
         [1] before_each (res://tests/unit/test_interrogation_manager.gd:605)
         [2] _run_test (res://addons/gut/gut.gd:605)
         [3] _test_the_scripts (res://addons/gut/gut.gd:818)
WARNING: [CaseManager] Validation: EvidenceData: discovery_method is required for evidence 'ev_financial'
     at: push_warning (core/variant/variant_utility.cpp:1034)
     GDScript backtrace (most recent call first):
         [0] load_case (res://scripts/managers/case_manager.gd:114)
         [1] before_each (res://tests/unit/test_interrogation_manager.gd:605)
         [2] _run_test (res://addons/gut/gut.gd:605)
         [3] _test_the_scripts (res://addons/gut/gut.gd:818)
WARNING: [CaseManager] Validation: EvidenceData: discovery_method is required for evidence 'ev_safe'
     at: push_warning (core/variant/variant_utility.cpp:1034)
     GDScript backtrace (most recent call first):
         [0] load_case (res://scripts/managers/case_manager.gd:114)
         [1] before_each (res://tests/unit/test_interrogation_manager.gd:605)
         [2] _run_test (res://addons/gut/gut.gd:605)
         [3] _test_the_scripts (res://addons/gut/gut.gd:818)
WARNING: [CaseManager] Validation: EvidenceData: discovery_method is required for evidence 'ev_hallway_camera'
     at: push_warning (core/variant/variant_utility.cpp:1034)
     GDScript backtrace (most recent call first):
         [0] load_case (res://scripts/managers/case_manager.gd:114)
         [1] before_each (res://tests/unit/test_interrogation_manager.gd:605)
         [2] _run_test (res://addons/gut/gut.gd:605)
         [3] _test_the_scripts (res://addons/gut/gut.gd:818)
WARNING: [CaseManager] Validation: EvidenceData: discovery_method is required for evidence 'ev_shoe_print'
     at: push_warning (core/variant/variant_utility.cpp:1034)
     GDScript backtrace (most recent call first):
         [0] load_case (res://scripts/managers/case_manager.gd:114)
         [1] before_each (res://tests/unit/test_interrogation_manager.gd:605)
         [2] _run_test (res://addons/gut/gut.gd:605)
         [3] _test_the_scripts (res://addons/gut/gut.gd:818)
WARNING: [CaseManager] Validation: EvidenceData: discovery_method is required for evidence 'ev_fingerprint'
     at: push_warning (core/variant/variant_utility.cpp:1034)
     GDScript backtrace (most recent call first):
         [0] load_case (res://scripts/managers/case_manager.gd:114)
         [1] before_each (res://tests/unit/test_interrogation_manager.gd:605)
         [2] _run_test (res://addons/gut/gut.gd:605)
         [3] _test_the_scripts (res://addons/gut/gut.gd:818)
WARNING: [CaseManager] Validation: EvidenceData: discovery_method is required for evidence 'ev_elevator_log'
     at: push_warning (core/variant/variant_utility.cpp:1034)
     GDScript backtrace (most recent call first):
         [0] load_case (res://scripts/managers/case_manager.gd:114)
         [1] before_each (res://tests/unit/test_interrogation_manager.gd:605)
         [2] _run_test (res://addons/gut/gut.gd:605)
         [3] _test_the_scripts (res://addons/gut/gut.gd:818)
WARNING: [CaseManager] Validation: EvidenceData: discovery_method is required for evidence 'ev_journal'
     at: push_warning (core/variant/variant_utility.cpp:1034)
     GDScript backtrace (most recent call first):
         [0] load_case (res://scripts/managers/case_manager.gd:114)
         [1] before_each (res://tests/unit/test_interrogation_manager.gd:605)
         [2] _run_test (res://addons/gut/gut.gd:605)
         [3] _test_the_scripts (res://addons/gut/gut.gd:818)
WARNING: [CaseManager] Validation: EvidenceData: discovery_method is required for evidence 'ev_maintenance'
     at: push_warning (core/variant/variant_utility.cpp:1034)
     GDScript backtrace (most recent call first):
         [0] load_case (res://scripts/managers/case_manager.gd:114)
         [1] before_each (res://tests/unit/test_interrogation_manager.gd:605)
         [2] _run_test (res://addons/gut/gut.gd:605)
         [3] _test_the_scripts (res://addons/gut/gut.gd:818)
WARNING: [CaseManager] Validation: EvidenceData: discovery_method is required for evidence 'ev_key_access'
     at: push_warning (core/variant/variant_utility.cpp:1034)
     GDScript backtrace (most recent call first):
         [0] load_case (res://scripts/managers/case_manager.gd:114)
         [1] before_each (res://tests/unit/test_interrogation_manager.gd:605)
         [2] _run_test (res://addons/gut/gut.gd:605)
         [3] _test_the_scripts (res://addons/gut/gut.gd:818)
WARNING: [CaseManager] Validation: EvidenceData: discovery_method is required for evidence 'ev_unlocked_clue'
     at: push_warning (core/variant/variant_utility.cpp:1034)
     GDScript backtrace (most recent call first):
         [0] load_case (res://scripts/managers/case_manager.gd:114)
         [1] before_each (res://tests/unit/test_interrogation_manager.gd:605)
         [2] _run_test (res://addons/gut/gut.gd:605)
         [3] _test_the_scripts (res://addons/gut/gut.gd:818)
WARNING: [CaseManager] Validation: EvidenceData: discovery_method is required for evidence 'ev_no_trigger'
     at: push_warning (core/variant/variant_utility.cpp:1034)
     GDScript backtrace (most recent call first):
         [0] load_case (res://scripts/managers/case_manager.gd:114)
         [1] before_each (res://tests/unit/test_interrogation_manager.gd:605)
         [2] _run_test (res://addons/gut/gut.gd:605)
         [3] _test_the_scripts (res://addons/gut/gut.gd:818)
* test_rejection_text_fallback_for_empty
WARNING: [CaseManager] Validation: EvidenceData: discovery_method is required for evidence 'ev_parking_camera'
     at: push_warning (core/variant/variant_utility.cpp:1034)
     GDScript backtrace (most recent call first):
         [0] load_case (res://scripts/managers/case_manager.gd:114)
         [1] before_each (res://tests/unit/test_interrogation_manager.gd:605)
         [2] _run_test (res://addons/gut/gut.gd:605)
         [3] _test_the_scripts (res://addons/gut/gut.gd:818)
WARNING: [CaseManager] Validation: EvidenceData: discovery_method is required for evidence 'ev_financial'
     at: push_warning (core/variant/variant_utility.cpp:1034)
     GDScript backtrace (most recent call first):
         [0] load_case (res://scripts/managers/case_manager.gd:114)
         [1] before_each (res://tests/unit/test_interrogation_manager.gd:605)
         [2] _run_test (res://addons/gut/gut.gd:605)
         [3] _test_the_scripts (res://addons/gut/gut.gd:818)
WARNING: [CaseManager] Validation: EvidenceData: discovery_method is required for evidence 'ev_safe'
     at: push_warning (core/variant/variant_utility.cpp:1034)
     GDScript backtrace (most recent call first):
         [0] load_case (res://scripts/managers/case_manager.gd:114)
         [1] before_each (res://tests/unit/test_interrogation_manager.gd:605)
         [2] _run_test (res://addons/gut/gut.gd:605)
         [3] _test_the_scripts (res://addons/gut/gut.gd:818)
WARNING: [CaseManager] Validation: EvidenceData: discovery_method is required for evidence 'ev_hallway_camera'
     at: push_warning (core/variant/variant_utility.cpp:1034)
     GDScript backtrace (most recent call first):
         [0] load_case (res://scripts/managers/case_manager.gd:114)
         [1] before_each (res://tests/unit/test_interrogation_manager.gd:605)
         [2] _run_test (res://addons/gut/gut.gd:605)
         [3] _test_the_scripts (res://addons/gut/gut.gd:818)
WARNING: [CaseManager] Validation: EvidenceData: discovery_method is required for evidence 'ev_shoe_print'
     at: push_warning (core/variant/variant_utility.cpp:1034)
     GDScript backtrace (most recent call first):
         [0] load_case (res://scripts/managers/case_manager.gd:114)
         [1] before_each (res://tests/unit/test_interrogation_manager.gd:605)
         [2] _run_test (res://addons/gut/gut.gd:605)
         [3] _test_the_scripts (res://addons/gut/gut.gd:818)
WARNING: [CaseManager] Validation: EvidenceData: discovery_method is required for evidence 'ev_fingerprint'
     at: push_warning (core/variant/variant_utility.cpp:1034)
     GDScript backtrace (most recent call first):
         [0] load_case (res://scripts/managers/case_manager.gd:114)
         [1] before_each (res://tests/unit/test_interrogation_manager.gd:605)
         [2] _run_test (res://addons/gut/gut.gd:605)
         [3] _test_the_scripts (res://addons/gut/gut.gd:818)
WARNING: [CaseManager] Validation: EvidenceData: discovery_method is required for evidence 'ev_elevator_log'
     at: push_warning (core/variant/variant_utility.cpp:1034)
     GDScript backtrace (most recent call first):
         [0] load_case (res://scripts/managers/case_manager.gd:114)
         [1] before_each (res://tests/unit/test_interrogation_manager.gd:605)
         [2] _run_test (res://addons/gut/gut.gd:605)
         [3] _test_the_scripts (res://addons/gut/gut.gd:818)
WARNING: [CaseManager] Validation: EvidenceData: discovery_method is required for evidence 'ev_journal'
     at: push_warning (core/variant/variant_utility.cpp:1034)
     GDScript backtrace (most recent call first):
         [0] load_case (res://scripts/managers/case_manager.gd:114)
         [1] before_each (res://tests/unit/test_interrogation_manager.gd:605)
         [2] _run_test (res://addons/gut/gut.gd:605)
         [3] _test_the_scripts (res://addons/gut/gut.gd:818)
WARNING: [CaseManager] Validation: EvidenceData: discovery_method is required for evidence 'ev_maintenance'
     at: push_warning (core/variant/variant_utility.cpp:1034)
     GDScript backtrace (most recent call first):
         [0] load_case (res://scripts/managers/case_manager.gd:114)
         [1] before_each (res://tests/unit/test_interrogation_manager.gd:605)
         [2] _run_test (res://addons/gut/gut.gd:605)
         [3] _test_the_scripts (res://addons/gut/gut.gd:818)
WARNING: [CaseManager] Validation: EvidenceData: discovery_method is required for evidence 'ev_key_access'
     at: push_warning (core/variant/variant_utility.cpp:1034)
     GDScript backtrace (most recent call first):
         [0] load_case (res://scripts/managers/case_manager.gd:114)
         [1] before_each (res://tests/unit/test_interrogation_manager.gd:605)
         [2] _run_test (res://addons/gut/gut.gd:605)
         [3] _test_the_scripts (res://addons/gut/gut.gd:818)
WARNING: [CaseManager] Validation: EvidenceData: discovery_method is required for evidence 'ev_unlocked_clue'
     at: push_warning (core/variant/variant_utility.cpp:1034)
     GDScript backtrace (most recent call first):
         [0] load_case (res://scripts/managers/case_manager.gd:114)
         [1] before_each (res://tests/unit/test_interrogation_manager.gd:605)
         [2] _run_test (res://addons/gut/gut.gd:605)
         [3] _test_the_scripts (res://addons/gut/gut.gd:818)
WARNING: [CaseManager] Validation: EvidenceData: discovery_method is required for evidence 'ev_no_trigger'
     at: push_warning (core/variant/variant_utility.cpp:1034)
     GDScript backtrace (most recent call first):
         [0] load_case (res://scripts/managers/case_manager.gd:114)
         [1] before_each (res://tests/unit/test_interrogation_manager.gd:605)
         [2] _run_test (res://addons/gut/gut.gd:605)
         [3] _test_the_scripts (res://addons/gut/gut.gd:818)
* test_trigger_data_from_dict
WARNING: [CaseManager] Validation: EvidenceData: discovery_method is required for evidence 'ev_parking_camera'
     at: push_warning (core/variant/variant_utility.cpp:1034)
     GDScript backtrace (most recent call first):
         [0] load_case (res://scripts/managers/case_manager.gd:114)
         [1] before_each (res://tests/unit/test_interrogation_manager.gd:605)
         [2] _run_test (res://addons/gut/gut.gd:605)
         [3] _test_the_scripts (res://addons/gut/gut.gd:818)
WARNING: [CaseManager] Validation: EvidenceData: discovery_method is required for evidence 'ev_financial'
     at: push_warning (core/variant/variant_utility.cpp:1034)
     GDScript backtrace (most recent call first):
         [0] load_case (res://scripts/managers/case_manager.gd:114)
         [1] before_each (res://tests/unit/test_interrogation_manager.gd:605)
         [2] _run_test (res://addons/gut/gut.gd:605)
         [3] _test_the_scripts (res://addons/gut/gut.gd:818)
WARNING: [CaseManager] Validation: EvidenceData: discovery_method is required for evidence 'ev_safe'
     at: push_warning (core/variant/variant_utility.cpp:1034)
     GDScript backtrace (most recent call first):
         [0] load_case (res://scripts/managers/case_manager.gd:114)
         [1] before_each (res://tests/unit/test_interrogation_manager.gd:605)
         [2] _run_test (res://addons/gut/gut.gd:605)
         [3] _test_the_scripts (res://addons/gut/gut.gd:818)
WARNING: [CaseManager] Validation: EvidenceData: discovery_method is required for evidence 'ev_hallway_camera'
     at: push_warning (core/variant/variant_utility.cpp:1034)
     GDScript backtrace (most recent call first):
         [0] load_case (res://scripts/managers/case_manager.gd:114)
         [1] before_each (res://tests/unit/test_interrogation_manager.gd:605)
         [2] _run_test (res://addons/gut/gut.gd:605)
         [3] _test_the_scripts (res://addons/gut/gut.gd:818)
WARNING: [CaseManager] Validation: EvidenceData: discovery_method is required for evidence 'ev_shoe_print'
     at: push_warning (core/variant/variant_utility.cpp:1034)
     GDScript backtrace (most recent call first):
         [0] load_case (res://scripts/managers/case_manager.gd:114)
         [1] before_each (res://tests/unit/test_interrogation_manager.gd:605)
         [2] _run_test (res://addons/gut/gut.gd:605)
         [3] _test_the_scripts (res://addons/gut/gut.gd:818)
WARNING: [CaseManager] Validation: EvidenceData: discovery_method is required for evidence 'ev_fingerprint'
     at: push_warning (core/variant/variant_utility.cpp:1034)
     GDScript backtrace (most recent call first):
         [0] load_case (res://scripts/managers/case_manager.gd:114)
         [1] before_each (res://tests/unit/test_interrogation_manager.gd:605)
         [2] _run_test (res://addons/gut/gut.gd:605)
         [3] _test_the_scripts (res://addons/gut/gut.gd:818)
WARNING: [CaseManager] Validation: EvidenceData: discovery_method is required for evidence 'ev_elevator_log'
     at: push_warning (core/variant/variant_utility.cpp:1034)
     GDScript backtrace (most recent call first):
         [0] load_case (res://scripts/managers/case_manager.gd:114)
         [1] before_each (res://tests/unit/test_interrogation_manager.gd:605)
         [2] _run_test (res://addons/gut/gut.gd:605)
         [3] _test_the_scripts (res://addons/gut/gut.gd:818)
WARNING: [CaseManager] Validation: EvidenceData: discovery_method is required for evidence 'ev_journal'
     at: push_warning (core/variant/variant_utility.cpp:1034)
     GDScript backtrace (most recent call first):
         [0] load_case (res://scripts/managers/case_manager.gd:114)
         [1] before_each (res://tests/unit/test_interrogation_manager.gd:605)
         [2] _run_test (res://addons/gut/gut.gd:605)
         [3] _test_the_scripts (res://addons/gut/gut.gd:818)
WARNING: [CaseManager] Validation: EvidenceData: discovery_method is required for evidence 'ev_maintenance'
     at: push_warning (core/variant/variant_utility.cpp:1034)
     GDScript backtrace (most recent call first):
         [0] load_case (res://scripts/managers/case_manager.gd:114)
         [1] before_each (res://tests/unit/test_interrogation_manager.gd:605)
         [2] _run_test (res://addons/gut/gut.gd:605)
         [3] _test_the_scripts (res://addons/gut/gut.gd:818)
WARNING: [CaseManager] Validation: EvidenceData: discovery_method is required for evidence 'ev_key_access'
     at: push_warning (core/variant/variant_utility.cpp:1034)
     GDScript backtrace (most recent call first):
         [0] load_case (res://scripts/managers/case_manager.gd:114)
         [1] before_each (res://tests/unit/test_interrogation_manager.gd:605)
         [2] _run_test (res://addons/gut/gut.gd:605)
         [3] _test_the_scripts (res://addons/gut/gut.gd:818)
WARNING: [CaseManager] Validation: EvidenceData: discovery_method is required for evidence 'ev_unlocked_clue'
     at: push_warning (core/variant/variant_utility.cpp:1034)
     GDScript backtrace (most recent call first):
         [0] load_case (res://scripts/managers/case_manager.gd:114)
         [1] before_each (res://tests/unit/test_interrogation_manager.gd:605)
         [2] _run_test (res://addons/gut/gut.gd:605)
         [3] _test_the_scripts (res://addons/gut/gut.gd:818)
WARNING: [CaseManager] Validation: EvidenceData: discovery_method is required for evidence 'ev_no_trigger'
     at: push_warning (core/variant/variant_utility.cpp:1034)
     GDScript backtrace (most recent call first):
         [0] load_case (res://scripts/managers/case_manager.gd:114)
         [1] before_each (res://tests/unit/test_interrogation_manager.gd:605)
         [2] _run_test (res://addons/gut/gut.gd:605)
         [3] _test_the_scripts (res://addons/gut/gut.gd:818)
* test_trigger_data_validate_valid
WARNING: [CaseManager] Validation: EvidenceData: discovery_method is required for evidence 'ev_parking_camera'
     at: push_warning (core/variant/variant_utility.cpp:1034)
     GDScript backtrace (most recent call first):
         [0] load_case (res://scripts/managers/case_manager.gd:114)
         [1] before_each (res://tests/unit/test_interrogation_manager.gd:605)
         [2] _run_test (res://addons/gut/gut.gd:605)
         [3] _test_the_scripts (res://addons/gut/gut.gd:818)
WARNING: [CaseManager] Validation: EvidenceData: discovery_method is required for evidence 'ev_financial'
     at: push_warning (core/variant/variant_utility.cpp:1034)
     GDScript backtrace (most recent call first):
         [0] load_case (res://scripts/managers/case_manager.gd:114)
         [1] before_each (res://tests/unit/test_interrogation_manager.gd:605)
         [2] _run_test (res://addons/gut/gut.gd:605)
         [3] _test_the_scripts (res://addons/gut/gut.gd:818)
WARNING: [CaseManager] Validation: EvidenceData: discovery_method is required for evidence 'ev_safe'
     at: push_warning (core/variant/variant_utility.cpp:1034)
     GDScript backtrace (most recent call first):
         [0] load_case (res://scripts/managers/case_manager.gd:114)
         [1] before_each (res://tests/unit/test_interrogation_manager.gd:605)
         [2] _run_test (res://addons/gut/gut.gd:605)
         [3] _test_the_scripts (res://addons/gut/gut.gd:818)
WARNING: [CaseManager] Validation: EvidenceData: discovery_method is required for evidence 'ev_hallway_camera'
     at: push_warning (core/variant/variant_utility.cpp:1034)
     GDScript backtrace (most recent call first):
         [0] load_case (res://scripts/managers/case_manager.gd:114)
         [1] before_each (res://tests/unit/test_interrogation_manager.gd:605)
         [2] _run_test (res://addons/gut/gut.gd:605)
         [3] _test_the_scripts (res://addons/gut/gut.gd:818)
WARNING: [CaseManager] Validation: EvidenceData: discovery_method is required for evidence 'ev_shoe_print'
     at: push_warning (core/variant/variant_utility.cpp:1034)
     GDScript backtrace (most recent call first):
         [0] load_case (res://scripts/managers/case_manager.gd:114)
         [1] before_each (res://tests/unit/test_interrogation_manager.gd:605)
         [2] _run_test (res://addons/gut/gut.gd:605)
         [3] _test_the_scripts (res://addons/gut/gut.gd:818)
WARNING: [CaseManager] Validation: EvidenceData: discovery_method is required for evidence 'ev_fingerprint'
     at: push_warning (core/variant/variant_utility.cpp:1034)
     GDScript backtrace (most recent call first):
         [0] load_case (res://scripts/managers/case_manager.gd:114)
         [1] before_each (res://tests/unit/test_interrogation_manager.gd:605)
         [2] _run_test (res://addons/gut/gut.gd:605)
         [3] _test_the_scripts (res://addons/gut/gut.gd:818)
WARNING: [CaseManager] Validation: EvidenceData: discovery_method is required for evidence 'ev_elevator_log'
     at: push_warning (core/variant/variant_utility.cpp:1034)
     GDScript backtrace (most recent call first):
         [0] load_case (res://scripts/managers/case_manager.gd:114)
         [1] before_each (res://tests/unit/test_interrogation_manager.gd:605)
         [2] _run_test (res://addons/gut/gut.gd:605)
         [3] _test_the_scripts (res://addons/gut/gut.gd:818)
WARNING: [CaseManager] Validation: EvidenceData: discovery_method is required for evidence 'ev_journal'
     at: push_warning (core/variant/variant_utility.cpp:1034)
     GDScript backtrace (most recent call first):
         [0] load_case (res://scripts/managers/case_manager.gd:114)
         [1] before_each (res://tests/unit/test_interrogation_manager.gd:605)
         [2] _run_test (res://addons/gut/gut.gd:605)
         [3] _test_the_scripts (res://addons/gut/gut.gd:818)
WARNING: [CaseManager] Validation: EvidenceData: discovery_method is required for evidence 'ev_maintenance'
     at: push_warning (core/variant/variant_utility.cpp:1034)
     GDScript backtrace (most recent call first):
         [0] load_case (res://scripts/managers/case_manager.gd:114)
         [1] before_each (res://tests/unit/test_interrogation_manager.gd:605)
         [2] _run_test (res://addons/gut/gut.gd:605)
         [3] _test_the_scripts (res://addons/gut/gut.gd:818)
WARNING: [CaseManager] Validation: EvidenceData: discovery_method is required for evidence 'ev_key_access'
     at: push_warning (core/variant/variant_utility.cpp:1034)
     GDScript backtrace (most recent call first):
         [0] load_case (res://scripts/managers/case_manager.gd:114)
         [1] before_each (res://tests/unit/test_interrogation_manager.gd:605)
         [2] _run_test (res://addons/gut/gut.gd:605)
         [3] _test_the_scripts (res://addons/gut/gut.gd:818)
WARNING: [CaseManager] Validation: EvidenceData: discovery_method is required for evidence 'ev_unlocked_clue'
     at: push_warning (core/variant/variant_utility.cpp:1034)
     GDScript backtrace (most recent call first):
         [0] load_case (res://scripts/managers/case_manager.gd:114)
         [1] before_each (res://tests/unit/test_interrogation_manager.gd:605)
         [2] _run_test (res://addons/gut/gut.gd:605)
         [3] _test_the_scripts (res://addons/gut/gut.gd:818)
WARNING: [CaseManager] Validation: EvidenceData: discovery_method is required for evidence 'ev_no_trigger'
     at: push_warning (core/variant/variant_utility.cpp:1034)
     GDScript backtrace (most recent call first):
         [0] load_case (res://scripts/managers/case_manager.gd:114)
         [1] before_each (res://tests/unit/test_interrogation_manager.gd:605)
         [2] _run_test (res://addons/gut/gut.gd:605)
         [3] _test_the_scripts (res://addons/gut/gut.gd:818)
* test_trigger_data_validate_missing_fields
WARNING: [CaseManager] Validation: EvidenceData: discovery_method is required for evidence 'ev_parking_camera'
     at: push_warning (core/variant/variant_utility.cpp:1034)
     GDScript backtrace (most recent call first):
         [0] load_case (res://scripts/managers/case_manager.gd:114)
         [1] before_each (res://tests/unit/test_interrogation_manager.gd:605)
         [2] _run_test (res://addons/gut/gut.gd:605)
         [3] _test_the_scripts (res://addons/gut/gut.gd:818)
WARNING: [CaseManager] Validation: EvidenceData: discovery_method is required for evidence 'ev_financial'
     at: push_warning (core/variant/variant_utility.cpp:1034)
     GDScript backtrace (most recent call first):
         [0] load_case (res://scripts/managers/case_manager.gd:114)
         [1] before_each (res://tests/unit/test_interrogation_manager.gd:605)
         [2] _run_test (res://addons/gut/gut.gd:605)
         [3] _test_the_scripts (res://addons/gut/gut.gd:818)
WARNING: [CaseManager] Validation: EvidenceData: discovery_method is required for evidence 'ev_safe'
     at: push_warning (core/variant/variant_utility.cpp:1034)
     GDScript backtrace (most recent call first):
         [0] load_case (res://scripts/managers/case_manager.gd:114)
         [1] before_each (res://tests/unit/test_interrogation_manager.gd:605)
         [2] _run_test (res://addons/gut/gut.gd:605)
         [3] _test_the_scripts (res://addons/gut/gut.gd:818)
WARNING: [CaseManager] Validation: EvidenceData: discovery_method is required for evidence 'ev_hallway_camera'
     at: push_warning (core/variant/variant_utility.cpp:1034)
     GDScript backtrace (most recent call first):
         [0] load_case (res://scripts/managers/case_manager.gd:114)
         [1] before_each (res://tests/unit/test_interrogation_manager.gd:605)
         [2] _run_test (res://addons/gut/gut.gd:605)
         [3] _test_the_scripts (res://addons/gut/gut.gd:818)
WARNING: [CaseManager] Validation: EvidenceData: discovery_method is required for evidence 'ev_shoe_print'
     at: push_warning (core/variant/variant_utility.cpp:1034)
     GDScript backtrace (most recent call first):
         [0] load_case (res://scripts/managers/case_manager.gd:114)
         [1] before_each (res://tests/unit/test_interrogation_manager.gd:605)
         [2] _run_test (res://addons/gut/gut.gd:605)
         [3] _test_the_scripts (res://addons/gut/gut.gd:818)
WARNING: [CaseManager] Validation: EvidenceData: discovery_method is required for evidence 'ev_fingerprint'
     at: push_warning (core/variant/variant_utility.cpp:1034)
     GDScript backtrace (most recent call first):
         [0] load_case (res://scripts/managers/case_manager.gd:114)
         [1] before_each (res://tests/unit/test_interrogation_manager.gd:605)
         [2] _run_test (res://addons/gut/gut.gd:605)
         [3] _test_the_scripts (res://addons/gut/gut.gd:818)
WARNING: [CaseManager] Validation: EvidenceData: discovery_method is required for evidence 'ev_elevator_log'
     at: push_warning (core/variant/variant_utility.cpp:1034)
     GDScript backtrace (most recent call first):
         [0] load_case (res://scripts/managers/case_manager.gd:114)
         [1] before_each (res://tests/unit/test_interrogation_manager.gd:605)
         [2] _run_test (res://addons/gut/gut.gd:605)
         [3] _test_the_scripts (res://addons/gut/gut.gd:818)
WARNING: [CaseManager] Validation: EvidenceData: discovery_method is required for evidence 'ev_journal'
     at: push_warning (core/variant/variant_utility.cpp:1034)
     GDScript backtrace (most recent call first):
         [0] load_case (res://scripts/managers/case_manager.gd:114)
         [1] before_each (res://tests/unit/test_interrogation_manager.gd:605)
         [2] _run_test (res://addons/gut/gut.gd:605)
         [3] _test_the_scripts (res://addons/gut/gut.gd:818)
WARNING: [CaseManager] Validation: EvidenceData: discovery_method is required for evidence 'ev_maintenance'
     at: push_warning (core/variant/variant_utility.cpp:1034)
     GDScript backtrace (most recent call first):
         [0] load_case (res://scripts/managers/case_manager.gd:114)
         [1] before_each (res://tests/unit/test_interrogation_manager.gd:605)
         [2] _run_test (res://addons/gut/gut.gd:605)
         [3] _test_the_scripts (res://addons/gut/gut.gd:818)
WARNING: [CaseManager] Validation: EvidenceData: discovery_method is required for evidence 'ev_key_access'
     at: push_warning (core/variant/variant_utility.cpp:1034)
     GDScript backtrace (most recent call first):
         [0] load_case (res://scripts/managers/case_manager.gd:114)
         [1] before_each (res://tests/unit/test_interrogation_manager.gd:605)
         [2] _run_test (res://addons/gut/gut.gd:605)
         [3] _test_the_scripts (res://addons/gut/gut.gd:818)
WARNING: [CaseManager] Validation: EvidenceData: discovery_method is required for evidence 'ev_unlocked_clue'
     at: push_warning (core/variant/variant_utility.cpp:1034)
     GDScript backtrace (most recent call first):
         [0] load_case (res://scripts/managers/case_manager.gd:114)
         [1] before_each (res://tests/unit/test_interrogation_manager.gd:605)
         [2] _run_test (res://addons/gut/gut.gd:605)
         [3] _test_the_scripts (res://addons/gut/gut.gd:818)
WARNING: [CaseManager] Validation: EvidenceData: discovery_method is required for evidence 'ev_no_trigger'
     at: push_warning (core/variant/variant_utility.cpp:1034)
     GDScript backtrace (most recent call first):
         [0] load_case (res://scripts/managers/case_manager.gd:114)
         [1] before_each (res://tests/unit/test_interrogation_manager.gd:605)
         [2] _run_test (res://addons/gut/gut.gd:605)
         [3] _test_the_scripts (res://addons/gut/gut.gd:818)
* test_trigger_data_validate_deflection_without_target
WARNING: [CaseManager] Validation: EvidenceData: discovery_method is required for evidence 'ev_parking_camera'
     at: push_warning (core/variant/variant_utility.cpp:1034)
     GDScript backtrace (most recent call first):
         [0] load_case (res://scripts/managers/case_manager.gd:114)
         [1] before_each (res://tests/unit/test_interrogation_manager.gd:605)
         [2] _run_test (res://addons/gut/gut.gd:605)
         [3] _test_the_scripts (res://addons/gut/gut.gd:818)
WARNING: [CaseManager] Validation: EvidenceData: discovery_method is required for evidence 'ev_financial'
     at: push_warning (core/variant/variant_utility.cpp:1034)
     GDScript backtrace (most recent call first):
         [0] load_case (res://scripts/managers/case_manager.gd:114)
         [1] before_each (res://tests/unit/test_interrogation_manager.gd:605)
         [2] _run_test (res://addons/gut/gut.gd:605)
         [3] _test_the_scripts (res://addons/gut/gut.gd:818)
WARNING: [CaseManager] Validation: EvidenceData: discovery_method is required for evidence 'ev_safe'
     at: push_warning (core/variant/variant_utility.cpp:1034)
     GDScript backtrace (most recent call first):
         [0] load_case (res://scripts/managers/case_manager.gd:114)
         [1] before_each (res://tests/unit/test_interrogation_manager.gd:605)
         [2] _run_test (res://addons/gut/gut.gd:605)
         [3] _test_the_scripts (res://addons/gut/gut.gd:818)
WARNING: [CaseManager] Validation: EvidenceData: discovery_method is required for evidence 'ev_hallway_camera'
     at: push_warning (core/variant/variant_utility.cpp:1034)
     GDScript backtrace (most recent call first):
         [0] load_case (res://scripts/managers/case_manager.gd:114)
         [1] before_each (res://tests/unit/test_interrogation_manager.gd:605)
         [2] _run_test (res://addons/gut/gut.gd:605)
         [3] _test_the_scripts (res://addons/gut/gut.gd:818)
WARNING: [CaseManager] Validation: EvidenceData: discovery_method is required for evidence 'ev_shoe_print'
     at: push_warning (core/variant/variant_utility.cpp:1034)
     GDScript backtrace (most recent call first):
         [0] load_case (res://scripts/managers/case_manager.gd:114)
         [1] before_each (res://tests/unit/test_interrogation_manager.gd:605)
         [2] _run_test (res://addons/gut/gut.gd:605)
         [3] _test_the_scripts (res://addons/gut/gut.gd:818)
WARNING: [CaseManager] Validation: EvidenceData: discovery_method is required for evidence 'ev_fingerprint'
     at: push_warning (core/variant/variant_utility.cpp:1034)
     GDScript backtrace (most recent call first):
         [0] load_case (res://scripts/managers/case_manager.gd:114)
         [1] before_each (res://tests/unit/test_interrogation_manager.gd:605)
         [2] _run_test (res://addons/gut/gut.gd:605)
         [3] _test_the_scripts (res://addons/gut/gut.gd:818)
WARNING: [CaseManager] Validation: EvidenceData: discovery_method is required for evidence 'ev_elevator_log'
     at: push_warning (core/variant/variant_utility.cpp:1034)
     GDScript backtrace (most recent call first):
         [0] load_case (res://scripts/managers/case_manager.gd:114)
         [1] before_each (res://tests/unit/test_interrogation_manager.gd:605)
         [2] _run_test (res://addons/gut/gut.gd:605)
         [3] _test_the_scripts (res://addons/gut/gut.gd:818)
WARNING: [CaseManager] Validation: EvidenceData: discovery_method is required for evidence 'ev_journal'
     at: push_warning (core/variant/variant_utility.cpp:1034)
     GDScript backtrace (most recent call first):
         [0] load_case (res://scripts/managers/case_manager.gd:114)
         [1] before_each (res://tests/unit/test_interrogation_manager.gd:605)
         [2] _run_test (res://addons/gut/gut.gd:605)
         [3] _test_the_scripts (res://addons/gut/gut.gd:818)
WARNING: [CaseManager] Validation: EvidenceData: discovery_method is required for evidence 'ev_maintenance'
     at: push_warning (core/variant/variant_utility.cpp:1034)
     GDScript backtrace (most recent call first):
         [0] load_case (res://scripts/managers/case_manager.gd:114)
         [1] before_each (res://tests/unit/test_interrogation_manager.gd:605)
         [2] _run_test (res://addons/gut/gut.gd:605)
         [3] _test_the_scripts (res://addons/gut/gut.gd:818)
WARNING: [CaseManager] Validation: EvidenceData: discovery_method is required for evidence 'ev_key_access'
     at: push_warning (core/variant/variant_utility.cpp:1034)
     GDScript backtrace (most recent call first):
         [0] load_case (res://scripts/managers/case_manager.gd:114)
         [1] before_each (res://tests/unit/test_interrogation_manager.gd:605)
         [2] _run_test (res://addons/gut/gut.gd:605)
         [3] _test_the_scripts (res://addons/gut/gut.gd:818)
WARNING: [CaseManager] Validation: EvidenceData: discovery_method is required for evidence 'ev_unlocked_clue'
     at: push_warning (core/variant/variant_utility.cpp:1034)
     GDScript backtrace (most recent call first):
         [0] load_case (res://scripts/managers/case_manager.gd:114)
         [1] before_each (res://tests/unit/test_interrogation_manager.gd:605)
         [2] _run_test (res://addons/gut/gut.gd:605)
         [3] _test_the_scripts (res://addons/gut/gut.gd:818)
WARNING: [CaseManager] Validation: EvidenceData: discovery_method is required for evidence 'ev_no_trigger'
     at: push_warning (core/variant/variant_utility.cpp:1034)
     GDScript backtrace (most recent call first):
         [0] load_case (res://scripts/managers/case_manager.gd:114)
         [1] before_each (res://tests/unit/test_interrogation_manager.gd:605)
         [2] _run_test (res://addons/gut/gut.gd:605)
         [3] _test_the_scripts (res://addons/gut/gut.gd:818)
* test_trigger_data_to_dict_roundtrip
WARNING: [CaseManager] Validation: EvidenceData: discovery_method is required for evidence 'ev_parking_camera'
     at: push_warning (core/variant/variant_utility.cpp:1034)
     GDScript backtrace (most recent call first):
         [0] load_case (res://scripts/managers/case_manager.gd:114)
         [1] before_each (res://tests/unit/test_interrogation_manager.gd:605)
         [2] _run_test (res://addons/gut/gut.gd:605)
         [3] _test_the_scripts (res://addons/gut/gut.gd:818)
WARNING: [CaseManager] Validation: EvidenceData: discovery_method is required for evidence 'ev_financial'
     at: push_warning (core/variant/variant_utility.cpp:1034)
     GDScript backtrace (most recent call first):
         [0] load_case (res://scripts/managers/case_manager.gd:114)
         [1] before_each (res://tests/unit/test_interrogation_manager.gd:605)
         [2] _run_test (res://addons/gut/gut.gd:605)
         [3] _test_the_scripts (res://addons/gut/gut.gd:818)
WARNING: [CaseManager] Validation: EvidenceData: discovery_method is required for evidence 'ev_safe'
     at: push_warning (core/variant/variant_utility.cpp:1034)
     GDScript backtrace (most recent call first):
         [0] load_case (res://scripts/managers/case_manager.gd:114)
         [1] before_each (res://tests/unit/test_interrogation_manager.gd:605)
         [2] _run_test (res://addons/gut/gut.gd:605)
         [3] _test_the_scripts (res://addons/gut/gut.gd:818)
WARNING: [CaseManager] Validation: EvidenceData: discovery_method is required for evidence 'ev_hallway_camera'
     at: push_warning (core/variant/variant_utility.cpp:1034)
     GDScript backtrace (most recent call first):
         [0] load_case (res://scripts/managers/case_manager.gd:114)
         [1] before_each (res://tests/unit/test_interrogation_manager.gd:605)
         [2] _run_test (res://addons/gut/gut.gd:605)
         [3] _test_the_scripts (res://addons/gut/gut.gd:818)
WARNING: [CaseManager] Validation: EvidenceData: discovery_method is required for evidence 'ev_shoe_print'
     at: push_warning (core/variant/variant_utility.cpp:1034)
     GDScript backtrace (most recent call first):
         [0] load_case (res://scripts/managers/case_manager.gd:114)
         [1] before_each (res://tests/unit/test_interrogation_manager.gd:605)
         [2] _run_test (res://addons/gut/gut.gd:605)
         [3] _test_the_scripts (res://addons/gut/gut.gd:818)
WARNING: [CaseManager] Validation: EvidenceData: discovery_method is required for evidence 'ev_fingerprint'
     at: push_warning (core/variant/variant_utility.cpp:1034)
     GDScript backtrace (most recent call first):
         [0] load_case (res://scripts/managers/case_manager.gd:114)
         [1] before_each (res://tests/unit/test_interrogation_manager.gd:605)
         [2] _run_test (res://addons/gut/gut.gd:605)
         [3] _test_the_scripts (res://addons/gut/gut.gd:818)
WARNING: [CaseManager] Validation: EvidenceData: discovery_method is required for evidence 'ev_elevator_log'
     at: push_warning (core/variant/variant_utility.cpp:1034)
     GDScript backtrace (most recent call first):
         [0] load_case (res://scripts/managers/case_manager.gd:114)
         [1] before_each (res://tests/unit/test_interrogation_manager.gd:605)
         [2] _run_test (res://addons/gut/gut.gd:605)
         [3] _test_the_scripts (res://addons/gut/gut.gd:818)
WARNING: [CaseManager] Validation: EvidenceData: discovery_method is required for evidence 'ev_journal'
     at: push_warning (core/variant/variant_utility.cpp:1034)
     GDScript backtrace (most recent call first):
         [0] load_case (res://scripts/managers/case_manager.gd:114)
         [1] before_each (res://tests/unit/test_interrogation_manager.gd:605)
         [2] _run_test (res://addons/gut/gut.gd:605)
         [3] _test_the_scripts (res://addons/gut/gut.gd:818)
WARNING: [CaseManager] Validation: EvidenceData: discovery_method is required for evidence 'ev_maintenance'
     at: push_warning (core/variant/variant_utility.cpp:1034)
     GDScript backtrace (most recent call first):
         [0] load_case (res://scripts/managers/case_manager.gd:114)
         [1] before_each (res://tests/unit/test_interrogation_manager.gd:605)
         [2] _run_test (res://addons/gut/gut.gd:605)
         [3] _test_the_scripts (res://addons/gut/gut.gd:818)
WARNING: [CaseManager] Validation: EvidenceData: discovery_method is required for evidence 'ev_key_access'
     at: push_warning (core/variant/variant_utility.cpp:1034)
     GDScript backtrace (most recent call first):
         [0] load_case (res://scripts/managers/case_manager.gd:114)
         [1] before_each (res://tests/unit/test_interrogation_manager.gd:605)
         [2] _run_test (res://addons/gut/gut.gd:605)
         [3] _test_the_scripts (res://addons/gut/gut.gd:818)
WARNING: [CaseManager] Validation: EvidenceData: discovery_method is required for evidence 'ev_unlocked_clue'
     at: push_warning (core/variant/variant_utility.cpp:1034)
     GDScript backtrace (most recent call first):
         [0] load_case (res://scripts/managers/case_manager.gd:114)
         [1] before_each (res://tests/unit/test_interrogation_manager.gd:605)
         [2] _run_test (res://addons/gut/gut.gd:605)
         [3] _test_the_scripts (res://addons/gut/gut.gd:818)
WARNING: [CaseManager] Validation: EvidenceData: discovery_method is required for evidence 'ev_no_trigger'
     at: push_warning (core/variant/variant_utility.cpp:1034)
     GDScript backtrace (most recent call first):
         [0] load_case (res://scripts/managers/case_manager.gd:114)
         [1] before_each (res://tests/unit/test_interrogation_manager.gd:605)
         [2] _run_test (res://addons/gut/gut.gd:605)
         [3] _test_the_scripts (res://addons/gut/gut.gd:818)
* test_case_manager_get_interrogation_trigger
WARNING: [CaseManager] Validation: EvidenceData: discovery_method is required for evidence 'ev_parking_camera'
     at: push_warning (core/variant/variant_utility.cpp:1034)
     GDScript backtrace (most recent call first):
         [0] load_case (res://scripts/managers/case_manager.gd:114)
         [1] before_each (res://tests/unit/test_interrogation_manager.gd:605)
         [2] _run_test (res://addons/gut/gut.gd:605)
         [3] _test_the_scripts (res://addons/gut/gut.gd:818)
WARNING: [CaseManager] Validation: EvidenceData: discovery_method is required for evidence 'ev_financial'
     at: push_warning (core/variant/variant_utility.cpp:1034)
     GDScript backtrace (most recent call first):
         [0] load_case (res://scripts/managers/case_manager.gd:114)
         [1] before_each (res://tests/unit/test_interrogation_manager.gd:605)
         [2] _run_test (res://addons/gut/gut.gd:605)
         [3] _test_the_scripts (res://addons/gut/gut.gd:818)
WARNING: [CaseManager] Validation: EvidenceData: discovery_method is required for evidence 'ev_safe'
     at: push_warning (core/variant/variant_utility.cpp:1034)
     GDScript backtrace (most recent call first):
         [0] load_case (res://scripts/managers/case_manager.gd:114)
         [1] before_each (res://tests/unit/test_interrogation_manager.gd:605)
         [2] _run_test (res://addons/gut/gut.gd:605)
         [3] _test_the_scripts (res://addons/gut/gut.gd:818)
WARNING: [CaseManager] Validation: EvidenceData: discovery_method is required for evidence 'ev_hallway_camera'
     at: push_warning (core/variant/variant_utility.cpp:1034)
     GDScript backtrace (most recent call first):
         [0] load_case (res://scripts/managers/case_manager.gd:114)
         [1] before_each (res://tests/unit/test_interrogation_manager.gd:605)
         [2] _run_test (res://addons/gut/gut.gd:605)
         [3] _test_the_scripts (res://addons/gut/gut.gd:818)
WARNING: [CaseManager] Validation: EvidenceData: discovery_method is required for evidence 'ev_shoe_print'
     at: push_warning (core/variant/variant_utility.cpp:1034)
     GDScript backtrace (most recent call first):
         [0] load_case (res://scripts/managers/case_manager.gd:114)
         [1] before_each (res://tests/unit/test_interrogation_manager.gd:605)
         [2] _run_test (res://addons/gut/gut.gd:605)
         [3] _test_the_scripts (res://addons/gut/gut.gd:818)
WARNING: [CaseManager] Validation: EvidenceData: discovery_method is required for evidence 'ev_fingerprint'
     at: push_warning (core/variant/variant_utility.cpp:1034)
     GDScript backtrace (most recent call first):
         [0] load_case (res://scripts/managers/case_manager.gd:114)
         [1] before_each (res://tests/unit/test_interrogation_manager.gd:605)
         [2] _run_test (res://addons/gut/gut.gd:605)
         [3] _test_the_scripts (res://addons/gut/gut.gd:818)
WARNING: [CaseManager] Validation: EvidenceData: discovery_method is required for evidence 'ev_elevator_log'
     at: push_warning (core/variant/variant_utility.cpp:1034)
     GDScript backtrace (most recent call first):
         [0] load_case (res://scripts/managers/case_manager.gd:114)
         [1] before_each (res://tests/unit/test_interrogation_manager.gd:605)
         [2] _run_test (res://addons/gut/gut.gd:605)
         [3] _test_the_scripts (res://addons/gut/gut.gd:818)
WARNING: [CaseManager] Validation: EvidenceData: discovery_method is required for evidence 'ev_journal'
     at: push_warning (core/variant/variant_utility.cpp:1034)
     GDScript backtrace (most recent call first):
         [0] load_case (res://scripts/managers/case_manager.gd:114)
         [1] before_each (res://tests/unit/test_interrogation_manager.gd:605)
         [2] _run_test (res://addons/gut/gut.gd:605)
         [3] _test_the_scripts (res://addons/gut/gut.gd:818)
WARNING: [CaseManager] Validation: EvidenceData: discovery_method is required for evidence 'ev_maintenance'
     at: push_warning (core/variant/variant_utility.cpp:1034)
     GDScript backtrace (most recent call first):
         [0] load_case (res://scripts/managers/case_manager.gd:114)
         [1] before_each (res://tests/unit/test_interrogation_manager.gd:605)
         [2] _run_test (res://addons/gut/gut.gd:605)
         [3] _test_the_scripts (res://addons/gut/gut.gd:818)
WARNING: [CaseManager] Validation: EvidenceData: discovery_method is required for evidence 'ev_key_access'
     at: push_warning (core/variant/variant_utility.cpp:1034)
     GDScript backtrace (most recent call first):
         [0] load_case (res://scripts/managers/case_manager.gd:114)
         [1] before_each (res://tests/unit/test_interrogation_manager.gd:605)
         [2] _run_test (res://addons/gut/gut.gd:605)
         [3] _test_the_scripts (res://addons/gut/gut.gd:818)
WARNING: [CaseManager] Validation: EvidenceData: discovery_method is required for evidence 'ev_unlocked_clue'
     at: push_warning (core/variant/variant_utility.cpp:1034)
     GDScript backtrace (most recent call first):
         [0] load_case (res://scripts/managers/case_manager.gd:114)
         [1] before_each (res://tests/unit/test_interrogation_manager.gd:605)
         [2] _run_test (res://addons/gut/gut.gd:605)
         [3] _test_the_scripts (res://addons/gut/gut.gd:818)
WARNING: [CaseManager] Validation: EvidenceData: discovery_method is required for evidence 'ev_no_trigger'
     at: push_warning (core/variant/variant_utility.cpp:1034)
     GDScript backtrace (most recent call first):
         [0] load_case (res://scripts/managers/case_manager.gd:114)
         [1] before_each (res://tests/unit/test_interrogation_manager.gd:605)
         [2] _run_test (res://addons/gut/gut.gd:605)
         [3] _test_the_scripts (res://addons/gut/gut.gd:818)
* test_case_manager_get_triggers_for_person
WARNING: [CaseManager] Validation: EvidenceData: discovery_method is required for evidence 'ev_parking_camera'
     at: push_warning (core/variant/variant_utility.cpp:1034)
     GDScript backtrace (most recent call first):
         [0] load_case (res://scripts/managers/case_manager.gd:114)
         [1] before_each (res://tests/unit/test_interrogation_manager.gd:605)
         [2] _run_test (res://addons/gut/gut.gd:605)
         [3] _test_the_scripts (res://addons/gut/gut.gd:818)
WARNING: [CaseManager] Validation: EvidenceData: discovery_method is required for evidence 'ev_financial'
     at: push_warning (core/variant/variant_utility.cpp:1034)
     GDScript backtrace (most recent call first):
         [0] load_case (res://scripts/managers/case_manager.gd:114)
         [1] before_each (res://tests/unit/test_interrogation_manager.gd:605)
         [2] _run_test (res://addons/gut/gut.gd:605)
         [3] _test_the_scripts (res://addons/gut/gut.gd:818)
WARNING: [CaseManager] Validation: EvidenceData: discovery_method is required for evidence 'ev_safe'
     at: push_warning (core/variant/variant_utility.cpp:1034)
     GDScript backtrace (most recent call first):
         [0] load_case (res://scripts/managers/case_manager.gd:114)
         [1] before_each (res://tests/unit/test_interrogation_manager.gd:605)
         [2] _run_test (res://addons/gut/gut.gd:605)
         [3] _test_the_scripts (res://addons/gut/gut.gd:818)
WARNING: [CaseManager] Validation: EvidenceData: discovery_method is required for evidence 'ev_hallway_camera'
     at: push_warning (core/variant/variant_utility.cpp:1034)
     GDScript backtrace (most recent call first):
         [0] load_case (res://scripts/managers/case_manager.gd:114)
         [1] before_each (res://tests/unit/test_interrogation_manager.gd:605)
         [2] _run_test (res://addons/gut/gut.gd:605)
         [3] _test_the_scripts (res://addons/gut/gut.gd:818)
WARNING: [CaseManager] Validation: EvidenceData: discovery_method is required for evidence 'ev_shoe_print'
     at: push_warning (core/variant/variant_utility.cpp:1034)
     GDScript backtrace (most recent call first):
         [0] load_case (res://scripts/managers/case_manager.gd:114)
         [1] before_each (res://tests/unit/test_interrogation_manager.gd:605)
         [2] _run_test (res://addons/gut/gut.gd:605)
         [3] _test_the_scripts (res://addons/gut/gut.gd:818)
WARNING: [CaseManager] Validation: EvidenceData: discovery_method is required for evidence 'ev_fingerprint'
     at: push_warning (core/variant/variant_utility.cpp:1034)
     GDScript backtrace (most recent call first):
         [0] load_case (res://scripts/managers/case_manager.gd:114)
         [1] before_each (res://tests/unit/test_interrogation_manager.gd:605)
         [2] _run_test (res://addons/gut/gut.gd:605)
         [3] _test_the_scripts (res://addons/gut/gut.gd:818)
WARNING: [CaseManager] Validation: EvidenceData: discovery_method is required for evidence 'ev_elevator_log'
     at: push_warning (core/variant/variant_utility.cpp:1034)
     GDScript backtrace (most recent call first):
         [0] load_case (res://scripts/managers/case_manager.gd:114)
         [1] before_each (res://tests/unit/test_interrogation_manager.gd:605)
         [2] _run_test (res://addons/gut/gut.gd:605)
         [3] _test_the_scripts (res://addons/gut/gut.gd:818)
WARNING: [CaseManager] Validation: EvidenceData: discovery_method is required for evidence 'ev_journal'
     at: push_warning (core/variant/variant_utility.cpp:1034)
     GDScript backtrace (most recent call first):
         [0] load_case (res://scripts/managers/case_manager.gd:114)
         [1] before_each (res://tests/unit/test_interrogation_manager.gd:605)
         [2] _run_test (res://addons/gut/gut.gd:605)
         [3] _test_the_scripts (res://addons/gut/gut.gd:818)
WARNING: [CaseManager] Validation: EvidenceData: discovery_method is required for evidence 'ev_maintenance'
     at: push_warning (core/variant/variant_utility.cpp:1034)
     GDScript backtrace (most recent call first):
         [0] load_case (res://scripts/managers/case_manager.gd:114)
         [1] before_each (res://tests/unit/test_interrogation_manager.gd:605)
         [2] _run_test (res://addons/gut/gut.gd:605)
         [3] _test_the_scripts (res://addons/gut/gut.gd:818)
WARNING: [CaseManager] Validation: EvidenceData: discovery_method is required for evidence 'ev_key_access'
     at: push_warning (core/variant/variant_utility.cpp:1034)
     GDScript backtrace (most recent call first):
         [0] load_case (res://scripts/managers/case_manager.gd:114)
         [1] before_each (res://tests/unit/test_interrogation_manager.gd:605)
         [2] _run_test (res://addons/gut/gut.gd:605)
         [3] _test_the_scripts (res://addons/gut/gut.gd:818)
WARNING: [CaseManager] Validation: EvidenceData: discovery_method is required for evidence 'ev_unlocked_clue'
     at: push_warning (core/variant/variant_utility.cpp:1034)
     GDScript backtrace (most recent call first):
         [0] load_case (res://scripts/managers/case_manager.gd:114)
         [1] before_each (res://tests/unit/test_interrogation_manager.gd:605)
         [2] _run_test (res://addons/gut/gut.gd:605)
         [3] _test_the_scripts (res://addons/gut/gut.gd:818)
WARNING: [CaseManager] Validation: EvidenceData: discovery_method is required for evidence 'ev_no_trigger'
     at: push_warning (core/variant/variant_utility.cpp:1034)
     GDScript backtrace (most recent call first):
         [0] load_case (res://scripts/managers/case_manager.gd:114)
         [1] before_each (res://tests/unit/test_interrogation_manager.gd:605)
         [2] _run_test (res://addons/gut/gut.gd:605)
         [3] _test_the_scripts (res://addons/gut/gut.gd:818)
* test_case_manager_get_trigger_by_evidence
WARNING: [CaseManager] Validation: EvidenceData: discovery_method is required for evidence 'ev_parking_camera'
     at: push_warning (core/variant/variant_utility.cpp:1034)
     GDScript backtrace (most recent call first):
         [0] load_case (res://scripts/managers/case_manager.gd:114)
         [1] before_each (res://tests/unit/test_interrogation_manager.gd:605)
         [2] _run_test (res://addons/gut/gut.gd:605)
         [3] _test_the_scripts (res://addons/gut/gut.gd:818)
WARNING: [CaseManager] Validation: EvidenceData: discovery_method is required for evidence 'ev_financial'
     at: push_warning (core/variant/variant_utility.cpp:1034)
     GDScript backtrace (most recent call first):
         [0] load_case (res://scripts/managers/case_manager.gd:114)
         [1] before_each (res://tests/unit/test_interrogation_manager.gd:605)
         [2] _run_test (res://addons/gut/gut.gd:605)
         [3] _test_the_scripts (res://addons/gut/gut.gd:818)
WARNING: [CaseManager] Validation: EvidenceData: discovery_method is required for evidence 'ev_safe'
     at: push_warning (core/variant/variant_utility.cpp:1034)
     GDScript backtrace (most recent call first):
         [0] load_case (res://scripts/managers/case_manager.gd:114)
         [1] before_each (res://tests/unit/test_interrogation_manager.gd:605)
         [2] _run_test (res://addons/gut/gut.gd:605)
         [3] _test_the_scripts (res://addons/gut/gut.gd:818)
WARNING: [CaseManager] Validation: EvidenceData: discovery_method is required for evidence 'ev_hallway_camera'
     at: push_warning (core/variant/variant_utility.cpp:1034)
     GDScript backtrace (most recent call first):
         [0] load_case (res://scripts/managers/case_manager.gd:114)
         [1] before_each (res://tests/unit/test_interrogation_manager.gd:605)
         [2] _run_test (res://addons/gut/gut.gd:605)
         [3] _test_the_scripts (res://addons/gut/gut.gd:818)
WARNING: [CaseManager] Validation: EvidenceData: discovery_method is required for evidence 'ev_shoe_print'
     at: push_warning (core/variant/variant_utility.cpp:1034)
     GDScript backtrace (most recent call first):
         [0] load_case (res://scripts/managers/case_manager.gd:114)
         [1] before_each (res://tests/unit/test_interrogation_manager.gd:605)
         [2] _run_test (res://addons/gut/gut.gd:605)
         [3] _test_the_scripts (res://addons/gut/gut.gd:818)
WARNING: [CaseManager] Validation: EvidenceData: discovery_method is required for evidence 'ev_fingerprint'
     at: push_warning (core/variant/variant_utility.cpp:1034)
     GDScript backtrace (most recent call first):
         [0] load_case (res://scripts/managers/case_manager.gd:114)
         [1] before_each (res://tests/unit/test_interrogation_manager.gd:605)
         [2] _run_test (res://addons/gut/gut.gd:605)
         [3] _test_the_scripts (res://addons/gut/gut.gd:818)
WARNING: [CaseManager] Validation: EvidenceData: discovery_method is required for evidence 'ev_elevator_log'
     at: push_warning (core/variant/variant_utility.cpp:1034)
     GDScript backtrace (most recent call first):
         [0] load_case (res://scripts/managers/case_manager.gd:114)
         [1] before_each (res://tests/unit/test_interrogation_manager.gd:605)
         [2] _run_test (res://addons/gut/gut.gd:605)
         [3] _test_the_scripts (res://addons/gut/gut.gd:818)
WARNING: [CaseManager] Validation: EvidenceData: discovery_method is required for evidence 'ev_journal'
     at: push_warning (core/variant/variant_utility.cpp:1034)
     GDScript backtrace (most recent call first):
         [0] load_case (res://scripts/managers/case_manager.gd:114)
         [1] before_each (res://tests/unit/test_interrogation_manager.gd:605)
         [2] _run_test (res://addons/gut/gut.gd:605)
         [3] _test_the_scripts (res://addons/gut/gut.gd:818)
WARNING: [CaseManager] Validation: EvidenceData: discovery_method is required for evidence 'ev_maintenance'
     at: push_warning (core/variant/variant_utility.cpp:1034)
     GDScript backtrace (most recent call first):
         [0] load_case (res://scripts/managers/case_manager.gd:114)
         [1] before_each (res://tests/unit/test_interrogation_manager.gd:605)
         [2] _run_test (res://addons/gut/gut.gd:605)
         [3] _test_the_scripts (res://addons/gut/gut.gd:818)
WARNING: [CaseManager] Validation: EvidenceData: discovery_method is required for evidence 'ev_key_access'
     at: push_warning (core/variant/variant_utility.cpp:1034)
     GDScript backtrace (most recent call first):
         [0] load_case (res://scripts/managers/case_manager.gd:114)
         [1] before_each (res://tests/unit/test_interrogation_manager.gd:605)
         [2] _run_test (res://addons/gut/gut.gd:605)
         [3] _test_the_scripts (res://addons/gut/gut.gd:818)
WARNING: [CaseManager] Validation: EvidenceData: discovery_method is required for evidence 'ev_unlocked_clue'
     at: push_warning (core/variant/variant_utility.cpp:1034)
     GDScript backtrace (most recent call first):
         [0] load_case (res://scripts/managers/case_manager.gd:114)
         [1] before_each (res://tests/unit/test_interrogation_manager.gd:605)
         [2] _run_test (res://addons/gut/gut.gd:605)
         [3] _test_the_scripts (res://addons/gut/gut.gd:818)
WARNING: [CaseManager] Validation: EvidenceData: discovery_method is required for evidence 'ev_no_trigger'
     at: push_warning (core/variant/variant_utility.cpp:1034)
     GDScript backtrace (most recent call first):
         [0] load_case (res://scripts/managers/case_manager.gd:114)
         [1] before_each (res://tests/unit/test_interrogation_manager.gd:605)
         [2] _run_test (res://addons/gut/gut.gd:605)
         [3] _test_the_scripts (res://addons/gut/gut.gd:818)
* test_case_manager_get_trigger_by_evidence_no_match
WARNING: [CaseManager] Validation: EvidenceData: discovery_method is required for evidence 'ev_parking_camera'
     at: push_warning (core/variant/variant_utility.cpp:1034)
     GDScript backtrace (most recent call first):
         [0] load_case (res://scripts/managers/case_manager.gd:114)
         [1] before_each (res://tests/unit/test_interrogation_manager.gd:605)
         [2] _run_test (res://addons/gut/gut.gd:605)
         [3] _test_the_scripts (res://addons/gut/gut.gd:818)
WARNING: [CaseManager] Validation: EvidenceData: discovery_method is required for evidence 'ev_financial'
     at: push_warning (core/variant/variant_utility.cpp:1034)
     GDScript backtrace (most recent call first):
         [0] load_case (res://scripts/managers/case_manager.gd:114)
         [1] before_each (res://tests/unit/test_interrogation_manager.gd:605)
         [2] _run_test (res://addons/gut/gut.gd:605)
         [3] _test_the_scripts (res://addons/gut/gut.gd:818)
WARNING: [CaseManager] Validation: EvidenceData: discovery_method is required for evidence 'ev_safe'
     at: push_warning (core/variant/variant_utility.cpp:1034)
     GDScript backtrace (most recent call first):
         [0] load_case (res://scripts/managers/case_manager.gd:114)
         [1] before_each (res://tests/unit/test_interrogation_manager.gd:605)
         [2] _run_test (res://addons/gut/gut.gd:605)
         [3] _test_the_scripts (res://addons/gut/gut.gd:818)
WARNING: [CaseManager] Validation: EvidenceData: discovery_method is required for evidence 'ev_hallway_camera'
     at: push_warning (core/variant/variant_utility.cpp:1034)
     GDScript backtrace (most recent call first):
         [0] load_case (res://scripts/managers/case_manager.gd:114)
         [1] before_each (res://tests/unit/test_interrogation_manager.gd:605)
         [2] _run_test (res://addons/gut/gut.gd:605)
         [3] _test_the_scripts (res://addons/gut/gut.gd:818)
WARNING: [CaseManager] Validation: EvidenceData: discovery_method is required for evidence 'ev_shoe_print'
     at: push_warning (core/variant/variant_utility.cpp:1034)
     GDScript backtrace (most recent call first):
         [0] load_case (res://scripts/managers/case_manager.gd:114)
         [1] before_each (res://tests/unit/test_interrogation_manager.gd:605)
         [2] _run_test (res://addons/gut/gut.gd:605)
         [3] _test_the_scripts (res://addons/gut/gut.gd:818)
WARNING: [CaseManager] Validation: EvidenceData: discovery_method is required for evidence 'ev_fingerprint'
     at: push_warning (core/variant/variant_utility.cpp:1034)
     GDScript backtrace (most recent call first):
         [0] load_case (res://scripts/managers/case_manager.gd:114)
         [1] before_each (res://tests/unit/test_interrogation_manager.gd:605)
         [2] _run_test (res://addons/gut/gut.gd:605)
         [3] _test_the_scripts (res://addons/gut/gut.gd:818)
WARNING: [CaseManager] Validation: EvidenceData: discovery_method is required for evidence 'ev_elevator_log'
     at: push_warning (core/variant/variant_utility.cpp:1034)
     GDScript backtrace (most recent call first):
         [0] load_case (res://scripts/managers/case_manager.gd:114)
         [1] before_each (res://tests/unit/test_interrogation_manager.gd:605)
         [2] _run_test (res://addons/gut/gut.gd:605)
         [3] _test_the_scripts (res://addons/gut/gut.gd:818)
WARNING: [CaseManager] Validation: EvidenceData: discovery_method is required for evidence 'ev_journal'
     at: push_warning (core/variant/variant_utility.cpp:1034)
     GDScript backtrace (most recent call first):
         [0] load_case (res://scripts/managers/case_manager.gd:114)
         [1] before_each (res://tests/unit/test_interrogation_manager.gd:605)
         [2] _run_test (res://addons/gut/gut.gd:605)
         [3] _test_the_scripts (res://addons/gut/gut.gd:818)
WARNING: [CaseManager] Validation: EvidenceData: discovery_method is required for evidence 'ev_maintenance'
     at: push_warning (core/variant/variant_utility.cpp:1034)
     GDScript backtrace (most recent call first):
         [0] load_case (res://scripts/managers/case_manager.gd:114)
         [1] before_each (res://tests/unit/test_interrogation_manager.gd:605)
         [2] _run_test (res://addons/gut/gut.gd:605)
         [3] _test_the_scripts (res://addons/gut/gut.gd:818)
WARNING: [CaseManager] Validation: EvidenceData: discovery_method is required for evidence 'ev_key_access'
     at: push_warning (core/variant/variant_utility.cpp:1034)
     GDScript backtrace (most recent call first):
         [0] load_case (res://scripts/managers/case_manager.gd:114)
         [1] before_each (res://tests/unit/test_interrogation_manager.gd:605)
         [2] _run_test (res://addons/gut/gut.gd:605)
         [3] _test_the_scripts (res://addons/gut/gut.gd:818)
WARNING: [CaseManager] Validation: EvidenceData: discovery_method is required for evidence 'ev_unlocked_clue'
     at: push_warning (core/variant/variant_utility.cpp:1034)
     GDScript backtrace (most recent call first):
         [0] load_case (res://scripts/managers/case_manager.gd:114)
         [1] before_each (res://tests/unit/test_interrogation_manager.gd:605)
         [2] _run_test (res://addons/gut/gut.gd:605)
         [3] _test_the_scripts (res://addons/gut/gut.gd:818)
WARNING: [CaseManager] Validation: EvidenceData: discovery_method is required for evidence 'ev_no_trigger'
     at: push_warning (core/variant/variant_utility.cpp:1034)
     GDScript backtrace (most recent call first):
         [0] load_case (res://scripts/managers/case_manager.gd:114)
         [1] before_each (res://tests/unit/test_interrogation_manager.gd:605)
         [2] _run_test (res://addons/gut/gut.gd:605)
         [3] _test_the_scripts (res://addons/gut/gut.gd:818)
* test_case_manager_get_all_interrogation_triggers
WARNING: [CaseManager] Validation: EvidenceData: discovery_method is required for evidence 'ev_parking_camera'
     at: push_warning (core/variant/variant_utility.cpp:1034)
     GDScript backtrace (most recent call first):
         [0] load_case (res://scripts/managers/case_manager.gd:114)
         [1] before_each (res://tests/unit/test_interrogation_manager.gd:605)
         [2] _run_test (res://addons/gut/gut.gd:605)
         [3] _test_the_scripts (res://addons/gut/gut.gd:818)
WARNING: [CaseManager] Validation: EvidenceData: discovery_method is required for evidence 'ev_financial'
     at: push_warning (core/variant/variant_utility.cpp:1034)
     GDScript backtrace (most recent call first):
         [0] load_case (res://scripts/managers/case_manager.gd:114)
         [1] before_each (res://tests/unit/test_interrogation_manager.gd:605)
         [2] _run_test (res://addons/gut/gut.gd:605)
         [3] _test_the_scripts (res://addons/gut/gut.gd:818)
WARNING: [CaseManager] Validation: EvidenceData: discovery_method is required for evidence 'ev_safe'
     at: push_warning (core/variant/variant_utility.cpp:1034)
     GDScript backtrace (most recent call first):
         [0] load_case (res://scripts/managers/case_manager.gd:114)
         [1] before_each (res://tests/unit/test_interrogation_manager.gd:605)
         [2] _run_test (res://addons/gut/gut.gd:605)
         [3] _test_the_scripts (res://addons/gut/gut.gd:818)
WARNING: [CaseManager] Validation: EvidenceData: discovery_method is required for evidence 'ev_hallway_camera'
     at: push_warning (core/variant/variant_utility.cpp:1034)
     GDScript backtrace (most recent call first):
         [0] load_case (res://scripts/managers/case_manager.gd:114)
         [1] before_each (res://tests/unit/test_interrogation_manager.gd:605)
         [2] _run_test (res://addons/gut/gut.gd:605)
         [3] _test_the_scripts (res://addons/gut/gut.gd:818)
WARNING: [CaseManager] Validation: EvidenceData: discovery_method is required for evidence 'ev_shoe_print'
     at: push_warning (core/variant/variant_utility.cpp:1034)
     GDScript backtrace (most recent call first):
         [0] load_case (res://scripts/managers/case_manager.gd:114)
         [1] before_each (res://tests/unit/test_interrogation_manager.gd:605)
         [2] _run_test (res://addons/gut/gut.gd:605)
         [3] _test_the_scripts (res://addons/gut/gut.gd:818)
WARNING: [CaseManager] Validation: EvidenceData: discovery_method is required for evidence 'ev_fingerprint'
     at: push_warning (core/variant/variant_utility.cpp:1034)
     GDScript backtrace (most recent call first):
         [0] load_case (res://scripts/managers/case_manager.gd:114)
         [1] before_each (res://tests/unit/test_interrogation_manager.gd:605)
         [2] _run_test (res://addons/gut/gut.gd:605)
         [3] _test_the_scripts (res://addons/gut/gut.gd:818)
WARNING: [CaseManager] Validation: EvidenceData: discovery_method is required for evidence 'ev_elevator_log'
     at: push_warning (core/variant/variant_utility.cpp:1034)
     GDScript backtrace (most recent call first):
         [0] load_case (res://scripts/managers/case_manager.gd:114)
         [1] before_each (res://tests/unit/test_interrogation_manager.gd:605)
         [2] _run_test (res://addons/gut/gut.gd:605)
         [3] _test_the_scripts (res://addons/gut/gut.gd:818)
WARNING: [CaseManager] Validation: EvidenceData: discovery_method is required for evidence 'ev_journal'
     at: push_warning (core/variant/variant_utility.cpp:1034)
     GDScript backtrace (most recent call first):
         [0] load_case (res://scripts/managers/case_manager.gd:114)
         [1] before_each (res://tests/unit/test_interrogation_manager.gd:605)
         [2] _run_test (res://addons/gut/gut.gd:605)
         [3] _test_the_scripts (res://addons/gut/gut.gd:818)
WARNING: [CaseManager] Validation: EvidenceData: discovery_method is required for evidence 'ev_maintenance'
     at: push_warning (core/variant/variant_utility.cpp:1034)
     GDScript backtrace (most recent call first):
         [0] load_case (res://scripts/managers/case_manager.gd:114)
         [1] before_each (res://tests/unit/test_interrogation_manager.gd:605)
         [2] _run_test (res://addons/gut/gut.gd:605)
         [3] _test_the_scripts (res://addons/gut/gut.gd:818)
WARNING: [CaseManager] Validation: EvidenceData: discovery_method is required for evidence 'ev_key_access'
     at: push_warning (core/variant/variant_utility.cpp:1034)
     GDScript backtrace (most recent call first):
         [0] load_case (res://scripts/managers/case_manager.gd:114)
         [1] before_each (res://tests/unit/test_interrogation_manager.gd:605)
         [2] _run_test (res://addons/gut/gut.gd:605)
         [3] _test_the_scripts (res://addons/gut/gut.gd:818)
WARNING: [CaseManager] Validation: EvidenceData: discovery_method is required for evidence 'ev_unlocked_clue'
     at: push_warning (core/variant/variant_utility.cpp:1034)
     GDScript backtrace (most recent call first):
         [0] load_case (res://scripts/managers/case_manager.gd:114)
         [1] before_each (res://tests/unit/test_interrogation_manager.gd:605)
         [2] _run_test (res://addons/gut/gut.gd:605)
         [3] _test_the_scripts (res://addons/gut/gut.gd:818)
WARNING: [CaseManager] Validation: EvidenceData: discovery_method is required for evidence 'ev_no_trigger'
     at: push_warning (core/variant/variant_utility.cpp:1034)
     GDScript backtrace (most recent call first):
         [0] load_case (res://scripts/managers/case_manager.gd:114)
         [1] before_each (res://tests/unit/test_interrogation_manager.gd:605)
         [2] _run_test (res://addons/gut/gut.gd:605)
         [3] _test_the_scripts (res://addons/gut/gut.gd:818)
* test_already_fired_trigger_returns_already_fired
WARNING: [CaseManager] Validation: EvidenceData: discovery_method is required for evidence 'ev_parking_camera'
     at: push_warning (core/variant/variant_utility.cpp:1034)
     GDScript backtrace (most recent call first):
         [0] load_case (res://scripts/managers/case_manager.gd:114)
         [1] before_each (res://tests/unit/test_interrogation_manager.gd:605)
         [2] _run_test (res://addons/gut/gut.gd:605)
         [3] _test_the_scripts (res://addons/gut/gut.gd:818)
WARNING: [CaseManager] Validation: EvidenceData: discovery_method is required for evidence 'ev_financial'
     at: push_warning (core/variant/variant_utility.cpp:1034)
     GDScript backtrace (most recent call first):
         [0] load_case (res://scripts/managers/case_manager.gd:114)
         [1] before_each (res://tests/unit/test_interrogation_manager.gd:605)
         [2] _run_test (res://addons/gut/gut.gd:605)
         [3] _test_the_scripts (res://addons/gut/gut.gd:818)
WARNING: [CaseManager] Validation: EvidenceData: discovery_method is required for evidence 'ev_safe'
     at: push_warning (core/variant/variant_utility.cpp:1034)
     GDScript backtrace (most recent call first):
         [0] load_case (res://scripts/managers/case_manager.gd:114)
         [1] before_each (res://tests/unit/test_interrogation_manager.gd:605)
         [2] _run_test (res://addons/gut/gut.gd:605)
         [3] _test_the_scripts (res://addons/gut/gut.gd:818)
WARNING: [CaseManager] Validation: EvidenceData: discovery_method is required for evidence 'ev_hallway_camera'
     at: push_warning (core/variant/variant_utility.cpp:1034)
     GDScript backtrace (most recent call first):
         [0] load_case (res://scripts/managers/case_manager.gd:114)
         [1] before_each (res://tests/unit/test_interrogation_manager.gd:605)
         [2] _run_test (res://addons/gut/gut.gd:605)
         [3] _test_the_scripts (res://addons/gut/gut.gd:818)
WARNING: [CaseManager] Validation: EvidenceData: discovery_method is required for evidence 'ev_shoe_print'
     at: push_warning (core/variant/variant_utility.cpp:1034)
     GDScript backtrace (most recent call first):
         [0] load_case (res://scripts/managers/case_manager.gd:114)
         [1] before_each (res://tests/unit/test_interrogation_manager.gd:605)
         [2] _run_test (res://addons/gut/gut.gd:605)
         [3] _test_the_scripts (res://addons/gut/gut.gd:818)
WARNING: [CaseManager] Validation: EvidenceData: discovery_method is required for evidence 'ev_fingerprint'
     at: push_warning (core/variant/variant_utility.cpp:1034)
     GDScript backtrace (most recent call first):
         [0] load_case (res://scripts/managers/case_manager.gd:114)
         [1] before_each (res://tests/unit/test_interrogation_manager.gd:605)
         [2] _run_test (res://addons/gut/gut.gd:605)
         [3] _test_the_scripts (res://addons/gut/gut.gd:818)
WARNING: [CaseManager] Validation: EvidenceData: discovery_method is required for evidence 'ev_elevator_log'
     at: push_warning (core/variant/variant_utility.cpp:1034)
     GDScript backtrace (most recent call first):
         [0] load_case (res://scripts/managers/case_manager.gd:114)
         [1] before_each (res://tests/unit/test_interrogation_manager.gd:605)
         [2] _run_test (res://addons/gut/gut.gd:605)
         [3] _test_the_scripts (res://addons/gut/gut.gd:818)
WARNING: [CaseManager] Validation: EvidenceData: discovery_method is required for evidence 'ev_journal'
     at: push_warning (core/variant/variant_utility.cpp:1034)
     GDScript backtrace (most recent call first):
         [0] load_case (res://scripts/managers/case_manager.gd:114)
         [1] before_each (res://tests/unit/test_interrogation_manager.gd:605)
         [2] _run_test (res://addons/gut/gut.gd:605)
         [3] _test_the_scripts (res://addons/gut/gut.gd:818)
WARNING: [CaseManager] Validation: EvidenceData: discovery_method is required for evidence 'ev_maintenance'
     at: push_warning (core/variant/variant_utility.cpp:1034)
     GDScript backtrace (most recent call first):
         [0] load_case (res://scripts/managers/case_manager.gd:114)
         [1] before_each (res://tests/unit/test_interrogation_manager.gd:605)
         [2] _run_test (res://addons/gut/gut.gd:605)
         [3] _test_the_scripts (res://addons/gut/gut.gd:818)
WARNING: [CaseManager] Validation: EvidenceData: discovery_method is required for evidence 'ev_key_access'
     at: push_warning (core/variant/variant_utility.cpp:1034)
     GDScript backtrace (most recent call first):
         [0] load_case (res://scripts/managers/case_manager.gd:114)
         [1] before_each (res://tests/unit/test_interrogation_manager.gd:605)
         [2] _run_test (res://addons/gut/gut.gd:605)
         [3] _test_the_scripts (res://addons/gut/gut.gd:818)
WARNING: [CaseManager] Validation: EvidenceData: discovery_method is required for evidence 'ev_unlocked_clue'
     at: push_warning (core/variant/variant_utility.cpp:1034)
     GDScript backtrace (most recent call first):
         [0] load_case (res://scripts/managers/case_manager.gd:114)
         [1] before_each (res://tests/unit/test_interrogation_manager.gd:605)
         [2] _run_test (res://addons/gut/gut.gd:605)
         [3] _test_the_scripts (res://addons/gut/gut.gd:818)
WARNING: [CaseManager] Validation: EvidenceData: discovery_method is required for evidence 'ev_no_trigger'
     at: push_warning (core/variant/variant_utility.cpp:1034)
     GDScript backtrace (most recent call first):
         [0] load_case (res://scripts/managers/case_manager.gd:114)
         [1] before_each (res://tests/unit/test_interrogation_manager.gd:605)
         [2] _run_test (res://addons/gut/gut.gd:605)
         [3] _test_the_scripts (res://addons/gut/gut.gd:818)
* test_already_fired_sibling_returns_already_fired
WARNING: [CaseManager] Validation: EvidenceData: discovery_method is required for evidence 'ev_parking_camera'
     at: push_warning (core/variant/variant_utility.cpp:1034)
     GDScript backtrace (most recent call first):
         [0] load_case (res://scripts/managers/case_manager.gd:114)
         [1] before_each (res://tests/unit/test_interrogation_manager.gd:605)
         [2] _run_test (res://addons/gut/gut.gd:605)
         [3] _test_the_scripts (res://addons/gut/gut.gd:818)
WARNING: [CaseManager] Validation: EvidenceData: discovery_method is required for evidence 'ev_financial'
     at: push_warning (core/variant/variant_utility.cpp:1034)
     GDScript backtrace (most recent call first):
         [0] load_case (res://scripts/managers/case_manager.gd:114)
         [1] before_each (res://tests/unit/test_interrogation_manager.gd:605)
         [2] _run_test (res://addons/gut/gut.gd:605)
         [3] _test_the_scripts (res://addons/gut/gut.gd:818)
WARNING: [CaseManager] Validation: EvidenceData: discovery_method is required for evidence 'ev_safe'
     at: push_warning (core/variant/variant_utility.cpp:1034)
     GDScript backtrace (most recent call first):
         [0] load_case (res://scripts/managers/case_manager.gd:114)
         [1] before_each (res://tests/unit/test_interrogation_manager.gd:605)
         [2] _run_test (res://addons/gut/gut.gd:605)
         [3] _test_the_scripts (res://addons/gut/gut.gd:818)
WARNING: [CaseManager] Validation: EvidenceData: discovery_method is required for evidence 'ev_hallway_camera'
     at: push_warning (core/variant/variant_utility.cpp:1034)
     GDScript backtrace (most recent call first):
         [0] load_case (res://scripts/managers/case_manager.gd:114)
         [1] before_each (res://tests/unit/test_interrogation_manager.gd:605)
         [2] _run_test (res://addons/gut/gut.gd:605)
         [3] _test_the_scripts (res://addons/gut/gut.gd:818)
WARNING: [CaseManager] Validation: EvidenceData: discovery_method is required for evidence 'ev_shoe_print'
     at: push_warning (core/variant/variant_utility.cpp:1034)
     GDScript backtrace (most recent call first):
         [0] load_case (res://scripts/managers/case_manager.gd:114)
         [1] before_each (res://tests/unit/test_interrogation_manager.gd:605)
         [2] _run_test (res://addons/gut/gut.gd:605)
         [3] _test_the_scripts (res://addons/gut/gut.gd:818)
WARNING: [CaseManager] Validation: EvidenceData: discovery_method is required for evidence 'ev_fingerprint'
     at: push_warning (core/variant/variant_utility.cpp:1034)
     GDScript backtrace (most recent call first):
         [0] load_case (res://scripts/managers/case_manager.gd:114)
         [1] before_each (res://tests/unit/test_interrogation_manager.gd:605)
         [2] _run_test (res://addons/gut/gut.gd:605)
         [3] _test_the_scripts (res://addons/gut/gut.gd:818)
WARNING: [CaseManager] Validation: EvidenceData: discovery_method is required for evidence 'ev_elevator_log'
     at: push_warning (core/variant/variant_utility.cpp:1034)
     GDScript backtrace (most recent call first):
         [0] load_case (res://scripts/managers/case_manager.gd:114)
         [1] before_each (res://tests/unit/test_interrogation_manager.gd:605)
         [2] _run_test (res://addons/gut/gut.gd:605)
         [3] _test_the_scripts (res://addons/gut/gut.gd:818)
WARNING: [CaseManager] Validation: EvidenceData: discovery_method is required for evidence 'ev_journal'
     at: push_warning (core/variant/variant_utility.cpp:1034)
     GDScript backtrace (most recent call first):
         [0] load_case (res://scripts/managers/case_manager.gd:114)
         [1] before_each (res://tests/unit/test_interrogation_manager.gd:605)
         [2] _run_test (res://addons/gut/gut.gd:605)
         [3] _test_the_scripts (res://addons/gut/gut.gd:818)
WARNING: [CaseManager] Validation: EvidenceData: discovery_method is required for evidence 'ev_maintenance'
     at: push_warning (core/variant/variant_utility.cpp:1034)
     GDScript backtrace (most recent call first):
         [0] load_case (res://scripts/managers/case_manager.gd:114)
         [1] before_each (res://tests/unit/test_interrogation_manager.gd:605)
         [2] _run_test (res://addons/gut/gut.gd:605)
         [3] _test_the_scripts (res://addons/gut/gut.gd:818)
WARNING: [CaseManager] Validation: EvidenceData: discovery_method is required for evidence 'ev_key_access'
     at: push_warning (core/variant/variant_utility.cpp:1034)
     GDScript backtrace (most recent call first):
         [0] load_case (res://scripts/managers/case_manager.gd:114)
         [1] before_each (res://tests/unit/test_interrogation_manager.gd:605)
         [2] _run_test (res://addons/gut/gut.gd:605)
         [3] _test_the_scripts (res://addons/gut/gut.gd:818)
WARNING: [CaseManager] Validation: EvidenceData: discovery_method is required for evidence 'ev_unlocked_clue'
     at: push_warning (core/variant/variant_utility.cpp:1034)
     GDScript backtrace (most recent call first):
         [0] load_case (res://scripts/managers/case_manager.gd:114)
         [1] before_each (res://tests/unit/test_interrogation_manager.gd:605)
         [2] _run_test (res://addons/gut/gut.gd:605)
         [3] _test_the_scripts (res://addons/gut/gut.gd:818)
WARNING: [CaseManager] Validation: EvidenceData: discovery_method is required for evidence 'ev_no_trigger'
     at: push_warning (core/variant/variant_utility.cpp:1034)
     GDScript backtrace (most recent call first):
         [0] load_case (res://scripts/managers/case_manager.gd:114)
         [1] before_each (res://tests/unit/test_interrogation_manager.gd:605)
         [2] _run_test (res://addons/gut/gut.gd:605)
         [3] _test_the_scripts (res://addons/gut/gut.gd:818)
* test_wrong_evidence_does_not_return_already_fired
WARNING: [CaseManager] Validation: EvidenceData: discovery_method is required for evidence 'ev_parking_camera'
     at: push_warning (core/variant/variant_utility.cpp:1034)
     GDScript backtrace (most recent call first):
         [0] load_case (res://scripts/managers/case_manager.gd:114)
         [1] before_each (res://tests/unit/test_interrogation_manager.gd:605)
         [2] _run_test (res://addons/gut/gut.gd:605)
         [3] _test_the_scripts (res://addons/gut/gut.gd:818)
WARNING: [CaseManager] Validation: EvidenceData: discovery_method is required for evidence 'ev_financial'
     at: push_warning (core/variant/variant_utility.cpp:1034)
     GDScript backtrace (most recent call first):
         [0] load_case (res://scripts/managers/case_manager.gd:114)
         [1] before_each (res://tests/unit/test_interrogation_manager.gd:605)
         [2] _run_test (res://addons/gut/gut.gd:605)
         [3] _test_the_scripts (res://addons/gut/gut.gd:818)
WARNING: [CaseManager] Validation: EvidenceData: discovery_method is required for evidence 'ev_safe'
     at: push_warning (core/variant/variant_utility.cpp:1034)
     GDScript backtrace (most recent call first):
         [0] load_case (res://scripts/managers/case_manager.gd:114)
         [1] before_each (res://tests/unit/test_interrogation_manager.gd:605)
         [2] _run_test (res://addons/gut/gut.gd:605)
         [3] _test_the_scripts (res://addons/gut/gut.gd:818)
WARNING: [CaseManager] Validation: EvidenceData: discovery_method is required for evidence 'ev_hallway_camera'
     at: push_warning (core/variant/variant_utility.cpp:1034)
     GDScript backtrace (most recent call first):
         [0] load_case (res://scripts/managers/case_manager.gd:114)
         [1] before_each (res://tests/unit/test_interrogation_manager.gd:605)
         [2] _run_test (res://addons/gut/gut.gd:605)
         [3] _test_the_scripts (res://addons/gut/gut.gd:818)
WARNING: [CaseManager] Validation: EvidenceData: discovery_method is required for evidence 'ev_shoe_print'
     at: push_warning (core/variant/variant_utility.cpp:1034)
     GDScript backtrace (most recent call first):
         [0] load_case (res://scripts/managers/case_manager.gd:114)
         [1] before_each (res://tests/unit/test_interrogation_manager.gd:605)
         [2] _run_test (res://addons/gut/gut.gd:605)
         [3] _test_the_scripts (res://addons/gut/gut.gd:818)
WARNING: [CaseManager] Validation: EvidenceData: discovery_method is required for evidence 'ev_fingerprint'
     at: push_warning (core/variant/variant_utility.cpp:1034)
     GDScript backtrace (most recent call first):
         [0] load_case (res://scripts/managers/case_manager.gd:114)
         [1] before_each (res://tests/unit/test_interrogation_manager.gd:605)
         [2] _run_test (res://addons/gut/gut.gd:605)
         [3] _test_the_scripts (res://addons/gut/gut.gd:818)
WARNING: [CaseManager] Validation: EvidenceData: discovery_method is required for evidence 'ev_elevator_log'
     at: push_warning (core/variant/variant_utility.cpp:1034)
     GDScript backtrace (most recent call first):
         [0] load_case (res://scripts/managers/case_manager.gd:114)
         [1] before_each (res://tests/unit/test_interrogation_manager.gd:605)
         [2] _run_test (res://addons/gut/gut.gd:605)
         [3] _test_the_scripts (res://addons/gut/gut.gd:818)
WARNING: [CaseManager] Validation: EvidenceData: discovery_method is required for evidence 'ev_journal'
     at: push_warning (core/variant/variant_utility.cpp:1034)
     GDScript backtrace (most recent call first):
         [0] load_case (res://scripts/managers/case_manager.gd:114)
         [1] before_each (res://tests/unit/test_interrogation_manager.gd:605)
         [2] _run_test (res://addons/gut/gut.gd:605)
         [3] _test_the_scripts (res://addons/gut/gut.gd:818)
WARNING: [CaseManager] Validation: EvidenceData: discovery_method is required for evidence 'ev_maintenance'
     at: push_warning (core/variant/variant_utility.cpp:1034)
     GDScript backtrace (most recent call first):
         [0] load_case (res://scripts/managers/case_manager.gd:114)
         [1] before_each (res://tests/unit/test_interrogation_manager.gd:605)
         [2] _run_test (res://addons/gut/gut.gd:605)
         [3] _test_the_scripts (res://addons/gut/gut.gd:818)
WARNING: [CaseManager] Validation: EvidenceData: discovery_method is required for evidence 'ev_key_access'
     at: push_warning (core/variant/variant_utility.cpp:1034)
     GDScript backtrace (most recent call first):
         [0] load_case (res://scripts/managers/case_manager.gd:114)
         [1] before_each (res://tests/unit/test_interrogation_manager.gd:605)
         [2] _run_test (res://addons/gut/gut.gd:605)
         [3] _test_the_scripts (res://addons/gut/gut.gd:818)
WARNING: [CaseManager] Validation: EvidenceData: discovery_method is required for evidence 'ev_unlocked_clue'
     at: push_warning (core/variant/variant_utility.cpp:1034)
     GDScript backtrace (most recent call first):
         [0] load_case (res://scripts/managers/case_manager.gd:114)
         [1] before_each (res://tests/unit/test_interrogation_manager.gd:605)
         [2] _run_test (res://addons/gut/gut.gd:605)
         [3] _test_the_scripts (res://addons/gut/gut.gd:818)
WARNING: [CaseManager] Validation: EvidenceData: discovery_method is required for evidence 'ev_no_trigger'
     at: push_warning (core/variant/variant_utility.cpp:1034)
     GDScript backtrace (most recent call first):
         [0] load_case (res://scripts/managers/case_manager.gd:114)
         [1] before_each (res://tests/unit/test_interrogation_manager.gd:605)
         [2] _run_test (res://addons/gut/gut.gd:605)
         [3] _test_the_scripts (res://addons/gut/gut.gd:818)
* test_serialize_preserves_fired_triggers
WARNING: [CaseManager] Validation: EvidenceData: discovery_method is required for evidence 'ev_parking_camera'
     at: push_warning (core/variant/variant_utility.cpp:1034)
     GDScript backtrace (most recent call first):
         [0] load_case (res://scripts/managers/case_manager.gd:114)
         [1] before_each (res://tests/unit/test_interrogation_manager.gd:605)
         [2] _run_test (res://addons/gut/gut.gd:605)
         [3] _test_the_scripts (res://addons/gut/gut.gd:818)
WARNING: [CaseManager] Validation: EvidenceData: discovery_method is required for evidence 'ev_financial'
     at: push_warning (core/variant/variant_utility.cpp:1034)
     GDScript backtrace (most recent call first):
         [0] load_case (res://scripts/managers/case_manager.gd:114)
         [1] before_each (res://tests/unit/test_interrogation_manager.gd:605)
         [2] _run_test (res://addons/gut/gut.gd:605)
         [3] _test_the_scripts (res://addons/gut/gut.gd:818)
WARNING: [CaseManager] Validation: EvidenceData: discovery_method is required for evidence 'ev_safe'
     at: push_warning (core/variant/variant_utility.cpp:1034)
     GDScript backtrace (most recent call first):
         [0] load_case (res://scripts/managers/case_manager.gd:114)
         [1] before_each (res://tests/unit/test_interrogation_manager.gd:605)
         [2] _run_test (res://addons/gut/gut.gd:605)
         [3] _test_the_scripts (res://addons/gut/gut.gd:818)
WARNING: [CaseManager] Validation: EvidenceData: discovery_method is required for evidence 'ev_hallway_camera'
     at: push_warning (core/variant/variant_utility.cpp:1034)
     GDScript backtrace (most recent call first):
         [0] load_case (res://scripts/managers/case_manager.gd:114)
         [1] before_each (res://tests/unit/test_interrogation_manager.gd:605)
         [2] _run_test (res://addons/gut/gut.gd:605)
         [3] _test_the_scripts (res://addons/gut/gut.gd:818)
WARNING: [CaseManager] Validation: EvidenceData: discovery_method is required for evidence 'ev_shoe_print'
     at: push_warning (core/variant/variant_utility.cpp:1034)
     GDScript backtrace (most recent call first):
         [0] load_case (res://scripts/managers/case_manager.gd:114)
         [1] before_each (res://tests/unit/test_interrogation_manager.gd:605)
         [2] _run_test (res://addons/gut/gut.gd:605)
         [3] _test_the_scripts (res://addons/gut/gut.gd:818)
WARNING: [CaseManager] Validation: EvidenceData: discovery_method is required for evidence 'ev_fingerprint'
     at: push_warning (core/variant/variant_utility.cpp:1034)
     GDScript backtrace (most recent call first):
         [0] load_case (res://scripts/managers/case_manager.gd:114)
         [1] before_each (res://tests/unit/test_interrogation_manager.gd:605)
         [2] _run_test (res://addons/gut/gut.gd:605)
         [3] _test_the_scripts (res://addons/gut/gut.gd:818)
WARNING: [CaseManager] Validation: EvidenceData: discovery_method is required for evidence 'ev_elevator_log'
     at: push_warning (core/variant/variant_utility.cpp:1034)
     GDScript backtrace (most recent call first):
         [0] load_case (res://scripts/managers/case_manager.gd:114)
         [1] before_each (res://tests/unit/test_interrogation_manager.gd:605)
         [2] _run_test (res://addons/gut/gut.gd:605)
         [3] _test_the_scripts (res://addons/gut/gut.gd:818)
WARNING: [CaseManager] Validation: EvidenceData: discovery_method is required for evidence 'ev_journal'
     at: push_warning (core/variant/variant_utility.cpp:1034)
     GDScript backtrace (most recent call first):
         [0] load_case (res://scripts/managers/case_manager.gd:114)
         [1] before_each (res://tests/unit/test_interrogation_manager.gd:605)
         [2] _run_test (res://addons/gut/gut.gd:605)
         [3] _test_the_scripts (res://addons/gut/gut.gd:818)
WARNING: [CaseManager] Validation: EvidenceData: discovery_method is required for evidence 'ev_maintenance'
     at: push_warning (core/variant/variant_utility.cpp:1034)
     GDScript backtrace (most recent call first):
         [0] load_case (res://scripts/managers/case_manager.gd:114)
         [1] before_each (res://tests/unit/test_interrogation_manager.gd:605)
         [2] _run_test (res://addons/gut/gut.gd:605)
         [3] _test_the_scripts (res://addons/gut/gut.gd:818)
WARNING: [CaseManager] Validation: EvidenceData: discovery_method is required for evidence 'ev_key_access'
     at: push_warning (core/variant/variant_utility.cpp:1034)
     GDScript backtrace (most recent call first):
         [0] load_case (res://scripts/managers/case_manager.gd:114)
         [1] before_each (res://tests/unit/test_interrogation_manager.gd:605)
         [2] _run_test (res://addons/gut/gut.gd:605)
         [3] _test_the_scripts (res://addons/gut/gut.gd:818)
WARNING: [CaseManager] Validation: EvidenceData: discovery_method is required for evidence 'ev_unlocked_clue'
     at: push_warning (core/variant/variant_utility.cpp:1034)
     GDScript backtrace (most recent call first):
         [0] load_case (res://scripts/managers/case_manager.gd:114)
         [1] before_each (res://tests/unit/test_interrogation_manager.gd:605)
         [2] _run_test (res://addons/gut/gut.gd:605)
         [3] _test_the_scripts (res://addons/gut/gut.gd:818)
WARNING: [CaseManager] Validation: EvidenceData: discovery_method is required for evidence 'ev_no_trigger'
     at: push_warning (core/variant/variant_utility.cpp:1034)
     GDScript backtrace (most recent call first):
         [0] load_case (res://scripts/managers/case_manager.gd:114)
         [1] before_each (res://tests/unit/test_interrogation_manager.gd:605)
         [2] _run_test (res://addons/gut/gut.gd:605)
         [3] _test_the_scripts (res://addons/gut/gut.gd:818)
* test_serialize_preserves_heard_statements
WARNING: [CaseManager] Validation: EvidenceData: discovery_method is required for evidence 'ev_parking_camera'
     at: push_warning (core/variant/variant_utility.cpp:1034)
     GDScript backtrace (most recent call first):
         [0] load_case (res://scripts/managers/case_manager.gd:114)
         [1] before_each (res://tests/unit/test_interrogation_manager.gd:605)
         [2] _run_test (res://addons/gut/gut.gd:605)
         [3] _test_the_scripts (res://addons/gut/gut.gd:818)
WARNING: [CaseManager] Validation: EvidenceData: discovery_method is required for evidence 'ev_financial'
     at: push_warning (core/variant/variant_utility.cpp:1034)
     GDScript backtrace (most recent call first):
         [0] load_case (res://scripts/managers/case_manager.gd:114)
         [1] before_each (res://tests/unit/test_interrogation_manager.gd:605)
         [2] _run_test (res://addons/gut/gut.gd:605)
         [3] _test_the_scripts (res://addons/gut/gut.gd:818)
WARNING: [CaseManager] Validation: EvidenceData: discovery_method is required for evidence 'ev_safe'
     at: push_warning (core/variant/variant_utility.cpp:1034)
     GDScript backtrace (most recent call first):
         [0] load_case (res://scripts/managers/case_manager.gd:114)
         [1] before_each (res://tests/unit/test_interrogation_manager.gd:605)
         [2] _run_test (res://addons/gut/gut.gd:605)
         [3] _test_the_scripts (res://addons/gut/gut.gd:818)
WARNING: [CaseManager] Validation: EvidenceData: discovery_method is required for evidence 'ev_hallway_camera'
     at: push_warning (core/variant/variant_utility.cpp:1034)
     GDScript backtrace (most recent call first):
         [0] load_case (res://scripts/managers/case_manager.gd:114)
         [1] before_each (res://tests/unit/test_interrogation_manager.gd:605)
         [2] _run_test (res://addons/gut/gut.gd:605)
         [3] _test_the_scripts (res://addons/gut/gut.gd:818)
WARNING: [CaseManager] Validation: EvidenceData: discovery_method is required for evidence 'ev_shoe_print'
     at: push_warning (core/variant/variant_utility.cpp:1034)
     GDScript backtrace (most recent call first):
         [0] load_case (res://scripts/managers/case_manager.gd:114)
         [1] before_each (res://tests/unit/test_interrogation_manager.gd:605)
         [2] _run_test (res://addons/gut/gut.gd:605)
         [3] _test_the_scripts (res://addons/gut/gut.gd:818)
WARNING: [CaseManager] Validation: EvidenceData: discovery_method is required for evidence 'ev_fingerprint'
     at: push_warning (core/variant/variant_utility.cpp:1034)
     GDScript backtrace (most recent call first):
         [0] load_case (res://scripts/managers/case_manager.gd:114)
         [1] before_each (res://tests/unit/test_interrogation_manager.gd:605)
         [2] _run_test (res://addons/gut/gut.gd:605)
         [3] _test_the_scripts (res://addons/gut/gut.gd:818)
WARNING: [CaseManager] Validation: EvidenceData: discovery_method is required for evidence 'ev_elevator_log'
     at: push_warning (core/variant/variant_utility.cpp:1034)
     GDScript backtrace (most recent call first):
         [0] load_case (res://scripts/managers/case_manager.gd:114)
         [1] before_each (res://tests/unit/test_interrogation_manager.gd:605)
         [2] _run_test (res://addons/gut/gut.gd:605)
         [3] _test_the_scripts (res://addons/gut/gut.gd:818)
WARNING: [CaseManager] Validation: EvidenceData: discovery_method is required for evidence 'ev_journal'
     at: push_warning (core/variant/variant_utility.cpp:1034)
     GDScript backtrace (most recent call first):
         [0] load_case (res://scripts/managers/case_manager.gd:114)
         [1] before_each (res://tests/unit/test_interrogation_manager.gd:605)
         [2] _run_test (res://addons/gut/gut.gd:605)
         [3] _test_the_scripts (res://addons/gut/gut.gd:818)
WARNING: [CaseManager] Validation: EvidenceData: discovery_method is required for evidence 'ev_maintenance'
     at: push_warning (core/variant/variant_utility.cpp:1034)
     GDScript backtrace (most recent call first):
         [0] load_case (res://scripts/managers/case_manager.gd:114)
         [1] before_each (res://tests/unit/test_interrogation_manager.gd:605)
         [2] _run_test (res://addons/gut/gut.gd:605)
         [3] _test_the_scripts (res://addons/gut/gut.gd:818)
WARNING: [CaseManager] Validation: EvidenceData: discovery_method is required for evidence 'ev_key_access'
     at: push_warning (core/variant/variant_utility.cpp:1034)
     GDScript backtrace (most recent call first):
         [0] load_case (res://scripts/managers/case_manager.gd:114)
         [1] before_each (res://tests/unit/test_interrogation_manager.gd:605)
         [2] _run_test (res://addons/gut/gut.gd:605)
         [3] _test_the_scripts (res://addons/gut/gut.gd:818)
WARNING: [CaseManager] Validation: EvidenceData: discovery_method is required for evidence 'ev_unlocked_clue'
     at: push_warning (core/variant/variant_utility.cpp:1034)
     GDScript backtrace (most recent call first):
         [0] load_case (res://scripts/managers/case_manager.gd:114)
         [1] before_each (res://tests/unit/test_interrogation_manager.gd:605)
         [2] _run_test (res://addons/gut/gut.gd:605)
         [3] _test_the_scripts (res://addons/gut/gut.gd:818)
WARNING: [CaseManager] Validation: EvidenceData: discovery_method is required for evidence 'ev_no_trigger'
     at: push_warning (core/variant/variant_utility.cpp:1034)
     GDScript backtrace (most recent call first):
         [0] load_case (res://scripts/managers/case_manager.gd:114)
         [1] before_each (res://tests/unit/test_interrogation_manager.gd:605)
         [2] _run_test (res://addons/gut/gut.gd:605)
         [3] _test_the_scripts (res://addons/gut/gut.gd:818)
* test_serialize_preserves_accumulated_pressure
WARNING: [CaseManager] Validation: EvidenceData: discovery_method is required for evidence 'ev_parking_camera'
     at: push_warning (core/variant/variant_utility.cpp:1034)
     GDScript backtrace (most recent call first):
         [0] load_case (res://scripts/managers/case_manager.gd:114)
         [1] before_each (res://tests/unit/test_interrogation_manager.gd:605)
         [2] _run_test (res://addons/gut/gut.gd:605)
         [3] _test_the_scripts (res://addons/gut/gut.gd:818)
WARNING: [CaseManager] Validation: EvidenceData: discovery_method is required for evidence 'ev_financial'
     at: push_warning (core/variant/variant_utility.cpp:1034)
     GDScript backtrace (most recent call first):
         [0] load_case (res://scripts/managers/case_manager.gd:114)
         [1] before_each (res://tests/unit/test_interrogation_manager.gd:605)
         [2] _run_test (res://addons/gut/gut.gd:605)
         [3] _test_the_scripts (res://addons/gut/gut.gd:818)
WARNING: [CaseManager] Validation: EvidenceData: discovery_method is required for evidence 'ev_safe'
     at: push_warning (core/variant/variant_utility.cpp:1034)
     GDScript backtrace (most recent call first):
         [0] load_case (res://scripts/managers/case_manager.gd:114)
         [1] before_each (res://tests/unit/test_interrogation_manager.gd:605)
         [2] _run_test (res://addons/gut/gut.gd:605)
         [3] _test_the_scripts (res://addons/gut/gut.gd:818)
WARNING: [CaseManager] Validation: EvidenceData: discovery_method is required for evidence 'ev_hallway_camera'
     at: push_warning (core/variant/variant_utility.cpp:1034)
     GDScript backtrace (most recent call first):
         [0] load_case (res://scripts/managers/case_manager.gd:114)
         [1] before_each (res://tests/unit/test_interrogation_manager.gd:605)
         [2] _run_test (res://addons/gut/gut.gd:605)
         [3] _test_the_scripts (res://addons/gut/gut.gd:818)
WARNING: [CaseManager] Validation: EvidenceData: discovery_method is required for evidence 'ev_shoe_print'
     at: push_warning (core/variant/variant_utility.cpp:1034)
     GDScript backtrace (most recent call first):
         [0] load_case (res://scripts/managers/case_manager.gd:114)
         [1] before_each (res://tests/unit/test_interrogation_manager.gd:605)
         [2] _run_test (res://addons/gut/gut.gd:605)
         [3] _test_the_scripts (res://addons/gut/gut.gd:818)
WARNING: [CaseManager] Validation: EvidenceData: discovery_method is required for evidence 'ev_fingerprint'
     at: push_warning (core/variant/variant_utility.cpp:1034)
     GDScript backtrace (most recent call first):
         [0] load_case (res://scripts/managers/case_manager.gd:114)
         [1] before_each (res://tests/unit/test_interrogation_manager.gd:605)
         [2] _run_test (res://addons/gut/gut.gd:605)
         [3] _test_the_scripts (res://addons/gut/gut.gd:818)
WARNING: [CaseManager] Validation: EvidenceData: discovery_method is required for evidence 'ev_elevator_log'
     at: push_warning (core/variant/variant_utility.cpp:1034)
     GDScript backtrace (most recent call first):
         [0] load_case (res://scripts/managers/case_manager.gd:114)
         [1] before_each (res://tests/unit/test_interrogation_manager.gd:605)
         [2] _run_test (res://addons/gut/gut.gd:605)
         [3] _test_the_scripts (res://addons/gut/gut.gd:818)
WARNING: [CaseManager] Validation: EvidenceData: discovery_method is required for evidence 'ev_journal'
     at: push_warning (core/variant/variant_utility.cpp:1034)
     GDScript backtrace (most recent call first):
         [0] load_case (res://scripts/managers/case_manager.gd:114)
         [1] before_each (res://tests/unit/test_interrogation_manager.gd:605)
         [2] _run_test (res://addons/gut/gut.gd:605)
         [3] _test_the_scripts (res://addons/gut/gut.gd:818)
WARNING: [CaseManager] Validation: EvidenceData: discovery_method is required for evidence 'ev_maintenance'
     at: push_warning (core/variant/variant_utility.cpp:1034)
     GDScript backtrace (most recent call first):
         [0] load_case (res://scripts/managers/case_manager.gd:114)
         [1] before_each (res://tests/unit/test_interrogation_manager.gd:605)
         [2] _run_test (res://addons/gut/gut.gd:605)
         [3] _test_the_scripts (res://addons/gut/gut.gd:818)
WARNING: [CaseManager] Validation: EvidenceData: discovery_method is required for evidence 'ev_key_access'
     at: push_warning (core/variant/variant_utility.cpp:1034)
     GDScript backtrace (most recent call first):
         [0] load_case (res://scripts/managers/case_manager.gd:114)
         [1] before_each (res://tests/unit/test_interrogation_manager.gd:605)
         [2] _run_test (res://addons/gut/gut.gd:605)
         [3] _test_the_scripts (res://addons/gut/gut.gd:818)
WARNING: [CaseManager] Validation: EvidenceData: discovery_method is required for evidence 'ev_unlocked_clue'
     at: push_warning (core/variant/variant_utility.cpp:1034)
     GDScript backtrace (most recent call first):
         [0] load_case (res://scripts/managers/case_manager.gd:114)
         [1] before_each (res://tests/unit/test_interrogation_manager.gd:605)
         [2] _run_test (res://addons/gut/gut.gd:605)
         [3] _test_the_scripts (res://addons/gut/gut.gd:818)
WARNING: [CaseManager] Validation: EvidenceData: discovery_method is required for evidence 'ev_no_trigger'
     at: push_warning (core/variant/variant_utility.cpp:1034)
     GDScript backtrace (most recent call first):
         [0] load_case (res://scripts/managers/case_manager.gd:114)
         [1] before_each (res://tests/unit/test_interrogation_manager.gd:605)
         [2] _run_test (res://addons/gut/gut.gd:605)
         [3] _test_the_scripts (res://addons/gut/gut.gd:818)
* test_serialize_preserves_break_moments
WARNING: [CaseManager] Validation: EvidenceData: discovery_method is required for evidence 'ev_parking_camera'
     at: push_warning (core/variant/variant_utility.cpp:1034)
     GDScript backtrace (most recent call first):
         [0] load_case (res://scripts/managers/case_manager.gd:114)
         [1] before_each (res://tests/unit/test_interrogation_manager.gd:605)
         [2] _run_test (res://addons/gut/gut.gd:605)
         [3] _test_the_scripts (res://addons/gut/gut.gd:818)
WARNING: [CaseManager] Validation: EvidenceData: discovery_method is required for evidence 'ev_financial'
     at: push_warning (core/variant/variant_utility.cpp:1034)
     GDScript backtrace (most recent call first):
         [0] load_case (res://scripts/managers/case_manager.gd:114)
         [1] before_each (res://tests/unit/test_interrogation_manager.gd:605)
         [2] _run_test (res://addons/gut/gut.gd:605)
         [3] _test_the_scripts (res://addons/gut/gut.gd:818)
WARNING: [CaseManager] Validation: EvidenceData: discovery_method is required for evidence 'ev_safe'
     at: push_warning (core/variant/variant_utility.cpp:1034)
     GDScript backtrace (most recent call first):
         [0] load_case (res://scripts/managers/case_manager.gd:114)
         [1] before_each (res://tests/unit/test_interrogation_manager.gd:605)
         [2] _run_test (res://addons/gut/gut.gd:605)
         [3] _test_the_scripts (res://addons/gut/gut.gd:818)
WARNING: [CaseManager] Validation: EvidenceData: discovery_method is required for evidence 'ev_hallway_camera'
     at: push_warning (core/variant/variant_utility.cpp:1034)
     GDScript backtrace (most recent call first):
         [0] load_case (res://scripts/managers/case_manager.gd:114)
         [1] before_each (res://tests/unit/test_interrogation_manager.gd:605)
         [2] _run_test (res://addons/gut/gut.gd:605)
         [3] _test_the_scripts (res://addons/gut/gut.gd:818)
WARNING: [CaseManager] Validation: EvidenceData: discovery_method is required for evidence 'ev_shoe_print'
     at: push_warning (core/variant/variant_utility.cpp:1034)
     GDScript backtrace (most recent call first):
         [0] load_case (res://scripts/managers/case_manager.gd:114)
         [1] before_each (res://tests/unit/test_interrogation_manager.gd:605)
         [2] _run_test (res://addons/gut/gut.gd:605)
         [3] _test_the_scripts (res://addons/gut/gut.gd:818)
WARNING: [CaseManager] Validation: EvidenceData: discovery_method is required for evidence 'ev_fingerprint'
     at: push_warning (core/variant/variant_utility.cpp:1034)
     GDScript backtrace (most recent call first):
         [0] load_case (res://scripts/managers/case_manager.gd:114)
         [1] before_each (res://tests/unit/test_interrogation_manager.gd:605)
         [2] _run_test (res://addons/gut/gut.gd:605)
         [3] _test_the_scripts (res://addons/gut/gut.gd:818)
WARNING: [CaseManager] Validation: EvidenceData: discovery_method is required for evidence 'ev_elevator_log'
     at: push_warning (core/variant/variant_utility.cpp:1034)
     GDScript backtrace (most recent call first):
         [0] load_case (res://scripts/managers/case_manager.gd:114)
         [1] before_each (res://tests/unit/test_interrogation_manager.gd:605)
         [2] _run_test (res://addons/gut/gut.gd:605)
         [3] _test_the_scripts (res://addons/gut/gut.gd:818)
WARNING: [CaseManager] Validation: EvidenceData: discovery_method is required for evidence 'ev_journal'
     at: push_warning (core/variant/variant_utility.cpp:1034)
     GDScript backtrace (most recent call first):
         [0] load_case (res://scripts/managers/case_manager.gd:114)
         [1] before_each (res://tests/unit/test_interrogation_manager.gd:605)
         [2] _run_test (res://addons/gut/gut.gd:605)
         [3] _test_the_scripts (res://addons/gut/gut.gd:818)
WARNING: [CaseManager] Validation: EvidenceData: discovery_method is required for evidence 'ev_maintenance'
     at: push_warning (core/variant/variant_utility.cpp:1034)
     GDScript backtrace (most recent call first):
         [0] load_case (res://scripts/managers/case_manager.gd:114)
         [1] before_each (res://tests/unit/test_interrogation_manager.gd:605)
         [2] _run_test (res://addons/gut/gut.gd:605)
         [3] _test_the_scripts (res://addons/gut/gut.gd:818)
WARNING: [CaseManager] Validation: EvidenceData: discovery_method is required for evidence 'ev_key_access'
     at: push_warning (core/variant/variant_utility.cpp:1034)
     GDScript backtrace (most recent call first):
         [0] load_case (res://scripts/managers/case_manager.gd:114)
         [1] before_each (res://tests/unit/test_interrogation_manager.gd:605)
         [2] _run_test (res://addons/gut/gut.gd:605)
         [3] _test_the_scripts (res://addons/gut/gut.gd:818)
WARNING: [CaseManager] Validation: EvidenceData: discovery_method is required for evidence 'ev_unlocked_clue'
     at: push_warning (core/variant/variant_utility.cpp:1034)
     GDScript backtrace (most recent call first):
         [0] load_case (res://scripts/managers/case_manager.gd:114)
         [1] before_each (res://tests/unit/test_interrogation_manager.gd:605)
         [2] _run_test (res://addons/gut/gut.gd:605)
         [3] _test_the_scripts (res://addons/gut/gut.gd:818)
WARNING: [CaseManager] Validation: EvidenceData: discovery_method is required for evidence 'ev_no_trigger'
     at: push_warning (core/variant/variant_utility.cpp:1034)
     GDScript backtrace (most recent call first):
         [0] load_case (res://scripts/managers/case_manager.gd:114)
         [1] before_each (res://tests/unit/test_interrogation_manager.gd:605)
         [2] _run_test (res://addons/gut/gut.gd:605)
         [3] _test_the_scripts (res://addons/gut/gut.gd:818)
* test_serialize_mid_session_includes_session_state
WARNING: [CaseManager] Validation: EvidenceData: discovery_method is required for evidence 'ev_parking_camera'
     at: push_warning (core/variant/variant_utility.cpp:1034)
     GDScript backtrace (most recent call first):
         [0] load_case (res://scripts/managers/case_manager.gd:114)
         [1] before_each (res://tests/unit/test_interrogation_manager.gd:605)
         [2] _run_test (res://addons/gut/gut.gd:605)
         [3] _test_the_scripts (res://addons/gut/gut.gd:818)
WARNING: [CaseManager] Validation: EvidenceData: discovery_method is required for evidence 'ev_financial'
     at: push_warning (core/variant/variant_utility.cpp:1034)
     GDScript backtrace (most recent call first):
         [0] load_case (res://scripts/managers/case_manager.gd:114)
         [1] before_each (res://tests/unit/test_interrogation_manager.gd:605)
         [2] _run_test (res://addons/gut/gut.gd:605)
         [3] _test_the_scripts (res://addons/gut/gut.gd:818)
WARNING: [CaseManager] Validation: EvidenceData: discovery_method is required for evidence 'ev_safe'
     at: push_warning (core/variant/variant_utility.cpp:1034)
     GDScript backtrace (most recent call first):
         [0] load_case (res://scripts/managers/case_manager.gd:114)
         [1] before_each (res://tests/unit/test_interrogation_manager.gd:605)
         [2] _run_test (res://addons/gut/gut.gd:605)
         [3] _test_the_scripts (res://addons/gut/gut.gd:818)
WARNING: [CaseManager] Validation: EvidenceData: discovery_method is required for evidence 'ev_hallway_camera'
     at: push_warning (core/variant/variant_utility.cpp:1034)
     GDScript backtrace (most recent call first):
         [0] load_case (res://scripts/managers/case_manager.gd:114)
         [1] before_each (res://tests/unit/test_interrogation_manager.gd:605)
         [2] _run_test (res://addons/gut/gut.gd:605)
         [3] _test_the_scripts (res://addons/gut/gut.gd:818)
WARNING: [CaseManager] Validation: EvidenceData: discovery_method is required for evidence 'ev_shoe_print'
     at: push_warning (core/variant/variant_utility.cpp:1034)
     GDScript backtrace (most recent call first):
         [0] load_case (res://scripts/managers/case_manager.gd:114)
         [1] before_each (res://tests/unit/test_interrogation_manager.gd:605)
         [2] _run_test (res://addons/gut/gut.gd:605)
         [3] _test_the_scripts (res://addons/gut/gut.gd:818)
WARNING: [CaseManager] Validation: EvidenceData: discovery_method is required for evidence 'ev_fingerprint'
     at: push_warning (core/variant/variant_utility.cpp:1034)
     GDScript backtrace (most recent call first):
         [0] load_case (res://scripts/managers/case_manager.gd:114)
         [1] before_each (res://tests/unit/test_interrogation_manager.gd:605)
         [2] _run_test (res://addons/gut/gut.gd:605)
         [3] _test_the_scripts (res://addons/gut/gut.gd:818)
WARNING: [CaseManager] Validation: EvidenceData: discovery_method is required for evidence 'ev_elevator_log'
     at: push_warning (core/variant/variant_utility.cpp:1034)
     GDScript backtrace (most recent call first):
         [0] load_case (res://scripts/managers/case_manager.gd:114)
         [1] before_each (res://tests/unit/test_interrogation_manager.gd:605)
         [2] _run_test (res://addons/gut/gut.gd:605)
         [3] _test_the_scripts (res://addons/gut/gut.gd:818)
WARNING: [CaseManager] Validation: EvidenceData: discovery_method is required for evidence 'ev_journal'
     at: push_warning (core/variant/variant_utility.cpp:1034)
     GDScript backtrace (most recent call first):
         [0] load_case (res://scripts/managers/case_manager.gd:114)
         [1] before_each (res://tests/unit/test_interrogation_manager.gd:605)
         [2] _run_test (res://addons/gut/gut.gd:605)
         [3] _test_the_scripts (res://addons/gut/gut.gd:818)
WARNING: [CaseManager] Validation: EvidenceData: discovery_method is required for evidence 'ev_maintenance'
     at: push_warning (core/variant/variant_utility.cpp:1034)
     GDScript backtrace (most recent call first):
         [0] load_case (res://scripts/managers/case_manager.gd:114)
         [1] before_each (res://tests/unit/test_interrogation_manager.gd:605)
         [2] _run_test (res://addons/gut/gut.gd:605)
         [3] _test_the_scripts (res://addons/gut/gut.gd:818)
WARNING: [CaseManager] Validation: EvidenceData: discovery_method is required for evidence 'ev_key_access'
     at: push_warning (core/variant/variant_utility.cpp:1034)
     GDScript backtrace (most recent call first):
         [0] load_case (res://scripts/managers/case_manager.gd:114)
         [1] before_each (res://tests/unit/test_interrogation_manager.gd:605)
         [2] _run_test (res://addons/gut/gut.gd:605)
         [3] _test_the_scripts (res://addons/gut/gut.gd:818)
WARNING: [CaseManager] Validation: EvidenceData: discovery_method is required for evidence 'ev_unlocked_clue'
     at: push_warning (core/variant/variant_utility.cpp:1034)
     GDScript backtrace (most recent call first):
         [0] load_case (res://scripts/managers/case_manager.gd:114)
         [1] before_each (res://tests/unit/test_interrogation_manager.gd:605)
         [2] _run_test (res://addons/gut/gut.gd:605)
         [3] _test_the_scripts (res://addons/gut/gut.gd:818)
WARNING: [CaseManager] Validation: EvidenceData: discovery_method is required for evidence 'ev_no_trigger'
     at: push_warning (core/variant/variant_utility.cpp:1034)
     GDScript backtrace (most recent call first):
         [0] load_case (res://scripts/managers/case_manager.gd:114)
         [1] before_each (res://tests/unit/test_interrogation_manager.gd:605)
         [2] _run_test (res://addons/gut/gut.gd:605)
         [3] _test_the_scripts (res://addons/gut/gut.gd:818)
* test_serialize_mid_session_includes_fired_evidence
WARNING: [CaseManager] Validation: EvidenceData: discovery_method is required for evidence 'ev_parking_camera'
     at: push_warning (core/variant/variant_utility.cpp:1034)
     GDScript backtrace (most recent call first):
         [0] load_case (res://scripts/managers/case_manager.gd:114)
         [1] before_each (res://tests/unit/test_interrogation_manager.gd:605)
         [2] _run_test (res://addons/gut/gut.gd:605)
         [3] _test_the_scripts (res://addons/gut/gut.gd:818)
WARNING: [CaseManager] Validation: EvidenceData: discovery_method is required for evidence 'ev_financial'
     at: push_warning (core/variant/variant_utility.cpp:1034)
     GDScript backtrace (most recent call first):
         [0] load_case (res://scripts/managers/case_manager.gd:114)
         [1] before_each (res://tests/unit/test_interrogation_manager.gd:605)
         [2] _run_test (res://addons/gut/gut.gd:605)
         [3] _test_the_scripts (res://addons/gut/gut.gd:818)
WARNING: [CaseManager] Validation: EvidenceData: discovery_method is required for evidence 'ev_safe'
     at: push_warning (core/variant/variant_utility.cpp:1034)
     GDScript backtrace (most recent call first):
         [0] load_case (res://scripts/managers/case_manager.gd:114)
         [1] before_each (res://tests/unit/test_interrogation_manager.gd:605)
         [2] _run_test (res://addons/gut/gut.gd:605)
         [3] _test_the_scripts (res://addons/gut/gut.gd:818)
WARNING: [CaseManager] Validation: EvidenceData: discovery_method is required for evidence 'ev_hallway_camera'
     at: push_warning (core/variant/variant_utility.cpp:1034)
     GDScript backtrace (most recent call first):
         [0] load_case (res://scripts/managers/case_manager.gd:114)
         [1] before_each (res://tests/unit/test_interrogation_manager.gd:605)
         [2] _run_test (res://addons/gut/gut.gd:605)
         [3] _test_the_scripts (res://addons/gut/gut.gd:818)
WARNING: [CaseManager] Validation: EvidenceData: discovery_method is required for evidence 'ev_shoe_print'
     at: push_warning (core/variant/variant_utility.cpp:1034)
     GDScript backtrace (most recent call first):
         [0] load_case (res://scripts/managers/case_manager.gd:114)
         [1] before_each (res://tests/unit/test_interrogation_manager.gd:605)
         [2] _run_test (res://addons/gut/gut.gd:605)
         [3] _test_the_scripts (res://addons/gut/gut.gd:818)
WARNING: [CaseManager] Validation: EvidenceData: discovery_method is required for evidence 'ev_fingerprint'
     at: push_warning (core/variant/variant_utility.cpp:1034)
     GDScript backtrace (most recent call first):
         [0] load_case (res://scripts/managers/case_manager.gd:114)
         [1] before_each (res://tests/unit/test_interrogation_manager.gd:605)
         [2] _run_test (res://addons/gut/gut.gd:605)
         [3] _test_the_scripts (res://addons/gut/gut.gd:818)
WARNING: [CaseManager] Validation: EvidenceData: discovery_method is required for evidence 'ev_elevator_log'
     at: push_warning (core/variant/variant_utility.cpp:1034)
     GDScript backtrace (most recent call first):
         [0] load_case (res://scripts/managers/case_manager.gd:114)
         [1] before_each (res://tests/unit/test_interrogation_manager.gd:605)
         [2] _run_test (res://addons/gut/gut.gd:605)
         [3] _test_the_scripts (res://addons/gut/gut.gd:818)
WARNING: [CaseManager] Validation: EvidenceData: discovery_method is required for evidence 'ev_journal'
     at: push_warning (core/variant/variant_utility.cpp:1034)
     GDScript backtrace (most recent call first):
         [0] load_case (res://scripts/managers/case_manager.gd:114)
         [1] before_each (res://tests/unit/test_interrogation_manager.gd:605)
         [2] _run_test (res://addons/gut/gut.gd:605)
         [3] _test_the_scripts (res://addons/gut/gut.gd:818)
WARNING: [CaseManager] Validation: EvidenceData: discovery_method is required for evidence 'ev_maintenance'
     at: push_warning (core/variant/variant_utility.cpp:1034)
     GDScript backtrace (most recent call first):
         [0] load_case (res://scripts/managers/case_manager.gd:114)
         [1] before_each (res://tests/unit/test_interrogation_manager.gd:605)
         [2] _run_test (res://addons/gut/gut.gd:605)
         [3] _test_the_scripts (res://addons/gut/gut.gd:818)
WARNING: [CaseManager] Validation: EvidenceData: discovery_method is required for evidence 'ev_key_access'
     at: push_warning (core/variant/variant_utility.cpp:1034)
     GDScript backtrace (most recent call first):
         [0] load_case (res://scripts/managers/case_manager.gd:114)
         [1] before_each (res://tests/unit/test_interrogation_manager.gd:605)
         [2] _run_test (res://addons/gut/gut.gd:605)
         [3] _test_the_scripts (res://addons/gut/gut.gd:818)
WARNING: [CaseManager] Validation: EvidenceData: discovery_method is required for evidence 'ev_unlocked_clue'
     at: push_warning (core/variant/variant_utility.cpp:1034)
     GDScript backtrace (most recent call first):
         [0] load_case (res://scripts/managers/case_manager.gd:114)
         [1] before_each (res://tests/unit/test_interrogation_manager.gd:605)
         [2] _run_test (res://addons/gut/gut.gd:605)
         [3] _test_the_scripts (res://addons/gut/gut.gd:818)
WARNING: [CaseManager] Validation: EvidenceData: discovery_method is required for evidence 'ev_no_trigger'
     at: push_warning (core/variant/variant_utility.cpp:1034)
     GDScript backtrace (most recent call first):
         [0] load_case (res://scripts/managers/case_manager.gd:114)
         [1] before_each (res://tests/unit/test_interrogation_manager.gd:605)
         [2] _run_test (res://addons/gut/gut.gd:605)
         [3] _test_the_scripts (res://addons/gut/gut.gd:818)
* test_deserialize_restores_persistent_state
WARNING: [CaseManager] Validation: EvidenceData: discovery_method is required for evidence 'ev_parking_camera'
     at: push_warning (core/variant/variant_utility.cpp:1034)
     GDScript backtrace (most recent call first):
         [0] load_case (res://scripts/managers/case_manager.gd:114)
         [1] before_each (res://tests/unit/test_interrogation_manager.gd:605)
         [2] _run_test (res://addons/gut/gut.gd:605)
         [3] _test_the_scripts (res://addons/gut/gut.gd:818)
WARNING: [CaseManager] Validation: EvidenceData: discovery_method is required for evidence 'ev_financial'
     at: push_warning (core/variant/variant_utility.cpp:1034)
     GDScript backtrace (most recent call first):
         [0] load_case (res://scripts/managers/case_manager.gd:114)
         [1] before_each (res://tests/unit/test_interrogation_manager.gd:605)
         [2] _run_test (res://addons/gut/gut.gd:605)
         [3] _test_the_scripts (res://addons/gut/gut.gd:818)
WARNING: [CaseManager] Validation: EvidenceData: discovery_method is required for evidence 'ev_safe'
     at: push_warning (core/variant/variant_utility.cpp:1034)
     GDScript backtrace (most recent call first):
         [0] load_case (res://scripts/managers/case_manager.gd:114)
         [1] before_each (res://tests/unit/test_interrogation_manager.gd:605)
         [2] _run_test (res://addons/gut/gut.gd:605)
         [3] _test_the_scripts (res://addons/gut/gut.gd:818)
WARNING: [CaseManager] Validation: EvidenceData: discovery_method is required for evidence 'ev_hallway_camera'
     at: push_warning (core/variant/variant_utility.cpp:1034)
     GDScript backtrace (most recent call first):
         [0] load_case (res://scripts/managers/case_manager.gd:114)
         [1] before_each (res://tests/unit/test_interrogation_manager.gd:605)
         [2] _run_test (res://addons/gut/gut.gd:605)
         [3] _test_the_scripts (res://addons/gut/gut.gd:818)
WARNING: [CaseManager] Validation: EvidenceData: discovery_method is required for evidence 'ev_shoe_print'
     at: push_warning (core/variant/variant_utility.cpp:1034)
     GDScript backtrace (most recent call first):
         [0] load_case (res://scripts/managers/case_manager.gd:114)
         [1] before_each (res://tests/unit/test_interrogation_manager.gd:605)
         [2] _run_test (res://addons/gut/gut.gd:605)
         [3] _test_the_scripts (res://addons/gut/gut.gd:818)
WARNING: [CaseManager] Validation: EvidenceData: discovery_method is required for evidence 'ev_fingerprint'
     at: push_warning (core/variant/variant_utility.cpp:1034)
     GDScript backtrace (most recent call first):
         [0] load_case (res://scripts/managers/case_manager.gd:114)
         [1] before_each (res://tests/unit/test_interrogation_manager.gd:605)
         [2] _run_test (res://addons/gut/gut.gd:605)
         [3] _test_the_scripts (res://addons/gut/gut.gd:818)
WARNING: [CaseManager] Validation: EvidenceData: discovery_method is required for evidence 'ev_elevator_log'
     at: push_warning (core/variant/variant_utility.cpp:1034)
     GDScript backtrace (most recent call first):
         [0] load_case (res://scripts/managers/case_manager.gd:114)
         [1] before_each (res://tests/unit/test_interrogation_manager.gd:605)
         [2] _run_test (res://addons/gut/gut.gd:605)
         [3] _test_the_scripts (res://addons/gut/gut.gd:818)
WARNING: [CaseManager] Validation: EvidenceData: discovery_method is required for evidence 'ev_journal'
     at: push_warning (core/variant/variant_utility.cpp:1034)
     GDScript backtrace (most recent call first):
         [0] load_case (res://scripts/managers/case_manager.gd:114)
         [1] before_each (res://tests/unit/test_interrogation_manager.gd:605)
         [2] _run_test (res://addons/gut/gut.gd:605)
         [3] _test_the_scripts (res://addons/gut/gut.gd:818)
WARNING: [CaseManager] Validation: EvidenceData: discovery_method is required for evidence 'ev_maintenance'
     at: push_warning (core/variant/variant_utility.cpp:1034)
     GDScript backtrace (most recent call first):
         [0] load_case (res://scripts/managers/case_manager.gd:114)
         [1] before_each (res://tests/unit/test_interrogation_manager.gd:605)
         [2] _run_test (res://addons/gut/gut.gd:605)
         [3] _test_the_scripts (res://addons/gut/gut.gd:818)
WARNING: [CaseManager] Validation: EvidenceData: discovery_method is required for evidence 'ev_key_access'
     at: push_warning (core/variant/variant_utility.cpp:1034)
     GDScript backtrace (most recent call first):
         [0] load_case (res://scripts/managers/case_manager.gd:114)
         [1] before_each (res://tests/unit/test_interrogation_manager.gd:605)
         [2] _run_test (res://addons/gut/gut.gd:605)
         [3] _test_the_scripts (res://addons/gut/gut.gd:818)
WARNING: [CaseManager] Validation: EvidenceData: discovery_method is required for evidence 'ev_unlocked_clue'
     at: push_warning (core/variant/variant_utility.cpp:1034)
     GDScript backtrace (most recent call first):
         [0] load_case (res://scripts/managers/case_manager.gd:114)
         [1] before_each (res://tests/unit/test_interrogation_manager.gd:605)
         [2] _run_test (res://addons/gut/gut.gd:605)
         [3] _test_the_scripts (res://addons/gut/gut.gd:818)
WARNING: [CaseManager] Validation: EvidenceData: discovery_method is required for evidence 'ev_no_trigger'
     at: push_warning (core/variant/variant_utility.cpp:1034)
     GDScript backtrace (most recent call first):
         [0] load_case (res://scripts/managers/case_manager.gd:114)
         [1] before_each (res://tests/unit/test_interrogation_manager.gd:605)
         [2] _run_test (res://addons/gut/gut.gd:605)
         [3] _test_the_scripts (res://addons/gut/gut.gd:818)
* test_deserialize_restores_mid_session
WARNING: [CaseManager] Validation: EvidenceData: discovery_method is required for evidence 'ev_parking_camera'
     at: push_warning (core/variant/variant_utility.cpp:1034)
     GDScript backtrace (most recent call first):
         [0] load_case (res://scripts/managers/case_manager.gd:114)
         [1] before_each (res://tests/unit/test_interrogation_manager.gd:605)
         [2] _run_test (res://addons/gut/gut.gd:605)
         [3] _test_the_scripts (res://addons/gut/gut.gd:818)
WARNING: [CaseManager] Validation: EvidenceData: discovery_method is required for evidence 'ev_financial'
     at: push_warning (core/variant/variant_utility.cpp:1034)
     GDScript backtrace (most recent call first):
         [0] load_case (res://scripts/managers/case_manager.gd:114)
         [1] before_each (res://tests/unit/test_interrogation_manager.gd:605)
         [2] _run_test (res://addons/gut/gut.gd:605)
         [3] _test_the_scripts (res://addons/gut/gut.gd:818)
WARNING: [CaseManager] Validation: EvidenceData: discovery_method is required for evidence 'ev_safe'
     at: push_warning (core/variant/variant_utility.cpp:1034)
     GDScript backtrace (most recent call first):
         [0] load_case (res://scripts/managers/case_manager.gd:114)
         [1] before_each (res://tests/unit/test_interrogation_manager.gd:605)
         [2] _run_test (res://addons/gut/gut.gd:605)
         [3] _test_the_scripts (res://addons/gut/gut.gd:818)
WARNING: [CaseManager] Validation: EvidenceData: discovery_method is required for evidence 'ev_hallway_camera'
     at: push_warning (core/variant/variant_utility.cpp:1034)
     GDScript backtrace (most recent call first):
         [0] load_case (res://scripts/managers/case_manager.gd:114)
         [1] before_each (res://tests/unit/test_interrogation_manager.gd:605)
         [2] _run_test (res://addons/gut/gut.gd:605)
         [3] _test_the_scripts (res://addons/gut/gut.gd:818)
WARNING: [CaseManager] Validation: EvidenceData: discovery_method is required for evidence 'ev_shoe_print'
     at: push_warning (core/variant/variant_utility.cpp:1034)
     GDScript backtrace (most recent call first):
         [0] load_case (res://scripts/managers/case_manager.gd:114)
         [1] before_each (res://tests/unit/test_interrogation_manager.gd:605)
         [2] _run_test (res://addons/gut/gut.gd:605)
         [3] _test_the_scripts (res://addons/gut/gut.gd:818)
WARNING: [CaseManager] Validation: EvidenceData: discovery_method is required for evidence 'ev_fingerprint'
     at: push_warning (core/variant/variant_utility.cpp:1034)
     GDScript backtrace (most recent call first):
         [0] load_case (res://scripts/managers/case_manager.gd:114)
         [1] before_each (res://tests/unit/test_interrogation_manager.gd:605)
         [2] _run_test (res://addons/gut/gut.gd:605)
         [3] _test_the_scripts (res://addons/gut/gut.gd:818)
WARNING: [CaseManager] Validation: EvidenceData: discovery_method is required for evidence 'ev_elevator_log'
     at: push_warning (core/variant/variant_utility.cpp:1034)
     GDScript backtrace (most recent call first):
         [0] load_case (res://scripts/managers/case_manager.gd:114)
         [1] before_each (res://tests/unit/test_interrogation_manager.gd:605)
         [2] _run_test (res://addons/gut/gut.gd:605)
         [3] _test_the_scripts (res://addons/gut/gut.gd:818)
WARNING: [CaseManager] Validation: EvidenceData: discovery_method is required for evidence 'ev_journal'
     at: push_warning (core/variant/variant_utility.cpp:1034)
     GDScript backtrace (most recent call first):
         [0] load_case (res://scripts/managers/case_manager.gd:114)
         [1] before_each (res://tests/unit/test_interrogation_manager.gd:605)
         [2] _run_test (res://addons/gut/gut.gd:605)
         [3] _test_the_scripts (res://addons/gut/gut.gd:818)
WARNING: [CaseManager] Validation: EvidenceData: discovery_method is required for evidence 'ev_maintenance'
     at: push_warning (core/variant/variant_utility.cpp:1034)
     GDScript backtrace (most recent call first):
         [0] load_case (res://scripts/managers/case_manager.gd:114)
         [1] before_each (res://tests/unit/test_interrogation_manager.gd:605)
         [2] _run_test (res://addons/gut/gut.gd:605)
         [3] _test_the_scripts (res://addons/gut/gut.gd:818)
WARNING: [CaseManager] Validation: EvidenceData: discovery_method is required for evidence 'ev_key_access'
     at: push_warning (core/variant/variant_utility.cpp:1034)
     GDScript backtrace (most recent call first):
         [0] load_case (res://scripts/managers/case_manager.gd:114)
         [1] before_each (res://tests/unit/test_interrogation_manager.gd:605)
         [2] _run_test (res://addons/gut/gut.gd:605)
         [3] _test_the_scripts (res://addons/gut/gut.gd:818)
WARNING: [CaseManager] Validation: EvidenceData: discovery_method is required for evidence 'ev_unlocked_clue'
     at: push_warning (core/variant/variant_utility.cpp:1034)
     GDScript backtrace (most recent call first):
         [0] load_case (res://scripts/managers/case_manager.gd:114)
         [1] before_each (res://tests/unit/test_interrogation_manager.gd:605)
         [2] _run_test (res://addons/gut/gut.gd:605)
         [3] _test_the_scripts (res://addons/gut/gut.gd:818)
WARNING: [CaseManager] Validation: EvidenceData: discovery_method is required for evidence 'ev_no_trigger'
     at: push_warning (core/variant/variant_utility.cpp:1034)
     GDScript backtrace (most recent call first):
         [0] load_case (res://scripts/managers/case_manager.gd:114)
         [1] before_each (res://tests/unit/test_interrogation_manager.gd:605)
         [2] _run_test (res://addons/gut/gut.gd:605)
         [3] _test_the_scripts (res://addons/gut/gut.gd:818)
* test_deserialize_mid_session_restores_fired_evidence
WARNING: [CaseManager] Validation: EvidenceData: discovery_method is required for evidence 'ev_parking_camera'
     at: push_warning (core/variant/variant_utility.cpp:1034)
     GDScript backtrace (most recent call first):
         [0] load_case (res://scripts/managers/case_manager.gd:114)
         [1] before_each (res://tests/unit/test_interrogation_manager.gd:605)
         [2] _run_test (res://addons/gut/gut.gd:605)
         [3] _test_the_scripts (res://addons/gut/gut.gd:818)
WARNING: [CaseManager] Validation: EvidenceData: discovery_method is required for evidence 'ev_financial'
     at: push_warning (core/variant/variant_utility.cpp:1034)
     GDScript backtrace (most recent call first):
         [0] load_case (res://scripts/managers/case_manager.gd:114)
         [1] before_each (res://tests/unit/test_interrogation_manager.gd:605)
         [2] _run_test (res://addons/gut/gut.gd:605)
         [3] _test_the_scripts (res://addons/gut/gut.gd:818)
WARNING: [CaseManager] Validation: EvidenceData: discovery_method is required for evidence 'ev_safe'
     at: push_warning (core/variant/variant_utility.cpp:1034)
     GDScript backtrace (most recent call first):
         [0] load_case (res://scripts/managers/case_manager.gd:114)
         [1] before_each (res://tests/unit/test_interrogation_manager.gd:605)
         [2] _run_test (res://addons/gut/gut.gd:605)
         [3] _test_the_scripts (res://addons/gut/gut.gd:818)
WARNING: [CaseManager] Validation: EvidenceData: discovery_method is required for evidence 'ev_hallway_camera'
     at: push_warning (core/variant/variant_utility.cpp:1034)
     GDScript backtrace (most recent call first):
         [0] load_case (res://scripts/managers/case_manager.gd:114)
         [1] before_each (res://tests/unit/test_interrogation_manager.gd:605)
         [2] _run_test (res://addons/gut/gut.gd:605)
         [3] _test_the_scripts (res://addons/gut/gut.gd:818)
WARNING: [CaseManager] Validation: EvidenceData: discovery_method is required for evidence 'ev_shoe_print'
     at: push_warning (core/variant/variant_utility.cpp:1034)
     GDScript backtrace (most recent call first):
         [0] load_case (res://scripts/managers/case_manager.gd:114)
         [1] before_each (res://tests/unit/test_interrogation_manager.gd:605)
         [2] _run_test (res://addons/gut/gut.gd:605)
         [3] _test_the_scripts (res://addons/gut/gut.gd:818)
WARNING: [CaseManager] Validation: EvidenceData: discovery_method is required for evidence 'ev_fingerprint'
     at: push_warning (core/variant/variant_utility.cpp:1034)
     GDScript backtrace (most recent call first):
         [0] load_case (res://scripts/managers/case_manager.gd:114)
         [1] before_each (res://tests/unit/test_interrogation_manager.gd:605)
         [2] _run_test (res://addons/gut/gut.gd:605)
         [3] _test_the_scripts (res://addons/gut/gut.gd:818)
WARNING: [CaseManager] Validation: EvidenceData: discovery_method is required for evidence 'ev_elevator_log'
     at: push_warning (core/variant/variant_utility.cpp:1034)
     GDScript backtrace (most recent call first):
         [0] load_case (res://scripts/managers/case_manager.gd:114)
         [1] before_each (res://tests/unit/test_interrogation_manager.gd:605)
         [2] _run_test (res://addons/gut/gut.gd:605)
         [3] _test_the_scripts (res://addons/gut/gut.gd:818)
WARNING: [CaseManager] Validation: EvidenceData: discovery_method is required for evidence 'ev_journal'
     at: push_warning (core/variant/variant_utility.cpp:1034)
     GDScript backtrace (most recent call first):
         [0] load_case (res://scripts/managers/case_manager.gd:114)
         [1] before_each (res://tests/unit/test_interrogation_manager.gd:605)
         [2] _run_test (res://addons/gut/gut.gd:605)
         [3] _test_the_scripts (res://addons/gut/gut.gd:818)
WARNING: [CaseManager] Validation: EvidenceData: discovery_method is required for evidence 'ev_maintenance'
     at: push_warning (core/variant/variant_utility.cpp:1034)
     GDScript backtrace (most recent call first):
         [0] load_case (res://scripts/managers/case_manager.gd:114)
         [1] before_each (res://tests/unit/test_interrogation_manager.gd:605)
         [2] _run_test (res://addons/gut/gut.gd:605)
         [3] _test_the_scripts (res://addons/gut/gut.gd:818)
WARNING: [CaseManager] Validation: EvidenceData: discovery_method is required for evidence 'ev_key_access'
     at: push_warning (core/variant/variant_utility.cpp:1034)
     GDScript backtrace (most recent call first):
         [0] load_case (res://scripts/managers/case_manager.gd:114)
         [1] before_each (res://tests/unit/test_interrogation_manager.gd:605)
         [2] _run_test (res://addons/gut/gut.gd:605)
         [3] _test_the_scripts (res://addons/gut/gut.gd:818)
WARNING: [CaseManager] Validation: EvidenceData: discovery_method is required for evidence 'ev_unlocked_clue'
     at: push_warning (core/variant/variant_utility.cpp:1034)
     GDScript backtrace (most recent call first):
         [0] load_case (res://scripts/managers/case_manager.gd:114)
         [1] before_each (res://tests/unit/test_interrogation_manager.gd:605)
         [2] _run_test (res://addons/gut/gut.gd:605)
         [3] _test_the_scripts (res://addons/gut/gut.gd:818)
WARNING: [CaseManager] Validation: EvidenceData: discovery_method is required for evidence 'ev_no_trigger'
     at: push_warning (core/variant/variant_utility.cpp:1034)
     GDScript backtrace (most recent call first):
         [0] load_case (res://scripts/managers/case_manager.gd:114)
         [1] before_each (res://tests/unit/test_interrogation_manager.gd:605)
         [2] _run_test (res://addons/gut/gut.gd:605)
         [3] _test_the_scripts (res://addons/gut/gut.gd:818)
* test_deserialize_restores_contradictions
WARNING: [CaseManager] Validation: EvidenceData: discovery_method is required for evidence 'ev_parking_camera'
     at: push_warning (core/variant/variant_utility.cpp:1034)
     GDScript backtrace (most recent call first):
         [0] load_case (res://scripts/managers/case_manager.gd:114)
         [1] before_each (res://tests/unit/test_interrogation_manager.gd:605)
         [2] _run_test (res://addons/gut/gut.gd:605)
         [3] _test_the_scripts (res://addons/gut/gut.gd:818)
WARNING: [CaseManager] Validation: EvidenceData: discovery_method is required for evidence 'ev_financial'
     at: push_warning (core/variant/variant_utility.cpp:1034)
     GDScript backtrace (most recent call first):
         [0] load_case (res://scripts/managers/case_manager.gd:114)
         [1] before_each (res://tests/unit/test_interrogation_manager.gd:605)
         [2] _run_test (res://addons/gut/gut.gd:605)
         [3] _test_the_scripts (res://addons/gut/gut.gd:818)
WARNING: [CaseManager] Validation: EvidenceData: discovery_method is required for evidence 'ev_safe'
     at: push_warning (core/variant/variant_utility.cpp:1034)
     GDScript backtrace (most recent call first):
         [0] load_case (res://scripts/managers/case_manager.gd:114)
         [1] before_each (res://tests/unit/test_interrogation_manager.gd:605)
         [2] _run_test (res://addons/gut/gut.gd:605)
         [3] _test_the_scripts (res://addons/gut/gut.gd:818)
WARNING: [CaseManager] Validation: EvidenceData: discovery_method is required for evidence 'ev_hallway_camera'
     at: push_warning (core/variant/variant_utility.cpp:1034)
     GDScript backtrace (most recent call first):
         [0] load_case (res://scripts/managers/case_manager.gd:114)
         [1] before_each (res://tests/unit/test_interrogation_manager.gd:605)
         [2] _run_test (res://addons/gut/gut.gd:605)
         [3] _test_the_scripts (res://addons/gut/gut.gd:818)
WARNING: [CaseManager] Validation: EvidenceData: discovery_method is required for evidence 'ev_shoe_print'
     at: push_warning (core/variant/variant_utility.cpp:1034)
     GDScript backtrace (most recent call first):
         [0] load_case (res://scripts/managers/case_manager.gd:114)
         [1] before_each (res://tests/unit/test_interrogation_manager.gd:605)
         [2] _run_test (res://addons/gut/gut.gd:605)
         [3] _test_the_scripts (res://addons/gut/gut.gd:818)
WARNING: [CaseManager] Validation: EvidenceData: discovery_method is required for evidence 'ev_fingerprint'
     at: push_warning (core/variant/variant_utility.cpp:1034)
     GDScript backtrace (most recent call first):
         [0] load_case (res://scripts/managers/case_manager.gd:114)
         [1] before_each (res://tests/unit/test_interrogation_manager.gd:605)
         [2] _run_test (res://addons/gut/gut.gd:605)
         [3] _test_the_scripts (res://addons/gut/gut.gd:818)
WARNING: [CaseManager] Validation: EvidenceData: discovery_method is required for evidence 'ev_elevator_log'
     at: push_warning (core/variant/variant_utility.cpp:1034)
     GDScript backtrace (most recent call first):
         [0] load_case (res://scripts/managers/case_manager.gd:114)
         [1] before_each (res://tests/unit/test_interrogation_manager.gd:605)
         [2] _run_test (res://addons/gut/gut.gd:605)
         [3] _test_the_scripts (res://addons/gut/gut.gd:818)
WARNING: [CaseManager] Validation: EvidenceData: discovery_method is required for evidence 'ev_journal'
     at: push_warning (core/variant/variant_utility.cpp:1034)
     GDScript backtrace (most recent call first):
         [0] load_case (res://scripts/managers/case_manager.gd:114)
         [1] before_each (res://tests/unit/test_interrogation_manager.gd:605)
         [2] _run_test (res://addons/gut/gut.gd:605)
         [3] _test_the_scripts (res://addons/gut/gut.gd:818)
WARNING: [CaseManager] Validation: EvidenceData: discovery_method is required for evidence 'ev_maintenance'
     at: push_warning (core/variant/variant_utility.cpp:1034)
     GDScript backtrace (most recent call first):
         [0] load_case (res://scripts/managers/case_manager.gd:114)
         [1] before_each (res://tests/unit/test_interrogation_manager.gd:605)
         [2] _run_test (res://addons/gut/gut.gd:605)
         [3] _test_the_scripts (res://addons/gut/gut.gd:818)
WARNING: [CaseManager] Validation: EvidenceData: discovery_method is required for evidence 'ev_key_access'
     at: push_warning (core/variant/variant_utility.cpp:1034)
     GDScript backtrace (most recent call first):
         [0] load_case (res://scripts/managers/case_manager.gd:114)
         [1] before_each (res://tests/unit/test_interrogation_manager.gd:605)
         [2] _run_test (res://addons/gut/gut.gd:605)
         [3] _test_the_scripts (res://addons/gut/gut.gd:818)
WARNING: [CaseManager] Validation: EvidenceData: discovery_method is required for evidence 'ev_unlocked_clue'
     at: push_warning (core/variant/variant_utility.cpp:1034)
     GDScript backtrace (most recent call first):
         [0] load_case (res://scripts/managers/case_manager.gd:114)
         [1] before_each (res://tests/unit/test_interrogation_manager.gd:605)
         [2] _run_test (res://addons/gut/gut.gd:605)
         [3] _test_the_scripts (res://addons/gut/gut.gd:818)
WARNING: [CaseManager] Validation: EvidenceData: discovery_method is required for evidence 'ev_no_trigger'
     at: push_warning (core/variant/variant_utility.cpp:1034)
     GDScript backtrace (most recent call first):
         [0] load_case (res://scripts/managers/case_manager.gd:114)
         [1] before_each (res://tests/unit/test_interrogation_manager.gd:605)
         [2] _run_test (res://addons/gut/gut.gd:605)
         [3] _test_the_scripts (res://addons/gut/gut.gd:818)
* test_deserialize_restores_unlocked_topics
WARNING: [CaseManager] Validation: EvidenceData: discovery_method is required for evidence 'ev_parking_camera'
     at: push_warning (core/variant/variant_utility.cpp:1034)
     GDScript backtrace (most recent call first):
         [0] load_case (res://scripts/managers/case_manager.gd:114)
         [1] before_each (res://tests/unit/test_interrogation_manager.gd:605)
         [2] _run_test (res://addons/gut/gut.gd:605)
         [3] _test_the_scripts (res://addons/gut/gut.gd:818)
WARNING: [CaseManager] Validation: EvidenceData: discovery_method is required for evidence 'ev_financial'
     at: push_warning (core/variant/variant_utility.cpp:1034)
     GDScript backtrace (most recent call first):
         [0] load_case (res://scripts/managers/case_manager.gd:114)
         [1] before_each (res://tests/unit/test_interrogation_manager.gd:605)
         [2] _run_test (res://addons/gut/gut.gd:605)
         [3] _test_the_scripts (res://addons/gut/gut.gd:818)
WARNING: [CaseManager] Validation: EvidenceData: discovery_method is required for evidence 'ev_safe'
     at: push_warning (core/variant/variant_utility.cpp:1034)
     GDScript backtrace (most recent call first):
         [0] load_case (res://scripts/managers/case_manager.gd:114)
         [1] before_each (res://tests/unit/test_interrogation_manager.gd:605)
         [2] _run_test (res://addons/gut/gut.gd:605)
         [3] _test_the_scripts (res://addons/gut/gut.gd:818)
WARNING: [CaseManager] Validation: EvidenceData: discovery_method is required for evidence 'ev_hallway_camera'
     at: push_warning (core/variant/variant_utility.cpp:1034)
     GDScript backtrace (most recent call first):
         [0] load_case (res://scripts/managers/case_manager.gd:114)
         [1] before_each (res://tests/unit/test_interrogation_manager.gd:605)
         [2] _run_test (res://addons/gut/gut.gd:605)
         [3] _test_the_scripts (res://addons/gut/gut.gd:818)
WARNING: [CaseManager] Validation: EvidenceData: discovery_method is required for evidence 'ev_shoe_print'
     at: push_warning (core/variant/variant_utility.cpp:1034)
     GDScript backtrace (most recent call first):
         [0] load_case (res://scripts/managers/case_manager.gd:114)
         [1] before_each (res://tests/unit/test_interrogation_manager.gd:605)
         [2] _run_test (res://addons/gut/gut.gd:605)
         [3] _test_the_scripts (res://addons/gut/gut.gd:818)
WARNING: [CaseManager] Validation: EvidenceData: discovery_method is required for evidence 'ev_fingerprint'
     at: push_warning (core/variant/variant_utility.cpp:1034)
     GDScript backtrace (most recent call first):
         [0] load_case (res://scripts/managers/case_manager.gd:114)
         [1] before_each (res://tests/unit/test_interrogation_manager.gd:605)
         [2] _run_test (res://addons/gut/gut.gd:605)
         [3] _test_the_scripts (res://addons/gut/gut.gd:818)
WARNING: [CaseManager] Validation: EvidenceData: discovery_method is required for evidence 'ev_elevator_log'
     at: push_warning (core/variant/variant_utility.cpp:1034)
     GDScript backtrace (most recent call first):
         [0] load_case (res://scripts/managers/case_manager.gd:114)
         [1] before_each (res://tests/unit/test_interrogation_manager.gd:605)
         [2] _run_test (res://addons/gut/gut.gd:605)
         [3] _test_the_scripts (res://addons/gut/gut.gd:818)
WARNING: [CaseManager] Validation: EvidenceData: discovery_method is required for evidence 'ev_journal'
     at: push_warning (core/variant/variant_utility.cpp:1034)
     GDScript backtrace (most recent call first):
         [0] load_case (res://scripts/managers/case_manager.gd:114)
         [1] before_each (res://tests/unit/test_interrogation_manager.gd:605)
         [2] _run_test (res://addons/gut/gut.gd:605)
         [3] _test_the_scripts (res://addons/gut/gut.gd:818)
WARNING: [CaseManager] Validation: EvidenceData: discovery_method is required for evidence 'ev_maintenance'
     at: push_warning (core/variant/variant_utility.cpp:1034)
     GDScript backtrace (most recent call first):
         [0] load_case (res://scripts/managers/case_manager.gd:114)
         [1] before_each (res://tests/unit/test_interrogation_manager.gd:605)
         [2] _run_test (res://addons/gut/gut.gd:605)
         [3] _test_the_scripts (res://addons/gut/gut.gd:818)
WARNING: [CaseManager] Validation: EvidenceData: discovery_method is required for evidence 'ev_key_access'
     at: push_warning (core/variant/variant_utility.cpp:1034)
     GDScript backtrace (most recent call first):
         [0] load_case (res://scripts/managers/case_manager.gd:114)
         [1] before_each (res://tests/unit/test_interrogation_manager.gd:605)
         [2] _run_test (res://addons/gut/gut.gd:605)
         [3] _test_the_scripts (res://addons/gut/gut.gd:818)
WARNING: [CaseManager] Validation: EvidenceData: discovery_method is required for evidence 'ev_unlocked_clue'
     at: push_warning (core/variant/variant_utility.cpp:1034)
     GDScript backtrace (most recent call first):
         [0] load_case (res://scripts/managers/case_manager.gd:114)
         [1] before_each (res://tests/unit/test_interrogation_manager.gd:605)
         [2] _run_test (res://addons/gut/gut.gd:605)
         [3] _test_the_scripts (res://addons/gut/gut.gd:818)
WARNING: [CaseManager] Validation: EvidenceData: discovery_method is required for evidence 'ev_no_trigger'
     at: push_warning (core/variant/variant_utility.cpp:1034)
     GDScript backtrace (most recent call first):
         [0] load_case (res://scripts/managers/case_manager.gd:114)
         [1] before_each (res://tests/unit/test_interrogation_manager.gd:605)
         [2] _run_test (res://addons/gut/gut.gd:605)
         [3] _test_the_scripts (res://addons/gut/gut.gd:818)
[1m83/83 passed.
[0m[4m

res://tests/unit/test_lab_manager.gd
[0m* test_submit_request_returns_data
* test_submit_emits_signal
* test_submit_increments_pending_count
* test_submit_sets_completion_day
* test_submit_default_processing_days
* test_submit_rejects_undiscovered_evidence
ERROR: [LabManager] Evidence not discovered: ev_knife
   at: push_error (core/variant/variant_utility.cpp:1024)
   GDScript backtrace (most recent call first):
       [0] _submit_request_internal (res://scripts/managers/lab_manager.gd:119)
       [1] submit_request (res://scripts/managers/lab_manager.gd:94)
       [2] test_submit_rejects_undiscovered_evidence (res://tests/unit/test_lab_manager.gd:240)
       [3] _run_test (res://addons/gut/gut.gd:615)
       [4] _test_the_scripts (res://addons/gut/gut.gd:818)
[34m[ExpectedError][0mExpected push_error error containing '[LabManager] Evidence not discovered: ev_knife'.  
* test_submit_rejects_already_submitted
WARNING: [LabManager] Evidence already submitted for analysis: ev_knife
     at: push_warning (core/variant/variant_utility.cpp:1034)
     GDScript backtrace (most recent call first):
         [0] _submit_request_internal (res://scripts/managers/lab_manager.gd:124)
         [1] submit_request (res://scripts/managers/lab_manager.gd:94)
         [2] test_submit_rejects_already_submitted (res://tests/unit/test_lab_manager.gd:249)
         [3] _run_test (res://addons/gut/gut.gd:615)
         [4] _test_the_scripts (res://addons/gut/gut.gd:818)
[34m[ExpectedError][0mExpected push_warning error containing '[LabManager] Evidence already submitted for analysis: ev_knife'.  
* test_submit_respects_concurrent_limit
WARNING: [LabManager] Maximum concurrent requests reached (3).
     at: push_warning (core/variant/variant_utility.cpp:1034)
     GDScript backtrace (most recent call first):
         [0] _submit_request_internal (res://scripts/managers/lab_manager.gd:129)
         [1] submit_request (res://scripts/managers/lab_manager.gd:94)
         [2] test_submit_respects_concurrent_limit (res://tests/unit/test_lab_manager.gd:263)
         [3] _run_test (res://addons/gut/gut.gd:615)
         [4] _test_the_scripts (res://addons/gut/gut.gd:818)
[34m[ExpectedError][0mExpected push_warning error containing '[LabManager] Maximum concurrent requests reached'.  
* test_submit_adds_to_game_manager_active
* test_submit_invalid_processing_days_uses_default
* test_submit_generates_unique_ids
* test_submit_template_request_uses_case_defined_mapping
* test_submit_to_lab_rejects_input_with_multiple_templates
WARNING: [LabManager] Multiple lab templates require explicit selection for evidence: ev_knife
     at: push_warning (core/variant/variant_utility.cpp:1034)
     GDScript backtrace (most recent call first):
         [0] submit_to_lab (res://scripts/managers/lab_manager.gd:58)
         [1] test_submit_to_lab_rejects_input_with_multiple_templates (res://tests/unit/test_lab_manager.gd:302)
         [2] _run_test (res://addons/gut/gut.gd:615)
         [3] _test_the_scripts (res://addons/gut/gut.gd:818)
* test_submit_to_lab_supports_single_template_input
* test_cancel_request_success
* test_cancel_emits_signal
* test_cancel_removes_from_game_manager
* test_cancel_nonexistent_returns_false
WARNING: [LabManager] Request not found: nonexistent
     at: push_warning (core/variant/variant_utility.cpp:1034)
     GDScript backtrace (most recent call first):
         [0] cancel_request (res://scripts/managers/lab_manager.gd:168)
         [1] test_cancel_nonexistent_returns_false (res://tests/unit/test_lab_manager.gd:340)
         [2] _run_test (res://addons/gut/gut.gd:615)
         [3] _test_the_scripts (res://addons/gut/gut.gd:818)
[34m[ExpectedError][0mExpected push_warning error containing '[LabManager] Request not found: nonexistent'.  
* test_cancel_already_cancelled_returns_false
WARNING: [LabManager] Cannot cancel non-pending request: lab_1
     at: push_warning (core/variant/variant_utility.cpp:1034)
     GDScript backtrace (most recent call first):
         [0] cancel_request (res://scripts/managers/lab_manager.gd:173)
         [1] test_cancel_already_cancelled_returns_false (res://tests/unit/test_lab_manager.gd:348)
         [2] _run_test (res://addons/gut/gut.gd:615)
         [3] _test_the_scripts (res://addons/gut/gut.gd:818)
[34m[ExpectedError][0mExpected push_warning error containing '[LabManager] Cannot cancel non-pending request'.  
* test_cancelled_evidence_can_be_resubmitted
* test_get_request_returns_data
* test_get_request_nonexistent_returns_empty
* test_get_pending_requests
* test_get_completed_requests_initially_empty
* test_is_evidence_submitted
* test_get_estimated_completion
* test_get_estimated_completion_nonexistent
* test_has_content_false_when_empty
* test_has_content_true_after_submit
* test_get_request_count
* test_complete_all_instantly
* test_complete_all_instantly_discovers_output_evidence
* test_complete_all_emits_lab_completed
* test_complete_all_skips_non_pending
* test_serialize_deserialize_round_trip
* test_serialize_preserves_state
* test_reset_clears_all_state
[1m37/37 passed.
[0m[4m

res://tests/unit/test_location_investigation_manager.gd
[0m* test_first_visit_is_free
WARNING: [CaseManager] Validation: EvidenceData: discovery_method is required for evidence 'ev_note'
     at: push_warning (core/variant/variant_utility.cpp:1034)
     GDScript backtrace (most recent call first):
         [0] load_case (res://scripts/managers/case_manager.gd:114)
         [1] before_each (res://tests/unit/test_location_investigation_manager.gd:163)
         [2] _run_test (res://addons/gut/gut.gd:605)
         [3] _test_the_scripts (res://addons/gut/gut.gd:818)
WARNING: [CaseManager] Validation: EvidenceData: discovery_method is required for evidence 'ev_camera'
     at: push_warning (core/variant/variant_utility.cpp:1034)
     GDScript backtrace (most recent call first):
         [0] load_case (res://scripts/managers/case_manager.gd:114)
         [1] before_each (res://tests/unit/test_location_investigation_manager.gd:163)
         [2] _run_test (res://addons/gut/gut.gd:605)
         [3] _test_the_scripts (res://addons/gut/gut.gd:818)
* test_first_visit_with_no_actions_still_succeeds
WARNING: [CaseManager] Validation: EvidenceData: discovery_method is required for evidence 'ev_note'
     at: push_warning (core/variant/variant_utility.cpp:1034)
     GDScript backtrace (most recent call first):
         [0] load_case (res://scripts/managers/case_manager.gd:114)
         [1] before_each (res://tests/unit/test_location_investigation_manager.gd:163)
         [2] _run_test (res://addons/gut/gut.gd:605)
         [3] _test_the_scripts (res://addons/gut/gut.gd:818)
WARNING: [CaseManager] Validation: EvidenceData: discovery_method is required for evidence 'ev_camera'
     at: push_warning (core/variant/variant_utility.cpp:1034)
     GDScript backtrace (most recent call first):
         [0] load_case (res://scripts/managers/case_manager.gd:114)
         [1] before_each (res://tests/unit/test_location_investigation_manager.gd:163)
         [2] _run_test (res://addons/gut/gut.gd:605)
         [3] _test_the_scripts (res://addons/gut/gut.gd:818)
* test_new_location_visit_with_no_actions_still_succeeds
WARNING: [CaseManager] Validation: EvidenceData: discovery_method is required for evidence 'ev_note'
     at: push_warning (core/variant/variant_utility.cpp:1034)
     GDScript backtrace (most recent call first):
         [0] load_case (res://scripts/managers/case_manager.gd:114)
         [1] before_each (res://tests/unit/test_location_investigation_manager.gd:163)
         [2] _run_test (res://addons/gut/gut.gd:605)
         [3] _test_the_scripts (res://addons/gut/gut.gd:818)
WARNING: [CaseManager] Validation: EvidenceData: discovery_method is required for evidence 'ev_camera'
     at: push_warning (core/variant/variant_utility.cpp:1034)
     GDScript backtrace (most recent call first):
         [0] load_case (res://scripts/managers/case_manager.gd:114)
         [1] before_each (res://tests/unit/test_location_investigation_manager.gd:163)
         [2] _run_test (res://addons/gut/gut.gd:605)
         [3] _test_the_scripts (res://addons/gut/gut.gd:818)
* test_return_visit_is_free
WARNING: [CaseManager] Validation: EvidenceData: discovery_method is required for evidence 'ev_note'
     at: push_warning (core/variant/variant_utility.cpp:1034)
     GDScript backtrace (most recent call first):
         [0] load_case (res://scripts/managers/case_manager.gd:114)
         [1] before_each (res://tests/unit/test_location_investigation_manager.gd:163)
         [2] _run_test (res://addons/gut/gut.gd:605)
         [3] _test_the_scripts (res://addons/gut/gut.gd:818)
WARNING: [CaseManager] Validation: EvidenceData: discovery_method is required for evidence 'ev_camera'
     at: push_warning (core/variant/variant_utility.cpp:1034)
     GDScript backtrace (most recent call first):
         [0] load_case (res://scripts/managers/case_manager.gd:114)
         [1] before_each (res://tests/unit/test_location_investigation_manager.gd:163)
         [2] _run_test (res://addons/gut/gut.gd:605)
         [3] _test_the_scripts (res://addons/gut/gut.gd:818)
* test_return_visit_with_no_actions_still_succeeds
WARNING: [CaseManager] Validation: EvidenceData: discovery_method is required for evidence 'ev_note'
     at: push_warning (core/variant/variant_utility.cpp:1034)
     GDScript backtrace (most recent call first):
         [0] load_case (res://scripts/managers/case_manager.gd:114)
         [1] before_each (res://tests/unit/test_location_investigation_manager.gd:163)
         [2] _run_test (res://addons/gut/gut.gd:605)
         [3] _test_the_scripts (res://addons/gut/gut.gd:818)
WARNING: [CaseManager] Validation: EvidenceData: discovery_method is required for evidence 'ev_camera'
     at: push_warning (core/variant/variant_utility.cpp:1034)
     GDScript backtrace (most recent call first):
         [0] load_case (res://scripts/managers/case_manager.gd:114)
         [1] before_each (res://tests/unit/test_location_investigation_manager.gd:163)
         [2] _run_test (res://addons/gut/gut.gd:605)
         [3] _test_the_scripts (res://addons/gut/gut.gd:818)
* test_invalid_location_fails
WARNING: [CaseManager] Validation: EvidenceData: discovery_method is required for evidence 'ev_note'
     at: push_warning (core/variant/variant_utility.cpp:1034)
     GDScript backtrace (most recent call first):
         [0] load_case (res://scripts/managers/case_manager.gd:114)
         [1] before_each (res://tests/unit/test_location_investigation_manager.gd:163)
         [2] _run_test (res://addons/gut/gut.gd:605)
         [3] _test_the_scripts (res://addons/gut/gut.gd:818)
WARNING: [CaseManager] Validation: EvidenceData: discovery_method is required for evidence 'ev_camera'
     at: push_warning (core/variant/variant_utility.cpp:1034)
     GDScript backtrace (most recent call first):
         [0] load_case (res://scripts/managers/case_manager.gd:114)
         [1] before_each (res://tests/unit/test_location_investigation_manager.gd:163)
         [2] _run_test (res://addons/gut/gut.gd:605)
         [3] _test_the_scripts (res://addons/gut/gut.gd:818)
ERROR: [LocationInvestigationManager] Unknown location: loc_nonexistent
   at: push_error (core/variant/variant_utility.cpp:1024)
   GDScript backtrace (most recent call first):
       [0] start_investigation (res://scripts/managers/location_investigation_manager.gd:87)
       [1] test_invalid_location_fails (res://tests/unit/test_location_investigation_manager.gd:222)
       [2] _run_test (res://addons/gut/gut.gd:615)
       [3] _test_the_scripts (res://addons/gut/gut.gd:818)
[34m[ExpectedError][0mExpected push_error error containing 'Unknown location: loc_nonexistent'.  
* test_start_investigation_returns_free_entry_context
WARNING: [CaseManager] Validation: EvidenceData: discovery_method is required for evidence 'ev_note'
     at: push_warning (core/variant/variant_utility.cpp:1034)
     GDScript backtrace (most recent call first):
         [0] load_case (res://scripts/managers/case_manager.gd:114)
         [1] before_each (res://tests/unit/test_location_investigation_manager.gd:163)
         [2] _run_test (res://addons/gut/gut.gd:605)
         [3] _test_the_scripts (res://addons/gut/gut.gd:818)
WARNING: [CaseManager] Validation: EvidenceData: discovery_method is required for evidence 'ev_camera'
     at: push_warning (core/variant/variant_utility.cpp:1034)
     GDScript backtrace (most recent call first):
         [0] load_case (res://scripts/managers/case_manager.gd:114)
         [1] before_each (res://tests/unit/test_location_investigation_manager.gd:163)
         [2] _run_test (res://addons/gut/gut.gd:605)
         [3] _test_the_scripts (res://addons/gut/gut.gd:818)
* test_start_investigation_invalid_location_has_structured_error
WARNING: [CaseManager] Validation: EvidenceData: discovery_method is required for evidence 'ev_note'
     at: push_warning (core/variant/variant_utility.cpp:1034)
     GDScript backtrace (most recent call first):
         [0] load_case (res://scripts/managers/case_manager.gd:114)
         [1] before_each (res://tests/unit/test_location_investigation_manager.gd:163)
         [2] _run_test (res://addons/gut/gut.gd:605)
         [3] _test_the_scripts (res://addons/gut/gut.gd:818)
WARNING: [CaseManager] Validation: EvidenceData: discovery_method is required for evidence 'ev_camera'
     at: push_warning (core/variant/variant_utility.cpp:1034)
     GDScript backtrace (most recent call first):
         [0] load_case (res://scripts/managers/case_manager.gd:114)
         [1] before_each (res://tests/unit/test_location_investigation_manager.gd:163)
         [2] _run_test (res://addons/gut/gut.gd:605)
         [3] _test_the_scripts (res://addons/gut/gut.gd:818)
ERROR: [LocationInvestigationManager] Unknown location: loc_nonexistent
   at: push_error (core/variant/variant_utility.cpp:1024)
   GDScript backtrace (most recent call first):
       [0] start_investigation (res://scripts/managers/location_investigation_manager.gd:87)
       [1] test_start_investigation_invalid_location_has_structured_error (res://tests/unit/test_location_investigation_manager.gd:243)
       [2] _run_test (res://addons/gut/gut.gd:615)
       [3] _test_the_scripts (res://addons/gut/gut.gd:818)
[34m[ExpectedError][0mExpected push_error error containing 'Unknown location: loc_nonexistent'.  
* test_investigation_started_signal
WARNING: [CaseManager] Validation: EvidenceData: discovery_method is required for evidence 'ev_note'
     at: push_warning (core/variant/variant_utility.cpp:1034)
     GDScript backtrace (most recent call first):
         [0] load_case (res://scripts/managers/case_manager.gd:114)
         [1] before_each (res://tests/unit/test_location_investigation_manager.gd:163)
         [2] _run_test (res://addons/gut/gut.gd:605)
         [3] _test_the_scripts (res://addons/gut/gut.gd:818)
WARNING: [CaseManager] Validation: EvidenceData: discovery_method is required for evidence 'ev_camera'
     at: push_warning (core/variant/variant_utility.cpp:1034)
     GDScript backtrace (most recent call first):
         [0] load_case (res://scripts/managers/case_manager.gd:114)
         [1] before_each (res://tests/unit/test_location_investigation_manager.gd:163)
         [2] _run_test (res://addons/gut/gut.gd:605)
         [3] _test_the_scripts (res://addons/gut/gut.gd:818)
* test_return_visit_signal_shows_not_first
WARNING: [CaseManager] Validation: EvidenceData: discovery_method is required for evidence 'ev_note'
     at: push_warning (core/variant/variant_utility.cpp:1034)
     GDScript backtrace (most recent call first):
         [0] load_case (res://scripts/managers/case_manager.gd:114)
         [1] before_each (res://tests/unit/test_location_investigation_manager.gd:163)
         [2] _run_test (res://addons/gut/gut.gd:605)
         [3] _test_the_scripts (res://addons/gut/gut.gd:818)
WARNING: [CaseManager] Validation: EvidenceData: discovery_method is required for evidence 'ev_camera'
     at: push_warning (core/variant/variant_utility.cpp:1034)
     GDScript backtrace (most recent call first):
         [0] load_case (res://scripts/managers/case_manager.gd:114)
         [1] before_each (res://tests/unit/test_location_investigation_manager.gd:163)
         [2] _run_test (res://addons/gut/gut.gd:605)
         [3] _test_the_scripts (res://addons/gut/gut.gd:818)
* test_leave_location
WARNING: [CaseManager] Validation: EvidenceData: discovery_method is required for evidence 'ev_note'
     at: push_warning (core/variant/variant_utility.cpp:1034)
     GDScript backtrace (most recent call first):
         [0] load_case (res://scripts/managers/case_manager.gd:114)
         [1] before_each (res://tests/unit/test_location_investigation_manager.gd:163)
         [2] _run_test (res://addons/gut/gut.gd:605)
         [3] _test_the_scripts (res://addons/gut/gut.gd:818)
WARNING: [CaseManager] Validation: EvidenceData: discovery_method is required for evidence 'ev_camera'
     at: push_warning (core/variant/variant_utility.cpp:1034)
     GDScript backtrace (most recent call first):
         [0] load_case (res://scripts/managers/case_manager.gd:114)
         [1] before_each (res://tests/unit/test_location_investigation_manager.gd:163)
         [2] _run_test (res://addons/gut/gut.gd:605)
         [3] _test_the_scripts (res://addons/gut/gut.gd:818)
* test_initial_state_not_inspected
WARNING: [CaseManager] Validation: EvidenceData: discovery_method is required for evidence 'ev_note'
     at: push_warning (core/variant/variant_utility.cpp:1034)
     GDScript backtrace (most recent call first):
         [0] load_case (res://scripts/managers/case_manager.gd:114)
         [1] before_each (res://tests/unit/test_location_investigation_manager.gd:163)
         [2] _run_test (res://addons/gut/gut.gd:605)
         [3] _test_the_scripts (res://addons/gut/gut.gd:818)
WARNING: [CaseManager] Validation: EvidenceData: discovery_method is required for evidence 'ev_camera'
     at: push_warning (core/variant/variant_utility.cpp:1034)
     GDScript backtrace (most recent call first):
         [0] load_case (res://scripts/managers/case_manager.gd:114)
         [1] before_each (res://tests/unit/test_location_investigation_manager.gd:163)
         [2] _run_test (res://addons/gut/gut.gd:605)
         [3] _test_the_scripts (res://addons/gut/gut.gd:818)
* test_visual_inspection_changes_state_to_fully_examined
WARNING: [CaseManager] Validation: EvidenceData: discovery_method is required for evidence 'ev_note'
     at: push_warning (core/variant/variant_utility.cpp:1034)
     GDScript backtrace (most recent call first):
         [0] load_case (res://scripts/managers/case_manager.gd:114)
         [1] before_each (res://tests/unit/test_location_investigation_manager.gd:163)
         [2] _run_test (res://addons/gut/gut.gd:605)
         [3] _test_the_scripts (res://addons/gut/gut.gd:818)
WARNING: [CaseManager] Validation: EvidenceData: discovery_method is required for evidence 'ev_camera'
     at: push_warning (core/variant/variant_utility.cpp:1034)
     GDScript backtrace (most recent call first):
         [0] load_case (res://scripts/managers/case_manager.gd:114)
         [1] before_each (res://tests/unit/test_location_investigation_manager.gd:163)
         [2] _run_test (res://addons/gut/gut.gd:605)
         [3] _test_the_scripts (res://addons/gut/gut.gd:818)
* test_full_examination_after_all_actions
WARNING: [CaseManager] Validation: EvidenceData: discovery_method is required for evidence 'ev_note'
     at: push_warning (core/variant/variant_utility.cpp:1034)
     GDScript backtrace (most recent call first):
         [0] load_case (res://scripts/managers/case_manager.gd:114)
         [1] before_each (res://tests/unit/test_location_investigation_manager.gd:163)
         [2] _run_test (res://addons/gut/gut.gd:605)
         [3] _test_the_scripts (res://addons/gut/gut.gd:818)
WARNING: [CaseManager] Validation: EvidenceData: discovery_method is required for evidence 'ev_camera'
     at: push_warning (core/variant/variant_utility.cpp:1034)
     GDScript backtrace (most recent call first):
         [0] load_case (res://scripts/managers/case_manager.gd:114)
         [1] before_each (res://tests/unit/test_location_investigation_manager.gd:163)
         [2] _run_test (res://addons/gut/gut.gd:605)
         [3] _test_the_scripts (res://addons/gut/gut.gd:818)
* test_state_change_signal
WARNING: [CaseManager] Validation: EvidenceData: discovery_method is required for evidence 'ev_note'
     at: push_warning (core/variant/variant_utility.cpp:1034)
     GDScript backtrace (most recent call first):
         [0] load_case (res://scripts/managers/case_manager.gd:114)
         [1] before_each (res://tests/unit/test_location_investigation_manager.gd:163)
         [2] _run_test (res://addons/gut/gut.gd:605)
         [3] _test_the_scripts (res://addons/gut/gut.gd:818)
WARNING: [CaseManager] Validation: EvidenceData: discovery_method is required for evidence 'ev_camera'
     at: push_warning (core/variant/variant_utility.cpp:1034)
     GDScript backtrace (most recent call first):
         [0] load_case (res://scripts/managers/case_manager.gd:114)
         [1] before_each (res://tests/unit/test_location_investigation_manager.gd:163)
         [2] _run_test (res://addons/gut/gut.gd:605)
         [3] _test_the_scripts (res://addons/gut/gut.gd:818)
* test_inspect_object_discovers_evidence_no_tools
WARNING: [CaseManager] Validation: EvidenceData: discovery_method is required for evidence 'ev_note'
     at: push_warning (core/variant/variant_utility.cpp:1034)
     GDScript backtrace (most recent call first):
         [0] load_case (res://scripts/managers/case_manager.gd:114)
         [1] before_each (res://tests/unit/test_location_investigation_manager.gd:163)
         [2] _run_test (res://addons/gut/gut.gd:605)
         [3] _test_the_scripts (res://addons/gut/gut.gd:818)
WARNING: [CaseManager] Validation: EvidenceData: discovery_method is required for evidence 'ev_camera'
     at: push_warning (core/variant/variant_utility.cpp:1034)
     GDScript backtrace (most recent call first):
         [0] load_case (res://scripts/managers/case_manager.gd:114)
         [1] before_each (res://tests/unit/test_location_investigation_manager.gd:163)
         [2] _run_test (res://addons/gut/gut.gd:605)
         [3] _test_the_scripts (res://addons/gut/gut.gd:818)
* test_inspect_object_with_tool_requirements_still_discovers_visual_evidence
WARNING: [CaseManager] Validation: EvidenceData: discovery_method is required for evidence 'ev_note'
     at: push_warning (core/variant/variant_utility.cpp:1034)
     GDScript backtrace (most recent call first):
         [0] load_case (res://scripts/managers/case_manager.gd:114)
         [1] before_each (res://tests/unit/test_location_investigation_manager.gd:163)
         [2] _run_test (res://addons/gut/gut.gd:605)
         [3] _test_the_scripts (res://addons/gut/gut.gd:818)
WARNING: [CaseManager] Validation: EvidenceData: discovery_method is required for evidence 'ev_camera'
     at: push_warning (core/variant/variant_utility.cpp:1034)
     GDScript backtrace (most recent call first):
         [0] load_case (res://scripts/managers/case_manager.gd:114)
         [1] before_each (res://tests/unit/test_location_investigation_manager.gd:163)
         [2] _run_test (res://addons/gut/gut.gd:605)
         [3] _test_the_scripts (res://addons/gut/gut.gd:818)
* test_inspect_twice_returns_empty
WARNING: [CaseManager] Validation: EvidenceData: discovery_method is required for evidence 'ev_note'
     at: push_warning (core/variant/variant_utility.cpp:1034)
     GDScript backtrace (most recent call first):
         [0] load_case (res://scripts/managers/case_manager.gd:114)
         [1] before_each (res://tests/unit/test_location_investigation_manager.gd:163)
         [2] _run_test (res://addons/gut/gut.gd:605)
         [3] _test_the_scripts (res://addons/gut/gut.gd:818)
WARNING: [CaseManager] Validation: EvidenceData: discovery_method is required for evidence 'ev_camera'
     at: push_warning (core/variant/variant_utility.cpp:1034)
     GDScript backtrace (most recent call first):
         [0] load_case (res://scripts/managers/case_manager.gd:114)
         [1] before_each (res://tests/unit/test_location_investigation_manager.gd:163)
         [2] _run_test (res://addons/gut/gut.gd:605)
         [3] _test_the_scripts (res://addons/gut/gut.gd:818)
* test_inspect_without_actions_returns_empty
WARNING: [CaseManager] Validation: EvidenceData: discovery_method is required for evidence 'ev_note'
     at: push_warning (core/variant/variant_utility.cpp:1034)
     GDScript backtrace (most recent call first):
         [0] load_case (res://scripts/managers/case_manager.gd:114)
         [1] before_each (res://tests/unit/test_location_investigation_manager.gd:163)
         [2] _run_test (res://addons/gut/gut.gd:605)
         [3] _test_the_scripts (res://addons/gut/gut.gd:818)
WARNING: [CaseManager] Validation: EvidenceData: discovery_method is required for evidence 'ev_camera'
     at: push_warning (core/variant/variant_utility.cpp:1034)
     GDScript backtrace (most recent call first):
         [0] load_case (res://scripts/managers/case_manager.gd:114)
         [1] before_each (res://tests/unit/test_location_investigation_manager.gd:163)
         [2] _run_test (res://addons/gut/gut.gd:605)
         [3] _test_the_scripts (res://addons/gut/gut.gd:818)
WARNING: [LocationInvestigationManager] No actions remaining for inspection.
     at: push_warning (core/variant/variant_utility.cpp:1034)
     GDScript backtrace (most recent call first):
         [0] _consume_investigation_action (res://scripts/managers/location_investigation_manager.gd:507)
         [1] inspect_object (res://scripts/managers/location_investigation_manager.gd:146)
         [2] test_inspect_without_actions_returns_empty (res://tests/unit/test_location_investigation_manager.gd:351)
         [3] _run_test (res://addons/gut/gut.gd:615)
         [4] _test_the_scripts (res://addons/gut/gut.gd:818)
[34m[ExpectedError][0mExpected push_warning error containing '[LocationInvestigationManager] No actions remaining for inspection.'.  
* test_inspect_emits_evidence_found
WARNING: [CaseManager] Validation: EvidenceData: discovery_method is required for evidence 'ev_note'
     at: push_warning (core/variant/variant_utility.cpp:1034)
     GDScript backtrace (most recent call first):
         [0] load_case (res://scripts/managers/case_manager.gd:114)
         [1] before_each (res://tests/unit/test_location_investigation_manager.gd:163)
         [2] _run_test (res://addons/gut/gut.gd:605)
         [3] _test_the_scripts (res://addons/gut/gut.gd:818)
WARNING: [CaseManager] Validation: EvidenceData: discovery_method is required for evidence 'ev_camera'
     at: push_warning (core/variant/variant_utility.cpp:1034)
     GDScript backtrace (most recent call first):
         [0] load_case (res://scripts/managers/case_manager.gd:114)
         [1] before_each (res://tests/unit/test_location_investigation_manager.gd:163)
         [2] _run_test (res://addons/gut/gut.gd:605)
         [3] _test_the_scripts (res://addons/gut/gut.gd:818)
* test_inspect_invalid_object_returns_empty
WARNING: [CaseManager] Validation: EvidenceData: discovery_method is required for evidence 'ev_note'
     at: push_warning (core/variant/variant_utility.cpp:1034)
     GDScript backtrace (most recent call first):
         [0] load_case (res://scripts/managers/case_manager.gd:114)
         [1] before_each (res://tests/unit/test_location_investigation_manager.gd:163)
         [2] _run_test (res://addons/gut/gut.gd:605)
         [3] _test_the_scripts (res://addons/gut/gut.gd:818)
WARNING: [CaseManager] Validation: EvidenceData: discovery_method is required for evidence 'ev_camera'
     at: push_warning (core/variant/variant_utility.cpp:1034)
     GDScript backtrace (most recent call first):
         [0] load_case (res://scripts/managers/case_manager.gd:114)
         [1] before_each (res://tests/unit/test_location_investigation_manager.gd:163)
         [2] _run_test (res://addons/gut/gut.gd:605)
         [3] _test_the_scripts (res://addons/gut/gut.gd:818)
ERROR: [LocationInvestigationManager] Unknown object 'obj_nonexistent' at location 'loc_apt'
   at: push_error (core/variant/variant_utility.cpp:1024)
   GDScript backtrace (most recent call first):
       [0] _get_object (res://scripts/managers/location_investigation_manager.gd:449)
       [1] inspect_object (res://scripts/managers/location_investigation_manager.gd:128)
       [2] test_inspect_invalid_object_returns_empty (res://tests/unit/test_location_investigation_manager.gd:368)
       [3] _run_test (res://addons/gut/gut.gd:615)
       [4] _test_the_scripts (res://addons/gut/gut.gd:818)
[34m[ExpectedError][0mExpected push_error error containing 'Unknown object'.  
* test_performed_actions_tracked
WARNING: [CaseManager] Validation: EvidenceData: discovery_method is required for evidence 'ev_note'
     at: push_warning (core/variant/variant_utility.cpp:1034)
     GDScript backtrace (most recent call first):
         [0] load_case (res://scripts/managers/case_manager.gd:114)
         [1] before_each (res://tests/unit/test_location_investigation_manager.gd:163)
         [2] _run_test (res://addons/gut/gut.gd:605)
         [3] _test_the_scripts (res://addons/gut/gut.gd:818)
WARNING: [CaseManager] Validation: EvidenceData: discovery_method is required for evidence 'ev_camera'
     at: push_warning (core/variant/variant_utility.cpp:1034)
     GDScript backtrace (most recent call first):
         [0] load_case (res://scripts/managers/case_manager.gd:114)
         [1] before_each (res://tests/unit/test_location_investigation_manager.gd:163)
         [2] _run_test (res://addons/gut/gut.gd:605)
         [3] _test_the_scripts (res://addons/gut/gut.gd:818)
* test_completion_initially_zero
WARNING: [CaseManager] Validation: EvidenceData: discovery_method is required for evidence 'ev_note'
     at: push_warning (core/variant/variant_utility.cpp:1034)
     GDScript backtrace (most recent call first):
         [0] load_case (res://scripts/managers/case_manager.gd:114)
         [1] before_each (res://tests/unit/test_location_investigation_manager.gd:163)
         [2] _run_test (res://addons/gut/gut.gd:605)
         [3] _test_the_scripts (res://addons/gut/gut.gd:818)
WARNING: [CaseManager] Validation: EvidenceData: discovery_method is required for evidence 'ev_camera'
     at: push_warning (core/variant/variant_utility.cpp:1034)
     GDScript backtrace (most recent call first):
         [0] load_case (res://scripts/managers/case_manager.gd:114)
         [1] before_each (res://tests/unit/test_location_investigation_manager.gd:163)
         [2] _run_test (res://addons/gut/gut.gd:605)
         [3] _test_the_scripts (res://addons/gut/gut.gd:818)
* test_completion_increases_with_discovery
WARNING: [CaseManager] Validation: EvidenceData: discovery_method is required for evidence 'ev_note'
     at: push_warning (core/variant/variant_utility.cpp:1034)
     GDScript backtrace (most recent call first):
         [0] load_case (res://scripts/managers/case_manager.gd:114)
         [1] before_each (res://tests/unit/test_location_investigation_manager.gd:163)
         [2] _run_test (res://addons/gut/gut.gd:605)
         [3] _test_the_scripts (res://addons/gut/gut.gd:818)
WARNING: [CaseManager] Validation: EvidenceData: discovery_method is required for evidence 'ev_camera'
     at: push_warning (core/variant/variant_utility.cpp:1034)
     GDScript backtrace (most recent call first):
         [0] load_case (res://scripts/managers/case_manager.gd:114)
         [1] before_each (res://tests/unit/test_location_investigation_manager.gd:163)
         [2] _run_test (res://addons/gut/gut.gd:605)
         [3] _test_the_scripts (res://addons/gut/gut.gd:818)
* test_is_location_complete_false_when_partial
WARNING: [CaseManager] Validation: EvidenceData: discovery_method is required for evidence 'ev_note'
     at: push_warning (core/variant/variant_utility.cpp:1034)
     GDScript backtrace (most recent call first):
         [0] load_case (res://scripts/managers/case_manager.gd:114)
         [1] before_each (res://tests/unit/test_location_investigation_manager.gd:163)
         [2] _run_test (res://addons/gut/gut.gd:605)
         [3] _test_the_scripts (res://addons/gut/gut.gd:818)
WARNING: [CaseManager] Validation: EvidenceData: discovery_method is required for evidence 'ev_camera'
     at: push_warning (core/variant/variant_utility.cpp:1034)
     GDScript backtrace (most recent call first):
         [0] load_case (res://scripts/managers/case_manager.gd:114)
         [1] before_each (res://tests/unit/test_location_investigation_manager.gd:163)
         [2] _run_test (res://addons/gut/gut.gd:605)
         [3] _test_the_scripts (res://addons/gut/gut.gd:818)
* test_completion_invalid_location
WARNING: [CaseManager] Validation: EvidenceData: discovery_method is required for evidence 'ev_note'
     at: push_warning (core/variant/variant_utility.cpp:1034)
     GDScript backtrace (most recent call first):
         [0] load_case (res://scripts/managers/case_manager.gd:114)
         [1] before_each (res://tests/unit/test_location_investigation_manager.gd:163)
         [2] _run_test (res://addons/gut/gut.gd:605)
         [3] _test_the_scripts (res://addons/gut/gut.gd:818)
WARNING: [CaseManager] Validation: EvidenceData: discovery_method is required for evidence 'ev_camera'
     at: push_warning (core/variant/variant_utility.cpp:1034)
     GDScript backtrace (most recent call first):
         [0] load_case (res://scripts/managers/case_manager.gd:114)
         [1] before_each (res://tests/unit/test_location_investigation_manager.gd:163)
         [2] _run_test (res://addons/gut/gut.gd:605)
         [3] _test_the_scripts (res://addons/gut/gut.gd:818)
* test_location_card_status_not_visited_is_new
WARNING: [CaseManager] Validation: EvidenceData: discovery_method is required for evidence 'ev_note'
     at: push_warning (core/variant/variant_utility.cpp:1034)
     GDScript backtrace (most recent call first):
         [0] load_case (res://scripts/managers/case_manager.gd:114)
         [1] before_each (res://tests/unit/test_location_investigation_manager.gd:163)
         [2] _run_test (res://addons/gut/gut.gd:605)
         [3] _test_the_scripts (res://addons/gut/gut.gd:818)
WARNING: [CaseManager] Validation: EvidenceData: discovery_method is required for evidence 'ev_camera'
     at: push_warning (core/variant/variant_utility.cpp:1034)
     GDScript backtrace (most recent call first):
         [0] load_case (res://scripts/managers/case_manager.gd:114)
         [1] before_each (res://tests/unit/test_location_investigation_manager.gd:163)
         [2] _run_test (res://addons/gut/gut.gd:605)
         [3] _test_the_scripts (res://addons/gut/gut.gd:818)
* test_location_card_status_active_visit_is_open
WARNING: [CaseManager] Validation: EvidenceData: discovery_method is required for evidence 'ev_note'
     at: push_warning (core/variant/variant_utility.cpp:1034)
     GDScript backtrace (most recent call first):
         [0] load_case (res://scripts/managers/case_manager.gd:114)
         [1] before_each (res://tests/unit/test_location_investigation_manager.gd:163)
         [2] _run_test (res://addons/gut/gut.gd:605)
         [3] _test_the_scripts (res://addons/gut/gut.gd:818)
WARNING: [CaseManager] Validation: EvidenceData: discovery_method is required for evidence 'ev_camera'
     at: push_warning (core/variant/variant_utility.cpp:1034)
     GDScript backtrace (most recent call first):
         [0] load_case (res://scripts/managers/case_manager.gd:114)
         [1] before_each (res://tests/unit/test_location_investigation_manager.gd:163)
         [2] _run_test (res://addons/gut/gut.gd:605)
         [3] _test_the_scripts (res://addons/gut/gut.gd:818)
* test_examined_object_count
WARNING: [CaseManager] Validation: EvidenceData: discovery_method is required for evidence 'ev_note'
     at: push_warning (core/variant/variant_utility.cpp:1034)
     GDScript backtrace (most recent call first):
         [0] load_case (res://scripts/managers/case_manager.gd:114)
         [1] before_each (res://tests/unit/test_location_investigation_manager.gd:163)
         [2] _run_test (res://addons/gut/gut.gd:605)
         [3] _test_the_scripts (res://addons/gut/gut.gd:818)
WARNING: [CaseManager] Validation: EvidenceData: discovery_method is required for evidence 'ev_camera'
     at: push_warning (core/variant/variant_utility.cpp:1034)
     GDScript backtrace (most recent call first):
         [0] load_case (res://scripts/managers/case_manager.gd:114)
         [1] before_each (res://tests/unit/test_location_investigation_manager.gd:163)
         [2] _run_test (res://addons/gut/gut.gd:605)
         [3] _test_the_scripts (res://addons/gut/gut.gd:818)
* test_debug_examine_all
WARNING: [CaseManager] Validation: EvidenceData: discovery_method is required for evidence 'ev_note'
     at: push_warning (core/variant/variant_utility.cpp:1034)
     GDScript backtrace (most recent call first):
         [0] load_case (res://scripts/managers/case_manager.gd:114)
         [1] before_each (res://tests/unit/test_location_investigation_manager.gd:163)
         [2] _run_test (res://addons/gut/gut.gd:605)
         [3] _test_the_scripts (res://addons/gut/gut.gd:818)
WARNING: [CaseManager] Validation: EvidenceData: discovery_method is required for evidence 'ev_camera'
     at: push_warning (core/variant/variant_utility.cpp:1034)
     GDScript backtrace (most recent call first):
         [0] load_case (res://scripts/managers/case_manager.gd:114)
         [1] before_each (res://tests/unit/test_location_investigation_manager.gd:163)
         [2] _run_test (res://addons/gut/gut.gd:605)
         [3] _test_the_scripts (res://addons/gut/gut.gd:818)
* test_debug_reveal_evidence
WARNING: [CaseManager] Validation: EvidenceData: discovery_method is required for evidence 'ev_note'
     at: push_warning (core/variant/variant_utility.cpp:1034)
     GDScript backtrace (most recent call first):
         [0] load_case (res://scripts/managers/case_manager.gd:114)
         [1] before_each (res://tests/unit/test_location_investigation_manager.gd:163)
         [2] _run_test (res://addons/gut/gut.gd:605)
         [3] _test_the_scripts (res://addons/gut/gut.gd:818)
WARNING: [CaseManager] Validation: EvidenceData: discovery_method is required for evidence 'ev_camera'
     at: push_warning (core/variant/variant_utility.cpp:1034)
     GDScript backtrace (most recent call first):
         [0] load_case (res://scripts/managers/case_manager.gd:114)
         [1] before_each (res://tests/unit/test_location_investigation_manager.gd:163)
         [2] _run_test (res://addons/gut/gut.gd:605)
         [3] _test_the_scripts (res://addons/gut/gut.gd:818)
* test_serialize_captures_state
WARNING: [CaseManager] Validation: EvidenceData: discovery_method is required for evidence 'ev_note'
     at: push_warning (core/variant/variant_utility.cpp:1034)
     GDScript backtrace (most recent call first):
         [0] load_case (res://scripts/managers/case_manager.gd:114)
         [1] before_each (res://tests/unit/test_location_investigation_manager.gd:163)
         [2] _run_test (res://addons/gut/gut.gd:605)
         [3] _test_the_scripts (res://addons/gut/gut.gd:818)
WARNING: [CaseManager] Validation: EvidenceData: discovery_method is required for evidence 'ev_camera'
     at: push_warning (core/variant/variant_utility.cpp:1034)
     GDScript backtrace (most recent call first):
         [0] load_case (res://scripts/managers/case_manager.gd:114)
         [1] before_each (res://tests/unit/test_location_investigation_manager.gd:163)
         [2] _run_test (res://addons/gut/gut.gd:605)
         [3] _test_the_scripts (res://addons/gut/gut.gd:818)
* test_deserialize_restores_state
WARNING: [CaseManager] Validation: EvidenceData: discovery_method is required for evidence 'ev_note'
     at: push_warning (core/variant/variant_utility.cpp:1034)
     GDScript backtrace (most recent call first):
         [0] load_case (res://scripts/managers/case_manager.gd:114)
         [1] before_each (res://tests/unit/test_location_investigation_manager.gd:163)
         [2] _run_test (res://addons/gut/gut.gd:605)
         [3] _test_the_scripts (res://addons/gut/gut.gd:818)
WARNING: [CaseManager] Validation: EvidenceData: discovery_method is required for evidence 'ev_camera'
     at: push_warning (core/variant/variant_utility.cpp:1034)
     GDScript backtrace (most recent call first):
         [0] load_case (res://scripts/managers/case_manager.gd:114)
         [1] before_each (res://tests/unit/test_location_investigation_manager.gd:163)
         [2] _run_test (res://addons/gut/gut.gd:605)
         [3] _test_the_scripts (res://addons/gut/gut.gd:818)
* test_reset_clears_state
WARNING: [CaseManager] Validation: EvidenceData: discovery_method is required for evidence 'ev_note'
     at: push_warning (core/variant/variant_utility.cpp:1034)
     GDScript backtrace (most recent call first):
         [0] load_case (res://scripts/managers/case_manager.gd:114)
         [1] before_each (res://tests/unit/test_location_investigation_manager.gd:163)
         [2] _run_test (res://addons/gut/gut.gd:605)
         [3] _test_the_scripts (res://addons/gut/gut.gd:818)
WARNING: [CaseManager] Validation: EvidenceData: discovery_method is required for evidence 'ev_camera'
     at: push_warning (core/variant/variant_utility.cpp:1034)
     GDScript backtrace (most recent call first):
         [0] load_case (res://scripts/managers/case_manager.gd:114)
         [1] before_each (res://tests/unit/test_location_investigation_manager.gd:163)
         [2] _run_test (res://addons/gut/gut.gd:605)
         [3] _test_the_scripts (res://addons/gut/gut.gd:818)
[1m34/34 passed.
[0m[4m

res://tests/unit/test_location_investigation_scene_layout.gd
[0m* test_back_button_reserves_vertical_space_in_tall_header
* test_main_columns_panels_use_expected_stretch_ratios
[1m2/2 passed.
[0m[4m

res://tests/unit/test_location_map_ui.gd
[0m* test_location_map_scroll_content_has_shadow_padding
* test_location_map_allows_navigation_when_no_actions
ERROR: [ScreenManager] GameRoot not found.
   at: push_error (core/variant/variant_utility.cpp:1024)
   GDScript backtrace (most recent call first):
       [0] navigate_to (res://scripts/ui/screen_manager.gd:113)
       [1] _navigate_to_location (res://scripts/ui/screens/location_map.gd:74)
       [2] _on_location_pressed (res://scripts/ui/screens/location_map.gd:64)
       [3] test_location_map_allows_navigation_when_no_actions (res://tests/unit/test_location_map_ui.gd:163)
       [4] _run_test (res://addons/gut/gut.gd:615)
       [5] _test_the_scripts (res://addons/gut/gut.gd:818)
[34m[ExpectedError][0mExpected push_error error containing '[ScreenManager] GameRoot not found.'.  
* test_location_map_shows_failure_notification_for_invalid_location
ERROR: [LocationInvestigationManager] Unknown location: loc_nonexistent
   at: push_error (core/variant/variant_utility.cpp:1024)
   GDScript backtrace (most recent call first):
       [0] start_investigation (res://scripts/managers/location_investigation_manager.gd:87)
       [1] _navigate_to_location (res://scripts/ui/screens/location_map.gd:69)
       [2] _on_location_pressed (res://scripts/ui/screens/location_map.gd:64)
       [3] test_location_map_shows_failure_notification_for_invalid_location (res://tests/unit/test_location_map_ui.gd:175)
       [4] _run_test (res://addons/gut/gut.gd:615)
       [5] _test_the_scripts (res://addons/gut/gut.gd:818)
[34m[ExpectedError][0mExpected push_error error containing '[LocationInvestigationManager] Unknown location: loc_nonexistent'.  
* test_location_map_refreshes_when_location_unlocks_while_open
[1m4/4 passed.
[0m[4m

res://tests/unit/test_notification_manager.gd
[0m* test_notify_adds_to_queue
* test_notify_returns_unique_id
* test_notify_emits_signal
* test_notification_structure
* test_notify_evidence
* test_notify_evidence_backward_compatible_no_id
* test_notify_evidence_includes_evidence_id
* test_notify_evidence_includes_description
* test_notify_evidence_id_present_in_emitted_signal
* test_notify_lab_result
* test_notify_lab_result_backward_compatible_no_id
* test_notify_lab_result_includes_evidence_id
* test_notify_with_extra_dict
* test_notify_hint
* test_dismiss_removes_notification
* test_dismiss_returns_false_for_invalid_id
* test_dismiss_emits_signal
* test_mark_read
* test_get_unread
* test_get_unread_count
* test_get_by_type
* test_clear_all
* test_clear_all_emits_signal
* test_has_notify_method
* test_has_notify_evidence_method
* test_no_send_notification_method
[1m26/26 passed.
[0m[4m

res://tests/unit/test_notification_toast.gd
[0m* test_accent_color_evidence_is_clue
* test_accent_color_lab_result_is_clue
* test_accent_color_hint_is_clue
* test_accent_color_statement_is_processed
* test_accent_color_surveillance_is_processed
* test_accent_color_warrant_is_processed
* test_accent_color_story_is_processed
* test_accent_color_system_is_critical
* test_toast_mouse_filter_is_ignore
* test_toast_builds_children_on_setup
* test_toast_has_panel_style
* test_toast_minimum_width
* test_toast_empty_message_omits_label
* test_toast_with_message_has_two_labels
* test_toast_anchor_mouse_filter_is_ignore
[DebugPanel] Ready. Press F1 to toggle.
[GameRoot] Ready — Phase 19: Redesigned command bar.
* test_toast_container_mouse_filter_is_ignore
[DebugPanel] Ready. Press F1 to toggle.
[GameRoot] Ready — Phase 19: Redesigned command bar.
[1m16/16 passed.
[0m[4m

res://tests/unit/test_placeholder_generator.gd
[0m* test_location_asset_count
* test_portrait_asset_count
* test_evidence_asset_count
* test_evidence_asset_includes_autopsy_report
* test_ui_asset_count
* test_icon_asset_count
* test_total_asset_count
* test_all_filenames_start_with_placeholder
* test_all_filenames_end_with_png
* test_location_filenames_contain_location
* test_portrait_filenames_contain_portrait
* test_evidence_filenames_contain_evidence
* test_no_duplicate_filenames
* test_all_assets_have_required_fields
* test_location_dimensions
* test_portrait_dimensions
* test_evidence_dimensions
* test_ui_dimensions
* test_icon_dimensions
* test_generate_placeholder_creates_file
* test_generated_image_has_correct_dimensions_small
* test_generated_image_has_correct_dimensions_medium
* test_generated_image_has_correct_dimensions_large
* test_generated_image_has_correct_dimensions_ui
* test_generate_with_empty_label_succeeds
* test_generate_all_returns_correct_totals
* test_generate_all_creates_all_files
* test_generate_all_location_image_sizes
* test_generate_all_portrait_image_sizes
* test_generate_all_evidence_image_sizes
* test_generate_all_ui_image_sizes
* test_generate_all_icon_image_sizes
* test_generate_twice_produces_same_results
* test_specific_location_filenames_exist
* test_specific_portrait_filenames_exist
* test_specific_evidence_filenames_exist
[1m36/36 passed.
[0m[4m

res://tests/unit/test_save_manager.gd
[0m* test_save_game_succeeds
* test_save_game_emits_signal
* test_load_game_succeeds
* test_load_game_emits_signal
* test_save_load_preserves_state
* test_invalid_slot_zero
* test_invalid_slot_too_high
* test_load_nonexistent_save
* test_has_save_false_initially
* test_has_save_true_after_save
* test_delete_save
* test_delete_nonexistent_save
* test_get_save_info_no_save
* test_get_save_info_with_save
* test_three_save_slots_independent
[1m15/15 passed.
[0m[4m

res://tests/unit/test_screen_manager.gd
[0m* test_screen_scenes_registry_has_all_screens
* test_modal_scenes_registry_has_all_modals
* test_screen_scene_paths_are_valid
* test_modal_scene_paths_are_valid
* test_initial_state_after_reset
* test_navigate_to_unknown_screen_returns_false
ERROR: [ScreenManager] Unknown screen: nonexistent_screen
   at: push_error (core/variant/variant_utility.cpp:1024)
   GDScript backtrace (most recent call first):
       [0] navigate_to (res://scripts/ui/screen_manager.gd:108)
       [1] test_navigate_to_unknown_screen_returns_false (res://tests/unit/test_screen_manager.gd:62)
       [2] _run_test (res://addons/gut/gut.gd:615)
       [3] _test_the_scripts (res://addons/gut/gut.gd:818)
[34m[ExpectedError][0mExpected push_error error containing '[ScreenManager] Unknown screen: nonexistent_screen'.  
* test_navigate_to_unknown_screen_pushes_error
ERROR: [ScreenManager] Unknown screen: nonexistent_screen
   at: push_error (core/variant/variant_utility.cpp:1024)
   GDScript backtrace (most recent call first):
       [0] navigate_to (res://scripts/ui/screen_manager.gd:108)
       [1] test_navigate_to_unknown_screen_pushes_error (res://tests/unit/test_screen_manager.gd:68)
       [2] _run_test (res://addons/gut/gut.gd:615)
       [3] _test_the_scripts (res://addons/gut/gut.gd:818)
[34m[ExpectedError][0mExpected push_error error containing '[ScreenManager] Unknown screen: nonexistent_screen'.  
* test_navigate_to_same_screen_returns_false
* test_navigate_to_valid_screen_without_game_root_returns_false
ERROR: [ScreenManager] GameRoot not found.
   at: push_error (core/variant/variant_utility.cpp:1024)
   GDScript backtrace (most recent call first):
       [0] navigate_to (res://scripts/ui/screen_manager.gd:113)
       [1] test_navigate_to_valid_screen_without_game_root_returns_false (res://tests/unit/test_screen_manager.gd:81)
       [2] _run_test (res://addons/gut/gut.gd:615)
       [3] _test_the_scripts (res://addons/gut/gut.gd:818)
[34m[ExpectedError][0mExpected push_error error containing '[ScreenManager] GameRoot not found.'.  
* test_navigate_to_valid_screen_without_game_root_pushes_error
ERROR: [ScreenManager] GameRoot not found.
   at: push_error (core/variant/variant_utility.cpp:1024)
   GDScript backtrace (most recent call first):
       [0] navigate_to (res://scripts/ui/screen_manager.gd:113)
       [1] test_navigate_to_valid_screen_without_game_root_pushes_error (res://tests/unit/test_screen_manager.gd:87)
       [2] _run_test (res://addons/gut/gut.gd:615)
       [3] _test_the_scripts (res://addons/gut/gut.gd:818)
[34m[ExpectedError][0mExpected push_error error containing '[ScreenManager] GameRoot not found.'.  
* test_get_nav_history_returns_empty_initially
* test_can_go_back_returns_false_with_empty_history
* test_navigate_back_with_empty_history_returns_false
* test_clear_history
* test_get_nav_history_returns_duplicate
* test_open_unknown_modal_returns_null
ERROR: [ScreenManager] Unknown modal: nonexistent_modal
   at: push_error (core/variant/variant_utility.cpp:1024)
   GDScript backtrace (most recent call first):
       [0] open_modal (res://scripts/ui/screen_manager.gd:231)
       [1] test_open_unknown_modal_returns_null (res://tests/unit/test_screen_manager.gd:125)
       [2] _run_test (res://addons/gut/gut.gd:615)
       [3] _test_the_scripts (res://addons/gut/gut.gd:818)
[34m[ExpectedError][0mExpected push_error error containing '[ScreenManager] Unknown modal: nonexistent_modal'.  
* test_open_unknown_modal_pushes_error
ERROR: [ScreenManager] Unknown modal: nonexistent_modal
   at: push_error (core/variant/variant_utility.cpp:1024)
   GDScript backtrace (most recent call first):
       [0] open_modal (res://scripts/ui/screen_manager.gd:231)
       [1] test_open_unknown_modal_pushes_error (res://tests/unit/test_screen_manager.gd:131)
       [2] _run_test (res://addons/gut/gut.gd:615)
       [3] _test_the_scripts (res://addons/gut/gut.gd:818)
[34m[ExpectedError][0mExpected push_error error containing '[ScreenManager] Unknown modal: nonexistent_modal'.  
* test_open_modal_without_game_root_returns_null
* test_open_modal_already_open_returns_existing
WARNING: [ScreenManager] Modal already open: morning_briefing
     at: push_warning (core/variant/variant_utility.cpp:1034)
     GDScript backtrace (most recent call first):
         [0] open_modal (res://scripts/ui/screen_manager.gd:226)
         [1] test_open_modal_already_open_returns_existing (res://tests/unit/test_screen_manager.gd:144)
         [2] _run_test (res://addons/gut/gut.gd:615)
         [3] _test_the_scripts (res://addons/gut/gut.gd:818)
[34m[ExpectedError][0mExpected push_warning error containing '[ScreenManager] Modal already open: morning_briefing'.  
* test_is_modal_open_returns_false_initially
* test_get_open_modals_returns_empty_initially
* test_close_modal_noop_when_not_open
* test_close_all_modals_noop_when_none_open
* test_transitioning_flag_blocks_navigation
WARNING: [ScreenManager] Navigation blocked — transition in progress.
     at: push_warning (core/variant/variant_utility.cpp:1034)
     GDScript backtrace (most recent call first):
         [0] navigate_to (res://scripts/ui/screen_manager.gd:101)
         [1] test_transitioning_flag_blocks_navigation (res://tests/unit/test_screen_manager.gd:174)
         [2] _run_test (res://addons/gut/gut.gd:615)
         [3] _test_the_scripts (res://addons/gut/gut.gd:818)
[34m[ExpectedError][0mExpected push_warning error containing '[ScreenManager] Navigation blocked'.  
* test_transitioning_flag_blocks_back_navigation
* test_navigate_to_unknown_does_not_emit_signals
ERROR: [ScreenManager] Unknown screen: nonexistent
   at: push_error (core/variant/variant_utility.cpp:1024)
   GDScript backtrace (most recent call first):
       [0] navigate_to (res://scripts/ui/screen_manager.gd:108)
       [1] test_navigate_to_unknown_does_not_emit_signals (res://tests/unit/test_screen_manager.gd:192)
       [2] _run_test (res://addons/gut/gut.gd:615)
       [3] _test_the_scripts (res://addons/gut/gut.gd:818)
[34m[ExpectedError][0mExpected push_error error containing '[ScreenManager] Unknown screen: nonexistent'.  
* test_close_modal_emits_signal_when_modal_exists
* test_close_modal_does_not_emit_signal_when_not_open
* test_reset_clears_all_state
* test_reset_clears_scene_cache
[1m30/30 passed.
[0m[4m

res://tests/unit/test_surveillance_manager.gd
[0m* test_install_surveillance_returns_data
* test_install_emits_signal
* test_install_sets_expiry_day
* test_install_default_active_days
* test_install_rejects_unknown_person
ERROR: [SurveillanceManager] Person not found: p_nonexistent
   at: push_error (core/variant/variant_utility.cpp:1024)
   GDScript backtrace (most recent call first):
       [0] install_surveillance (res://scripts/managers/surveillance_manager.gd:67)
       [1] test_install_rejects_unknown_person (res://tests/unit/test_surveillance_manager.gd:124)
       [2] _run_test (res://addons/gut/gut.gd:615)
       [3] _test_the_scripts (res://addons/gut/gut.gd:818)
[34m[ExpectedError][0mExpected push_error error containing '[SurveillanceManager] Person not found: p_nonexistent'.  
* test_install_rejects_duplicate_person
WARNING: [SurveillanceManager] Person already under surveillance: p_mark
     at: push_warning (core/variant/variant_utility.cpp:1034)
     GDScript backtrace (most recent call first):
         [0] install_surveillance (res://scripts/managers/surveillance_manager.gd:72)
         [1] test_install_rejects_duplicate_person (res://tests/unit/test_surveillance_manager.gd:133)
         [2] _run_test (res://addons/gut/gut.gd:615)
         [3] _test_the_scripts (res://addons/gut/gut.gd:818)
[34m[ExpectedError][0mExpected push_warning error containing '[SurveillanceManager] Person already under surveillance: p_mark'.  
* test_install_respects_concurrent_limit
WARNING: [SurveillanceManager] Maximum concurrent surveillance reached (2).
     at: push_warning (core/variant/variant_utility.cpp:1034)
     GDScript backtrace (most recent call first):
         [0] install_surveillance (res://scripts/managers/surveillance_manager.gd:77)
         [1] test_install_respects_concurrent_limit (res://tests/unit/test_surveillance_manager.gd:143)
         [2] _run_test (res://addons/gut/gut.gd:615)
         [3] _test_the_scripts (res://addons/gut/gut.gd:818)
[34m[ExpectedError][0mExpected push_warning error containing '[SurveillanceManager] Maximum concurrent surveillance reached'.  
* test_install_adds_to_game_manager_active
* test_install_with_result_events
* test_install_generates_unique_ids
* test_install_invalid_active_days_uses_default
* test_cancel_surveillance_success
* test_cancel_emits_signal
* test_cancel_removes_from_game_manager
* test_cancel_nonexistent_returns_false
WARNING: [SurveillanceManager] Operation not found: nonexistent
     at: push_warning (core/variant/variant_utility.cpp:1034)
     GDScript backtrace (most recent call first):
         [0] cancel_surveillance (res://scripts/managers/surveillance_manager.gd:111)
         [1] test_cancel_nonexistent_returns_false (res://tests/unit/test_surveillance_manager.gd:214)
         [2] _run_test (res://addons/gut/gut.gd:615)
         [3] _test_the_scripts (res://addons/gut/gut.gd:818)
[34m[ExpectedError][0mExpected push_warning error containing '[SurveillanceManager] Operation not found: nonexistent'.  
* test_cancel_already_cancelled_returns_false
WARNING: [SurveillanceManager] Cannot cancel non-active operation: surv_1
     at: push_warning (core/variant/variant_utility.cpp:1034)
     GDScript backtrace (most recent call first):
         [0] cancel_surveillance (res://scripts/managers/surveillance_manager.gd:116)
         [1] test_cancel_already_cancelled_returns_false (res://tests/unit/test_surveillance_manager.gd:223)
         [2] _run_test (res://addons/gut/gut.gd:615)
         [3] _test_the_scripts (res://addons/gut/gut.gd:818)
[34m[ExpectedError][0mExpected push_warning error containing '[SurveillanceManager] Cannot cancel non-active operation'.  
* test_cancelled_person_can_be_re_surveilled
* test_get_operation_returns_data
* test_get_operation_nonexistent_returns_empty
* test_get_active_operations
* test_get_operations_for_person
* test_get_operations_for_person_empty
* test_is_person_under_surveillance
* test_has_content_false_when_empty
* test_has_content_true_after_install
* test_get_operation_count
* test_get_results_for_operation_empty
* test_complete_all_instantly
* test_complete_all_emits_expired
* test_complete_all_skips_non_active
* test_complete_all_clears_game_manager_active
* test_serialize_deserialize_round_trip
* test_serialize_preserves_completed
* test_reset_clears_all_state
[1m34/34 passed.
[0m[4m

res://tests/unit/test_theory_manager.gd
[0m* test_create_theory_returns_data
WARNING: [CaseManager] Validation: EvidenceData: discovery_method is required for evidence 'ev_knife'
     at: push_warning (core/variant/variant_utility.cpp:1034)
     GDScript backtrace (most recent call first):
         [0] load_case (res://scripts/managers/case_manager.gd:114)
         [1] before_each (res://tests/unit/test_theory_manager.gd:131)
         [2] _run_test (res://addons/gut/gut.gd:605)
         [3] _test_the_scripts (res://addons/gut/gut.gd:818)
WARNING: [CaseManager] Validation: EvidenceData: discovery_method is required for evidence 'ev_prints'
     at: push_warning (core/variant/variant_utility.cpp:1034)
     GDScript backtrace (most recent call first):
         [0] load_case (res://scripts/managers/case_manager.gd:114)
         [1] before_each (res://tests/unit/test_theory_manager.gd:131)
         [2] _run_test (res://addons/gut/gut.gd:605)
         [3] _test_the_scripts (res://addons/gut/gut.gd:818)
WARNING: [CaseManager] Validation: EvidenceData: discovery_method is required for evidence 'ev_camera'
     at: push_warning (core/variant/variant_utility.cpp:1034)
     GDScript backtrace (most recent call first):
         [0] load_case (res://scripts/managers/case_manager.gd:114)
         [1] before_each (res://tests/unit/test_theory_manager.gd:131)
         [2] _run_test (res://addons/gut/gut.gd:605)
         [3] _test_the_scripts (res://addons/gut/gut.gd:818)
WARNING: [CaseManager] Validation: EvidenceData: discovery_method is required for evidence 'ev_phone'
     at: push_warning (core/variant/variant_utility.cpp:1034)
     GDScript backtrace (most recent call first):
         [0] load_case (res://scripts/managers/case_manager.gd:114)
         [1] before_each (res://tests/unit/test_theory_manager.gd:131)
         [2] _run_test (res://addons/gut/gut.gd:605)
         [3] _test_the_scripts (res://addons/gut/gut.gd:818)
* test_create_theory_emits_signal
WARNING: [CaseManager] Validation: EvidenceData: discovery_method is required for evidence 'ev_knife'
     at: push_warning (core/variant/variant_utility.cpp:1034)
     GDScript backtrace (most recent call first):
         [0] load_case (res://scripts/managers/case_manager.gd:114)
         [1] before_each (res://tests/unit/test_theory_manager.gd:131)
         [2] _run_test (res://addons/gut/gut.gd:605)
         [3] _test_the_scripts (res://addons/gut/gut.gd:818)
WARNING: [CaseManager] Validation: EvidenceData: discovery_method is required for evidence 'ev_prints'
     at: push_warning (core/variant/variant_utility.cpp:1034)
     GDScript backtrace (most recent call first):
         [0] load_case (res://scripts/managers/case_manager.gd:114)
         [1] before_each (res://tests/unit/test_theory_manager.gd:131)
         [2] _run_test (res://addons/gut/gut.gd:605)
         [3] _test_the_scripts (res://addons/gut/gut.gd:818)
WARNING: [CaseManager] Validation: EvidenceData: discovery_method is required for evidence 'ev_camera'
     at: push_warning (core/variant/variant_utility.cpp:1034)
     GDScript backtrace (most recent call first):
         [0] load_case (res://scripts/managers/case_manager.gd:114)
         [1] before_each (res://tests/unit/test_theory_manager.gd:131)
         [2] _run_test (res://addons/gut/gut.gd:605)
         [3] _test_the_scripts (res://addons/gut/gut.gd:818)
WARNING: [CaseManager] Validation: EvidenceData: discovery_method is required for evidence 'ev_phone'
     at: push_warning (core/variant/variant_utility.cpp:1034)
     GDScript backtrace (most recent call first):
         [0] load_case (res://scripts/managers/case_manager.gd:114)
         [1] before_each (res://tests/unit/test_theory_manager.gd:131)
         [2] _run_test (res://addons/gut/gut.gd:605)
         [3] _test_the_scripts (res://addons/gut/gut.gd:818)
* test_create_theory_increments_count
WARNING: [CaseManager] Validation: EvidenceData: discovery_method is required for evidence 'ev_knife'
     at: push_warning (core/variant/variant_utility.cpp:1034)
     GDScript backtrace (most recent call first):
         [0] load_case (res://scripts/managers/case_manager.gd:114)
         [1] before_each (res://tests/unit/test_theory_manager.gd:131)
         [2] _run_test (res://addons/gut/gut.gd:605)
         [3] _test_the_scripts (res://addons/gut/gut.gd:818)
WARNING: [CaseManager] Validation: EvidenceData: discovery_method is required for evidence 'ev_prints'
     at: push_warning (core/variant/variant_utility.cpp:1034)
     GDScript backtrace (most recent call first):
         [0] load_case (res://scripts/managers/case_manager.gd:114)
         [1] before_each (res://tests/unit/test_theory_manager.gd:131)
         [2] _run_test (res://addons/gut/gut.gd:605)
         [3] _test_the_scripts (res://addons/gut/gut.gd:818)
WARNING: [CaseManager] Validation: EvidenceData: discovery_method is required for evidence 'ev_camera'
     at: push_warning (core/variant/variant_utility.cpp:1034)
     GDScript backtrace (most recent call first):
         [0] load_case (res://scripts/managers/case_manager.gd:114)
         [1] before_each (res://tests/unit/test_theory_manager.gd:131)
         [2] _run_test (res://addons/gut/gut.gd:605)
         [3] _test_the_scripts (res://addons/gut/gut.gd:818)
WARNING: [CaseManager] Validation: EvidenceData: discovery_method is required for evidence 'ev_phone'
     at: push_warning (core/variant/variant_utility.cpp:1034)
     GDScript backtrace (most recent call first):
         [0] load_case (res://scripts/managers/case_manager.gd:114)
         [1] before_each (res://tests/unit/test_theory_manager.gd:131)
         [2] _run_test (res://addons/gut/gut.gd:605)
         [3] _test_the_scripts (res://addons/gut/gut.gd:818)
* test_create_theory_generates_unique_ids
WARNING: [CaseManager] Validation: EvidenceData: discovery_method is required for evidence 'ev_knife'
     at: push_warning (core/variant/variant_utility.cpp:1034)
     GDScript backtrace (most recent call first):
         [0] load_case (res://scripts/managers/case_manager.gd:114)
         [1] before_each (res://tests/unit/test_theory_manager.gd:131)
         [2] _run_test (res://addons/gut/gut.gd:605)
         [3] _test_the_scripts (res://addons/gut/gut.gd:818)
WARNING: [CaseManager] Validation: EvidenceData: discovery_method is required for evidence 'ev_prints'
     at: push_warning (core/variant/variant_utility.cpp:1034)
     GDScript backtrace (most recent call first):
         [0] load_case (res://scripts/managers/case_manager.gd:114)
         [1] before_each (res://tests/unit/test_theory_manager.gd:131)
         [2] _run_test (res://addons/gut/gut.gd:605)
         [3] _test_the_scripts (res://addons/gut/gut.gd:818)
WARNING: [CaseManager] Validation: EvidenceData: discovery_method is required for evidence 'ev_camera'
     at: push_warning (core/variant/variant_utility.cpp:1034)
     GDScript backtrace (most recent call first):
         [0] load_case (res://scripts/managers/case_manager.gd:114)
         [1] before_each (res://tests/unit/test_theory_manager.gd:131)
         [2] _run_test (res://addons/gut/gut.gd:605)
         [3] _test_the_scripts (res://addons/gut/gut.gd:818)
WARNING: [CaseManager] Validation: EvidenceData: discovery_method is required for evidence 'ev_phone'
     at: push_warning (core/variant/variant_utility.cpp:1034)
     GDScript backtrace (most recent call first):
         [0] load_case (res://scripts/managers/case_manager.gd:114)
         [1] before_each (res://tests/unit/test_theory_manager.gd:131)
         [2] _run_test (res://addons/gut/gut.gd:605)
         [3] _test_the_scripts (res://addons/gut/gut.gd:818)
* test_get_theory_returns_data
WARNING: [CaseManager] Validation: EvidenceData: discovery_method is required for evidence 'ev_knife'
     at: push_warning (core/variant/variant_utility.cpp:1034)
     GDScript backtrace (most recent call first):
         [0] load_case (res://scripts/managers/case_manager.gd:114)
         [1] before_each (res://tests/unit/test_theory_manager.gd:131)
         [2] _run_test (res://addons/gut/gut.gd:605)
         [3] _test_the_scripts (res://addons/gut/gut.gd:818)
WARNING: [CaseManager] Validation: EvidenceData: discovery_method is required for evidence 'ev_prints'
     at: push_warning (core/variant/variant_utility.cpp:1034)
     GDScript backtrace (most recent call first):
         [0] load_case (res://scripts/managers/case_manager.gd:114)
         [1] before_each (res://tests/unit/test_theory_manager.gd:131)
         [2] _run_test (res://addons/gut/gut.gd:605)
         [3] _test_the_scripts (res://addons/gut/gut.gd:818)
WARNING: [CaseManager] Validation: EvidenceData: discovery_method is required for evidence 'ev_camera'
     at: push_warning (core/variant/variant_utility.cpp:1034)
     GDScript backtrace (most recent call first):
         [0] load_case (res://scripts/managers/case_manager.gd:114)
         [1] before_each (res://tests/unit/test_theory_manager.gd:131)
         [2] _run_test (res://addons/gut/gut.gd:605)
         [3] _test_the_scripts (res://addons/gut/gut.gd:818)
WARNING: [CaseManager] Validation: EvidenceData: discovery_method is required for evidence 'ev_phone'
     at: push_warning (core/variant/variant_utility.cpp:1034)
     GDScript backtrace (most recent call first):
         [0] load_case (res://scripts/managers/case_manager.gd:114)
         [1] before_each (res://tests/unit/test_theory_manager.gd:131)
         [2] _run_test (res://addons/gut/gut.gd:605)
         [3] _test_the_scripts (res://addons/gut/gut.gd:818)
* test_get_theory_nonexistent_returns_empty
WARNING: [CaseManager] Validation: EvidenceData: discovery_method is required for evidence 'ev_knife'
     at: push_warning (core/variant/variant_utility.cpp:1034)
     GDScript backtrace (most recent call first):
         [0] load_case (res://scripts/managers/case_manager.gd:114)
         [1] before_each (res://tests/unit/test_theory_manager.gd:131)
         [2] _run_test (res://addons/gut/gut.gd:605)
         [3] _test_the_scripts (res://addons/gut/gut.gd:818)
WARNING: [CaseManager] Validation: EvidenceData: discovery_method is required for evidence 'ev_prints'
     at: push_warning (core/variant/variant_utility.cpp:1034)
     GDScript backtrace (most recent call first):
         [0] load_case (res://scripts/managers/case_manager.gd:114)
         [1] before_each (res://tests/unit/test_theory_manager.gd:131)
         [2] _run_test (res://addons/gut/gut.gd:605)
         [3] _test_the_scripts (res://addons/gut/gut.gd:818)
WARNING: [CaseManager] Validation: EvidenceData: discovery_method is required for evidence 'ev_camera'
     at: push_warning (core/variant/variant_utility.cpp:1034)
     GDScript backtrace (most recent call first):
         [0] load_case (res://scripts/managers/case_manager.gd:114)
         [1] before_each (res://tests/unit/test_theory_manager.gd:131)
         [2] _run_test (res://addons/gut/gut.gd:605)
         [3] _test_the_scripts (res://addons/gut/gut.gd:818)
WARNING: [CaseManager] Validation: EvidenceData: discovery_method is required for evidence 'ev_phone'
     at: push_warning (core/variant/variant_utility.cpp:1034)
     GDScript backtrace (most recent call first):
         [0] load_case (res://scripts/managers/case_manager.gd:114)
         [1] before_each (res://tests/unit/test_theory_manager.gd:131)
         [2] _run_test (res://addons/gut/gut.gd:605)
         [3] _test_the_scripts (res://addons/gut/gut.gd:818)
* test_get_all_theories
WARNING: [CaseManager] Validation: EvidenceData: discovery_method is required for evidence 'ev_knife'
     at: push_warning (core/variant/variant_utility.cpp:1034)
     GDScript backtrace (most recent call first):
         [0] load_case (res://scripts/managers/case_manager.gd:114)
         [1] before_each (res://tests/unit/test_theory_manager.gd:131)
         [2] _run_test (res://addons/gut/gut.gd:605)
         [3] _test_the_scripts (res://addons/gut/gut.gd:818)
WARNING: [CaseManager] Validation: EvidenceData: discovery_method is required for evidence 'ev_prints'
     at: push_warning (core/variant/variant_utility.cpp:1034)
     GDScript backtrace (most recent call first):
         [0] load_case (res://scripts/managers/case_manager.gd:114)
         [1] before_each (res://tests/unit/test_theory_manager.gd:131)
         [2] _run_test (res://addons/gut/gut.gd:605)
         [3] _test_the_scripts (res://addons/gut/gut.gd:818)
WARNING: [CaseManager] Validation: EvidenceData: discovery_method is required for evidence 'ev_camera'
     at: push_warning (core/variant/variant_utility.cpp:1034)
     GDScript backtrace (most recent call first):
         [0] load_case (res://scripts/managers/case_manager.gd:114)
         [1] before_each (res://tests/unit/test_theory_manager.gd:131)
         [2] _run_test (res://addons/gut/gut.gd:605)
         [3] _test_the_scripts (res://addons/gut/gut.gd:818)
WARNING: [CaseManager] Validation: EvidenceData: discovery_method is required for evidence 'ev_phone'
     at: push_warning (core/variant/variant_utility.cpp:1034)
     GDScript backtrace (most recent call first):
         [0] load_case (res://scripts/managers/case_manager.gd:114)
         [1] before_each (res://tests/unit/test_theory_manager.gd:131)
         [2] _run_test (res://addons/gut/gut.gd:605)
         [3] _test_the_scripts (res://addons/gut/gut.gd:818)
* test_remove_theory
WARNING: [CaseManager] Validation: EvidenceData: discovery_method is required for evidence 'ev_knife'
     at: push_warning (core/variant/variant_utility.cpp:1034)
     GDScript backtrace (most recent call first):
         [0] load_case (res://scripts/managers/case_manager.gd:114)
         [1] before_each (res://tests/unit/test_theory_manager.gd:131)
         [2] _run_test (res://addons/gut/gut.gd:605)
         [3] _test_the_scripts (res://addons/gut/gut.gd:818)
WARNING: [CaseManager] Validation: EvidenceData: discovery_method is required for evidence 'ev_prints'
     at: push_warning (core/variant/variant_utility.cpp:1034)
     GDScript backtrace (most recent call first):
         [0] load_case (res://scripts/managers/case_manager.gd:114)
         [1] before_each (res://tests/unit/test_theory_manager.gd:131)
         [2] _run_test (res://addons/gut/gut.gd:605)
         [3] _test_the_scripts (res://addons/gut/gut.gd:818)
WARNING: [CaseManager] Validation: EvidenceData: discovery_method is required for evidence 'ev_camera'
     at: push_warning (core/variant/variant_utility.cpp:1034)
     GDScript backtrace (most recent call first):
         [0] load_case (res://scripts/managers/case_manager.gd:114)
         [1] before_each (res://tests/unit/test_theory_manager.gd:131)
         [2] _run_test (res://addons/gut/gut.gd:605)
         [3] _test_the_scripts (res://addons/gut/gut.gd:818)
WARNING: [CaseManager] Validation: EvidenceData: discovery_method is required for evidence 'ev_phone'
     at: push_warning (core/variant/variant_utility.cpp:1034)
     GDScript backtrace (most recent call first):
         [0] load_case (res://scripts/managers/case_manager.gd:114)
         [1] before_each (res://tests/unit/test_theory_manager.gd:131)
         [2] _run_test (res://addons/gut/gut.gd:605)
         [3] _test_the_scripts (res://addons/gut/gut.gd:818)
* test_remove_theory_emits_signal
WARNING: [CaseManager] Validation: EvidenceData: discovery_method is required for evidence 'ev_knife'
     at: push_warning (core/variant/variant_utility.cpp:1034)
     GDScript backtrace (most recent call first):
         [0] load_case (res://scripts/managers/case_manager.gd:114)
         [1] before_each (res://tests/unit/test_theory_manager.gd:131)
         [2] _run_test (res://addons/gut/gut.gd:605)
         [3] _test_the_scripts (res://addons/gut/gut.gd:818)
WARNING: [CaseManager] Validation: EvidenceData: discovery_method is required for evidence 'ev_prints'
     at: push_warning (core/variant/variant_utility.cpp:1034)
     GDScript backtrace (most recent call first):
         [0] load_case (res://scripts/managers/case_manager.gd:114)
         [1] before_each (res://tests/unit/test_theory_manager.gd:131)
         [2] _run_test (res://addons/gut/gut.gd:605)
         [3] _test_the_scripts (res://addons/gut/gut.gd:818)
WARNING: [CaseManager] Validation: EvidenceData: discovery_method is required for evidence 'ev_camera'
     at: push_warning (core/variant/variant_utility.cpp:1034)
     GDScript backtrace (most recent call first):
         [0] load_case (res://scripts/managers/case_manager.gd:114)
         [1] before_each (res://tests/unit/test_theory_manager.gd:131)
         [2] _run_test (res://addons/gut/gut.gd:605)
         [3] _test_the_scripts (res://addons/gut/gut.gd:818)
WARNING: [CaseManager] Validation: EvidenceData: discovery_method is required for evidence 'ev_phone'
     at: push_warning (core/variant/variant_utility.cpp:1034)
     GDScript backtrace (most recent call first):
         [0] load_case (res://scripts/managers/case_manager.gd:114)
         [1] before_each (res://tests/unit/test_theory_manager.gd:131)
         [2] _run_test (res://addons/gut/gut.gd:605)
         [3] _test_the_scripts (res://addons/gut/gut.gd:818)
* test_remove_theory_nonexistent_returns_false
WARNING: [CaseManager] Validation: EvidenceData: discovery_method is required for evidence 'ev_knife'
     at: push_warning (core/variant/variant_utility.cpp:1034)
     GDScript backtrace (most recent call first):
         [0] load_case (res://scripts/managers/case_manager.gd:114)
         [1] before_each (res://tests/unit/test_theory_manager.gd:131)
         [2] _run_test (res://addons/gut/gut.gd:605)
         [3] _test_the_scripts (res://addons/gut/gut.gd:818)
WARNING: [CaseManager] Validation: EvidenceData: discovery_method is required for evidence 'ev_prints'
     at: push_warning (core/variant/variant_utility.cpp:1034)
     GDScript backtrace (most recent call first):
         [0] load_case (res://scripts/managers/case_manager.gd:114)
         [1] before_each (res://tests/unit/test_theory_manager.gd:131)
         [2] _run_test (res://addons/gut/gut.gd:605)
         [3] _test_the_scripts (res://addons/gut/gut.gd:818)
WARNING: [CaseManager] Validation: EvidenceData: discovery_method is required for evidence 'ev_camera'
     at: push_warning (core/variant/variant_utility.cpp:1034)
     GDScript backtrace (most recent call first):
         [0] load_case (res://scripts/managers/case_manager.gd:114)
         [1] before_each (res://tests/unit/test_theory_manager.gd:131)
         [2] _run_test (res://addons/gut/gut.gd:605)
         [3] _test_the_scripts (res://addons/gut/gut.gd:818)
WARNING: [CaseManager] Validation: EvidenceData: discovery_method is required for evidence 'ev_phone'
     at: push_warning (core/variant/variant_utility.cpp:1034)
     GDScript backtrace (most recent call first):
         [0] load_case (res://scripts/managers/case_manager.gd:114)
         [1] before_each (res://tests/unit/test_theory_manager.gd:131)
         [2] _run_test (res://addons/gut/gut.gd:605)
         [3] _test_the_scripts (res://addons/gut/gut.gd:818)
WARNING: [TheoryManager] Theory not found: nonexistent
     at: push_warning (core/variant/variant_utility.cpp:1034)
     GDScript backtrace (most recent call first):
         [0] remove_theory (res://scripts/managers/theory_manager.gd:77)
         [1] test_remove_theory_nonexistent_returns_false (res://tests/unit/test_theory_manager.gd:210)
         [2] _run_test (res://addons/gut/gut.gd:615)
         [3] _test_the_scripts (res://addons/gut/gut.gd:818)
[34m[ExpectedError][0mExpected push_warning error containing '[TheoryManager]'.  
* test_set_suspect
WARNING: [CaseManager] Validation: EvidenceData: discovery_method is required for evidence 'ev_knife'
     at: push_warning (core/variant/variant_utility.cpp:1034)
     GDScript backtrace (most recent call first):
         [0] load_case (res://scripts/managers/case_manager.gd:114)
         [1] before_each (res://tests/unit/test_theory_manager.gd:131)
         [2] _run_test (res://addons/gut/gut.gd:605)
         [3] _test_the_scripts (res://addons/gut/gut.gd:818)
WARNING: [CaseManager] Validation: EvidenceData: discovery_method is required for evidence 'ev_prints'
     at: push_warning (core/variant/variant_utility.cpp:1034)
     GDScript backtrace (most recent call first):
         [0] load_case (res://scripts/managers/case_manager.gd:114)
         [1] before_each (res://tests/unit/test_theory_manager.gd:131)
         [2] _run_test (res://addons/gut/gut.gd:605)
         [3] _test_the_scripts (res://addons/gut/gut.gd:818)
WARNING: [CaseManager] Validation: EvidenceData: discovery_method is required for evidence 'ev_camera'
     at: push_warning (core/variant/variant_utility.cpp:1034)
     GDScript backtrace (most recent call first):
         [0] load_case (res://scripts/managers/case_manager.gd:114)
         [1] before_each (res://tests/unit/test_theory_manager.gd:131)
         [2] _run_test (res://addons/gut/gut.gd:605)
         [3] _test_the_scripts (res://addons/gut/gut.gd:818)
WARNING: [CaseManager] Validation: EvidenceData: discovery_method is required for evidence 'ev_phone'
     at: push_warning (core/variant/variant_utility.cpp:1034)
     GDScript backtrace (most recent call first):
         [0] load_case (res://scripts/managers/case_manager.gd:114)
         [1] before_each (res://tests/unit/test_theory_manager.gd:131)
         [2] _run_test (res://addons/gut/gut.gd:605)
         [3] _test_the_scripts (res://addons/gut/gut.gd:818)
* test_set_suspect_emits_updated
WARNING: [CaseManager] Validation: EvidenceData: discovery_method is required for evidence 'ev_knife'
     at: push_warning (core/variant/variant_utility.cpp:1034)
     GDScript backtrace (most recent call first):
         [0] load_case (res://scripts/managers/case_manager.gd:114)
         [1] before_each (res://tests/unit/test_theory_manager.gd:131)
         [2] _run_test (res://addons/gut/gut.gd:605)
         [3] _test_the_scripts (res://addons/gut/gut.gd:818)
WARNING: [CaseManager] Validation: EvidenceData: discovery_method is required for evidence 'ev_prints'
     at: push_warning (core/variant/variant_utility.cpp:1034)
     GDScript backtrace (most recent call first):
         [0] load_case (res://scripts/managers/case_manager.gd:114)
         [1] before_each (res://tests/unit/test_theory_manager.gd:131)
         [2] _run_test (res://addons/gut/gut.gd:605)
         [3] _test_the_scripts (res://addons/gut/gut.gd:818)
WARNING: [CaseManager] Validation: EvidenceData: discovery_method is required for evidence 'ev_camera'
     at: push_warning (core/variant/variant_utility.cpp:1034)
     GDScript backtrace (most recent call first):
         [0] load_case (res://scripts/managers/case_manager.gd:114)
         [1] before_each (res://tests/unit/test_theory_manager.gd:131)
         [2] _run_test (res://addons/gut/gut.gd:605)
         [3] _test_the_scripts (res://addons/gut/gut.gd:818)
WARNING: [CaseManager] Validation: EvidenceData: discovery_method is required for evidence 'ev_phone'
     at: push_warning (core/variant/variant_utility.cpp:1034)
     GDScript backtrace (most recent call first):
         [0] load_case (res://scripts/managers/case_manager.gd:114)
         [1] before_each (res://tests/unit/test_theory_manager.gd:131)
         [2] _run_test (res://addons/gut/gut.gd:605)
         [3] _test_the_scripts (res://addons/gut/gut.gd:818)
* test_set_suspect_nonexistent_returns_false
WARNING: [CaseManager] Validation: EvidenceData: discovery_method is required for evidence 'ev_knife'
     at: push_warning (core/variant/variant_utility.cpp:1034)
     GDScript backtrace (most recent call first):
         [0] load_case (res://scripts/managers/case_manager.gd:114)
         [1] before_each (res://tests/unit/test_theory_manager.gd:131)
         [2] _run_test (res://addons/gut/gut.gd:605)
         [3] _test_the_scripts (res://addons/gut/gut.gd:818)
WARNING: [CaseManager] Validation: EvidenceData: discovery_method is required for evidence 'ev_prints'
     at: push_warning (core/variant/variant_utility.cpp:1034)
     GDScript backtrace (most recent call first):
         [0] load_case (res://scripts/managers/case_manager.gd:114)
         [1] before_each (res://tests/unit/test_theory_manager.gd:131)
         [2] _run_test (res://addons/gut/gut.gd:605)
         [3] _test_the_scripts (res://addons/gut/gut.gd:818)
WARNING: [CaseManager] Validation: EvidenceData: discovery_method is required for evidence 'ev_camera'
     at: push_warning (core/variant/variant_utility.cpp:1034)
     GDScript backtrace (most recent call first):
         [0] load_case (res://scripts/managers/case_manager.gd:114)
         [1] before_each (res://tests/unit/test_theory_manager.gd:131)
         [2] _run_test (res://addons/gut/gut.gd:605)
         [3] _test_the_scripts (res://addons/gut/gut.gd:818)
WARNING: [CaseManager] Validation: EvidenceData: discovery_method is required for evidence 'ev_phone'
     at: push_warning (core/variant/variant_utility.cpp:1034)
     GDScript backtrace (most recent call first):
         [0] load_case (res://scripts/managers/case_manager.gd:114)
         [1] before_each (res://tests/unit/test_theory_manager.gd:131)
         [2] _run_test (res://addons/gut/gut.gd:605)
         [3] _test_the_scripts (res://addons/gut/gut.gd:818)
WARNING: [TheoryManager] Theory not found: nonexistent
     at: push_warning (core/variant/variant_utility.cpp:1034)
     GDScript backtrace (most recent call first):
         [0] set_suspect (res://scripts/managers/theory_manager.gd:108)
         [1] test_set_suspect_nonexistent_returns_false (res://tests/unit/test_theory_manager.gd:235)
         [2] _run_test (res://addons/gut/gut.gd:615)
         [3] _test_the_scripts (res://addons/gut/gut.gd:818)
[34m[ExpectedError][0mExpected push_warning error containing '[TheoryManager]'.  
* test_set_motive
WARNING: [CaseManager] Validation: EvidenceData: discovery_method is required for evidence 'ev_knife'
     at: push_warning (core/variant/variant_utility.cpp:1034)
     GDScript backtrace (most recent call first):
         [0] load_case (res://scripts/managers/case_manager.gd:114)
         [1] before_each (res://tests/unit/test_theory_manager.gd:131)
         [2] _run_test (res://addons/gut/gut.gd:605)
         [3] _test_the_scripts (res://addons/gut/gut.gd:818)
WARNING: [CaseManager] Validation: EvidenceData: discovery_method is required for evidence 'ev_prints'
     at: push_warning (core/variant/variant_utility.cpp:1034)
     GDScript backtrace (most recent call first):
         [0] load_case (res://scripts/managers/case_manager.gd:114)
         [1] before_each (res://tests/unit/test_theory_manager.gd:131)
         [2] _run_test (res://addons/gut/gut.gd:605)
         [3] _test_the_scripts (res://addons/gut/gut.gd:818)
WARNING: [CaseManager] Validation: EvidenceData: discovery_method is required for evidence 'ev_camera'
     at: push_warning (core/variant/variant_utility.cpp:1034)
     GDScript backtrace (most recent call first):
         [0] load_case (res://scripts/managers/case_manager.gd:114)
         [1] before_each (res://tests/unit/test_theory_manager.gd:131)
         [2] _run_test (res://addons/gut/gut.gd:605)
         [3] _test_the_scripts (res://addons/gut/gut.gd:818)
WARNING: [CaseManager] Validation: EvidenceData: discovery_method is required for evidence 'ev_phone'
     at: push_warning (core/variant/variant_utility.cpp:1034)
     GDScript backtrace (most recent call first):
         [0] load_case (res://scripts/managers/case_manager.gd:114)
         [1] before_each (res://tests/unit/test_theory_manager.gd:131)
         [2] _run_test (res://addons/gut/gut.gd:605)
         [3] _test_the_scripts (res://addons/gut/gut.gd:818)
* test_set_motive_nonexistent_returns_false
WARNING: [CaseManager] Validation: EvidenceData: discovery_method is required for evidence 'ev_knife'
     at: push_warning (core/variant/variant_utility.cpp:1034)
     GDScript backtrace (most recent call first):
         [0] load_case (res://scripts/managers/case_manager.gd:114)
         [1] before_each (res://tests/unit/test_theory_manager.gd:131)
         [2] _run_test (res://addons/gut/gut.gd:605)
         [3] _test_the_scripts (res://addons/gut/gut.gd:818)
WARNING: [CaseManager] Validation: EvidenceData: discovery_method is required for evidence 'ev_prints'
     at: push_warning (core/variant/variant_utility.cpp:1034)
     GDScript backtrace (most recent call first):
         [0] load_case (res://scripts/managers/case_manager.gd:114)
         [1] before_each (res://tests/unit/test_theory_manager.gd:131)
         [2] _run_test (res://addons/gut/gut.gd:605)
         [3] _test_the_scripts (res://addons/gut/gut.gd:818)
WARNING: [CaseManager] Validation: EvidenceData: discovery_method is required for evidence 'ev_camera'
     at: push_warning (core/variant/variant_utility.cpp:1034)
     GDScript backtrace (most recent call first):
         [0] load_case (res://scripts/managers/case_manager.gd:114)
         [1] before_each (res://tests/unit/test_theory_manager.gd:131)
         [2] _run_test (res://addons/gut/gut.gd:605)
         [3] _test_the_scripts (res://addons/gut/gut.gd:818)
WARNING: [CaseManager] Validation: EvidenceData: discovery_method is required for evidence 'ev_phone'
     at: push_warning (core/variant/variant_utility.cpp:1034)
     GDScript backtrace (most recent call first):
         [0] load_case (res://scripts/managers/case_manager.gd:114)
         [1] before_each (res://tests/unit/test_theory_manager.gd:131)
         [2] _run_test (res://addons/gut/gut.gd:605)
         [3] _test_the_scripts (res://addons/gut/gut.gd:818)
WARNING: [TheoryManager] Theory not found: nonexistent
     at: push_warning (core/variant/variant_utility.cpp:1034)
     GDScript backtrace (most recent call first):
         [0] set_motive (res://scripts/managers/theory_manager.gd:118)
         [1] test_set_motive_nonexistent_returns_false (res://tests/unit/test_theory_manager.gd:248)
         [2] _run_test (res://addons/gut/gut.gd:615)
         [3] _test_the_scripts (res://addons/gut/gut.gd:818)
[34m[ExpectedError][0mExpected push_warning error containing '[TheoryManager]'.  
* test_set_time
WARNING: [CaseManager] Validation: EvidenceData: discovery_method is required for evidence 'ev_knife'
     at: push_warning (core/variant/variant_utility.cpp:1034)
     GDScript backtrace (most recent call first):
         [0] load_case (res://scripts/managers/case_manager.gd:114)
         [1] before_each (res://tests/unit/test_theory_manager.gd:131)
         [2] _run_test (res://addons/gut/gut.gd:605)
         [3] _test_the_scripts (res://addons/gut/gut.gd:818)
WARNING: [CaseManager] Validation: EvidenceData: discovery_method is required for evidence 'ev_prints'
     at: push_warning (core/variant/variant_utility.cpp:1034)
     GDScript backtrace (most recent call first):
         [0] load_case (res://scripts/managers/case_manager.gd:114)
         [1] before_each (res://tests/unit/test_theory_manager.gd:131)
         [2] _run_test (res://addons/gut/gut.gd:605)
         [3] _test_the_scripts (res://addons/gut/gut.gd:818)
WARNING: [CaseManager] Validation: EvidenceData: discovery_method is required for evidence 'ev_camera'
     at: push_warning (core/variant/variant_utility.cpp:1034)
     GDScript backtrace (most recent call first):
         [0] load_case (res://scripts/managers/case_manager.gd:114)
         [1] before_each (res://tests/unit/test_theory_manager.gd:131)
         [2] _run_test (res://addons/gut/gut.gd:605)
         [3] _test_the_scripts (res://addons/gut/gut.gd:818)
WARNING: [CaseManager] Validation: EvidenceData: discovery_method is required for evidence 'ev_phone'
     at: push_warning (core/variant/variant_utility.cpp:1034)
     GDScript backtrace (most recent call first):
         [0] load_case (res://scripts/managers/case_manager.gd:114)
         [1] before_each (res://tests/unit/test_theory_manager.gd:131)
         [2] _run_test (res://addons/gut/gut.gd:605)
         [3] _test_the_scripts (res://addons/gut/gut.gd:818)
* test_set_time_nonexistent_returns_false
WARNING: [CaseManager] Validation: EvidenceData: discovery_method is required for evidence 'ev_knife'
     at: push_warning (core/variant/variant_utility.cpp:1034)
     GDScript backtrace (most recent call first):
         [0] load_case (res://scripts/managers/case_manager.gd:114)
         [1] before_each (res://tests/unit/test_theory_manager.gd:131)
         [2] _run_test (res://addons/gut/gut.gd:605)
         [3] _test_the_scripts (res://addons/gut/gut.gd:818)
WARNING: [CaseManager] Validation: EvidenceData: discovery_method is required for evidence 'ev_prints'
     at: push_warning (core/variant/variant_utility.cpp:1034)
     GDScript backtrace (most recent call first):
         [0] load_case (res://scripts/managers/case_manager.gd:114)
         [1] before_each (res://tests/unit/test_theory_manager.gd:131)
         [2] _run_test (res://addons/gut/gut.gd:605)
         [3] _test_the_scripts (res://addons/gut/gut.gd:818)
WARNING: [CaseManager] Validation: EvidenceData: discovery_method is required for evidence 'ev_camera'
     at: push_warning (core/variant/variant_utility.cpp:1034)
     GDScript backtrace (most recent call first):
         [0] load_case (res://scripts/managers/case_manager.gd:114)
         [1] before_each (res://tests/unit/test_theory_manager.gd:131)
         [2] _run_test (res://addons/gut/gut.gd:605)
         [3] _test_the_scripts (res://addons/gut/gut.gd:818)
WARNING: [CaseManager] Validation: EvidenceData: discovery_method is required for evidence 'ev_phone'
     at: push_warning (core/variant/variant_utility.cpp:1034)
     GDScript backtrace (most recent call first):
         [0] load_case (res://scripts/managers/case_manager.gd:114)
         [1] before_each (res://tests/unit/test_theory_manager.gd:131)
         [2] _run_test (res://addons/gut/gut.gd:605)
         [3] _test_the_scripts (res://addons/gut/gut.gd:818)
WARNING: [TheoryManager] Theory not found: nonexistent
     at: push_warning (core/variant/variant_utility.cpp:1034)
     GDScript backtrace (most recent call first):
         [0] set_time (res://scripts/managers/theory_manager.gd:128)
         [1] test_set_time_nonexistent_returns_false (res://tests/unit/test_theory_manager.gd:262)
         [2] _run_test (res://addons/gut/gut.gd:615)
         [3] _test_the_scripts (res://addons/gut/gut.gd:818)
[34m[ExpectedError][0mExpected push_warning error containing '[TheoryManager]'.  
* test_set_method
WARNING: [CaseManager] Validation: EvidenceData: discovery_method is required for evidence 'ev_knife'
     at: push_warning (core/variant/variant_utility.cpp:1034)
     GDScript backtrace (most recent call first):
         [0] load_case (res://scripts/managers/case_manager.gd:114)
         [1] before_each (res://tests/unit/test_theory_manager.gd:131)
         [2] _run_test (res://addons/gut/gut.gd:605)
         [3] _test_the_scripts (res://addons/gut/gut.gd:818)
WARNING: [CaseManager] Validation: EvidenceData: discovery_method is required for evidence 'ev_prints'
     at: push_warning (core/variant/variant_utility.cpp:1034)
     GDScript backtrace (most recent call first):
         [0] load_case (res://scripts/managers/case_manager.gd:114)
         [1] before_each (res://tests/unit/test_theory_manager.gd:131)
         [2] _run_test (res://addons/gut/gut.gd:605)
         [3] _test_the_scripts (res://addons/gut/gut.gd:818)
WARNING: [CaseManager] Validation: EvidenceData: discovery_method is required for evidence 'ev_camera'
     at: push_warning (core/variant/variant_utility.cpp:1034)
     GDScript backtrace (most recent call first):
         [0] load_case (res://scripts/managers/case_manager.gd:114)
         [1] before_each (res://tests/unit/test_theory_manager.gd:131)
         [2] _run_test (res://addons/gut/gut.gd:605)
         [3] _test_the_scripts (res://addons/gut/gut.gd:818)
WARNING: [CaseManager] Validation: EvidenceData: discovery_method is required for evidence 'ev_phone'
     at: push_warning (core/variant/variant_utility.cpp:1034)
     GDScript backtrace (most recent call first):
         [0] load_case (res://scripts/managers/case_manager.gd:114)
         [1] before_each (res://tests/unit/test_theory_manager.gd:131)
         [2] _run_test (res://addons/gut/gut.gd:605)
         [3] _test_the_scripts (res://addons/gut/gut.gd:818)
* test_set_method_nonexistent_returns_false
WARNING: [CaseManager] Validation: EvidenceData: discovery_method is required for evidence 'ev_knife'
     at: push_warning (core/variant/variant_utility.cpp:1034)
     GDScript backtrace (most recent call first):
         [0] load_case (res://scripts/managers/case_manager.gd:114)
         [1] before_each (res://tests/unit/test_theory_manager.gd:131)
         [2] _run_test (res://addons/gut/gut.gd:605)
         [3] _test_the_scripts (res://addons/gut/gut.gd:818)
WARNING: [CaseManager] Validation: EvidenceData: discovery_method is required for evidence 'ev_prints'
     at: push_warning (core/variant/variant_utility.cpp:1034)
     GDScript backtrace (most recent call first):
         [0] load_case (res://scripts/managers/case_manager.gd:114)
         [1] before_each (res://tests/unit/test_theory_manager.gd:131)
         [2] _run_test (res://addons/gut/gut.gd:605)
         [3] _test_the_scripts (res://addons/gut/gut.gd:818)
WARNING: [CaseManager] Validation: EvidenceData: discovery_method is required for evidence 'ev_camera'
     at: push_warning (core/variant/variant_utility.cpp:1034)
     GDScript backtrace (most recent call first):
         [0] load_case (res://scripts/managers/case_manager.gd:114)
         [1] before_each (res://tests/unit/test_theory_manager.gd:131)
         [2] _run_test (res://addons/gut/gut.gd:605)
         [3] _test_the_scripts (res://addons/gut/gut.gd:818)
WARNING: [CaseManager] Validation: EvidenceData: discovery_method is required for evidence 'ev_phone'
     at: push_warning (core/variant/variant_utility.cpp:1034)
     GDScript backtrace (most recent call first):
         [0] load_case (res://scripts/managers/case_manager.gd:114)
         [1] before_each (res://tests/unit/test_theory_manager.gd:131)
         [2] _run_test (res://addons/gut/gut.gd:605)
         [3] _test_the_scripts (res://addons/gut/gut.gd:818)
WARNING: [TheoryManager] Theory not found: nonexistent
     at: push_warning (core/variant/variant_utility.cpp:1034)
     GDScript backtrace (most recent call first):
         [0] set_method (res://scripts/managers/theory_manager.gd:139)
         [1] test_set_method_nonexistent_returns_false (res://tests/unit/test_theory_manager.gd:275)
         [2] _run_test (res://addons/gut/gut.gd:615)
         [3] _test_the_scripts (res://addons/gut/gut.gd:818)
[34m[ExpectedError][0mExpected push_warning error containing '[TheoryManager]'.  
* test_set_timeline_links
WARNING: [CaseManager] Validation: EvidenceData: discovery_method is required for evidence 'ev_knife'
     at: push_warning (core/variant/variant_utility.cpp:1034)
     GDScript backtrace (most recent call first):
         [0] load_case (res://scripts/managers/case_manager.gd:114)
         [1] before_each (res://tests/unit/test_theory_manager.gd:131)
         [2] _run_test (res://addons/gut/gut.gd:605)
         [3] _test_the_scripts (res://addons/gut/gut.gd:818)
WARNING: [CaseManager] Validation: EvidenceData: discovery_method is required for evidence 'ev_prints'
     at: push_warning (core/variant/variant_utility.cpp:1034)
     GDScript backtrace (most recent call first):
         [0] load_case (res://scripts/managers/case_manager.gd:114)
         [1] before_each (res://tests/unit/test_theory_manager.gd:131)
         [2] _run_test (res://addons/gut/gut.gd:605)
         [3] _test_the_scripts (res://addons/gut/gut.gd:818)
WARNING: [CaseManager] Validation: EvidenceData: discovery_method is required for evidence 'ev_camera'
     at: push_warning (core/variant/variant_utility.cpp:1034)
     GDScript backtrace (most recent call first):
         [0] load_case (res://scripts/managers/case_manager.gd:114)
         [1] before_each (res://tests/unit/test_theory_manager.gd:131)
         [2] _run_test (res://addons/gut/gut.gd:605)
         [3] _test_the_scripts (res://addons/gut/gut.gd:818)
WARNING: [CaseManager] Validation: EvidenceData: discovery_method is required for evidence 'ev_phone'
     at: push_warning (core/variant/variant_utility.cpp:1034)
     GDScript backtrace (most recent call first):
         [0] load_case (res://scripts/managers/case_manager.gd:114)
         [1] before_each (res://tests/unit/test_theory_manager.gd:131)
         [2] _run_test (res://addons/gut/gut.gd:605)
         [3] _test_the_scripts (res://addons/gut/gut.gd:818)
* test_set_timeline_links_nonexistent_returns_false
WARNING: [CaseManager] Validation: EvidenceData: discovery_method is required for evidence 'ev_knife'
     at: push_warning (core/variant/variant_utility.cpp:1034)
     GDScript backtrace (most recent call first):
         [0] load_case (res://scripts/managers/case_manager.gd:114)
         [1] before_each (res://tests/unit/test_theory_manager.gd:131)
         [2] _run_test (res://addons/gut/gut.gd:605)
         [3] _test_the_scripts (res://addons/gut/gut.gd:818)
WARNING: [CaseManager] Validation: EvidenceData: discovery_method is required for evidence 'ev_prints'
     at: push_warning (core/variant/variant_utility.cpp:1034)
     GDScript backtrace (most recent call first):
         [0] load_case (res://scripts/managers/case_manager.gd:114)
         [1] before_each (res://tests/unit/test_theory_manager.gd:131)
         [2] _run_test (res://addons/gut/gut.gd:605)
         [3] _test_the_scripts (res://addons/gut/gut.gd:818)
WARNING: [CaseManager] Validation: EvidenceData: discovery_method is required for evidence 'ev_camera'
     at: push_warning (core/variant/variant_utility.cpp:1034)
     GDScript backtrace (most recent call first):
         [0] load_case (res://scripts/managers/case_manager.gd:114)
         [1] before_each (res://tests/unit/test_theory_manager.gd:131)
         [2] _run_test (res://addons/gut/gut.gd:605)
         [3] _test_the_scripts (res://addons/gut/gut.gd:818)
WARNING: [CaseManager] Validation: EvidenceData: discovery_method is required for evidence 'ev_phone'
     at: push_warning (core/variant/variant_utility.cpp:1034)
     GDScript backtrace (most recent call first):
         [0] load_case (res://scripts/managers/case_manager.gd:114)
         [1] before_each (res://tests/unit/test_theory_manager.gd:131)
         [2] _run_test (res://addons/gut/gut.gd:605)
         [3] _test_the_scripts (res://addons/gut/gut.gd:818)
WARNING: [TheoryManager] Theory not found: nonexistent
     at: push_warning (core/variant/variant_utility.cpp:1034)
     GDScript backtrace (most recent call first):
         [0] set_timeline_links (res://scripts/managers/theory_manager.gd:149)
         [1] test_set_timeline_links_nonexistent_returns_false (res://tests/unit/test_theory_manager.gd:290)
         [2] _run_test (res://addons/gut/gut.gd:615)
         [3] _test_the_scripts (res://addons/gut/gut.gd:818)
[34m[ExpectedError][0mExpected push_warning error containing '[TheoryManager]'.  
* test_attach_evidence
WARNING: [CaseManager] Validation: EvidenceData: discovery_method is required for evidence 'ev_knife'
     at: push_warning (core/variant/variant_utility.cpp:1034)
     GDScript backtrace (most recent call first):
         [0] load_case (res://scripts/managers/case_manager.gd:114)
         [1] before_each (res://tests/unit/test_theory_manager.gd:131)
         [2] _run_test (res://addons/gut/gut.gd:605)
         [3] _test_the_scripts (res://addons/gut/gut.gd:818)
WARNING: [CaseManager] Validation: EvidenceData: discovery_method is required for evidence 'ev_prints'
     at: push_warning (core/variant/variant_utility.cpp:1034)
     GDScript backtrace (most recent call first):
         [0] load_case (res://scripts/managers/case_manager.gd:114)
         [1] before_each (res://tests/unit/test_theory_manager.gd:131)
         [2] _run_test (res://addons/gut/gut.gd:605)
         [3] _test_the_scripts (res://addons/gut/gut.gd:818)
WARNING: [CaseManager] Validation: EvidenceData: discovery_method is required for evidence 'ev_camera'
     at: push_warning (core/variant/variant_utility.cpp:1034)
     GDScript backtrace (most recent call first):
         [0] load_case (res://scripts/managers/case_manager.gd:114)
         [1] before_each (res://tests/unit/test_theory_manager.gd:131)
         [2] _run_test (res://addons/gut/gut.gd:605)
         [3] _test_the_scripts (res://addons/gut/gut.gd:818)
WARNING: [CaseManager] Validation: EvidenceData: discovery_method is required for evidence 'ev_phone'
     at: push_warning (core/variant/variant_utility.cpp:1034)
     GDScript backtrace (most recent call first):
         [0] load_case (res://scripts/managers/case_manager.gd:114)
         [1] before_each (res://tests/unit/test_theory_manager.gd:131)
         [2] _run_test (res://addons/gut/gut.gd:605)
         [3] _test_the_scripts (res://addons/gut/gut.gd:818)
* test_attach_evidence_emits_updated
WARNING: [CaseManager] Validation: EvidenceData: discovery_method is required for evidence 'ev_knife'
     at: push_warning (core/variant/variant_utility.cpp:1034)
     GDScript backtrace (most recent call first):
         [0] load_case (res://scripts/managers/case_manager.gd:114)
         [1] before_each (res://tests/unit/test_theory_manager.gd:131)
         [2] _run_test (res://addons/gut/gut.gd:605)
         [3] _test_the_scripts (res://addons/gut/gut.gd:818)
WARNING: [CaseManager] Validation: EvidenceData: discovery_method is required for evidence 'ev_prints'
     at: push_warning (core/variant/variant_utility.cpp:1034)
     GDScript backtrace (most recent call first):
         [0] load_case (res://scripts/managers/case_manager.gd:114)
         [1] before_each (res://tests/unit/test_theory_manager.gd:131)
         [2] _run_test (res://addons/gut/gut.gd:605)
         [3] _test_the_scripts (res://addons/gut/gut.gd:818)
WARNING: [CaseManager] Validation: EvidenceData: discovery_method is required for evidence 'ev_camera'
     at: push_warning (core/variant/variant_utility.cpp:1034)
     GDScript backtrace (most recent call first):
         [0] load_case (res://scripts/managers/case_manager.gd:114)
         [1] before_each (res://tests/unit/test_theory_manager.gd:131)
         [2] _run_test (res://addons/gut/gut.gd:605)
         [3] _test_the_scripts (res://addons/gut/gut.gd:818)
WARNING: [CaseManager] Validation: EvidenceData: discovery_method is required for evidence 'ev_phone'
     at: push_warning (core/variant/variant_utility.cpp:1034)
     GDScript backtrace (most recent call first):
         [0] load_case (res://scripts/managers/case_manager.gd:114)
         [1] before_each (res://tests/unit/test_theory_manager.gd:131)
         [2] _run_test (res://addons/gut/gut.gd:605)
         [3] _test_the_scripts (res://addons/gut/gut.gd:818)
* test_attach_evidence_duplicate_returns_false
WARNING: [CaseManager] Validation: EvidenceData: discovery_method is required for evidence 'ev_knife'
     at: push_warning (core/variant/variant_utility.cpp:1034)
     GDScript backtrace (most recent call first):
         [0] load_case (res://scripts/managers/case_manager.gd:114)
         [1] before_each (res://tests/unit/test_theory_manager.gd:131)
         [2] _run_test (res://addons/gut/gut.gd:605)
         [3] _test_the_scripts (res://addons/gut/gut.gd:818)
WARNING: [CaseManager] Validation: EvidenceData: discovery_method is required for evidence 'ev_prints'
     at: push_warning (core/variant/variant_utility.cpp:1034)
     GDScript backtrace (most recent call first):
         [0] load_case (res://scripts/managers/case_manager.gd:114)
         [1] before_each (res://tests/unit/test_theory_manager.gd:131)
         [2] _run_test (res://addons/gut/gut.gd:605)
         [3] _test_the_scripts (res://addons/gut/gut.gd:818)
WARNING: [CaseManager] Validation: EvidenceData: discovery_method is required for evidence 'ev_camera'
     at: push_warning (core/variant/variant_utility.cpp:1034)
     GDScript backtrace (most recent call first):
         [0] load_case (res://scripts/managers/case_manager.gd:114)
         [1] before_each (res://tests/unit/test_theory_manager.gd:131)
         [2] _run_test (res://addons/gut/gut.gd:605)
         [3] _test_the_scripts (res://addons/gut/gut.gd:818)
WARNING: [CaseManager] Validation: EvidenceData: discovery_method is required for evidence 'ev_phone'
     at: push_warning (core/variant/variant_utility.cpp:1034)
     GDScript backtrace (most recent call first):
         [0] load_case (res://scripts/managers/case_manager.gd:114)
         [1] before_each (res://tests/unit/test_theory_manager.gd:131)
         [2] _run_test (res://addons/gut/gut.gd:605)
         [3] _test_the_scripts (res://addons/gut/gut.gd:818)
* test_attach_evidence_max_three_per_step
WARNING: [CaseManager] Validation: EvidenceData: discovery_method is required for evidence 'ev_knife'
     at: push_warning (core/variant/variant_utility.cpp:1034)
     GDScript backtrace (most recent call first):
         [0] load_case (res://scripts/managers/case_manager.gd:114)
         [1] before_each (res://tests/unit/test_theory_manager.gd:131)
         [2] _run_test (res://addons/gut/gut.gd:605)
         [3] _test_the_scripts (res://addons/gut/gut.gd:818)
WARNING: [CaseManager] Validation: EvidenceData: discovery_method is required for evidence 'ev_prints'
     at: push_warning (core/variant/variant_utility.cpp:1034)
     GDScript backtrace (most recent call first):
         [0] load_case (res://scripts/managers/case_manager.gd:114)
         [1] before_each (res://tests/unit/test_theory_manager.gd:131)
         [2] _run_test (res://addons/gut/gut.gd:605)
         [3] _test_the_scripts (res://addons/gut/gut.gd:818)
WARNING: [CaseManager] Validation: EvidenceData: discovery_method is required for evidence 'ev_camera'
     at: push_warning (core/variant/variant_utility.cpp:1034)
     GDScript backtrace (most recent call first):
         [0] load_case (res://scripts/managers/case_manager.gd:114)
         [1] before_each (res://tests/unit/test_theory_manager.gd:131)
         [2] _run_test (res://addons/gut/gut.gd:605)
         [3] _test_the_scripts (res://addons/gut/gut.gd:818)
WARNING: [CaseManager] Validation: EvidenceData: discovery_method is required for evidence 'ev_phone'
     at: push_warning (core/variant/variant_utility.cpp:1034)
     GDScript backtrace (most recent call first):
         [0] load_case (res://scripts/managers/case_manager.gd:114)
         [1] before_each (res://tests/unit/test_theory_manager.gd:131)
         [2] _run_test (res://addons/gut/gut.gd:605)
         [3] _test_the_scripts (res://addons/gut/gut.gd:818)
WARNING: [TheoryManager] Max evidence reached for step 'suspect'.
     at: push_warning (core/variant/variant_utility.cpp:1034)
     GDScript backtrace (most recent call first):
         [0] attach_evidence (res://scripts/managers/theory_manager.gd:172)
         [1] test_attach_evidence_max_three_per_step (res://tests/unit/test_theory_manager.gd:327)
         [2] _run_test (res://addons/gut/gut.gd:615)
         [3] _test_the_scripts (res://addons/gut/gut.gd:818)
[34m[ExpectedError][0mExpected push_warning error containing '[TheoryManager]'.  
* test_attach_evidence_invalid_step_returns_false
WARNING: [CaseManager] Validation: EvidenceData: discovery_method is required for evidence 'ev_knife'
     at: push_warning (core/variant/variant_utility.cpp:1034)
     GDScript backtrace (most recent call first):
         [0] load_case (res://scripts/managers/case_manager.gd:114)
         [1] before_each (res://tests/unit/test_theory_manager.gd:131)
         [2] _run_test (res://addons/gut/gut.gd:605)
         [3] _test_the_scripts (res://addons/gut/gut.gd:818)
WARNING: [CaseManager] Validation: EvidenceData: discovery_method is required for evidence 'ev_prints'
     at: push_warning (core/variant/variant_utility.cpp:1034)
     GDScript backtrace (most recent call first):
         [0] load_case (res://scripts/managers/case_manager.gd:114)
         [1] before_each (res://tests/unit/test_theory_manager.gd:131)
         [2] _run_test (res://addons/gut/gut.gd:605)
         [3] _test_the_scripts (res://addons/gut/gut.gd:818)
WARNING: [CaseManager] Validation: EvidenceData: discovery_method is required for evidence 'ev_camera'
     at: push_warning (core/variant/variant_utility.cpp:1034)
     GDScript backtrace (most recent call first):
         [0] load_case (res://scripts/managers/case_manager.gd:114)
         [1] before_each (res://tests/unit/test_theory_manager.gd:131)
         [2] _run_test (res://addons/gut/gut.gd:605)
         [3] _test_the_scripts (res://addons/gut/gut.gd:818)
WARNING: [CaseManager] Validation: EvidenceData: discovery_method is required for evidence 'ev_phone'
     at: push_warning (core/variant/variant_utility.cpp:1034)
     GDScript backtrace (most recent call first):
         [0] load_case (res://scripts/managers/case_manager.gd:114)
         [1] before_each (res://tests/unit/test_theory_manager.gd:131)
         [2] _run_test (res://addons/gut/gut.gd:605)
         [3] _test_the_scripts (res://addons/gut/gut.gd:818)
ERROR: [TheoryManager] Invalid step: invalid_step
   at: push_error (core/variant/variant_utility.cpp:1024)
   GDScript backtrace (most recent call first):
       [0] attach_evidence (res://scripts/managers/theory_manager.gd:165)
       [1] test_attach_evidence_invalid_step_returns_false (res://tests/unit/test_theory_manager.gd:335)
       [2] _run_test (res://addons/gut/gut.gd:615)
       [3] _test_the_scripts (res://addons/gut/gut.gd:818)
[34m[ExpectedError][0mExpected push_error error containing '[TheoryManager] Invalid step: invalid_step'.  
* test_attach_evidence_nonexistent_theory_returns_false
WARNING: [CaseManager] Validation: EvidenceData: discovery_method is required for evidence 'ev_knife'
     at: push_warning (core/variant/variant_utility.cpp:1034)
     GDScript backtrace (most recent call first):
         [0] load_case (res://scripts/managers/case_manager.gd:114)
         [1] before_each (res://tests/unit/test_theory_manager.gd:131)
         [2] _run_test (res://addons/gut/gut.gd:605)
         [3] _test_the_scripts (res://addons/gut/gut.gd:818)
WARNING: [CaseManager] Validation: EvidenceData: discovery_method is required for evidence 'ev_prints'
     at: push_warning (core/variant/variant_utility.cpp:1034)
     GDScript backtrace (most recent call first):
         [0] load_case (res://scripts/managers/case_manager.gd:114)
         [1] before_each (res://tests/unit/test_theory_manager.gd:131)
         [2] _run_test (res://addons/gut/gut.gd:605)
         [3] _test_the_scripts (res://addons/gut/gut.gd:818)
WARNING: [CaseManager] Validation: EvidenceData: discovery_method is required for evidence 'ev_camera'
     at: push_warning (core/variant/variant_utility.cpp:1034)
     GDScript backtrace (most recent call first):
         [0] load_case (res://scripts/managers/case_manager.gd:114)
         [1] before_each (res://tests/unit/test_theory_manager.gd:131)
         [2] _run_test (res://addons/gut/gut.gd:605)
         [3] _test_the_scripts (res://addons/gut/gut.gd:818)
WARNING: [CaseManager] Validation: EvidenceData: discovery_method is required for evidence 'ev_phone'
     at: push_warning (core/variant/variant_utility.cpp:1034)
     GDScript backtrace (most recent call first):
         [0] load_case (res://scripts/managers/case_manager.gd:114)
         [1] before_each (res://tests/unit/test_theory_manager.gd:131)
         [2] _run_test (res://addons/gut/gut.gd:605)
         [3] _test_the_scripts (res://addons/gut/gut.gd:818)
WARNING: [TheoryManager] Theory not found: nonexistent
     at: push_warning (core/variant/variant_utility.cpp:1034)
     GDScript backtrace (most recent call first):
         [0] attach_evidence (res://scripts/managers/theory_manager.gd:161)
         [1] test_attach_evidence_nonexistent_theory_returns_false (res://tests/unit/test_theory_manager.gd:341)
         [2] _run_test (res://addons/gut/gut.gd:615)
         [3] _test_the_scripts (res://addons/gut/gut.gd:818)
[34m[ExpectedError][0mExpected push_warning error containing '[TheoryManager]'.  
* test_detach_evidence
WARNING: [CaseManager] Validation: EvidenceData: discovery_method is required for evidence 'ev_knife'
     at: push_warning (core/variant/variant_utility.cpp:1034)
     GDScript backtrace (most recent call first):
         [0] load_case (res://scripts/managers/case_manager.gd:114)
         [1] before_each (res://tests/unit/test_theory_manager.gd:131)
         [2] _run_test (res://addons/gut/gut.gd:605)
         [3] _test_the_scripts (res://addons/gut/gut.gd:818)
WARNING: [CaseManager] Validation: EvidenceData: discovery_method is required for evidence 'ev_prints'
     at: push_warning (core/variant/variant_utility.cpp:1034)
     GDScript backtrace (most recent call first):
         [0] load_case (res://scripts/managers/case_manager.gd:114)
         [1] before_each (res://tests/unit/test_theory_manager.gd:131)
         [2] _run_test (res://addons/gut/gut.gd:605)
         [3] _test_the_scripts (res://addons/gut/gut.gd:818)
WARNING: [CaseManager] Validation: EvidenceData: discovery_method is required for evidence 'ev_camera'
     at: push_warning (core/variant/variant_utility.cpp:1034)
     GDScript backtrace (most recent call first):
         [0] load_case (res://scripts/managers/case_manager.gd:114)
         [1] before_each (res://tests/unit/test_theory_manager.gd:131)
         [2] _run_test (res://addons/gut/gut.gd:605)
         [3] _test_the_scripts (res://addons/gut/gut.gd:818)
WARNING: [CaseManager] Validation: EvidenceData: discovery_method is required for evidence 'ev_phone'
     at: push_warning (core/variant/variant_utility.cpp:1034)
     GDScript backtrace (most recent call first):
         [0] load_case (res://scripts/managers/case_manager.gd:114)
         [1] before_each (res://tests/unit/test_theory_manager.gd:131)
         [2] _run_test (res://addons/gut/gut.gd:605)
         [3] _test_the_scripts (res://addons/gut/gut.gd:818)
* test_detach_evidence_not_attached_returns_false
WARNING: [CaseManager] Validation: EvidenceData: discovery_method is required for evidence 'ev_knife'
     at: push_warning (core/variant/variant_utility.cpp:1034)
     GDScript backtrace (most recent call first):
         [0] load_case (res://scripts/managers/case_manager.gd:114)
         [1] before_each (res://tests/unit/test_theory_manager.gd:131)
         [2] _run_test (res://addons/gut/gut.gd:605)
         [3] _test_the_scripts (res://addons/gut/gut.gd:818)
WARNING: [CaseManager] Validation: EvidenceData: discovery_method is required for evidence 'ev_prints'
     at: push_warning (core/variant/variant_utility.cpp:1034)
     GDScript backtrace (most recent call first):
         [0] load_case (res://scripts/managers/case_manager.gd:114)
         [1] before_each (res://tests/unit/test_theory_manager.gd:131)
         [2] _run_test (res://addons/gut/gut.gd:605)
         [3] _test_the_scripts (res://addons/gut/gut.gd:818)
WARNING: [CaseManager] Validation: EvidenceData: discovery_method is required for evidence 'ev_camera'
     at: push_warning (core/variant/variant_utility.cpp:1034)
     GDScript backtrace (most recent call first):
         [0] load_case (res://scripts/managers/case_manager.gd:114)
         [1] before_each (res://tests/unit/test_theory_manager.gd:131)
         [2] _run_test (res://addons/gut/gut.gd:605)
         [3] _test_the_scripts (res://addons/gut/gut.gd:818)
WARNING: [CaseManager] Validation: EvidenceData: discovery_method is required for evidence 'ev_phone'
     at: push_warning (core/variant/variant_utility.cpp:1034)
     GDScript backtrace (most recent call first):
         [0] load_case (res://scripts/managers/case_manager.gd:114)
         [1] before_each (res://tests/unit/test_theory_manager.gd:131)
         [2] _run_test (res://addons/gut/gut.gd:605)
         [3] _test_the_scripts (res://addons/gut/gut.gd:818)
* test_detach_evidence_invalid_step_returns_false
WARNING: [CaseManager] Validation: EvidenceData: discovery_method is required for evidence 'ev_knife'
     at: push_warning (core/variant/variant_utility.cpp:1034)
     GDScript backtrace (most recent call first):
         [0] load_case (res://scripts/managers/case_manager.gd:114)
         [1] before_each (res://tests/unit/test_theory_manager.gd:131)
         [2] _run_test (res://addons/gut/gut.gd:605)
         [3] _test_the_scripts (res://addons/gut/gut.gd:818)
WARNING: [CaseManager] Validation: EvidenceData: discovery_method is required for evidence 'ev_prints'
     at: push_warning (core/variant/variant_utility.cpp:1034)
     GDScript backtrace (most recent call first):
         [0] load_case (res://scripts/managers/case_manager.gd:114)
         [1] before_each (res://tests/unit/test_theory_manager.gd:131)
         [2] _run_test (res://addons/gut/gut.gd:605)
         [3] _test_the_scripts (res://addons/gut/gut.gd:818)
WARNING: [CaseManager] Validation: EvidenceData: discovery_method is required for evidence 'ev_camera'
     at: push_warning (core/variant/variant_utility.cpp:1034)
     GDScript backtrace (most recent call first):
         [0] load_case (res://scripts/managers/case_manager.gd:114)
         [1] before_each (res://tests/unit/test_theory_manager.gd:131)
         [2] _run_test (res://addons/gut/gut.gd:605)
         [3] _test_the_scripts (res://addons/gut/gut.gd:818)
WARNING: [CaseManager] Validation: EvidenceData: discovery_method is required for evidence 'ev_phone'
     at: push_warning (core/variant/variant_utility.cpp:1034)
     GDScript backtrace (most recent call first):
         [0] load_case (res://scripts/managers/case_manager.gd:114)
         [1] before_each (res://tests/unit/test_theory_manager.gd:131)
         [2] _run_test (res://addons/gut/gut.gd:605)
         [3] _test_the_scripts (res://addons/gut/gut.gd:818)
ERROR: [TheoryManager] Invalid step: invalid
   at: push_error (core/variant/variant_utility.cpp:1024)
   GDScript backtrace (most recent call first):
       [0] detach_evidence (res://scripts/managers/theory_manager.gd:187)
       [1] test_detach_evidence_invalid_step_returns_false (res://tests/unit/test_theory_manager.gd:362)
       [2] _run_test (res://addons/gut/gut.gd:615)
       [3] _test_the_scripts (res://addons/gut/gut.gd:818)
[34m[ExpectedError][0mExpected push_error error containing '[TheoryManager] Invalid step: invalid'.  
* test_get_step_evidence_nonexistent_theory
WARNING: [CaseManager] Validation: EvidenceData: discovery_method is required for evidence 'ev_knife'
     at: push_warning (core/variant/variant_utility.cpp:1034)
     GDScript backtrace (most recent call first):
         [0] load_case (res://scripts/managers/case_manager.gd:114)
         [1] before_each (res://tests/unit/test_theory_manager.gd:131)
         [2] _run_test (res://addons/gut/gut.gd:605)
         [3] _test_the_scripts (res://addons/gut/gut.gd:818)
WARNING: [CaseManager] Validation: EvidenceData: discovery_method is required for evidence 'ev_prints'
     at: push_warning (core/variant/variant_utility.cpp:1034)
     GDScript backtrace (most recent call first):
         [0] load_case (res://scripts/managers/case_manager.gd:114)
         [1] before_each (res://tests/unit/test_theory_manager.gd:131)
         [2] _run_test (res://addons/gut/gut.gd:605)
         [3] _test_the_scripts (res://addons/gut/gut.gd:818)
WARNING: [CaseManager] Validation: EvidenceData: discovery_method is required for evidence 'ev_camera'
     at: push_warning (core/variant/variant_utility.cpp:1034)
     GDScript backtrace (most recent call first):
         [0] load_case (res://scripts/managers/case_manager.gd:114)
         [1] before_each (res://tests/unit/test_theory_manager.gd:131)
         [2] _run_test (res://addons/gut/gut.gd:605)
         [3] _test_the_scripts (res://addons/gut/gut.gd:818)
WARNING: [CaseManager] Validation: EvidenceData: discovery_method is required for evidence 'ev_phone'
     at: push_warning (core/variant/variant_utility.cpp:1034)
     GDScript backtrace (most recent call first):
         [0] load_case (res://scripts/managers/case_manager.gd:114)
         [1] before_each (res://tests/unit/test_theory_manager.gd:131)
         [2] _run_test (res://addons/gut/gut.gd:605)
         [3] _test_the_scripts (res://addons/gut/gut.gd:818)
* test_get_step_evidence_invalid_step
WARNING: [CaseManager] Validation: EvidenceData: discovery_method is required for evidence 'ev_knife'
     at: push_warning (core/variant/variant_utility.cpp:1034)
     GDScript backtrace (most recent call first):
         [0] load_case (res://scripts/managers/case_manager.gd:114)
         [1] before_each (res://tests/unit/test_theory_manager.gd:131)
         [2] _run_test (res://addons/gut/gut.gd:605)
         [3] _test_the_scripts (res://addons/gut/gut.gd:818)
WARNING: [CaseManager] Validation: EvidenceData: discovery_method is required for evidence 'ev_prints'
     at: push_warning (core/variant/variant_utility.cpp:1034)
     GDScript backtrace (most recent call first):
         [0] load_case (res://scripts/managers/case_manager.gd:114)
         [1] before_each (res://tests/unit/test_theory_manager.gd:131)
         [2] _run_test (res://addons/gut/gut.gd:605)
         [3] _test_the_scripts (res://addons/gut/gut.gd:818)
WARNING: [CaseManager] Validation: EvidenceData: discovery_method is required for evidence 'ev_camera'
     at: push_warning (core/variant/variant_utility.cpp:1034)
     GDScript backtrace (most recent call first):
         [0] load_case (res://scripts/managers/case_manager.gd:114)
         [1] before_each (res://tests/unit/test_theory_manager.gd:131)
         [2] _run_test (res://addons/gut/gut.gd:605)
         [3] _test_the_scripts (res://addons/gut/gut.gd:818)
WARNING: [CaseManager] Validation: EvidenceData: discovery_method is required for evidence 'ev_phone'
     at: push_warning (core/variant/variant_utility.cpp:1034)
     GDScript backtrace (most recent call first):
         [0] load_case (res://scripts/managers/case_manager.gd:114)
         [1] before_each (res://tests/unit/test_theory_manager.gd:131)
         [2] _run_test (res://addons/gut/gut.gd:605)
         [3] _test_the_scripts (res://addons/gut/gut.gd:818)
* test_evidence_per_step_independence
WARNING: [CaseManager] Validation: EvidenceData: discovery_method is required for evidence 'ev_knife'
     at: push_warning (core/variant/variant_utility.cpp:1034)
     GDScript backtrace (most recent call first):
         [0] load_case (res://scripts/managers/case_manager.gd:114)
         [1] before_each (res://tests/unit/test_theory_manager.gd:131)
         [2] _run_test (res://addons/gut/gut.gd:605)
         [3] _test_the_scripts (res://addons/gut/gut.gd:818)
WARNING: [CaseManager] Validation: EvidenceData: discovery_method is required for evidence 'ev_prints'
     at: push_warning (core/variant/variant_utility.cpp:1034)
     GDScript backtrace (most recent call first):
         [0] load_case (res://scripts/managers/case_manager.gd:114)
         [1] before_each (res://tests/unit/test_theory_manager.gd:131)
         [2] _run_test (res://addons/gut/gut.gd:605)
         [3] _test_the_scripts (res://addons/gut/gut.gd:818)
WARNING: [CaseManager] Validation: EvidenceData: discovery_method is required for evidence 'ev_camera'
     at: push_warning (core/variant/variant_utility.cpp:1034)
     GDScript backtrace (most recent call first):
         [0] load_case (res://scripts/managers/case_manager.gd:114)
         [1] before_each (res://tests/unit/test_theory_manager.gd:131)
         [2] _run_test (res://addons/gut/gut.gd:605)
         [3] _test_the_scripts (res://addons/gut/gut.gd:818)
WARNING: [CaseManager] Validation: EvidenceData: discovery_method is required for evidence 'ev_phone'
     at: push_warning (core/variant/variant_utility.cpp:1034)
     GDScript backtrace (most recent call first):
         [0] load_case (res://scripts/managers/case_manager.gd:114)
         [1] before_each (res://tests/unit/test_theory_manager.gd:131)
         [2] _run_test (res://addons/gut/gut.gd:605)
         [3] _test_the_scripts (res://addons/gut/gut.gd:818)
* test_strength_none_with_no_evidence
WARNING: [CaseManager] Validation: EvidenceData: discovery_method is required for evidence 'ev_knife'
     at: push_warning (core/variant/variant_utility.cpp:1034)
     GDScript backtrace (most recent call first):
         [0] load_case (res://scripts/managers/case_manager.gd:114)
         [1] before_each (res://tests/unit/test_theory_manager.gd:131)
         [2] _run_test (res://addons/gut/gut.gd:605)
         [3] _test_the_scripts (res://addons/gut/gut.gd:818)
WARNING: [CaseManager] Validation: EvidenceData: discovery_method is required for evidence 'ev_prints'
     at: push_warning (core/variant/variant_utility.cpp:1034)
     GDScript backtrace (most recent call first):
         [0] load_case (res://scripts/managers/case_manager.gd:114)
         [1] before_each (res://tests/unit/test_theory_manager.gd:131)
         [2] _run_test (res://addons/gut/gut.gd:605)
         [3] _test_the_scripts (res://addons/gut/gut.gd:818)
WARNING: [CaseManager] Validation: EvidenceData: discovery_method is required for evidence 'ev_camera'
     at: push_warning (core/variant/variant_utility.cpp:1034)
     GDScript backtrace (most recent call first):
         [0] load_case (res://scripts/managers/case_manager.gd:114)
         [1] before_each (res://tests/unit/test_theory_manager.gd:131)
         [2] _run_test (res://addons/gut/gut.gd:605)
         [3] _test_the_scripts (res://addons/gut/gut.gd:818)
WARNING: [CaseManager] Validation: EvidenceData: discovery_method is required for evidence 'ev_phone'
     at: push_warning (core/variant/variant_utility.cpp:1034)
     GDScript backtrace (most recent call first):
         [0] load_case (res://scripts/managers/case_manager.gd:114)
         [1] before_each (res://tests/unit/test_theory_manager.gd:131)
         [2] _run_test (res://addons/gut/gut.gd:605)
         [3] _test_the_scripts (res://addons/gut/gut.gd:818)
* test_strength_weak_with_one_evidence
WARNING: [CaseManager] Validation: EvidenceData: discovery_method is required for evidence 'ev_knife'
     at: push_warning (core/variant/variant_utility.cpp:1034)
     GDScript backtrace (most recent call first):
         [0] load_case (res://scripts/managers/case_manager.gd:114)
         [1] before_each (res://tests/unit/test_theory_manager.gd:131)
         [2] _run_test (res://addons/gut/gut.gd:605)
         [3] _test_the_scripts (res://addons/gut/gut.gd:818)
WARNING: [CaseManager] Validation: EvidenceData: discovery_method is required for evidence 'ev_prints'
     at: push_warning (core/variant/variant_utility.cpp:1034)
     GDScript backtrace (most recent call first):
         [0] load_case (res://scripts/managers/case_manager.gd:114)
         [1] before_each (res://tests/unit/test_theory_manager.gd:131)
         [2] _run_test (res://addons/gut/gut.gd:605)
         [3] _test_the_scripts (res://addons/gut/gut.gd:818)
WARNING: [CaseManager] Validation: EvidenceData: discovery_method is required for evidence 'ev_camera'
     at: push_warning (core/variant/variant_utility.cpp:1034)
     GDScript backtrace (most recent call first):
         [0] load_case (res://scripts/managers/case_manager.gd:114)
         [1] before_each (res://tests/unit/test_theory_manager.gd:131)
         [2] _run_test (res://addons/gut/gut.gd:605)
         [3] _test_the_scripts (res://addons/gut/gut.gd:818)
WARNING: [CaseManager] Validation: EvidenceData: discovery_method is required for evidence 'ev_phone'
     at: push_warning (core/variant/variant_utility.cpp:1034)
     GDScript backtrace (most recent call first):
         [0] load_case (res://scripts/managers/case_manager.gd:114)
         [1] before_each (res://tests/unit/test_theory_manager.gd:131)
         [2] _run_test (res://addons/gut/gut.gd:605)
         [3] _test_the_scripts (res://addons/gut/gut.gd:818)
* test_strength_moderate_with_two_evidence
WARNING: [CaseManager] Validation: EvidenceData: discovery_method is required for evidence 'ev_knife'
     at: push_warning (core/variant/variant_utility.cpp:1034)
     GDScript backtrace (most recent call first):
         [0] load_case (res://scripts/managers/case_manager.gd:114)
         [1] before_each (res://tests/unit/test_theory_manager.gd:131)
         [2] _run_test (res://addons/gut/gut.gd:605)
         [3] _test_the_scripts (res://addons/gut/gut.gd:818)
WARNING: [CaseManager] Validation: EvidenceData: discovery_method is required for evidence 'ev_prints'
     at: push_warning (core/variant/variant_utility.cpp:1034)
     GDScript backtrace (most recent call first):
         [0] load_case (res://scripts/managers/case_manager.gd:114)
         [1] before_each (res://tests/unit/test_theory_manager.gd:131)
         [2] _run_test (res://addons/gut/gut.gd:605)
         [3] _test_the_scripts (res://addons/gut/gut.gd:818)
WARNING: [CaseManager] Validation: EvidenceData: discovery_method is required for evidence 'ev_camera'
     at: push_warning (core/variant/variant_utility.cpp:1034)
     GDScript backtrace (most recent call first):
         [0] load_case (res://scripts/managers/case_manager.gd:114)
         [1] before_each (res://tests/unit/test_theory_manager.gd:131)
         [2] _run_test (res://addons/gut/gut.gd:605)
         [3] _test_the_scripts (res://addons/gut/gut.gd:818)
WARNING: [CaseManager] Validation: EvidenceData: discovery_method is required for evidence 'ev_phone'
     at: push_warning (core/variant/variant_utility.cpp:1034)
     GDScript backtrace (most recent call first):
         [0] load_case (res://scripts/managers/case_manager.gd:114)
         [1] before_each (res://tests/unit/test_theory_manager.gd:131)
         [2] _run_test (res://addons/gut/gut.gd:605)
         [3] _test_the_scripts (res://addons/gut/gut.gd:818)
* test_strength_strong_with_three_evidence
WARNING: [CaseManager] Validation: EvidenceData: discovery_method is required for evidence 'ev_knife'
     at: push_warning (core/variant/variant_utility.cpp:1034)
     GDScript backtrace (most recent call first):
         [0] load_case (res://scripts/managers/case_manager.gd:114)
         [1] before_each (res://tests/unit/test_theory_manager.gd:131)
         [2] _run_test (res://addons/gut/gut.gd:605)
         [3] _test_the_scripts (res://addons/gut/gut.gd:818)
WARNING: [CaseManager] Validation: EvidenceData: discovery_method is required for evidence 'ev_prints'
     at: push_warning (core/variant/variant_utility.cpp:1034)
     GDScript backtrace (most recent call first):
         [0] load_case (res://scripts/managers/case_manager.gd:114)
         [1] before_each (res://tests/unit/test_theory_manager.gd:131)
         [2] _run_test (res://addons/gut/gut.gd:605)
         [3] _test_the_scripts (res://addons/gut/gut.gd:818)
WARNING: [CaseManager] Validation: EvidenceData: discovery_method is required for evidence 'ev_camera'
     at: push_warning (core/variant/variant_utility.cpp:1034)
     GDScript backtrace (most recent call first):
         [0] load_case (res://scripts/managers/case_manager.gd:114)
         [1] before_each (res://tests/unit/test_theory_manager.gd:131)
         [2] _run_test (res://addons/gut/gut.gd:605)
         [3] _test_the_scripts (res://addons/gut/gut.gd:818)
WARNING: [CaseManager] Validation: EvidenceData: discovery_method is required for evidence 'ev_phone'
     at: push_warning (core/variant/variant_utility.cpp:1034)
     GDScript backtrace (most recent call first):
         [0] load_case (res://scripts/managers/case_manager.gd:114)
         [1] before_each (res://tests/unit/test_theory_manager.gd:131)
         [2] _run_test (res://addons/gut/gut.gd:605)
         [3] _test_the_scripts (res://addons/gut/gut.gd:818)
* test_strength_timeline_uses_entry_count
WARNING: [CaseManager] Validation: EvidenceData: discovery_method is required for evidence 'ev_knife'
     at: push_warning (core/variant/variant_utility.cpp:1034)
     GDScript backtrace (most recent call first):
         [0] load_case (res://scripts/managers/case_manager.gd:114)
         [1] before_each (res://tests/unit/test_theory_manager.gd:131)
         [2] _run_test (res://addons/gut/gut.gd:605)
         [3] _test_the_scripts (res://addons/gut/gut.gd:818)
WARNING: [CaseManager] Validation: EvidenceData: discovery_method is required for evidence 'ev_prints'
     at: push_warning (core/variant/variant_utility.cpp:1034)
     GDScript backtrace (most recent call first):
         [0] load_case (res://scripts/managers/case_manager.gd:114)
         [1] before_each (res://tests/unit/test_theory_manager.gd:131)
         [2] _run_test (res://addons/gut/gut.gd:605)
         [3] _test_the_scripts (res://addons/gut/gut.gd:818)
WARNING: [CaseManager] Validation: EvidenceData: discovery_method is required for evidence 'ev_camera'
     at: push_warning (core/variant/variant_utility.cpp:1034)
     GDScript backtrace (most recent call first):
         [0] load_case (res://scripts/managers/case_manager.gd:114)
         [1] before_each (res://tests/unit/test_theory_manager.gd:131)
         [2] _run_test (res://addons/gut/gut.gd:605)
         [3] _test_the_scripts (res://addons/gut/gut.gd:818)
WARNING: [CaseManager] Validation: EvidenceData: discovery_method is required for evidence 'ev_phone'
     at: push_warning (core/variant/variant_utility.cpp:1034)
     GDScript backtrace (most recent call first):
         [0] load_case (res://scripts/managers/case_manager.gd:114)
         [1] before_each (res://tests/unit/test_theory_manager.gd:131)
         [2] _run_test (res://addons/gut/gut.gd:605)
         [3] _test_the_scripts (res://addons/gut/gut.gd:818)
* test_strength_timeline_strong_with_three_links
WARNING: [CaseManager] Validation: EvidenceData: discovery_method is required for evidence 'ev_knife'
     at: push_warning (core/variant/variant_utility.cpp:1034)
     GDScript backtrace (most recent call first):
         [0] load_case (res://scripts/managers/case_manager.gd:114)
         [1] before_each (res://tests/unit/test_theory_manager.gd:131)
         [2] _run_test (res://addons/gut/gut.gd:605)
         [3] _test_the_scripts (res://addons/gut/gut.gd:818)
WARNING: [CaseManager] Validation: EvidenceData: discovery_method is required for evidence 'ev_prints'
     at: push_warning (core/variant/variant_utility.cpp:1034)
     GDScript backtrace (most recent call first):
         [0] load_case (res://scripts/managers/case_manager.gd:114)
         [1] before_each (res://tests/unit/test_theory_manager.gd:131)
         [2] _run_test (res://addons/gut/gut.gd:605)
         [3] _test_the_scripts (res://addons/gut/gut.gd:818)
WARNING: [CaseManager] Validation: EvidenceData: discovery_method is required for evidence 'ev_camera'
     at: push_warning (core/variant/variant_utility.cpp:1034)
     GDScript backtrace (most recent call first):
         [0] load_case (res://scripts/managers/case_manager.gd:114)
         [1] before_each (res://tests/unit/test_theory_manager.gd:131)
         [2] _run_test (res://addons/gut/gut.gd:605)
         [3] _test_the_scripts (res://addons/gut/gut.gd:818)
WARNING: [CaseManager] Validation: EvidenceData: discovery_method is required for evidence 'ev_phone'
     at: push_warning (core/variant/variant_utility.cpp:1034)
     GDScript backtrace (most recent call first):
         [0] load_case (res://scripts/managers/case_manager.gd:114)
         [1] before_each (res://tests/unit/test_theory_manager.gd:131)
         [2] _run_test (res://addons/gut/gut.gd:605)
         [3] _test_the_scripts (res://addons/gut/gut.gd:818)
* test_incomplete_by_default
WARNING: [CaseManager] Validation: EvidenceData: discovery_method is required for evidence 'ev_knife'
     at: push_warning (core/variant/variant_utility.cpp:1034)
     GDScript backtrace (most recent call first):
         [0] load_case (res://scripts/managers/case_manager.gd:114)
         [1] before_each (res://tests/unit/test_theory_manager.gd:131)
         [2] _run_test (res://addons/gut/gut.gd:605)
         [3] _test_the_scripts (res://addons/gut/gut.gd:818)
WARNING: [CaseManager] Validation: EvidenceData: discovery_method is required for evidence 'ev_prints'
     at: push_warning (core/variant/variant_utility.cpp:1034)
     GDScript backtrace (most recent call first):
         [0] load_case (res://scripts/managers/case_manager.gd:114)
         [1] before_each (res://tests/unit/test_theory_manager.gd:131)
         [2] _run_test (res://addons/gut/gut.gd:605)
         [3] _test_the_scripts (res://addons/gut/gut.gd:818)
WARNING: [CaseManager] Validation: EvidenceData: discovery_method is required for evidence 'ev_camera'
     at: push_warning (core/variant/variant_utility.cpp:1034)
     GDScript backtrace (most recent call first):
         [0] load_case (res://scripts/managers/case_manager.gd:114)
         [1] before_each (res://tests/unit/test_theory_manager.gd:131)
         [2] _run_test (res://addons/gut/gut.gd:605)
         [3] _test_the_scripts (res://addons/gut/gut.gd:818)
WARNING: [CaseManager] Validation: EvidenceData: discovery_method is required for evidence 'ev_phone'
     at: push_warning (core/variant/variant_utility.cpp:1034)
     GDScript backtrace (most recent call first):
         [0] load_case (res://scripts/managers/case_manager.gd:114)
         [1] before_each (res://tests/unit/test_theory_manager.gd:131)
         [2] _run_test (res://addons/gut/gut.gd:605)
         [3] _test_the_scripts (res://addons/gut/gut.gd:818)
* test_complete_when_all_steps_filled
WARNING: [CaseManager] Validation: EvidenceData: discovery_method is required for evidence 'ev_knife'
     at: push_warning (core/variant/variant_utility.cpp:1034)
     GDScript backtrace (most recent call first):
         [0] load_case (res://scripts/managers/case_manager.gd:114)
         [1] before_each (res://tests/unit/test_theory_manager.gd:131)
         [2] _run_test (res://addons/gut/gut.gd:605)
         [3] _test_the_scripts (res://addons/gut/gut.gd:818)
WARNING: [CaseManager] Validation: EvidenceData: discovery_method is required for evidence 'ev_prints'
     at: push_warning (core/variant/variant_utility.cpp:1034)
     GDScript backtrace (most recent call first):
         [0] load_case (res://scripts/managers/case_manager.gd:114)
         [1] before_each (res://tests/unit/test_theory_manager.gd:131)
         [2] _run_test (res://addons/gut/gut.gd:605)
         [3] _test_the_scripts (res://addons/gut/gut.gd:818)
WARNING: [CaseManager] Validation: EvidenceData: discovery_method is required for evidence 'ev_camera'
     at: push_warning (core/variant/variant_utility.cpp:1034)
     GDScript backtrace (most recent call first):
         [0] load_case (res://scripts/managers/case_manager.gd:114)
         [1] before_each (res://tests/unit/test_theory_manager.gd:131)
         [2] _run_test (res://addons/gut/gut.gd:605)
         [3] _test_the_scripts (res://addons/gut/gut.gd:818)
WARNING: [CaseManager] Validation: EvidenceData: discovery_method is required for evidence 'ev_phone'
     at: push_warning (core/variant/variant_utility.cpp:1034)
     GDScript backtrace (most recent call first):
         [0] load_case (res://scripts/managers/case_manager.gd:114)
         [1] before_each (res://tests/unit/test_theory_manager.gd:131)
         [2] _run_test (res://addons/gut/gut.gd:605)
         [3] _test_the_scripts (res://addons/gut/gut.gd:818)
* test_incomplete_without_suspect
WARNING: [CaseManager] Validation: EvidenceData: discovery_method is required for evidence 'ev_knife'
     at: push_warning (core/variant/variant_utility.cpp:1034)
     GDScript backtrace (most recent call first):
         [0] load_case (res://scripts/managers/case_manager.gd:114)
         [1] before_each (res://tests/unit/test_theory_manager.gd:131)
         [2] _run_test (res://addons/gut/gut.gd:605)
         [3] _test_the_scripts (res://addons/gut/gut.gd:818)
WARNING: [CaseManager] Validation: EvidenceData: discovery_method is required for evidence 'ev_prints'
     at: push_warning (core/variant/variant_utility.cpp:1034)
     GDScript backtrace (most recent call first):
         [0] load_case (res://scripts/managers/case_manager.gd:114)
         [1] before_each (res://tests/unit/test_theory_manager.gd:131)
         [2] _run_test (res://addons/gut/gut.gd:605)
         [3] _test_the_scripts (res://addons/gut/gut.gd:818)
WARNING: [CaseManager] Validation: EvidenceData: discovery_method is required for evidence 'ev_camera'
     at: push_warning (core/variant/variant_utility.cpp:1034)
     GDScript backtrace (most recent call first):
         [0] load_case (res://scripts/managers/case_manager.gd:114)
         [1] before_each (res://tests/unit/test_theory_manager.gd:131)
         [2] _run_test (res://addons/gut/gut.gd:605)
         [3] _test_the_scripts (res://addons/gut/gut.gd:818)
WARNING: [CaseManager] Validation: EvidenceData: discovery_method is required for evidence 'ev_phone'
     at: push_warning (core/variant/variant_utility.cpp:1034)
     GDScript backtrace (most recent call first):
         [0] load_case (res://scripts/managers/case_manager.gd:114)
         [1] before_each (res://tests/unit/test_theory_manager.gd:131)
         [2] _run_test (res://addons/gut/gut.gd:605)
         [3] _test_the_scripts (res://addons/gut/gut.gd:818)
* test_incomplete_without_motive
WARNING: [CaseManager] Validation: EvidenceData: discovery_method is required for evidence 'ev_knife'
     at: push_warning (core/variant/variant_utility.cpp:1034)
     GDScript backtrace (most recent call first):
         [0] load_case (res://scripts/managers/case_manager.gd:114)
         [1] before_each (res://tests/unit/test_theory_manager.gd:131)
         [2] _run_test (res://addons/gut/gut.gd:605)
         [3] _test_the_scripts (res://addons/gut/gut.gd:818)
WARNING: [CaseManager] Validation: EvidenceData: discovery_method is required for evidence 'ev_prints'
     at: push_warning (core/variant/variant_utility.cpp:1034)
     GDScript backtrace (most recent call first):
         [0] load_case (res://scripts/managers/case_manager.gd:114)
         [1] before_each (res://tests/unit/test_theory_manager.gd:131)
         [2] _run_test (res://addons/gut/gut.gd:605)
         [3] _test_the_scripts (res://addons/gut/gut.gd:818)
WARNING: [CaseManager] Validation: EvidenceData: discovery_method is required for evidence 'ev_camera'
     at: push_warning (core/variant/variant_utility.cpp:1034)
     GDScript backtrace (most recent call first):
         [0] load_case (res://scripts/managers/case_manager.gd:114)
         [1] before_each (res://tests/unit/test_theory_manager.gd:131)
         [2] _run_test (res://addons/gut/gut.gd:605)
         [3] _test_the_scripts (res://addons/gut/gut.gd:818)
WARNING: [CaseManager] Validation: EvidenceData: discovery_method is required for evidence 'ev_phone'
     at: push_warning (core/variant/variant_utility.cpp:1034)
     GDScript backtrace (most recent call first):
         [0] load_case (res://scripts/managers/case_manager.gd:114)
         [1] before_each (res://tests/unit/test_theory_manager.gd:131)
         [2] _run_test (res://addons/gut/gut.gd:605)
         [3] _test_the_scripts (res://addons/gut/gut.gd:818)
* test_incomplete_without_time
WARNING: [CaseManager] Validation: EvidenceData: discovery_method is required for evidence 'ev_knife'
     at: push_warning (core/variant/variant_utility.cpp:1034)
     GDScript backtrace (most recent call first):
         [0] load_case (res://scripts/managers/case_manager.gd:114)
         [1] before_each (res://tests/unit/test_theory_manager.gd:131)
         [2] _run_test (res://addons/gut/gut.gd:605)
         [3] _test_the_scripts (res://addons/gut/gut.gd:818)
WARNING: [CaseManager] Validation: EvidenceData: discovery_method is required for evidence 'ev_prints'
     at: push_warning (core/variant/variant_utility.cpp:1034)
     GDScript backtrace (most recent call first):
         [0] load_case (res://scripts/managers/case_manager.gd:114)
         [1] before_each (res://tests/unit/test_theory_manager.gd:131)
         [2] _run_test (res://addons/gut/gut.gd:605)
         [3] _test_the_scripts (res://addons/gut/gut.gd:818)
WARNING: [CaseManager] Validation: EvidenceData: discovery_method is required for evidence 'ev_camera'
     at: push_warning (core/variant/variant_utility.cpp:1034)
     GDScript backtrace (most recent call first):
         [0] load_case (res://scripts/managers/case_manager.gd:114)
         [1] before_each (res://tests/unit/test_theory_manager.gd:131)
         [2] _run_test (res://addons/gut/gut.gd:605)
         [3] _test_the_scripts (res://addons/gut/gut.gd:818)
WARNING: [CaseManager] Validation: EvidenceData: discovery_method is required for evidence 'ev_phone'
     at: push_warning (core/variant/variant_utility.cpp:1034)
     GDScript backtrace (most recent call first):
         [0] load_case (res://scripts/managers/case_manager.gd:114)
         [1] before_each (res://tests/unit/test_theory_manager.gd:131)
         [2] _run_test (res://addons/gut/gut.gd:605)
         [3] _test_the_scripts (res://addons/gut/gut.gd:818)
* test_incomplete_without_method
WARNING: [CaseManager] Validation: EvidenceData: discovery_method is required for evidence 'ev_knife'
     at: push_warning (core/variant/variant_utility.cpp:1034)
     GDScript backtrace (most recent call first):
         [0] load_case (res://scripts/managers/case_manager.gd:114)
         [1] before_each (res://tests/unit/test_theory_manager.gd:131)
         [2] _run_test (res://addons/gut/gut.gd:605)
         [3] _test_the_scripts (res://addons/gut/gut.gd:818)
WARNING: [CaseManager] Validation: EvidenceData: discovery_method is required for evidence 'ev_prints'
     at: push_warning (core/variant/variant_utility.cpp:1034)
     GDScript backtrace (most recent call first):
         [0] load_case (res://scripts/managers/case_manager.gd:114)
         [1] before_each (res://tests/unit/test_theory_manager.gd:131)
         [2] _run_test (res://addons/gut/gut.gd:605)
         [3] _test_the_scripts (res://addons/gut/gut.gd:818)
WARNING: [CaseManager] Validation: EvidenceData: discovery_method is required for evidence 'ev_camera'
     at: push_warning (core/variant/variant_utility.cpp:1034)
     GDScript backtrace (most recent call first):
         [0] load_case (res://scripts/managers/case_manager.gd:114)
         [1] before_each (res://tests/unit/test_theory_manager.gd:131)
         [2] _run_test (res://addons/gut/gut.gd:605)
         [3] _test_the_scripts (res://addons/gut/gut.gd:818)
WARNING: [CaseManager] Validation: EvidenceData: discovery_method is required for evidence 'ev_phone'
     at: push_warning (core/variant/variant_utility.cpp:1034)
     GDScript backtrace (most recent call first):
         [0] load_case (res://scripts/managers/case_manager.gd:114)
         [1] before_each (res://tests/unit/test_theory_manager.gd:131)
         [2] _run_test (res://addons/gut/gut.gd:605)
         [3] _test_the_scripts (res://addons/gut/gut.gd:818)
* test_incomplete_without_timeline
WARNING: [CaseManager] Validation: EvidenceData: discovery_method is required for evidence 'ev_knife'
     at: push_warning (core/variant/variant_utility.cpp:1034)
     GDScript backtrace (most recent call first):
         [0] load_case (res://scripts/managers/case_manager.gd:114)
         [1] before_each (res://tests/unit/test_theory_manager.gd:131)
         [2] _run_test (res://addons/gut/gut.gd:605)
         [3] _test_the_scripts (res://addons/gut/gut.gd:818)
WARNING: [CaseManager] Validation: EvidenceData: discovery_method is required for evidence 'ev_prints'
     at: push_warning (core/variant/variant_utility.cpp:1034)
     GDScript backtrace (most recent call first):
         [0] load_case (res://scripts/managers/case_manager.gd:114)
         [1] before_each (res://tests/unit/test_theory_manager.gd:131)
         [2] _run_test (res://addons/gut/gut.gd:605)
         [3] _test_the_scripts (res://addons/gut/gut.gd:818)
WARNING: [CaseManager] Validation: EvidenceData: discovery_method is required for evidence 'ev_camera'
     at: push_warning (core/variant/variant_utility.cpp:1034)
     GDScript backtrace (most recent call first):
         [0] load_case (res://scripts/managers/case_manager.gd:114)
         [1] before_each (res://tests/unit/test_theory_manager.gd:131)
         [2] _run_test (res://addons/gut/gut.gd:605)
         [3] _test_the_scripts (res://addons/gut/gut.gd:818)
WARNING: [CaseManager] Validation: EvidenceData: discovery_method is required for evidence 'ev_phone'
     at: push_warning (core/variant/variant_utility.cpp:1034)
     GDScript backtrace (most recent call first):
         [0] load_case (res://scripts/managers/case_manager.gd:114)
         [1] before_each (res://tests/unit/test_theory_manager.gd:131)
         [2] _run_test (res://addons/gut/gut.gd:605)
         [3] _test_the_scripts (res://addons/gut/gut.gd:818)
* test_is_complete_nonexistent_returns_false
WARNING: [CaseManager] Validation: EvidenceData: discovery_method is required for evidence 'ev_knife'
     at: push_warning (core/variant/variant_utility.cpp:1034)
     GDScript backtrace (most recent call first):
         [0] load_case (res://scripts/managers/case_manager.gd:114)
         [1] before_each (res://tests/unit/test_theory_manager.gd:131)
         [2] _run_test (res://addons/gut/gut.gd:605)
         [3] _test_the_scripts (res://addons/gut/gut.gd:818)
WARNING: [CaseManager] Validation: EvidenceData: discovery_method is required for evidence 'ev_prints'
     at: push_warning (core/variant/variant_utility.cpp:1034)
     GDScript backtrace (most recent call first):
         [0] load_case (res://scripts/managers/case_manager.gd:114)
         [1] before_each (res://tests/unit/test_theory_manager.gd:131)
         [2] _run_test (res://addons/gut/gut.gd:605)
         [3] _test_the_scripts (res://addons/gut/gut.gd:818)
WARNING: [CaseManager] Validation: EvidenceData: discovery_method is required for evidence 'ev_camera'
     at: push_warning (core/variant/variant_utility.cpp:1034)
     GDScript backtrace (most recent call first):
         [0] load_case (res://scripts/managers/case_manager.gd:114)
         [1] before_each (res://tests/unit/test_theory_manager.gd:131)
         [2] _run_test (res://addons/gut/gut.gd:605)
         [3] _test_the_scripts (res://addons/gut/gut.gd:818)
WARNING: [CaseManager] Validation: EvidenceData: discovery_method is required for evidence 'ev_phone'
     at: push_warning (core/variant/variant_utility.cpp:1034)
     GDScript backtrace (most recent call first):
         [0] load_case (res://scripts/managers/case_manager.gd:114)
         [1] before_each (res://tests/unit/test_theory_manager.gd:131)
         [2] _run_test (res://addons/gut/gut.gd:605)
         [3] _test_the_scripts (res://addons/gut/gut.gd:818)
* test_no_inconsistencies_when_no_data
WARNING: [CaseManager] Validation: EvidenceData: discovery_method is required for evidence 'ev_knife'
     at: push_warning (core/variant/variant_utility.cpp:1034)
     GDScript backtrace (most recent call first):
         [0] load_case (res://scripts/managers/case_manager.gd:114)
         [1] before_each (res://tests/unit/test_theory_manager.gd:131)
         [2] _run_test (res://addons/gut/gut.gd:605)
         [3] _test_the_scripts (res://addons/gut/gut.gd:818)
WARNING: [CaseManager] Validation: EvidenceData: discovery_method is required for evidence 'ev_prints'
     at: push_warning (core/variant/variant_utility.cpp:1034)
     GDScript backtrace (most recent call first):
         [0] load_case (res://scripts/managers/case_manager.gd:114)
         [1] before_each (res://tests/unit/test_theory_manager.gd:131)
         [2] _run_test (res://addons/gut/gut.gd:605)
         [3] _test_the_scripts (res://addons/gut/gut.gd:818)
WARNING: [CaseManager] Validation: EvidenceData: discovery_method is required for evidence 'ev_camera'
     at: push_warning (core/variant/variant_utility.cpp:1034)
     GDScript backtrace (most recent call first):
         [0] load_case (res://scripts/managers/case_manager.gd:114)
         [1] before_each (res://tests/unit/test_theory_manager.gd:131)
         [2] _run_test (res://addons/gut/gut.gd:605)
         [3] _test_the_scripts (res://addons/gut/gut.gd:818)
WARNING: [CaseManager] Validation: EvidenceData: discovery_method is required for evidence 'ev_phone'
     at: push_warning (core/variant/variant_utility.cpp:1034)
     GDScript backtrace (most recent call first):
         [0] load_case (res://scripts/managers/case_manager.gd:114)
         [1] before_each (res://tests/unit/test_theory_manager.gd:131)
         [2] _run_test (res://addons/gut/gut.gd:605)
         [3] _test_the_scripts (res://addons/gut/gut.gd:818)
* test_inconsistency_when_suspect_in_timeline_entry_at_same_time
WARNING: [CaseManager] Validation: EvidenceData: discovery_method is required for evidence 'ev_knife'
     at: push_warning (core/variant/variant_utility.cpp:1034)
     GDScript backtrace (most recent call first):
         [0] load_case (res://scripts/managers/case_manager.gd:114)
         [1] before_each (res://tests/unit/test_theory_manager.gd:131)
         [2] _run_test (res://addons/gut/gut.gd:605)
         [3] _test_the_scripts (res://addons/gut/gut.gd:818)
WARNING: [CaseManager] Validation: EvidenceData: discovery_method is required for evidence 'ev_prints'
     at: push_warning (core/variant/variant_utility.cpp:1034)
     GDScript backtrace (most recent call first):
         [0] load_case (res://scripts/managers/case_manager.gd:114)
         [1] before_each (res://tests/unit/test_theory_manager.gd:131)
         [2] _run_test (res://addons/gut/gut.gd:605)
         [3] _test_the_scripts (res://addons/gut/gut.gd:818)
WARNING: [CaseManager] Validation: EvidenceData: discovery_method is required for evidence 'ev_camera'
     at: push_warning (core/variant/variant_utility.cpp:1034)
     GDScript backtrace (most recent call first):
         [0] load_case (res://scripts/managers/case_manager.gd:114)
         [1] before_each (res://tests/unit/test_theory_manager.gd:131)
         [2] _run_test (res://addons/gut/gut.gd:605)
         [3] _test_the_scripts (res://addons/gut/gut.gd:818)
WARNING: [CaseManager] Validation: EvidenceData: discovery_method is required for evidence 'ev_phone'
     at: push_warning (core/variant/variant_utility.cpp:1034)
     GDScript backtrace (most recent call first):
         [0] load_case (res://scripts/managers/case_manager.gd:114)
         [1] before_each (res://tests/unit/test_theory_manager.gd:131)
         [2] _run_test (res://addons/gut/gut.gd:605)
         [3] _test_the_scripts (res://addons/gut/gut.gd:818)
* test_inconsistency_emits_signal
WARNING: [CaseManager] Validation: EvidenceData: discovery_method is required for evidence 'ev_knife'
     at: push_warning (core/variant/variant_utility.cpp:1034)
     GDScript backtrace (most recent call first):
         [0] load_case (res://scripts/managers/case_manager.gd:114)
         [1] before_each (res://tests/unit/test_theory_manager.gd:131)
         [2] _run_test (res://addons/gut/gut.gd:605)
         [3] _test_the_scripts (res://addons/gut/gut.gd:818)
WARNING: [CaseManager] Validation: EvidenceData: discovery_method is required for evidence 'ev_prints'
     at: push_warning (core/variant/variant_utility.cpp:1034)
     GDScript backtrace (most recent call first):
         [0] load_case (res://scripts/managers/case_manager.gd:114)
         [1] before_each (res://tests/unit/test_theory_manager.gd:131)
         [2] _run_test (res://addons/gut/gut.gd:605)
         [3] _test_the_scripts (res://addons/gut/gut.gd:818)
WARNING: [CaseManager] Validation: EvidenceData: discovery_method is required for evidence 'ev_camera'
     at: push_warning (core/variant/variant_utility.cpp:1034)
     GDScript backtrace (most recent call first):
         [0] load_case (res://scripts/managers/case_manager.gd:114)
         [1] before_each (res://tests/unit/test_theory_manager.gd:131)
         [2] _run_test (res://addons/gut/gut.gd:605)
         [3] _test_the_scripts (res://addons/gut/gut.gd:818)
WARNING: [CaseManager] Validation: EvidenceData: discovery_method is required for evidence 'ev_phone'
     at: push_warning (core/variant/variant_utility.cpp:1034)
     GDScript backtrace (most recent call first):
         [0] load_case (res://scripts/managers/case_manager.gd:114)
         [1] before_each (res://tests/unit/test_theory_manager.gd:131)
         [2] _run_test (res://addons/gut/gut.gd:605)
         [3] _test_the_scripts (res://addons/gut/gut.gd:818)
* test_no_inconsistency_different_time
WARNING: [CaseManager] Validation: EvidenceData: discovery_method is required for evidence 'ev_knife'
     at: push_warning (core/variant/variant_utility.cpp:1034)
     GDScript backtrace (most recent call first):
         [0] load_case (res://scripts/managers/case_manager.gd:114)
         [1] before_each (res://tests/unit/test_theory_manager.gd:131)
         [2] _run_test (res://addons/gut/gut.gd:605)
         [3] _test_the_scripts (res://addons/gut/gut.gd:818)
WARNING: [CaseManager] Validation: EvidenceData: discovery_method is required for evidence 'ev_prints'
     at: push_warning (core/variant/variant_utility.cpp:1034)
     GDScript backtrace (most recent call first):
         [0] load_case (res://scripts/managers/case_manager.gd:114)
         [1] before_each (res://tests/unit/test_theory_manager.gd:131)
         [2] _run_test (res://addons/gut/gut.gd:605)
         [3] _test_the_scripts (res://addons/gut/gut.gd:818)
WARNING: [CaseManager] Validation: EvidenceData: discovery_method is required for evidence 'ev_camera'
     at: push_warning (core/variant/variant_utility.cpp:1034)
     GDScript backtrace (most recent call first):
         [0] load_case (res://scripts/managers/case_manager.gd:114)
         [1] before_each (res://tests/unit/test_theory_manager.gd:131)
         [2] _run_test (res://addons/gut/gut.gd:605)
         [3] _test_the_scripts (res://addons/gut/gut.gd:818)
WARNING: [CaseManager] Validation: EvidenceData: discovery_method is required for evidence 'ev_phone'
     at: push_warning (core/variant/variant_utility.cpp:1034)
     GDScript backtrace (most recent call first):
         [0] load_case (res://scripts/managers/case_manager.gd:114)
         [1] before_each (res://tests/unit/test_theory_manager.gd:131)
         [2] _run_test (res://addons/gut/gut.gd:605)
         [3] _test_the_scripts (res://addons/gut/gut.gd:818)
* test_no_inconsistency_different_person
WARNING: [CaseManager] Validation: EvidenceData: discovery_method is required for evidence 'ev_knife'
     at: push_warning (core/variant/variant_utility.cpp:1034)
     GDScript backtrace (most recent call first):
         [0] load_case (res://scripts/managers/case_manager.gd:114)
         [1] before_each (res://tests/unit/test_theory_manager.gd:131)
         [2] _run_test (res://addons/gut/gut.gd:605)
         [3] _test_the_scripts (res://addons/gut/gut.gd:818)
WARNING: [CaseManager] Validation: EvidenceData: discovery_method is required for evidence 'ev_prints'
     at: push_warning (core/variant/variant_utility.cpp:1034)
     GDScript backtrace (most recent call first):
         [0] load_case (res://scripts/managers/case_manager.gd:114)
         [1] before_each (res://tests/unit/test_theory_manager.gd:131)
         [2] _run_test (res://addons/gut/gut.gd:605)
         [3] _test_the_scripts (res://addons/gut/gut.gd:818)
WARNING: [CaseManager] Validation: EvidenceData: discovery_method is required for evidence 'ev_camera'
     at: push_warning (core/variant/variant_utility.cpp:1034)
     GDScript backtrace (most recent call first):
         [0] load_case (res://scripts/managers/case_manager.gd:114)
         [1] before_each (res://tests/unit/test_theory_manager.gd:131)
         [2] _run_test (res://addons/gut/gut.gd:605)
         [3] _test_the_scripts (res://addons/gut/gut.gd:818)
WARNING: [CaseManager] Validation: EvidenceData: discovery_method is required for evidence 'ev_phone'
     at: push_warning (core/variant/variant_utility.cpp:1034)
     GDScript backtrace (most recent call first):
         [0] load_case (res://scripts/managers/case_manager.gd:114)
         [1] before_each (res://tests/unit/test_theory_manager.gd:131)
         [2] _run_test (res://addons/gut/gut.gd:605)
         [3] _test_the_scripts (res://addons/gut/gut.gd:818)
* test_no_inconsistency_different_day
WARNING: [CaseManager] Validation: EvidenceData: discovery_method is required for evidence 'ev_knife'
     at: push_warning (core/variant/variant_utility.cpp:1034)
     GDScript backtrace (most recent call first):
         [0] load_case (res://scripts/managers/case_manager.gd:114)
         [1] before_each (res://tests/unit/test_theory_manager.gd:131)
         [2] _run_test (res://addons/gut/gut.gd:605)
         [3] _test_the_scripts (res://addons/gut/gut.gd:818)
WARNING: [CaseManager] Validation: EvidenceData: discovery_method is required for evidence 'ev_prints'
     at: push_warning (core/variant/variant_utility.cpp:1034)
     GDScript backtrace (most recent call first):
         [0] load_case (res://scripts/managers/case_manager.gd:114)
         [1] before_each (res://tests/unit/test_theory_manager.gd:131)
         [2] _run_test (res://addons/gut/gut.gd:605)
         [3] _test_the_scripts (res://addons/gut/gut.gd:818)
WARNING: [CaseManager] Validation: EvidenceData: discovery_method is required for evidence 'ev_camera'
     at: push_warning (core/variant/variant_utility.cpp:1034)
     GDScript backtrace (most recent call first):
         [0] load_case (res://scripts/managers/case_manager.gd:114)
         [1] before_each (res://tests/unit/test_theory_manager.gd:131)
         [2] _run_test (res://addons/gut/gut.gd:605)
         [3] _test_the_scripts (res://addons/gut/gut.gd:818)
WARNING: [CaseManager] Validation: EvidenceData: discovery_method is required for evidence 'ev_phone'
     at: push_warning (core/variant/variant_utility.cpp:1034)
     GDScript backtrace (most recent call first):
         [0] load_case (res://scripts/managers/case_manager.gd:114)
         [1] before_each (res://tests/unit/test_theory_manager.gd:131)
         [2] _run_test (res://addons/gut/gut.gd:605)
         [3] _test_the_scripts (res://addons/gut/gut.gd:818)
* test_inconsistency_with_hypothesis
WARNING: [CaseManager] Validation: EvidenceData: discovery_method is required for evidence 'ev_knife'
     at: push_warning (core/variant/variant_utility.cpp:1034)
     GDScript backtrace (most recent call first):
         [0] load_case (res://scripts/managers/case_manager.gd:114)
         [1] before_each (res://tests/unit/test_theory_manager.gd:131)
         [2] _run_test (res://addons/gut/gut.gd:605)
         [3] _test_the_scripts (res://addons/gut/gut.gd:818)
WARNING: [CaseManager] Validation: EvidenceData: discovery_method is required for evidence 'ev_prints'
     at: push_warning (core/variant/variant_utility.cpp:1034)
     GDScript backtrace (most recent call first):
         [0] load_case (res://scripts/managers/case_manager.gd:114)
         [1] before_each (res://tests/unit/test_theory_manager.gd:131)
         [2] _run_test (res://addons/gut/gut.gd:605)
         [3] _test_the_scripts (res://addons/gut/gut.gd:818)
WARNING: [CaseManager] Validation: EvidenceData: discovery_method is required for evidence 'ev_camera'
     at: push_warning (core/variant/variant_utility.cpp:1034)
     GDScript backtrace (most recent call first):
         [0] load_case (res://scripts/managers/case_manager.gd:114)
         [1] before_each (res://tests/unit/test_theory_manager.gd:131)
         [2] _run_test (res://addons/gut/gut.gd:605)
         [3] _test_the_scripts (res://addons/gut/gut.gd:818)
WARNING: [CaseManager] Validation: EvidenceData: discovery_method is required for evidence 'ev_phone'
     at: push_warning (core/variant/variant_utility.cpp:1034)
     GDScript backtrace (most recent call first):
         [0] load_case (res://scripts/managers/case_manager.gd:114)
         [1] before_each (res://tests/unit/test_theory_manager.gd:131)
         [2] _run_test (res://addons/gut/gut.gd:605)
         [3] _test_the_scripts (res://addons/gut/gut.gd:818)
* test_inconsistencies_nonexistent_theory
WARNING: [CaseManager] Validation: EvidenceData: discovery_method is required for evidence 'ev_knife'
     at: push_warning (core/variant/variant_utility.cpp:1034)
     GDScript backtrace (most recent call first):
         [0] load_case (res://scripts/managers/case_manager.gd:114)
         [1] before_each (res://tests/unit/test_theory_manager.gd:131)
         [2] _run_test (res://addons/gut/gut.gd:605)
         [3] _test_the_scripts (res://addons/gut/gut.gd:818)
WARNING: [CaseManager] Validation: EvidenceData: discovery_method is required for evidence 'ev_prints'
     at: push_warning (core/variant/variant_utility.cpp:1034)
     GDScript backtrace (most recent call first):
         [0] load_case (res://scripts/managers/case_manager.gd:114)
         [1] before_each (res://tests/unit/test_theory_manager.gd:131)
         [2] _run_test (res://addons/gut/gut.gd:605)
         [3] _test_the_scripts (res://addons/gut/gut.gd:818)
WARNING: [CaseManager] Validation: EvidenceData: discovery_method is required for evidence 'ev_camera'
     at: push_warning (core/variant/variant_utility.cpp:1034)
     GDScript backtrace (most recent call first):
         [0] load_case (res://scripts/managers/case_manager.gd:114)
         [1] before_each (res://tests/unit/test_theory_manager.gd:131)
         [2] _run_test (res://addons/gut/gut.gd:605)
         [3] _test_the_scripts (res://addons/gut/gut.gd:818)
WARNING: [CaseManager] Validation: EvidenceData: discovery_method is required for evidence 'ev_phone'
     at: push_warning (core/variant/variant_utility.cpp:1034)
     GDScript backtrace (most recent call first):
         [0] load_case (res://scripts/managers/case_manager.gd:114)
         [1] before_each (res://tests/unit/test_theory_manager.gd:131)
         [2] _run_test (res://addons/gut/gut.gd:605)
         [3] _test_the_scripts (res://addons/gut/gut.gd:818)
* test_has_content_false_initially
WARNING: [CaseManager] Validation: EvidenceData: discovery_method is required for evidence 'ev_knife'
     at: push_warning (core/variant/variant_utility.cpp:1034)
     GDScript backtrace (most recent call first):
         [0] load_case (res://scripts/managers/case_manager.gd:114)
         [1] before_each (res://tests/unit/test_theory_manager.gd:131)
         [2] _run_test (res://addons/gut/gut.gd:605)
         [3] _test_the_scripts (res://addons/gut/gut.gd:818)
WARNING: [CaseManager] Validation: EvidenceData: discovery_method is required for evidence 'ev_prints'
     at: push_warning (core/variant/variant_utility.cpp:1034)
     GDScript backtrace (most recent call first):
         [0] load_case (res://scripts/managers/case_manager.gd:114)
         [1] before_each (res://tests/unit/test_theory_manager.gd:131)
         [2] _run_test (res://addons/gut/gut.gd:605)
         [3] _test_the_scripts (res://addons/gut/gut.gd:818)
WARNING: [CaseManager] Validation: EvidenceData: discovery_method is required for evidence 'ev_camera'
     at: push_warning (core/variant/variant_utility.cpp:1034)
     GDScript backtrace (most recent call first):
         [0] load_case (res://scripts/managers/case_manager.gd:114)
         [1] before_each (res://tests/unit/test_theory_manager.gd:131)
         [2] _run_test (res://addons/gut/gut.gd:605)
         [3] _test_the_scripts (res://addons/gut/gut.gd:818)
WARNING: [CaseManager] Validation: EvidenceData: discovery_method is required for evidence 'ev_phone'
     at: push_warning (core/variant/variant_utility.cpp:1034)
     GDScript backtrace (most recent call first):
         [0] load_case (res://scripts/managers/case_manager.gd:114)
         [1] before_each (res://tests/unit/test_theory_manager.gd:131)
         [2] _run_test (res://addons/gut/gut.gd:605)
         [3] _test_the_scripts (res://addons/gut/gut.gd:818)
* test_has_content_true_after_create
WARNING: [CaseManager] Validation: EvidenceData: discovery_method is required for evidence 'ev_knife'
     at: push_warning (core/variant/variant_utility.cpp:1034)
     GDScript backtrace (most recent call first):
         [0] load_case (res://scripts/managers/case_manager.gd:114)
         [1] before_each (res://tests/unit/test_theory_manager.gd:131)
         [2] _run_test (res://addons/gut/gut.gd:605)
         [3] _test_the_scripts (res://addons/gut/gut.gd:818)
WARNING: [CaseManager] Validation: EvidenceData: discovery_method is required for evidence 'ev_prints'
     at: push_warning (core/variant/variant_utility.cpp:1034)
     GDScript backtrace (most recent call first):
         [0] load_case (res://scripts/managers/case_manager.gd:114)
         [1] before_each (res://tests/unit/test_theory_manager.gd:131)
         [2] _run_test (res://addons/gut/gut.gd:605)
         [3] _test_the_scripts (res://addons/gut/gut.gd:818)
WARNING: [CaseManager] Validation: EvidenceData: discovery_method is required for evidence 'ev_camera'
     at: push_warning (core/variant/variant_utility.cpp:1034)
     GDScript backtrace (most recent call first):
         [0] load_case (res://scripts/managers/case_manager.gd:114)
         [1] before_each (res://tests/unit/test_theory_manager.gd:131)
         [2] _run_test (res://addons/gut/gut.gd:605)
         [3] _test_the_scripts (res://addons/gut/gut.gd:818)
WARNING: [CaseManager] Validation: EvidenceData: discovery_method is required for evidence 'ev_phone'
     at: push_warning (core/variant/variant_utility.cpp:1034)
     GDScript backtrace (most recent call first):
         [0] load_case (res://scripts/managers/case_manager.gd:114)
         [1] before_each (res://tests/unit/test_theory_manager.gd:131)
         [2] _run_test (res://addons/gut/gut.gd:605)
         [3] _test_the_scripts (res://addons/gut/gut.gd:818)
* test_clear_theories
WARNING: [CaseManager] Validation: EvidenceData: discovery_method is required for evidence 'ev_knife'
     at: push_warning (core/variant/variant_utility.cpp:1034)
     GDScript backtrace (most recent call first):
         [0] load_case (res://scripts/managers/case_manager.gd:114)
         [1] before_each (res://tests/unit/test_theory_manager.gd:131)
         [2] _run_test (res://addons/gut/gut.gd:605)
         [3] _test_the_scripts (res://addons/gut/gut.gd:818)
WARNING: [CaseManager] Validation: EvidenceData: discovery_method is required for evidence 'ev_prints'
     at: push_warning (core/variant/variant_utility.cpp:1034)
     GDScript backtrace (most recent call first):
         [0] load_case (res://scripts/managers/case_manager.gd:114)
         [1] before_each (res://tests/unit/test_theory_manager.gd:131)
         [2] _run_test (res://addons/gut/gut.gd:605)
         [3] _test_the_scripts (res://addons/gut/gut.gd:818)
WARNING: [CaseManager] Validation: EvidenceData: discovery_method is required for evidence 'ev_camera'
     at: push_warning (core/variant/variant_utility.cpp:1034)
     GDScript backtrace (most recent call first):
         [0] load_case (res://scripts/managers/case_manager.gd:114)
         [1] before_each (res://tests/unit/test_theory_manager.gd:131)
         [2] _run_test (res://addons/gut/gut.gd:605)
         [3] _test_the_scripts (res://addons/gut/gut.gd:818)
WARNING: [CaseManager] Validation: EvidenceData: discovery_method is required for evidence 'ev_phone'
     at: push_warning (core/variant/variant_utility.cpp:1034)
     GDScript backtrace (most recent call first):
         [0] load_case (res://scripts/managers/case_manager.gd:114)
         [1] before_each (res://tests/unit/test_theory_manager.gd:131)
         [2] _run_test (res://addons/gut/gut.gd:605)
         [3] _test_the_scripts (res://addons/gut/gut.gd:818)
* test_clear_theories_emits_signal
WARNING: [CaseManager] Validation: EvidenceData: discovery_method is required for evidence 'ev_knife'
     at: push_warning (core/variant/variant_utility.cpp:1034)
     GDScript backtrace (most recent call first):
         [0] load_case (res://scripts/managers/case_manager.gd:114)
         [1] before_each (res://tests/unit/test_theory_manager.gd:131)
         [2] _run_test (res://addons/gut/gut.gd:605)
         [3] _test_the_scripts (res://addons/gut/gut.gd:818)
WARNING: [CaseManager] Validation: EvidenceData: discovery_method is required for evidence 'ev_prints'
     at: push_warning (core/variant/variant_utility.cpp:1034)
     GDScript backtrace (most recent call first):
         [0] load_case (res://scripts/managers/case_manager.gd:114)
         [1] before_each (res://tests/unit/test_theory_manager.gd:131)
         [2] _run_test (res://addons/gut/gut.gd:605)
         [3] _test_the_scripts (res://addons/gut/gut.gd:818)
WARNING: [CaseManager] Validation: EvidenceData: discovery_method is required for evidence 'ev_camera'
     at: push_warning (core/variant/variant_utility.cpp:1034)
     GDScript backtrace (most recent call first):
         [0] load_case (res://scripts/managers/case_manager.gd:114)
         [1] before_each (res://tests/unit/test_theory_manager.gd:131)
         [2] _run_test (res://addons/gut/gut.gd:605)
         [3] _test_the_scripts (res://addons/gut/gut.gd:818)
WARNING: [CaseManager] Validation: EvidenceData: discovery_method is required for evidence 'ev_phone'
     at: push_warning (core/variant/variant_utility.cpp:1034)
     GDScript backtrace (most recent call first):
         [0] load_case (res://scripts/managers/case_manager.gd:114)
         [1] before_each (res://tests/unit/test_theory_manager.gd:131)
         [2] _run_test (res://addons/gut/gut.gd:605)
         [3] _test_the_scripts (res://addons/gut/gut.gd:818)
* test_serialize_round_trip
WARNING: [CaseManager] Validation: EvidenceData: discovery_method is required for evidence 'ev_knife'
     at: push_warning (core/variant/variant_utility.cpp:1034)
     GDScript backtrace (most recent call first):
         [0] load_case (res://scripts/managers/case_manager.gd:114)
         [1] before_each (res://tests/unit/test_theory_manager.gd:131)
         [2] _run_test (res://addons/gut/gut.gd:605)
         [3] _test_the_scripts (res://addons/gut/gut.gd:818)
WARNING: [CaseManager] Validation: EvidenceData: discovery_method is required for evidence 'ev_prints'
     at: push_warning (core/variant/variant_utility.cpp:1034)
     GDScript backtrace (most recent call first):
         [0] load_case (res://scripts/managers/case_manager.gd:114)
         [1] before_each (res://tests/unit/test_theory_manager.gd:131)
         [2] _run_test (res://addons/gut/gut.gd:605)
         [3] _test_the_scripts (res://addons/gut/gut.gd:818)
WARNING: [CaseManager] Validation: EvidenceData: discovery_method is required for evidence 'ev_camera'
     at: push_warning (core/variant/variant_utility.cpp:1034)
     GDScript backtrace (most recent call first):
         [0] load_case (res://scripts/managers/case_manager.gd:114)
         [1] before_each (res://tests/unit/test_theory_manager.gd:131)
         [2] _run_test (res://addons/gut/gut.gd:605)
         [3] _test_the_scripts (res://addons/gut/gut.gd:818)
WARNING: [CaseManager] Validation: EvidenceData: discovery_method is required for evidence 'ev_phone'
     at: push_warning (core/variant/variant_utility.cpp:1034)
     GDScript backtrace (most recent call first):
         [0] load_case (res://scripts/managers/case_manager.gd:114)
         [1] before_each (res://tests/unit/test_theory_manager.gd:131)
         [2] _run_test (res://addons/gut/gut.gd:605)
         [3] _test_the_scripts (res://addons/gut/gut.gd:818)
* test_serialize_multiple_theories
WARNING: [CaseManager] Validation: EvidenceData: discovery_method is required for evidence 'ev_knife'
     at: push_warning (core/variant/variant_utility.cpp:1034)
     GDScript backtrace (most recent call first):
         [0] load_case (res://scripts/managers/case_manager.gd:114)
         [1] before_each (res://tests/unit/test_theory_manager.gd:131)
         [2] _run_test (res://addons/gut/gut.gd:605)
         [3] _test_the_scripts (res://addons/gut/gut.gd:818)
WARNING: [CaseManager] Validation: EvidenceData: discovery_method is required for evidence 'ev_prints'
     at: push_warning (core/variant/variant_utility.cpp:1034)
     GDScript backtrace (most recent call first):
         [0] load_case (res://scripts/managers/case_manager.gd:114)
         [1] before_each (res://tests/unit/test_theory_manager.gd:131)
         [2] _run_test (res://addons/gut/gut.gd:605)
         [3] _test_the_scripts (res://addons/gut/gut.gd:818)
WARNING: [CaseManager] Validation: EvidenceData: discovery_method is required for evidence 'ev_camera'
     at: push_warning (core/variant/variant_utility.cpp:1034)
     GDScript backtrace (most recent call first):
         [0] load_case (res://scripts/managers/case_manager.gd:114)
         [1] before_each (res://tests/unit/test_theory_manager.gd:131)
         [2] _run_test (res://addons/gut/gut.gd:605)
         [3] _test_the_scripts (res://addons/gut/gut.gd:818)
WARNING: [CaseManager] Validation: EvidenceData: discovery_method is required for evidence 'ev_phone'
     at: push_warning (core/variant/variant_utility.cpp:1034)
     GDScript backtrace (most recent call first):
         [0] load_case (res://scripts/managers/case_manager.gd:114)
         [1] before_each (res://tests/unit/test_theory_manager.gd:131)
         [2] _run_test (res://addons/gut/gut.gd:605)
         [3] _test_the_scripts (res://addons/gut/gut.gd:818)
* test_reset_clears_all
WARNING: [CaseManager] Validation: EvidenceData: discovery_method is required for evidence 'ev_knife'
     at: push_warning (core/variant/variant_utility.cpp:1034)
     GDScript backtrace (most recent call first):
         [0] load_case (res://scripts/managers/case_manager.gd:114)
         [1] before_each (res://tests/unit/test_theory_manager.gd:131)
         [2] _run_test (res://addons/gut/gut.gd:605)
         [3] _test_the_scripts (res://addons/gut/gut.gd:818)
WARNING: [CaseManager] Validation: EvidenceData: discovery_method is required for evidence 'ev_prints'
     at: push_warning (core/variant/variant_utility.cpp:1034)
     GDScript backtrace (most recent call first):
         [0] load_case (res://scripts/managers/case_manager.gd:114)
         [1] before_each (res://tests/unit/test_theory_manager.gd:131)
         [2] _run_test (res://addons/gut/gut.gd:605)
         [3] _test_the_scripts (res://addons/gut/gut.gd:818)
WARNING: [CaseManager] Validation: EvidenceData: discovery_method is required for evidence 'ev_camera'
     at: push_warning (core/variant/variant_utility.cpp:1034)
     GDScript backtrace (most recent call first):
         [0] load_case (res://scripts/managers/case_manager.gd:114)
         [1] before_each (res://tests/unit/test_theory_manager.gd:131)
         [2] _run_test (res://addons/gut/gut.gd:605)
         [3] _test_the_scripts (res://addons/gut/gut.gd:818)
WARNING: [CaseManager] Validation: EvidenceData: discovery_method is required for evidence 'ev_phone'
     at: push_warning (core/variant/variant_utility.cpp:1034)
     GDScript backtrace (most recent call first):
         [0] load_case (res://scripts/managers/case_manager.gd:114)
         [1] before_each (res://tests/unit/test_theory_manager.gd:131)
         [2] _run_test (res://addons/gut/gut.gd:605)
         [3] _test_the_scripts (res://addons/gut/gut.gd:818)
* test_step_names_has_five_entries
WARNING: [CaseManager] Validation: EvidenceData: discovery_method is required for evidence 'ev_knife'
     at: push_warning (core/variant/variant_utility.cpp:1034)
     GDScript backtrace (most recent call first):
         [0] load_case (res://scripts/managers/case_manager.gd:114)
         [1] before_each (res://tests/unit/test_theory_manager.gd:131)
         [2] _run_test (res://addons/gut/gut.gd:605)
         [3] _test_the_scripts (res://addons/gut/gut.gd:818)
WARNING: [CaseManager] Validation: EvidenceData: discovery_method is required for evidence 'ev_prints'
     at: push_warning (core/variant/variant_utility.cpp:1034)
     GDScript backtrace (most recent call first):
         [0] load_case (res://scripts/managers/case_manager.gd:114)
         [1] before_each (res://tests/unit/test_theory_manager.gd:131)
         [2] _run_test (res://addons/gut/gut.gd:605)
         [3] _test_the_scripts (res://addons/gut/gut.gd:818)
WARNING: [CaseManager] Validation: EvidenceData: discovery_method is required for evidence 'ev_camera'
     at: push_warning (core/variant/variant_utility.cpp:1034)
     GDScript backtrace (most recent call first):
         [0] load_case (res://scripts/managers/case_manager.gd:114)
         [1] before_each (res://tests/unit/test_theory_manager.gd:131)
         [2] _run_test (res://addons/gut/gut.gd:605)
         [3] _test_the_scripts (res://addons/gut/gut.gd:818)
WARNING: [CaseManager] Validation: EvidenceData: discovery_method is required for evidence 'ev_phone'
     at: push_warning (core/variant/variant_utility.cpp:1034)
     GDScript backtrace (most recent call first):
         [0] load_case (res://scripts/managers/case_manager.gd:114)
         [1] before_each (res://tests/unit/test_theory_manager.gd:131)
         [2] _run_test (res://addons/gut/gut.gd:605)
         [3] _test_the_scripts (res://addons/gut/gut.gd:818)
* test_max_evidence_per_step_is_three
WARNING: [CaseManager] Validation: EvidenceData: discovery_method is required for evidence 'ev_knife'
     at: push_warning (core/variant/variant_utility.cpp:1034)
     GDScript backtrace (most recent call first):
         [0] load_case (res://scripts/managers/case_manager.gd:114)
         [1] before_each (res://tests/unit/test_theory_manager.gd:131)
         [2] _run_test (res://addons/gut/gut.gd:605)
         [3] _test_the_scripts (res://addons/gut/gut.gd:818)
WARNING: [CaseManager] Validation: EvidenceData: discovery_method is required for evidence 'ev_prints'
     at: push_warning (core/variant/variant_utility.cpp:1034)
     GDScript backtrace (most recent call first):
         [0] load_case (res://scripts/managers/case_manager.gd:114)
         [1] before_each (res://tests/unit/test_theory_manager.gd:131)
         [2] _run_test (res://addons/gut/gut.gd:605)
         [3] _test_the_scripts (res://addons/gut/gut.gd:818)
WARNING: [CaseManager] Validation: EvidenceData: discovery_method is required for evidence 'ev_camera'
     at: push_warning (core/variant/variant_utility.cpp:1034)
     GDScript backtrace (most recent call first):
         [0] load_case (res://scripts/managers/case_manager.gd:114)
         [1] before_each (res://tests/unit/test_theory_manager.gd:131)
         [2] _run_test (res://addons/gut/gut.gd:605)
         [3] _test_the_scripts (res://addons/gut/gut.gd:818)
WARNING: [CaseManager] Validation: EvidenceData: discovery_method is required for evidence 'ev_phone'
     at: push_warning (core/variant/variant_utility.cpp:1034)
     GDScript backtrace (most recent call first):
         [0] load_case (res://scripts/managers/case_manager.gd:114)
         [1] before_each (res://tests/unit/test_theory_manager.gd:131)
         [2] _run_test (res://addons/gut/gut.gd:605)
         [3] _test_the_scripts (res://addons/gut/gut.gd:818)
[1m64/64 passed.
[0m[4m

res://tests/unit/test_timeline_manager.gd
[0m* test_snap_time_exact_multiple
WARNING: [CaseManager] Validation: EvidenceData: discovery_method is required for evidence 'ev_elevator'
     at: push_warning (core/variant/variant_utility.cpp:1034)
     GDScript backtrace (most recent call first):
         [0] load_case (res://scripts/managers/case_manager.gd:114)
         [1] before_each (res://tests/unit/test_timeline_manager.gd:132)
         [2] _run_test (res://addons/gut/gut.gd:605)
         [3] _test_the_scripts (res://addons/gut/gut.gd:818)
WARNING: [CaseManager] Validation: EvidenceData: discovery_method is required for evidence 'ev_camera'
     at: push_warning (core/variant/variant_utility.cpp:1034)
     GDScript backtrace (most recent call first):
         [0] load_case (res://scripts/managers/case_manager.gd:114)
         [1] before_each (res://tests/unit/test_timeline_manager.gd:132)
         [2] _run_test (res://addons/gut/gut.gd:605)
         [3] _test_the_scripts (res://addons/gut/gut.gd:818)
* test_snap_time_rounds_down
WARNING: [CaseManager] Validation: EvidenceData: discovery_method is required for evidence 'ev_elevator'
     at: push_warning (core/variant/variant_utility.cpp:1034)
     GDScript backtrace (most recent call first):
         [0] load_case (res://scripts/managers/case_manager.gd:114)
         [1] before_each (res://tests/unit/test_timeline_manager.gd:132)
         [2] _run_test (res://addons/gut/gut.gd:605)
         [3] _test_the_scripts (res://addons/gut/gut.gd:818)
WARNING: [CaseManager] Validation: EvidenceData: discovery_method is required for evidence 'ev_camera'
     at: push_warning (core/variant/variant_utility.cpp:1034)
     GDScript backtrace (most recent call first):
         [0] load_case (res://scripts/managers/case_manager.gd:114)
         [1] before_each (res://tests/unit/test_timeline_manager.gd:132)
         [2] _run_test (res://addons/gut/gut.gd:605)
         [3] _test_the_scripts (res://addons/gut/gut.gd:818)
* test_snap_time_rounds_up
WARNING: [CaseManager] Validation: EvidenceData: discovery_method is required for evidence 'ev_elevator'
     at: push_warning (core/variant/variant_utility.cpp:1034)
     GDScript backtrace (most recent call first):
         [0] load_case (res://scripts/managers/case_manager.gd:114)
         [1] before_each (res://tests/unit/test_timeline_manager.gd:132)
         [2] _run_test (res://addons/gut/gut.gd:605)
         [3] _test_the_scripts (res://addons/gut/gut.gd:818)
WARNING: [CaseManager] Validation: EvidenceData: discovery_method is required for evidence 'ev_camera'
     at: push_warning (core/variant/variant_utility.cpp:1034)
     GDScript backtrace (most recent call first):
         [0] load_case (res://scripts/managers/case_manager.gd:114)
         [1] before_each (res://tests/unit/test_timeline_manager.gd:132)
         [2] _run_test (res://addons/gut/gut.gd:605)
         [3] _test_the_scripts (res://addons/gut/gut.gd:818)
* test_snap_time_boundary
WARNING: [CaseManager] Validation: EvidenceData: discovery_method is required for evidence 'ev_elevator'
     at: push_warning (core/variant/variant_utility.cpp:1034)
     GDScript backtrace (most recent call first):
         [0] load_case (res://scripts/managers/case_manager.gd:114)
         [1] before_each (res://tests/unit/test_timeline_manager.gd:132)
         [2] _run_test (res://addons/gut/gut.gd:605)
         [3] _test_the_scripts (res://addons/gut/gut.gd:818)
WARNING: [CaseManager] Validation: EvidenceData: discovery_method is required for evidence 'ev_camera'
     at: push_warning (core/variant/variant_utility.cpp:1034)
     GDScript backtrace (most recent call first):
         [0] load_case (res://scripts/managers/case_manager.gd:114)
         [1] before_each (res://tests/unit/test_timeline_manager.gd:132)
         [2] _run_test (res://addons/gut/gut.gd:605)
         [3] _test_the_scripts (res://addons/gut/gut.gd:818)
* test_snap_time_clamps_min
WARNING: [CaseManager] Validation: EvidenceData: discovery_method is required for evidence 'ev_elevator'
     at: push_warning (core/variant/variant_utility.cpp:1034)
     GDScript backtrace (most recent call first):
         [0] load_case (res://scripts/managers/case_manager.gd:114)
         [1] before_each (res://tests/unit/test_timeline_manager.gd:132)
         [2] _run_test (res://addons/gut/gut.gd:605)
         [3] _test_the_scripts (res://addons/gut/gut.gd:818)
WARNING: [CaseManager] Validation: EvidenceData: discovery_method is required for evidence 'ev_camera'
     at: push_warning (core/variant/variant_utility.cpp:1034)
     GDScript backtrace (most recent call first):
         [0] load_case (res://scripts/managers/case_manager.gd:114)
         [1] before_each (res://tests/unit/test_timeline_manager.gd:132)
         [2] _run_test (res://addons/gut/gut.gd:605)
         [3] _test_the_scripts (res://addons/gut/gut.gd:818)
* test_snap_time_clamps_max
WARNING: [CaseManager] Validation: EvidenceData: discovery_method is required for evidence 'ev_elevator'
     at: push_warning (core/variant/variant_utility.cpp:1034)
     GDScript backtrace (most recent call first):
         [0] load_case (res://scripts/managers/case_manager.gd:114)
         [1] before_each (res://tests/unit/test_timeline_manager.gd:132)
         [2] _run_test (res://addons/gut/gut.gd:605)
         [3] _test_the_scripts (res://addons/gut/gut.gd:818)
WARNING: [CaseManager] Validation: EvidenceData: discovery_method is required for evidence 'ev_camera'
     at: push_warning (core/variant/variant_utility.cpp:1034)
     GDScript backtrace (most recent call first):
         [0] load_case (res://scripts/managers/case_manager.gd:114)
         [1] before_each (res://tests/unit/test_timeline_manager.gd:132)
         [2] _run_test (res://addons/gut/gut.gd:605)
         [3] _test_the_scripts (res://addons/gut/gut.gd:818)
* test_parse_time_string_valid
WARNING: [CaseManager] Validation: EvidenceData: discovery_method is required for evidence 'ev_elevator'
     at: push_warning (core/variant/variant_utility.cpp:1034)
     GDScript backtrace (most recent call first):
         [0] load_case (res://scripts/managers/case_manager.gd:114)
         [1] before_each (res://tests/unit/test_timeline_manager.gd:132)
         [2] _run_test (res://addons/gut/gut.gd:605)
         [3] _test_the_scripts (res://addons/gut/gut.gd:818)
WARNING: [CaseManager] Validation: EvidenceData: discovery_method is required for evidence 'ev_camera'
     at: push_warning (core/variant/variant_utility.cpp:1034)
     GDScript backtrace (most recent call first):
         [0] load_case (res://scripts/managers/case_manager.gd:114)
         [1] before_each (res://tests/unit/test_timeline_manager.gd:132)
         [2] _run_test (res://addons/gut/gut.gd:605)
         [3] _test_the_scripts (res://addons/gut/gut.gd:818)
* test_parse_time_string_empty
WARNING: [CaseManager] Validation: EvidenceData: discovery_method is required for evidence 'ev_elevator'
     at: push_warning (core/variant/variant_utility.cpp:1034)
     GDScript backtrace (most recent call first):
         [0] load_case (res://scripts/managers/case_manager.gd:114)
         [1] before_each (res://tests/unit/test_timeline_manager.gd:132)
         [2] _run_test (res://addons/gut/gut.gd:605)
         [3] _test_the_scripts (res://addons/gut/gut.gd:818)
WARNING: [CaseManager] Validation: EvidenceData: discovery_method is required for evidence 'ev_camera'
     at: push_warning (core/variant/variant_utility.cpp:1034)
     GDScript backtrace (most recent call first):
         [0] load_case (res://scripts/managers/case_manager.gd:114)
         [1] before_each (res://tests/unit/test_timeline_manager.gd:132)
         [2] _run_test (res://addons/gut/gut.gd:605)
         [3] _test_the_scripts (res://addons/gut/gut.gd:818)
* test_parse_time_string_invalid
WARNING: [CaseManager] Validation: EvidenceData: discovery_method is required for evidence 'ev_elevator'
     at: push_warning (core/variant/variant_utility.cpp:1034)
     GDScript backtrace (most recent call first):
         [0] load_case (res://scripts/managers/case_manager.gd:114)
         [1] before_each (res://tests/unit/test_timeline_manager.gd:132)
         [2] _run_test (res://addons/gut/gut.gd:605)
         [3] _test_the_scripts (res://addons/gut/gut.gd:818)
WARNING: [CaseManager] Validation: EvidenceData: discovery_method is required for evidence 'ev_camera'
     at: push_warning (core/variant/variant_utility.cpp:1034)
     GDScript backtrace (most recent call first):
         [0] load_case (res://scripts/managers/case_manager.gd:114)
         [1] before_each (res://tests/unit/test_timeline_manager.gd:132)
         [2] _run_test (res://addons/gut/gut.gd:605)
         [3] _test_the_scripts (res://addons/gut/gut.gd:818)
* test_format_time
WARNING: [CaseManager] Validation: EvidenceData: discovery_method is required for evidence 'ev_elevator'
     at: push_warning (core/variant/variant_utility.cpp:1034)
     GDScript backtrace (most recent call first):
         [0] load_case (res://scripts/managers/case_manager.gd:114)
         [1] before_each (res://tests/unit/test_timeline_manager.gd:132)
         [2] _run_test (res://addons/gut/gut.gd:605)
         [3] _test_the_scripts (res://addons/gut/gut.gd:818)
WARNING: [CaseManager] Validation: EvidenceData: discovery_method is required for evidence 'ev_camera'
     at: push_warning (core/variant/variant_utility.cpp:1034)
     GDScript backtrace (most recent call first):
         [0] load_case (res://scripts/managers/case_manager.gd:114)
         [1] before_each (res://tests/unit/test_timeline_manager.gd:132)
         [2] _run_test (res://addons/gut/gut.gd:605)
         [3] _test_the_scripts (res://addons/gut/gut.gd:818)
* test_place_event_returns_entry
WARNING: [CaseManager] Validation: EvidenceData: discovery_method is required for evidence 'ev_elevator'
     at: push_warning (core/variant/variant_utility.cpp:1034)
     GDScript backtrace (most recent call first):
         [0] load_case (res://scripts/managers/case_manager.gd:114)
         [1] before_each (res://tests/unit/test_timeline_manager.gd:132)
         [2] _run_test (res://addons/gut/gut.gd:605)
         [3] _test_the_scripts (res://addons/gut/gut.gd:818)
WARNING: [CaseManager] Validation: EvidenceData: discovery_method is required for evidence 'ev_camera'
     at: push_warning (core/variant/variant_utility.cpp:1034)
     GDScript backtrace (most recent call first):
         [0] load_case (res://scripts/managers/case_manager.gd:114)
         [1] before_each (res://tests/unit/test_timeline_manager.gd:132)
         [2] _run_test (res://addons/gut/gut.gd:605)
         [3] _test_the_scripts (res://addons/gut/gut.gd:818)
* test_place_event_snaps_time
WARNING: [CaseManager] Validation: EvidenceData: discovery_method is required for evidence 'ev_elevator'
     at: push_warning (core/variant/variant_utility.cpp:1034)
     GDScript backtrace (most recent call first):
         [0] load_case (res://scripts/managers/case_manager.gd:114)
         [1] before_each (res://tests/unit/test_timeline_manager.gd:132)
         [2] _run_test (res://addons/gut/gut.gd:605)
         [3] _test_the_scripts (res://addons/gut/gut.gd:818)
WARNING: [CaseManager] Validation: EvidenceData: discovery_method is required for evidence 'ev_camera'
     at: push_warning (core/variant/variant_utility.cpp:1034)
     GDScript backtrace (most recent call first):
         [0] load_case (res://scripts/managers/case_manager.gd:114)
         [1] before_each (res://tests/unit/test_timeline_manager.gd:132)
         [2] _run_test (res://addons/gut/gut.gd:605)
         [3] _test_the_scripts (res://addons/gut/gut.gd:818)
* test_place_event_emits_signal
WARNING: [CaseManager] Validation: EvidenceData: discovery_method is required for evidence 'ev_elevator'
     at: push_warning (core/variant/variant_utility.cpp:1034)
     GDScript backtrace (most recent call first):
         [0] load_case (res://scripts/managers/case_manager.gd:114)
         [1] before_each (res://tests/unit/test_timeline_manager.gd:132)
         [2] _run_test (res://addons/gut/gut.gd:605)
         [3] _test_the_scripts (res://addons/gut/gut.gd:818)
WARNING: [CaseManager] Validation: EvidenceData: discovery_method is required for evidence 'ev_camera'
     at: push_warning (core/variant/variant_utility.cpp:1034)
     GDScript backtrace (most recent call first):
         [0] load_case (res://scripts/managers/case_manager.gd:114)
         [1] before_each (res://tests/unit/test_timeline_manager.gd:132)
         [2] _run_test (res://addons/gut/gut.gd:605)
         [3] _test_the_scripts (res://addons/gut/gut.gd:818)
* test_place_event_invalid_event_fails
WARNING: [CaseManager] Validation: EvidenceData: discovery_method is required for evidence 'ev_elevator'
     at: push_warning (core/variant/variant_utility.cpp:1034)
     GDScript backtrace (most recent call first):
         [0] load_case (res://scripts/managers/case_manager.gd:114)
         [1] before_each (res://tests/unit/test_timeline_manager.gd:132)
         [2] _run_test (res://addons/gut/gut.gd:605)
         [3] _test_the_scripts (res://addons/gut/gut.gd:818)
WARNING: [CaseManager] Validation: EvidenceData: discovery_method is required for evidence 'ev_camera'
     at: push_warning (core/variant/variant_utility.cpp:1034)
     GDScript backtrace (most recent call first):
         [0] load_case (res://scripts/managers/case_manager.gd:114)
         [1] before_each (res://tests/unit/test_timeline_manager.gd:132)
         [2] _run_test (res://addons/gut/gut.gd:605)
         [3] _test_the_scripts (res://addons/gut/gut.gd:818)
ERROR: [TimelineManager] Event not found: nonexistent
   at: push_error (core/variant/variant_utility.cpp:1024)
   GDScript backtrace (most recent call first):
       [0] place_event (res://scripts/managers/timeline_manager.gd:90)
       [1] test_place_event_invalid_event_fails (res://tests/unit/test_timeline_manager.gd:217)
       [2] _run_test (res://addons/gut/gut.gd:615)
       [3] _test_the_scripts (res://addons/gut/gut.gd:818)
[34m[ExpectedError][0mExpected push_error error containing '[TimelineManager] Event not found: nonexistent'.  
* test_place_event_increments_count
WARNING: [CaseManager] Validation: EvidenceData: discovery_method is required for evidence 'ev_elevator'
     at: push_warning (core/variant/variant_utility.cpp:1034)
     GDScript backtrace (most recent call first):
         [0] load_case (res://scripts/managers/case_manager.gd:114)
         [1] before_each (res://tests/unit/test_timeline_manager.gd:132)
         [2] _run_test (res://addons/gut/gut.gd:605)
         [3] _test_the_scripts (res://addons/gut/gut.gd:818)
WARNING: [CaseManager] Validation: EvidenceData: discovery_method is required for evidence 'ev_camera'
     at: push_warning (core/variant/variant_utility.cpp:1034)
     GDScript backtrace (most recent call first):
         [0] load_case (res://scripts/managers/case_manager.gd:114)
         [1] before_each (res://tests/unit/test_timeline_manager.gd:132)
         [2] _run_test (res://addons/gut/gut.gd:605)
         [3] _test_the_scripts (res://addons/gut/gut.gd:818)
* test_get_entry_returns_data
WARNING: [CaseManager] Validation: EvidenceData: discovery_method is required for evidence 'ev_elevator'
     at: push_warning (core/variant/variant_utility.cpp:1034)
     GDScript backtrace (most recent call first):
         [0] load_case (res://scripts/managers/case_manager.gd:114)
         [1] before_each (res://tests/unit/test_timeline_manager.gd:132)
         [2] _run_test (res://addons/gut/gut.gd:605)
         [3] _test_the_scripts (res://addons/gut/gut.gd:818)
WARNING: [CaseManager] Validation: EvidenceData: discovery_method is required for evidence 'ev_camera'
     at: push_warning (core/variant/variant_utility.cpp:1034)
     GDScript backtrace (most recent call first):
         [0] load_case (res://scripts/managers/case_manager.gd:114)
         [1] before_each (res://tests/unit/test_timeline_manager.gd:132)
         [2] _run_test (res://addons/gut/gut.gd:605)
         [3] _test_the_scripts (res://addons/gut/gut.gd:818)
* test_get_entry_nonexistent_returns_empty
WARNING: [CaseManager] Validation: EvidenceData: discovery_method is required for evidence 'ev_elevator'
     at: push_warning (core/variant/variant_utility.cpp:1034)
     GDScript backtrace (most recent call first):
         [0] load_case (res://scripts/managers/case_manager.gd:114)
         [1] before_each (res://tests/unit/test_timeline_manager.gd:132)
         [2] _run_test (res://addons/gut/gut.gd:605)
         [3] _test_the_scripts (res://addons/gut/gut.gd:818)
WARNING: [CaseManager] Validation: EvidenceData: discovery_method is required for evidence 'ev_camera'
     at: push_warning (core/variant/variant_utility.cpp:1034)
     GDScript backtrace (most recent call first):
         [0] load_case (res://scripts/managers/case_manager.gd:114)
         [1] before_each (res://tests/unit/test_timeline_manager.gd:132)
         [2] _run_test (res://addons/gut/gut.gd:605)
         [3] _test_the_scripts (res://addons/gut/gut.gd:818)
* test_get_all_entries
WARNING: [CaseManager] Validation: EvidenceData: discovery_method is required for evidence 'ev_elevator'
     at: push_warning (core/variant/variant_utility.cpp:1034)
     GDScript backtrace (most recent call first):
         [0] load_case (res://scripts/managers/case_manager.gd:114)
         [1] before_each (res://tests/unit/test_timeline_manager.gd:132)
         [2] _run_test (res://addons/gut/gut.gd:605)
         [3] _test_the_scripts (res://addons/gut/gut.gd:818)
WARNING: [CaseManager] Validation: EvidenceData: discovery_method is required for evidence 'ev_camera'
     at: push_warning (core/variant/variant_utility.cpp:1034)
     GDScript backtrace (most recent call first):
         [0] load_case (res://scripts/managers/case_manager.gd:114)
         [1] before_each (res://tests/unit/test_timeline_manager.gd:132)
         [2] _run_test (res://addons/gut/gut.gd:605)
         [3] _test_the_scripts (res://addons/gut/gut.gd:818)
* test_get_entries_for_day
WARNING: [CaseManager] Validation: EvidenceData: discovery_method is required for evidence 'ev_elevator'
     at: push_warning (core/variant/variant_utility.cpp:1034)
     GDScript backtrace (most recent call first):
         [0] load_case (res://scripts/managers/case_manager.gd:114)
         [1] before_each (res://tests/unit/test_timeline_manager.gd:132)
         [2] _run_test (res://addons/gut/gut.gd:605)
         [3] _test_the_scripts (res://addons/gut/gut.gd:818)
WARNING: [CaseManager] Validation: EvidenceData: discovery_method is required for evidence 'ev_camera'
     at: push_warning (core/variant/variant_utility.cpp:1034)
     GDScript backtrace (most recent call first):
         [0] load_case (res://scripts/managers/case_manager.gd:114)
         [1] before_each (res://tests/unit/test_timeline_manager.gd:132)
         [2] _run_test (res://addons/gut/gut.gd:605)
         [3] _test_the_scripts (res://addons/gut/gut.gd:818)
* test_remove_entry
WARNING: [CaseManager] Validation: EvidenceData: discovery_method is required for evidence 'ev_elevator'
     at: push_warning (core/variant/variant_utility.cpp:1034)
     GDScript backtrace (most recent call first):
         [0] load_case (res://scripts/managers/case_manager.gd:114)
         [1] before_each (res://tests/unit/test_timeline_manager.gd:132)
         [2] _run_test (res://addons/gut/gut.gd:605)
         [3] _test_the_scripts (res://addons/gut/gut.gd:818)
WARNING: [CaseManager] Validation: EvidenceData: discovery_method is required for evidence 'ev_camera'
     at: push_warning (core/variant/variant_utility.cpp:1034)
     GDScript backtrace (most recent call first):
         [0] load_case (res://scripts/managers/case_manager.gd:114)
         [1] before_each (res://tests/unit/test_timeline_manager.gd:132)
         [2] _run_test (res://addons/gut/gut.gd:605)
         [3] _test_the_scripts (res://addons/gut/gut.gd:818)
* test_remove_entry_emits_signal
WARNING: [CaseManager] Validation: EvidenceData: discovery_method is required for evidence 'ev_elevator'
     at: push_warning (core/variant/variant_utility.cpp:1034)
     GDScript backtrace (most recent call first):
         [0] load_case (res://scripts/managers/case_manager.gd:114)
         [1] before_each (res://tests/unit/test_timeline_manager.gd:132)
         [2] _run_test (res://addons/gut/gut.gd:605)
         [3] _test_the_scripts (res://addons/gut/gut.gd:818)
WARNING: [CaseManager] Validation: EvidenceData: discovery_method is required for evidence 'ev_camera'
     at: push_warning (core/variant/variant_utility.cpp:1034)
     GDScript backtrace (most recent call first):
         [0] load_case (res://scripts/managers/case_manager.gd:114)
         [1] before_each (res://tests/unit/test_timeline_manager.gd:132)
         [2] _run_test (res://addons/gut/gut.gd:605)
         [3] _test_the_scripts (res://addons/gut/gut.gd:818)
* test_remove_entry_nonexistent_returns_false
WARNING: [CaseManager] Validation: EvidenceData: discovery_method is required for evidence 'ev_elevator'
     at: push_warning (core/variant/variant_utility.cpp:1034)
     GDScript backtrace (most recent call first):
         [0] load_case (res://scripts/managers/case_manager.gd:114)
         [1] before_each (res://tests/unit/test_timeline_manager.gd:132)
         [2] _run_test (res://addons/gut/gut.gd:605)
         [3] _test_the_scripts (res://addons/gut/gut.gd:818)
WARNING: [CaseManager] Validation: EvidenceData: discovery_method is required for evidence 'ev_camera'
     at: push_warning (core/variant/variant_utility.cpp:1034)
     GDScript backtrace (most recent call first):
         [0] load_case (res://scripts/managers/case_manager.gd:114)
         [1] before_each (res://tests/unit/test_timeline_manager.gd:132)
         [2] _run_test (res://addons/gut/gut.gd:605)
         [3] _test_the_scripts (res://addons/gut/gut.gd:818)
WARNING: [TimelineManager] Entry not found: nonexistent
     at: push_warning (core/variant/variant_utility.cpp:1034)
     GDScript backtrace (most recent call first):
         [0] remove_entry (res://scripts/managers/timeline_manager.gd:113)
         [1] test_remove_entry_nonexistent_returns_false (res://tests/unit/test_timeline_manager.gd:275)
         [2] _run_test (res://addons/gut/gut.gd:615)
         [3] _test_the_scripts (res://addons/gut/gut.gd:818)
[34m[ExpectedError][0mExpected push_warning error containing '[TimelineManager]'.  
* test_remove_entry_clears_attached_evidence
WARNING: [CaseManager] Validation: EvidenceData: discovery_method is required for evidence 'ev_elevator'
     at: push_warning (core/variant/variant_utility.cpp:1034)
     GDScript backtrace (most recent call first):
         [0] load_case (res://scripts/managers/case_manager.gd:114)
         [1] before_each (res://tests/unit/test_timeline_manager.gd:132)
         [2] _run_test (res://addons/gut/gut.gd:605)
         [3] _test_the_scripts (res://addons/gut/gut.gd:818)
WARNING: [CaseManager] Validation: EvidenceData: discovery_method is required for evidence 'ev_camera'
     at: push_warning (core/variant/variant_utility.cpp:1034)
     GDScript backtrace (most recent call first):
         [0] load_case (res://scripts/managers/case_manager.gd:114)
         [1] before_each (res://tests/unit/test_timeline_manager.gd:132)
         [2] _run_test (res://addons/gut/gut.gd:605)
         [3] _test_the_scripts (res://addons/gut/gut.gd:818)
* test_move_entry
WARNING: [CaseManager] Validation: EvidenceData: discovery_method is required for evidence 'ev_elevator'
     at: push_warning (core/variant/variant_utility.cpp:1034)
     GDScript backtrace (most recent call first):
         [0] load_case (res://scripts/managers/case_manager.gd:114)
         [1] before_each (res://tests/unit/test_timeline_manager.gd:132)
         [2] _run_test (res://addons/gut/gut.gd:605)
         [3] _test_the_scripts (res://addons/gut/gut.gd:818)
WARNING: [CaseManager] Validation: EvidenceData: discovery_method is required for evidence 'ev_camera'
     at: push_warning (core/variant/variant_utility.cpp:1034)
     GDScript backtrace (most recent call first):
         [0] load_case (res://scripts/managers/case_manager.gd:114)
         [1] before_each (res://tests/unit/test_timeline_manager.gd:132)
         [2] _run_test (res://addons/gut/gut.gd:605)
         [3] _test_the_scripts (res://addons/gut/gut.gd:818)
* test_move_entry_snaps
WARNING: [CaseManager] Validation: EvidenceData: discovery_method is required for evidence 'ev_elevator'
     at: push_warning (core/variant/variant_utility.cpp:1034)
     GDScript backtrace (most recent call first):
         [0] load_case (res://scripts/managers/case_manager.gd:114)
         [1] before_each (res://tests/unit/test_timeline_manager.gd:132)
         [2] _run_test (res://addons/gut/gut.gd:605)
         [3] _test_the_scripts (res://addons/gut/gut.gd:818)
WARNING: [CaseManager] Validation: EvidenceData: discovery_method is required for evidence 'ev_camera'
     at: push_warning (core/variant/variant_utility.cpp:1034)
     GDScript backtrace (most recent call first):
         [0] load_case (res://scripts/managers/case_manager.gd:114)
         [1] before_each (res://tests/unit/test_timeline_manager.gd:132)
         [2] _run_test (res://addons/gut/gut.gd:605)
         [3] _test_the_scripts (res://addons/gut/gut.gd:818)
* test_move_entry_emits_signal
WARNING: [CaseManager] Validation: EvidenceData: discovery_method is required for evidence 'ev_elevator'
     at: push_warning (core/variant/variant_utility.cpp:1034)
     GDScript backtrace (most recent call first):
         [0] load_case (res://scripts/managers/case_manager.gd:114)
         [1] before_each (res://tests/unit/test_timeline_manager.gd:132)
         [2] _run_test (res://addons/gut/gut.gd:605)
         [3] _test_the_scripts (res://addons/gut/gut.gd:818)
WARNING: [CaseManager] Validation: EvidenceData: discovery_method is required for evidence 'ev_camera'
     at: push_warning (core/variant/variant_utility.cpp:1034)
     GDScript backtrace (most recent call first):
         [0] load_case (res://scripts/managers/case_manager.gd:114)
         [1] before_each (res://tests/unit/test_timeline_manager.gd:132)
         [2] _run_test (res://addons/gut/gut.gd:605)
         [3] _test_the_scripts (res://addons/gut/gut.gd:818)
* test_move_entry_nonexistent_returns_false
WARNING: [CaseManager] Validation: EvidenceData: discovery_method is required for evidence 'ev_elevator'
     at: push_warning (core/variant/variant_utility.cpp:1034)
     GDScript backtrace (most recent call first):
         [0] load_case (res://scripts/managers/case_manager.gd:114)
         [1] before_each (res://tests/unit/test_timeline_manager.gd:132)
         [2] _run_test (res://addons/gut/gut.gd:605)
         [3] _test_the_scripts (res://addons/gut/gut.gd:818)
WARNING: [CaseManager] Validation: EvidenceData: discovery_method is required for evidence 'ev_camera'
     at: push_warning (core/variant/variant_utility.cpp:1034)
     GDScript backtrace (most recent call first):
         [0] load_case (res://scripts/managers/case_manager.gd:114)
         [1] before_each (res://tests/unit/test_timeline_manager.gd:132)
         [2] _run_test (res://addons/gut/gut.gd:605)
         [3] _test_the_scripts (res://addons/gut/gut.gd:818)
WARNING: [TimelineManager] Entry not found: nonexistent
     at: push_warning (core/variant/variant_utility.cpp:1034)
     GDScript backtrace (most recent call first):
         [0] move_entry (res://scripts/managers/timeline_manager.gd:127)
         [1] test_move_entry_nonexistent_returns_false (res://tests/unit/test_timeline_manager.gd:315)
         [2] _run_test (res://addons/gut/gut.gd:615)
         [3] _test_the_scripts (res://addons/gut/gut.gd:818)
[34m[ExpectedError][0mExpected push_warning error containing '[TimelineManager]'.  
* test_add_hypothesis
WARNING: [CaseManager] Validation: EvidenceData: discovery_method is required for evidence 'ev_elevator'
     at: push_warning (core/variant/variant_utility.cpp:1034)
     GDScript backtrace (most recent call first):
         [0] load_case (res://scripts/managers/case_manager.gd:114)
         [1] before_each (res://tests/unit/test_timeline_manager.gd:132)
         [2] _run_test (res://addons/gut/gut.gd:605)
         [3] _test_the_scripts (res://addons/gut/gut.gd:818)
WARNING: [CaseManager] Validation: EvidenceData: discovery_method is required for evidence 'ev_camera'
     at: push_warning (core/variant/variant_utility.cpp:1034)
     GDScript backtrace (most recent call first):
         [0] load_case (res://scripts/managers/case_manager.gd:114)
         [1] before_each (res://tests/unit/test_timeline_manager.gd:132)
         [2] _run_test (res://addons/gut/gut.gd:605)
         [3] _test_the_scripts (res://addons/gut/gut.gd:818)
* test_add_hypothesis_snaps_time
WARNING: [CaseManager] Validation: EvidenceData: discovery_method is required for evidence 'ev_elevator'
     at: push_warning (core/variant/variant_utility.cpp:1034)
     GDScript backtrace (most recent call first):
         [0] load_case (res://scripts/managers/case_manager.gd:114)
         [1] before_each (res://tests/unit/test_timeline_manager.gd:132)
         [2] _run_test (res://addons/gut/gut.gd:605)
         [3] _test_the_scripts (res://addons/gut/gut.gd:818)
WARNING: [CaseManager] Validation: EvidenceData: discovery_method is required for evidence 'ev_camera'
     at: push_warning (core/variant/variant_utility.cpp:1034)
     GDScript backtrace (most recent call first):
         [0] load_case (res://scripts/managers/case_manager.gd:114)
         [1] before_each (res://tests/unit/test_timeline_manager.gd:132)
         [2] _run_test (res://addons/gut/gut.gd:605)
         [3] _test_the_scripts (res://addons/gut/gut.gd:818)
* test_add_hypothesis_emits_signal
WARNING: [CaseManager] Validation: EvidenceData: discovery_method is required for evidence 'ev_elevator'
     at: push_warning (core/variant/variant_utility.cpp:1034)
     GDScript backtrace (most recent call first):
         [0] load_case (res://scripts/managers/case_manager.gd:114)
         [1] before_each (res://tests/unit/test_timeline_manager.gd:132)
         [2] _run_test (res://addons/gut/gut.gd:605)
         [3] _test_the_scripts (res://addons/gut/gut.gd:818)
WARNING: [CaseManager] Validation: EvidenceData: discovery_method is required for evidence 'ev_camera'
     at: push_warning (core/variant/variant_utility.cpp:1034)
     GDScript backtrace (most recent call first):
         [0] load_case (res://scripts/managers/case_manager.gd:114)
         [1] before_each (res://tests/unit/test_timeline_manager.gd:132)
         [2] _run_test (res://addons/gut/gut.gd:605)
         [3] _test_the_scripts (res://addons/gut/gut.gd:818)
* test_add_hypothesis_increments_count
WARNING: [CaseManager] Validation: EvidenceData: discovery_method is required for evidence 'ev_elevator'
     at: push_warning (core/variant/variant_utility.cpp:1034)
     GDScript backtrace (most recent call first):
         [0] load_case (res://scripts/managers/case_manager.gd:114)
         [1] before_each (res://tests/unit/test_timeline_manager.gd:132)
         [2] _run_test (res://addons/gut/gut.gd:605)
         [3] _test_the_scripts (res://addons/gut/gut.gd:818)
WARNING: [CaseManager] Validation: EvidenceData: discovery_method is required for evidence 'ev_camera'
     at: push_warning (core/variant/variant_utility.cpp:1034)
     GDScript backtrace (most recent call first):
         [0] load_case (res://scripts/managers/case_manager.gd:114)
         [1] before_each (res://tests/unit/test_timeline_manager.gd:132)
         [2] _run_test (res://addons/gut/gut.gd:605)
         [3] _test_the_scripts (res://addons/gut/gut.gd:818)
* test_get_hypothesis
WARNING: [CaseManager] Validation: EvidenceData: discovery_method is required for evidence 'ev_elevator'
     at: push_warning (core/variant/variant_utility.cpp:1034)
     GDScript backtrace (most recent call first):
         [0] load_case (res://scripts/managers/case_manager.gd:114)
         [1] before_each (res://tests/unit/test_timeline_manager.gd:132)
         [2] _run_test (res://addons/gut/gut.gd:605)
         [3] _test_the_scripts (res://addons/gut/gut.gd:818)
WARNING: [CaseManager] Validation: EvidenceData: discovery_method is required for evidence 'ev_camera'
     at: push_warning (core/variant/variant_utility.cpp:1034)
     GDScript backtrace (most recent call first):
         [0] load_case (res://scripts/managers/case_manager.gd:114)
         [1] before_each (res://tests/unit/test_timeline_manager.gd:132)
         [2] _run_test (res://addons/gut/gut.gd:605)
         [3] _test_the_scripts (res://addons/gut/gut.gd:818)
* test_get_hypothesis_nonexistent
WARNING: [CaseManager] Validation: EvidenceData: discovery_method is required for evidence 'ev_elevator'
     at: push_warning (core/variant/variant_utility.cpp:1034)
     GDScript backtrace (most recent call first):
         [0] load_case (res://scripts/managers/case_manager.gd:114)
         [1] before_each (res://tests/unit/test_timeline_manager.gd:132)
         [2] _run_test (res://addons/gut/gut.gd:605)
         [3] _test_the_scripts (res://addons/gut/gut.gd:818)
WARNING: [CaseManager] Validation: EvidenceData: discovery_method is required for evidence 'ev_camera'
     at: push_warning (core/variant/variant_utility.cpp:1034)
     GDScript backtrace (most recent call first):
         [0] load_case (res://scripts/managers/case_manager.gd:114)
         [1] before_each (res://tests/unit/test_timeline_manager.gd:132)
         [2] _run_test (res://addons/gut/gut.gd:605)
         [3] _test_the_scripts (res://addons/gut/gut.gd:818)
* test_get_all_hypotheses
WARNING: [CaseManager] Validation: EvidenceData: discovery_method is required for evidence 'ev_elevator'
     at: push_warning (core/variant/variant_utility.cpp:1034)
     GDScript backtrace (most recent call first):
         [0] load_case (res://scripts/managers/case_manager.gd:114)
         [1] before_each (res://tests/unit/test_timeline_manager.gd:132)
         [2] _run_test (res://addons/gut/gut.gd:605)
         [3] _test_the_scripts (res://addons/gut/gut.gd:818)
WARNING: [CaseManager] Validation: EvidenceData: discovery_method is required for evidence 'ev_camera'
     at: push_warning (core/variant/variant_utility.cpp:1034)
     GDScript backtrace (most recent call first):
         [0] load_case (res://scripts/managers/case_manager.gd:114)
         [1] before_each (res://tests/unit/test_timeline_manager.gd:132)
         [2] _run_test (res://addons/gut/gut.gd:605)
         [3] _test_the_scripts (res://addons/gut/gut.gd:818)
* test_update_hypothesis
WARNING: [CaseManager] Validation: EvidenceData: discovery_method is required for evidence 'ev_elevator'
     at: push_warning (core/variant/variant_utility.cpp:1034)
     GDScript backtrace (most recent call first):
         [0] load_case (res://scripts/managers/case_manager.gd:114)
         [1] before_each (res://tests/unit/test_timeline_manager.gd:132)
         [2] _run_test (res://addons/gut/gut.gd:605)
         [3] _test_the_scripts (res://addons/gut/gut.gd:818)
WARNING: [CaseManager] Validation: EvidenceData: discovery_method is required for evidence 'ev_camera'
     at: push_warning (core/variant/variant_utility.cpp:1034)
     GDScript backtrace (most recent call first):
         [0] load_case (res://scripts/managers/case_manager.gd:114)
         [1] before_each (res://tests/unit/test_timeline_manager.gd:132)
         [2] _run_test (res://addons/gut/gut.gd:605)
         [3] _test_the_scripts (res://addons/gut/gut.gd:818)
* test_update_hypothesis_emits_signal
WARNING: [CaseManager] Validation: EvidenceData: discovery_method is required for evidence 'ev_elevator'
     at: push_warning (core/variant/variant_utility.cpp:1034)
     GDScript backtrace (most recent call first):
         [0] load_case (res://scripts/managers/case_manager.gd:114)
         [1] before_each (res://tests/unit/test_timeline_manager.gd:132)
         [2] _run_test (res://addons/gut/gut.gd:605)
         [3] _test_the_scripts (res://addons/gut/gut.gd:818)
WARNING: [CaseManager] Validation: EvidenceData: discovery_method is required for evidence 'ev_camera'
     at: push_warning (core/variant/variant_utility.cpp:1034)
     GDScript backtrace (most recent call first):
         [0] load_case (res://scripts/managers/case_manager.gd:114)
         [1] before_each (res://tests/unit/test_timeline_manager.gd:132)
         [2] _run_test (res://addons/gut/gut.gd:605)
         [3] _test_the_scripts (res://addons/gut/gut.gd:818)
* test_update_hypothesis_nonexistent_returns_false
WARNING: [CaseManager] Validation: EvidenceData: discovery_method is required for evidence 'ev_elevator'
     at: push_warning (core/variant/variant_utility.cpp:1034)
     GDScript backtrace (most recent call first):
         [0] load_case (res://scripts/managers/case_manager.gd:114)
         [1] before_each (res://tests/unit/test_timeline_manager.gd:132)
         [2] _run_test (res://addons/gut/gut.gd:605)
         [3] _test_the_scripts (res://addons/gut/gut.gd:818)
WARNING: [CaseManager] Validation: EvidenceData: discovery_method is required for evidence 'ev_camera'
     at: push_warning (core/variant/variant_utility.cpp:1034)
     GDScript backtrace (most recent call first):
         [0] load_case (res://scripts/managers/case_manager.gd:114)
         [1] before_each (res://tests/unit/test_timeline_manager.gd:132)
         [2] _run_test (res://addons/gut/gut.gd:605)
         [3] _test_the_scripts (res://addons/gut/gut.gd:818)
WARNING: [TimelineManager] Hypothesis not found: nonexistent
     at: push_warning (core/variant/variant_utility.cpp:1034)
     GDScript backtrace (most recent call first):
         [0] update_hypothesis (res://scripts/managers/timeline_manager.gd:193)
         [1] test_update_hypothesis_nonexistent_returns_false (res://tests/unit/test_timeline_manager.gd:391)
         [2] _run_test (res://addons/gut/gut.gd:615)
         [3] _test_the_scripts (res://addons/gut/gut.gd:818)
[34m[ExpectedError][0mExpected push_warning error containing '[TimelineManager]'.  
* test_remove_hypothesis
WARNING: [CaseManager] Validation: EvidenceData: discovery_method is required for evidence 'ev_elevator'
     at: push_warning (core/variant/variant_utility.cpp:1034)
     GDScript backtrace (most recent call first):
         [0] load_case (res://scripts/managers/case_manager.gd:114)
         [1] before_each (res://tests/unit/test_timeline_manager.gd:132)
         [2] _run_test (res://addons/gut/gut.gd:605)
         [3] _test_the_scripts (res://addons/gut/gut.gd:818)
WARNING: [CaseManager] Validation: EvidenceData: discovery_method is required for evidence 'ev_camera'
     at: push_warning (core/variant/variant_utility.cpp:1034)
     GDScript backtrace (most recent call first):
         [0] load_case (res://scripts/managers/case_manager.gd:114)
         [1] before_each (res://tests/unit/test_timeline_manager.gd:132)
         [2] _run_test (res://addons/gut/gut.gd:605)
         [3] _test_the_scripts (res://addons/gut/gut.gd:818)
* test_remove_hypothesis_emits_signal
WARNING: [CaseManager] Validation: EvidenceData: discovery_method is required for evidence 'ev_elevator'
     at: push_warning (core/variant/variant_utility.cpp:1034)
     GDScript backtrace (most recent call first):
         [0] load_case (res://scripts/managers/case_manager.gd:114)
         [1] before_each (res://tests/unit/test_timeline_manager.gd:132)
         [2] _run_test (res://addons/gut/gut.gd:605)
         [3] _test_the_scripts (res://addons/gut/gut.gd:818)
WARNING: [CaseManager] Validation: EvidenceData: discovery_method is required for evidence 'ev_camera'
     at: push_warning (core/variant/variant_utility.cpp:1034)
     GDScript backtrace (most recent call first):
         [0] load_case (res://scripts/managers/case_manager.gd:114)
         [1] before_each (res://tests/unit/test_timeline_manager.gd:132)
         [2] _run_test (res://addons/gut/gut.gd:605)
         [3] _test_the_scripts (res://addons/gut/gut.gd:818)
* test_remove_hypothesis_nonexistent_returns_false
WARNING: [CaseManager] Validation: EvidenceData: discovery_method is required for evidence 'ev_elevator'
     at: push_warning (core/variant/variant_utility.cpp:1034)
     GDScript backtrace (most recent call first):
         [0] load_case (res://scripts/managers/case_manager.gd:114)
         [1] before_each (res://tests/unit/test_timeline_manager.gd:132)
         [2] _run_test (res://addons/gut/gut.gd:605)
         [3] _test_the_scripts (res://addons/gut/gut.gd:818)
WARNING: [CaseManager] Validation: EvidenceData: discovery_method is required for evidence 'ev_camera'
     at: push_warning (core/variant/variant_utility.cpp:1034)
     GDScript backtrace (most recent call first):
         [0] load_case (res://scripts/managers/case_manager.gd:114)
         [1] before_each (res://tests/unit/test_timeline_manager.gd:132)
         [2] _run_test (res://addons/gut/gut.gd:605)
         [3] _test_the_scripts (res://addons/gut/gut.gd:818)
WARNING: [TimelineManager] Hypothesis not found: nonexistent
     at: push_warning (core/variant/variant_utility.cpp:1034)
     GDScript backtrace (most recent call first):
         [0] remove_hypothesis (res://scripts/managers/timeline_manager.gd:210)
         [1] test_remove_hypothesis_nonexistent_returns_false (res://tests/unit/test_timeline_manager.gd:411)
         [2] _run_test (res://addons/gut/gut.gd:615)
         [3] _test_the_scripts (res://addons/gut/gut.gd:818)
[34m[ExpectedError][0mExpected push_warning error containing '[TimelineManager]'.  
* test_attach_evidence
WARNING: [CaseManager] Validation: EvidenceData: discovery_method is required for evidence 'ev_elevator'
     at: push_warning (core/variant/variant_utility.cpp:1034)
     GDScript backtrace (most recent call first):
         [0] load_case (res://scripts/managers/case_manager.gd:114)
         [1] before_each (res://tests/unit/test_timeline_manager.gd:132)
         [2] _run_test (res://addons/gut/gut.gd:605)
         [3] _test_the_scripts (res://addons/gut/gut.gd:818)
WARNING: [CaseManager] Validation: EvidenceData: discovery_method is required for evidence 'ev_camera'
     at: push_warning (core/variant/variant_utility.cpp:1034)
     GDScript backtrace (most recent call first):
         [0] load_case (res://scripts/managers/case_manager.gd:114)
         [1] before_each (res://tests/unit/test_timeline_manager.gd:132)
         [2] _run_test (res://addons/gut/gut.gd:605)
         [3] _test_the_scripts (res://addons/gut/gut.gd:818)
* test_attach_evidence_duplicate_returns_false
WARNING: [CaseManager] Validation: EvidenceData: discovery_method is required for evidence 'ev_elevator'
     at: push_warning (core/variant/variant_utility.cpp:1034)
     GDScript backtrace (most recent call first):
         [0] load_case (res://scripts/managers/case_manager.gd:114)
         [1] before_each (res://tests/unit/test_timeline_manager.gd:132)
         [2] _run_test (res://addons/gut/gut.gd:605)
         [3] _test_the_scripts (res://addons/gut/gut.gd:818)
WARNING: [CaseManager] Validation: EvidenceData: discovery_method is required for evidence 'ev_camera'
     at: push_warning (core/variant/variant_utility.cpp:1034)
     GDScript backtrace (most recent call first):
         [0] load_case (res://scripts/managers/case_manager.gd:114)
         [1] before_each (res://tests/unit/test_timeline_manager.gd:132)
         [2] _run_test (res://addons/gut/gut.gd:605)
         [3] _test_the_scripts (res://addons/gut/gut.gd:818)
* test_attach_evidence_nonexistent_entry_returns_false
WARNING: [CaseManager] Validation: EvidenceData: discovery_method is required for evidence 'ev_elevator'
     at: push_warning (core/variant/variant_utility.cpp:1034)
     GDScript backtrace (most recent call first):
         [0] load_case (res://scripts/managers/case_manager.gd:114)
         [1] before_each (res://tests/unit/test_timeline_manager.gd:132)
         [2] _run_test (res://addons/gut/gut.gd:605)
         [3] _test_the_scripts (res://addons/gut/gut.gd:818)
WARNING: [CaseManager] Validation: EvidenceData: discovery_method is required for evidence 'ev_camera'
     at: push_warning (core/variant/variant_utility.cpp:1034)
     GDScript backtrace (most recent call first):
         [0] load_case (res://scripts/managers/case_manager.gd:114)
         [1] before_each (res://tests/unit/test_timeline_manager.gd:132)
         [2] _run_test (res://addons/gut/gut.gd:605)
         [3] _test_the_scripts (res://addons/gut/gut.gd:818)
WARNING: [TimelineManager] Entry not found: nonexistent
     at: push_warning (core/variant/variant_utility.cpp:1034)
     GDScript backtrace (most recent call first):
         [0] attach_evidence (res://scripts/managers/timeline_manager.gd:243)
         [1] test_attach_evidence_nonexistent_entry_returns_false (res://tests/unit/test_timeline_manager.gd:437)
         [2] _run_test (res://addons/gut/gut.gd:615)
         [3] _test_the_scripts (res://addons/gut/gut.gd:818)
[34m[ExpectedError][0mExpected push_warning error containing '[TimelineManager]'.  
* test_detach_evidence
WARNING: [CaseManager] Validation: EvidenceData: discovery_method is required for evidence 'ev_elevator'
     at: push_warning (core/variant/variant_utility.cpp:1034)
     GDScript backtrace (most recent call first):
         [0] load_case (res://scripts/managers/case_manager.gd:114)
         [1] before_each (res://tests/unit/test_timeline_manager.gd:132)
         [2] _run_test (res://addons/gut/gut.gd:605)
         [3] _test_the_scripts (res://addons/gut/gut.gd:818)
WARNING: [CaseManager] Validation: EvidenceData: discovery_method is required for evidence 'ev_camera'
     at: push_warning (core/variant/variant_utility.cpp:1034)
     GDScript backtrace (most recent call first):
         [0] load_case (res://scripts/managers/case_manager.gd:114)
         [1] before_each (res://tests/unit/test_timeline_manager.gd:132)
         [2] _run_test (res://addons/gut/gut.gd:605)
         [3] _test_the_scripts (res://addons/gut/gut.gd:818)
* test_detach_evidence_not_attached_returns_false
WARNING: [CaseManager] Validation: EvidenceData: discovery_method is required for evidence 'ev_elevator'
     at: push_warning (core/variant/variant_utility.cpp:1034)
     GDScript backtrace (most recent call first):
         [0] load_case (res://scripts/managers/case_manager.gd:114)
         [1] before_each (res://tests/unit/test_timeline_manager.gd:132)
         [2] _run_test (res://addons/gut/gut.gd:605)
         [3] _test_the_scripts (res://addons/gut/gut.gd:818)
WARNING: [CaseManager] Validation: EvidenceData: discovery_method is required for evidence 'ev_camera'
     at: push_warning (core/variant/variant_utility.cpp:1034)
     GDScript backtrace (most recent call first):
         [0] load_case (res://scripts/managers/case_manager.gd:114)
         [1] before_each (res://tests/unit/test_timeline_manager.gd:132)
         [2] _run_test (res://addons/gut/gut.gd:605)
         [3] _test_the_scripts (res://addons/gut/gut.gd:818)
* test_get_attached_evidence_nonexistent_entry
WARNING: [CaseManager] Validation: EvidenceData: discovery_method is required for evidence 'ev_elevator'
     at: push_warning (core/variant/variant_utility.cpp:1034)
     GDScript backtrace (most recent call first):
         [0] load_case (res://scripts/managers/case_manager.gd:114)
         [1] before_each (res://tests/unit/test_timeline_manager.gd:132)
         [2] _run_test (res://addons/gut/gut.gd:605)
         [3] _test_the_scripts (res://addons/gut/gut.gd:818)
WARNING: [CaseManager] Validation: EvidenceData: discovery_method is required for evidence 'ev_camera'
     at: push_warning (core/variant/variant_utility.cpp:1034)
     GDScript backtrace (most recent call first):
         [0] load_case (res://scripts/managers/case_manager.gd:114)
         [1] before_each (res://tests/unit/test_timeline_manager.gd:132)
         [2] _run_test (res://addons/gut/gut.gd:605)
         [3] _test_the_scripts (res://addons/gut/gut.gd:818)
* test_overlap_same_person_different_locations
WARNING: [CaseManager] Validation: EvidenceData: discovery_method is required for evidence 'ev_elevator'
     at: push_warning (core/variant/variant_utility.cpp:1034)
     GDScript backtrace (most recent call first):
         [0] load_case (res://scripts/managers/case_manager.gd:114)
         [1] before_each (res://tests/unit/test_timeline_manager.gd:132)
         [2] _run_test (res://addons/gut/gut.gd:605)
         [3] _test_the_scripts (res://addons/gut/gut.gd:818)
WARNING: [CaseManager] Validation: EvidenceData: discovery_method is required for evidence 'ev_camera'
     at: push_warning (core/variant/variant_utility.cpp:1034)
     GDScript backtrace (most recent call first):
         [0] load_case (res://scripts/managers/case_manager.gd:114)
         [1] before_each (res://tests/unit/test_timeline_manager.gd:132)
         [2] _run_test (res://addons/gut/gut.gd:605)
         [3] _test_the_scripts (res://addons/gut/gut.gd:818)
* test_no_overlap_different_persons
WARNING: [CaseManager] Validation: EvidenceData: discovery_method is required for evidence 'ev_elevator'
     at: push_warning (core/variant/variant_utility.cpp:1034)
     GDScript backtrace (most recent call first):
         [0] load_case (res://scripts/managers/case_manager.gd:114)
         [1] before_each (res://tests/unit/test_timeline_manager.gd:132)
         [2] _run_test (res://addons/gut/gut.gd:605)
         [3] _test_the_scripts (res://addons/gut/gut.gd:818)
WARNING: [CaseManager] Validation: EvidenceData: discovery_method is required for evidence 'ev_camera'
     at: push_warning (core/variant/variant_utility.cpp:1034)
     GDScript backtrace (most recent call first):
         [0] load_case (res://scripts/managers/case_manager.gd:114)
         [1] before_each (res://tests/unit/test_timeline_manager.gd:132)
         [2] _run_test (res://addons/gut/gut.gd:605)
         [3] _test_the_scripts (res://addons/gut/gut.gd:818)
* test_no_overlap_same_location
WARNING: [CaseManager] Validation: EvidenceData: discovery_method is required for evidence 'ev_elevator'
     at: push_warning (core/variant/variant_utility.cpp:1034)
     GDScript backtrace (most recent call first):
         [0] load_case (res://scripts/managers/case_manager.gd:114)
         [1] before_each (res://tests/unit/test_timeline_manager.gd:132)
         [2] _run_test (res://addons/gut/gut.gd:605)
         [3] _test_the_scripts (res://addons/gut/gut.gd:818)
WARNING: [CaseManager] Validation: EvidenceData: discovery_method is required for evidence 'ev_camera'
     at: push_warning (core/variant/variant_utility.cpp:1034)
     GDScript backtrace (most recent call first):
         [0] load_case (res://scripts/managers/case_manager.gd:114)
         [1] before_each (res://tests/unit/test_timeline_manager.gd:132)
         [2] _run_test (res://addons/gut/gut.gd:605)
         [3] _test_the_scripts (res://addons/gut/gut.gd:818)
* test_no_overlap_different_times
WARNING: [CaseManager] Validation: EvidenceData: discovery_method is required for evidence 'ev_elevator'
     at: push_warning (core/variant/variant_utility.cpp:1034)
     GDScript backtrace (most recent call first):
         [0] load_case (res://scripts/managers/case_manager.gd:114)
         [1] before_each (res://tests/unit/test_timeline_manager.gd:132)
         [2] _run_test (res://addons/gut/gut.gd:605)
         [3] _test_the_scripts (res://addons/gut/gut.gd:818)
WARNING: [CaseManager] Validation: EvidenceData: discovery_method is required for evidence 'ev_camera'
     at: push_warning (core/variant/variant_utility.cpp:1034)
     GDScript backtrace (most recent call first):
         [0] load_case (res://scripts/managers/case_manager.gd:114)
         [1] before_each (res://tests/unit/test_timeline_manager.gd:132)
         [2] _run_test (res://addons/gut/gut.gd:605)
         [3] _test_the_scripts (res://addons/gut/gut.gd:818)
* test_no_overlap_different_days
WARNING: [CaseManager] Validation: EvidenceData: discovery_method is required for evidence 'ev_elevator'
     at: push_warning (core/variant/variant_utility.cpp:1034)
     GDScript backtrace (most recent call first):
         [0] load_case (res://scripts/managers/case_manager.gd:114)
         [1] before_each (res://tests/unit/test_timeline_manager.gd:132)
         [2] _run_test (res://addons/gut/gut.gd:605)
         [3] _test_the_scripts (res://addons/gut/gut.gd:818)
WARNING: [CaseManager] Validation: EvidenceData: discovery_method is required for evidence 'ev_camera'
     at: push_warning (core/variant/variant_utility.cpp:1034)
     GDScript backtrace (most recent call first):
         [0] load_case (res://scripts/managers/case_manager.gd:114)
         [1] before_each (res://tests/unit/test_timeline_manager.gd:132)
         [2] _run_test (res://addons/gut/gut.gd:605)
         [3] _test_the_scripts (res://addons/gut/gut.gd:818)
* test_overlap_emits_signal
WARNING: [CaseManager] Validation: EvidenceData: discovery_method is required for evidence 'ev_elevator'
     at: push_warning (core/variant/variant_utility.cpp:1034)
     GDScript backtrace (most recent call first):
         [0] load_case (res://scripts/managers/case_manager.gd:114)
         [1] before_each (res://tests/unit/test_timeline_manager.gd:132)
         [2] _run_test (res://addons/gut/gut.gd:605)
         [3] _test_the_scripts (res://addons/gut/gut.gd:818)
WARNING: [CaseManager] Validation: EvidenceData: discovery_method is required for evidence 'ev_camera'
     at: push_warning (core/variant/variant_utility.cpp:1034)
     GDScript backtrace (most recent call first):
         [0] load_case (res://scripts/managers/case_manager.gd:114)
         [1] before_each (res://tests/unit/test_timeline_manager.gd:132)
         [2] _run_test (res://addons/gut/gut.gd:605)
         [3] _test_the_scripts (res://addons/gut/gut.gd:818)
* test_has_content_false_initially
WARNING: [CaseManager] Validation: EvidenceData: discovery_method is required for evidence 'ev_elevator'
     at: push_warning (core/variant/variant_utility.cpp:1034)
     GDScript backtrace (most recent call first):
         [0] load_case (res://scripts/managers/case_manager.gd:114)
         [1] before_each (res://tests/unit/test_timeline_manager.gd:132)
         [2] _run_test (res://addons/gut/gut.gd:605)
         [3] _test_the_scripts (res://addons/gut/gut.gd:818)
WARNING: [CaseManager] Validation: EvidenceData: discovery_method is required for evidence 'ev_camera'
     at: push_warning (core/variant/variant_utility.cpp:1034)
     GDScript backtrace (most recent call first):
         [0] load_case (res://scripts/managers/case_manager.gd:114)
         [1] before_each (res://tests/unit/test_timeline_manager.gd:132)
         [2] _run_test (res://addons/gut/gut.gd:605)
         [3] _test_the_scripts (res://addons/gut/gut.gd:818)
* test_has_content_true_with_entry
WARNING: [CaseManager] Validation: EvidenceData: discovery_method is required for evidence 'ev_elevator'
     at: push_warning (core/variant/variant_utility.cpp:1034)
     GDScript backtrace (most recent call first):
         [0] load_case (res://scripts/managers/case_manager.gd:114)
         [1] before_each (res://tests/unit/test_timeline_manager.gd:132)
         [2] _run_test (res://addons/gut/gut.gd:605)
         [3] _test_the_scripts (res://addons/gut/gut.gd:818)
WARNING: [CaseManager] Validation: EvidenceData: discovery_method is required for evidence 'ev_camera'
     at: push_warning (core/variant/variant_utility.cpp:1034)
     GDScript backtrace (most recent call first):
         [0] load_case (res://scripts/managers/case_manager.gd:114)
         [1] before_each (res://tests/unit/test_timeline_manager.gd:132)
         [2] _run_test (res://addons/gut/gut.gd:605)
         [3] _test_the_scripts (res://addons/gut/gut.gd:818)
* test_has_content_true_with_hypothesis
WARNING: [CaseManager] Validation: EvidenceData: discovery_method is required for evidence 'ev_elevator'
     at: push_warning (core/variant/variant_utility.cpp:1034)
     GDScript backtrace (most recent call first):
         [0] load_case (res://scripts/managers/case_manager.gd:114)
         [1] before_each (res://tests/unit/test_timeline_manager.gd:132)
         [2] _run_test (res://addons/gut/gut.gd:605)
         [3] _test_the_scripts (res://addons/gut/gut.gd:818)
WARNING: [CaseManager] Validation: EvidenceData: discovery_method is required for evidence 'ev_camera'
     at: push_warning (core/variant/variant_utility.cpp:1034)
     GDScript backtrace (most recent call first):
         [0] load_case (res://scripts/managers/case_manager.gd:114)
         [1] before_each (res://tests/unit/test_timeline_manager.gd:132)
         [2] _run_test (res://addons/gut/gut.gd:605)
         [3] _test_the_scripts (res://addons/gut/gut.gd:818)
* test_clear_timeline
WARNING: [CaseManager] Validation: EvidenceData: discovery_method is required for evidence 'ev_elevator'
     at: push_warning (core/variant/variant_utility.cpp:1034)
     GDScript backtrace (most recent call first):
         [0] load_case (res://scripts/managers/case_manager.gd:114)
         [1] before_each (res://tests/unit/test_timeline_manager.gd:132)
         [2] _run_test (res://addons/gut/gut.gd:605)
         [3] _test_the_scripts (res://addons/gut/gut.gd:818)
WARNING: [CaseManager] Validation: EvidenceData: discovery_method is required for evidence 'ev_camera'
     at: push_warning (core/variant/variant_utility.cpp:1034)
     GDScript backtrace (most recent call first):
         [0] load_case (res://scripts/managers/case_manager.gd:114)
         [1] before_each (res://tests/unit/test_timeline_manager.gd:132)
         [2] _run_test (res://addons/gut/gut.gd:605)
         [3] _test_the_scripts (res://addons/gut/gut.gd:818)
* test_clear_timeline_emits_signal
WARNING: [CaseManager] Validation: EvidenceData: discovery_method is required for evidence 'ev_elevator'
     at: push_warning (core/variant/variant_utility.cpp:1034)
     GDScript backtrace (most recent call first):
         [0] load_case (res://scripts/managers/case_manager.gd:114)
         [1] before_each (res://tests/unit/test_timeline_manager.gd:132)
         [2] _run_test (res://addons/gut/gut.gd:605)
         [3] _test_the_scripts (res://addons/gut/gut.gd:818)
WARNING: [CaseManager] Validation: EvidenceData: discovery_method is required for evidence 'ev_camera'
     at: push_warning (core/variant/variant_utility.cpp:1034)
     GDScript backtrace (most recent call first):
         [0] load_case (res://scripts/managers/case_manager.gd:114)
         [1] before_each (res://tests/unit/test_timeline_manager.gd:132)
         [2] _run_test (res://addons/gut/gut.gd:605)
         [3] _test_the_scripts (res://addons/gut/gut.gd:818)
* test_serialize_round_trip
WARNING: [CaseManager] Validation: EvidenceData: discovery_method is required for evidence 'ev_elevator'
     at: push_warning (core/variant/variant_utility.cpp:1034)
     GDScript backtrace (most recent call first):
         [0] load_case (res://scripts/managers/case_manager.gd:114)
         [1] before_each (res://tests/unit/test_timeline_manager.gd:132)
         [2] _run_test (res://addons/gut/gut.gd:605)
         [3] _test_the_scripts (res://addons/gut/gut.gd:818)
WARNING: [CaseManager] Validation: EvidenceData: discovery_method is required for evidence 'ev_camera'
     at: push_warning (core/variant/variant_utility.cpp:1034)
     GDScript backtrace (most recent call first):
         [0] load_case (res://scripts/managers/case_manager.gd:114)
         [1] before_each (res://tests/unit/test_timeline_manager.gd:132)
         [2] _run_test (res://addons/gut/gut.gd:605)
         [3] _test_the_scripts (res://addons/gut/gut.gd:818)
* test_reset_clears_all
WARNING: [CaseManager] Validation: EvidenceData: discovery_method is required for evidence 'ev_elevator'
     at: push_warning (core/variant/variant_utility.cpp:1034)
     GDScript backtrace (most recent call first):
         [0] load_case (res://scripts/managers/case_manager.gd:114)
         [1] before_each (res://tests/unit/test_timeline_manager.gd:132)
         [2] _run_test (res://addons/gut/gut.gd:605)
         [3] _test_the_scripts (res://addons/gut/gut.gd:818)
WARNING: [CaseManager] Validation: EvidenceData: discovery_method is required for evidence 'ev_camera'
     at: push_warning (core/variant/variant_utility.cpp:1034)
     GDScript backtrace (most recent call first):
         [0] load_case (res://scripts/managers/case_manager.gd:114)
         [1] before_each (res://tests/unit/test_timeline_manager.gd:132)
         [2] _run_test (res://addons/gut/gut.gd:605)
         [3] _test_the_scripts (res://addons/gut/gut.gd:818)
[1m59/59 passed.
[0m[4m

res://tests/unit/test_tool_manager.gd
[0m* test_all_tools_registered
* test_fingerprint_powder_is_valid
* test_uv_light_is_valid
* test_chemical_test_is_valid
* test_unknown_tool_is_not_valid
* test_all_tools_available_by_default
* test_has_tool_returns_true_for_available
* test_has_tool_returns_false_for_unavailable
* test_get_tool_name_fingerprint
* test_get_tool_name_uv
* test_get_tool_name_chemical
* test_get_tool_name_unknown_returns_empty
* test_compatible_tools_match_requirements
* test_compatible_tools_excludes_unavailable
* test_compatible_tools_empty_when_no_requirements
* test_validate_valid_tool_use
* test_validate_unknown_tool
* test_validate_unavailable_tool
* test_validate_incompatible_tool
* test_use_tool_returns_evidence
* test_use_tool_emits_signal
* test_use_tool_twice_returns_empty
* test_use_invalid_tool_returns_empty
WARNING: [ToolManager] Tool 'Fingerprint Powder' is not compatible with 'Test'
     at: push_warning (core/variant/variant_utility.cpp:1034)
     GDScript backtrace (most recent call first):
         [0] use_tool (res://scripts/systems/tool_manager.gd:125)
         [1] test_use_invalid_tool_returns_empty (res://tests/unit/test_tool_manager.gd:190)
         [2] _run_test (res://addons/gut/gut.gd:615)
         [3] _test_the_scripts (res://addons/gut/gut.gd:818)
[34m[ExpectedError][0mExpected push_warning error containing '[ToolManager] Tool 'Fingerprint Powder' is not compatible with 'Test''.  
* test_has_used_tool_tracking
* test_unlock_new_tool
* test_unlock_already_available_returns_false
* test_unlock_invalid_tool_returns_false
ERROR: [ToolManager] Cannot unlock unknown tool: nonexistent_tool
   at: push_error (core/variant/variant_utility.cpp:1024)
   GDScript backtrace (most recent call first):
       [0] unlock_tool (res://scripts/systems/tool_manager.gd:145)
       [1] test_unlock_invalid_tool_returns_false (res://tests/unit/test_tool_manager.gd:225)
       [2] _run_test (res://addons/gut/gut.gd:615)
       [3] _test_the_scripts (res://addons/gut/gut.gd:818)
[34m[ExpectedError][0mExpected push_error error containing 'Cannot unlock unknown tool'.  
* test_serialize_captures_state
* test_deserialize_restores_state
* test_reset_clears_all_state
[1m30/30 passed.
[0m[4m

res://tests/unit/test_tres_symbol_guards.gd
[0m* test_tres_files_do_not_reference_script_symbols
[1m1/1 passed.
[0m[4m

res://tests/unit/test_warrant_manager.gd
[0m* test_get_evidence_categories_single
WARNING: [CaseManager] Validation: EvidenceData: discovery_method is required for evidence 'ev_presence'
     at: push_warning (core/variant/variant_utility.cpp:1034)
     GDScript backtrace (most recent call first):
         [0] load_case (res://scripts/managers/case_manager.gd:114)
         [1] before_each (res://tests/unit/test_warrant_manager.gd:135)
         [2] _run_test (res://addons/gut/gut.gd:605)
         [3] _test_the_scripts (res://addons/gut/gut.gd:818)
WARNING: [CaseManager] Validation: EvidenceData: discovery_method is required for evidence 'ev_motive'
     at: push_warning (core/variant/variant_utility.cpp:1034)
     GDScript backtrace (most recent call first):
         [0] load_case (res://scripts/managers/case_manager.gd:114)
         [1] before_each (res://tests/unit/test_warrant_manager.gd:135)
         [2] _run_test (res://addons/gut/gut.gd:605)
         [3] _test_the_scripts (res://addons/gut/gut.gd:818)
WARNING: [CaseManager] Validation: EvidenceData: discovery_method is required for evidence 'ev_opportunity'
     at: push_warning (core/variant/variant_utility.cpp:1034)
     GDScript backtrace (most recent call first):
         [0] load_case (res://scripts/managers/case_manager.gd:114)
         [1] before_each (res://tests/unit/test_warrant_manager.gd:135)
         [2] _run_test (res://addons/gut/gut.gd:605)
         [3] _test_the_scripts (res://addons/gut/gut.gd:818)
WARNING: [CaseManager] Validation: EvidenceData: discovery_method is required for evidence 'ev_connection'
     at: push_warning (core/variant/variant_utility.cpp:1034)
     GDScript backtrace (most recent call first):
         [0] load_case (res://scripts/managers/case_manager.gd:114)
         [1] before_each (res://tests/unit/test_warrant_manager.gd:135)
         [2] _run_test (res://addons/gut/gut.gd:605)
         [3] _test_the_scripts (res://addons/gut/gut.gd:818)
WARNING: [CaseManager] Validation: EvidenceData: discovery_method is required for evidence 'ev_multi'
     at: push_warning (core/variant/variant_utility.cpp:1034)
     GDScript backtrace (most recent call first):
         [0] load_case (res://scripts/managers/case_manager.gd:114)
         [1] before_each (res://tests/unit/test_warrant_manager.gd:135)
         [2] _run_test (res://addons/gut/gut.gd:605)
         [3] _test_the_scripts (res://addons/gut/gut.gd:818)
WARNING: [CaseManager] Validation: EvidenceData: discovery_method is required for evidence 'ev_no_cat'
     at: push_warning (core/variant/variant_utility.cpp:1034)
     GDScript backtrace (most recent call first):
         [0] load_case (res://scripts/managers/case_manager.gd:114)
         [1] before_each (res://tests/unit/test_warrant_manager.gd:135)
         [2] _run_test (res://addons/gut/gut.gd:605)
         [3] _test_the_scripts (res://addons/gut/gut.gd:818)
* test_get_evidence_categories_multiple_evidence
WARNING: [CaseManager] Validation: EvidenceData: discovery_method is required for evidence 'ev_presence'
     at: push_warning (core/variant/variant_utility.cpp:1034)
     GDScript backtrace (most recent call first):
         [0] load_case (res://scripts/managers/case_manager.gd:114)
         [1] before_each (res://tests/unit/test_warrant_manager.gd:135)
         [2] _run_test (res://addons/gut/gut.gd:605)
         [3] _test_the_scripts (res://addons/gut/gut.gd:818)
WARNING: [CaseManager] Validation: EvidenceData: discovery_method is required for evidence 'ev_motive'
     at: push_warning (core/variant/variant_utility.cpp:1034)
     GDScript backtrace (most recent call first):
         [0] load_case (res://scripts/managers/case_manager.gd:114)
         [1] before_each (res://tests/unit/test_warrant_manager.gd:135)
         [2] _run_test (res://addons/gut/gut.gd:605)
         [3] _test_the_scripts (res://addons/gut/gut.gd:818)
WARNING: [CaseManager] Validation: EvidenceData: discovery_method is required for evidence 'ev_opportunity'
     at: push_warning (core/variant/variant_utility.cpp:1034)
     GDScript backtrace (most recent call first):
         [0] load_case (res://scripts/managers/case_manager.gd:114)
         [1] before_each (res://tests/unit/test_warrant_manager.gd:135)
         [2] _run_test (res://addons/gut/gut.gd:605)
         [3] _test_the_scripts (res://addons/gut/gut.gd:818)
WARNING: [CaseManager] Validation: EvidenceData: discovery_method is required for evidence 'ev_connection'
     at: push_warning (core/variant/variant_utility.cpp:1034)
     GDScript backtrace (most recent call first):
         [0] load_case (res://scripts/managers/case_manager.gd:114)
         [1] before_each (res://tests/unit/test_warrant_manager.gd:135)
         [2] _run_test (res://addons/gut/gut.gd:605)
         [3] _test_the_scripts (res://addons/gut/gut.gd:818)
WARNING: [CaseManager] Validation: EvidenceData: discovery_method is required for evidence 'ev_multi'
     at: push_warning (core/variant/variant_utility.cpp:1034)
     GDScript backtrace (most recent call first):
         [0] load_case (res://scripts/managers/case_manager.gd:114)
         [1] before_each (res://tests/unit/test_warrant_manager.gd:135)
         [2] _run_test (res://addons/gut/gut.gd:605)
         [3] _test_the_scripts (res://addons/gut/gut.gd:818)
WARNING: [CaseManager] Validation: EvidenceData: discovery_method is required for evidence 'ev_no_cat'
     at: push_warning (core/variant/variant_utility.cpp:1034)
     GDScript backtrace (most recent call first):
         [0] load_case (res://scripts/managers/case_manager.gd:114)
         [1] before_each (res://tests/unit/test_warrant_manager.gd:135)
         [2] _run_test (res://addons/gut/gut.gd:605)
         [3] _test_the_scripts (res://addons/gut/gut.gd:818)
* test_get_evidence_categories_deduplicates
WARNING: [CaseManager] Validation: EvidenceData: discovery_method is required for evidence 'ev_presence'
     at: push_warning (core/variant/variant_utility.cpp:1034)
     GDScript backtrace (most recent call first):
         [0] load_case (res://scripts/managers/case_manager.gd:114)
         [1] before_each (res://tests/unit/test_warrant_manager.gd:135)
         [2] _run_test (res://addons/gut/gut.gd:605)
         [3] _test_the_scripts (res://addons/gut/gut.gd:818)
WARNING: [CaseManager] Validation: EvidenceData: discovery_method is required for evidence 'ev_motive'
     at: push_warning (core/variant/variant_utility.cpp:1034)
     GDScript backtrace (most recent call first):
         [0] load_case (res://scripts/managers/case_manager.gd:114)
         [1] before_each (res://tests/unit/test_warrant_manager.gd:135)
         [2] _run_test (res://addons/gut/gut.gd:605)
         [3] _test_the_scripts (res://addons/gut/gut.gd:818)
WARNING: [CaseManager] Validation: EvidenceData: discovery_method is required for evidence 'ev_opportunity'
     at: push_warning (core/variant/variant_utility.cpp:1034)
     GDScript backtrace (most recent call first):
         [0] load_case (res://scripts/managers/case_manager.gd:114)
         [1] before_each (res://tests/unit/test_warrant_manager.gd:135)
         [2] _run_test (res://addons/gut/gut.gd:605)
         [3] _test_the_scripts (res://addons/gut/gut.gd:818)
WARNING: [CaseManager] Validation: EvidenceData: discovery_method is required for evidence 'ev_connection'
     at: push_warning (core/variant/variant_utility.cpp:1034)
     GDScript backtrace (most recent call first):
         [0] load_case (res://scripts/managers/case_manager.gd:114)
         [1] before_each (res://tests/unit/test_warrant_manager.gd:135)
         [2] _run_test (res://addons/gut/gut.gd:605)
         [3] _test_the_scripts (res://addons/gut/gut.gd:818)
WARNING: [CaseManager] Validation: EvidenceData: discovery_method is required for evidence 'ev_multi'
     at: push_warning (core/variant/variant_utility.cpp:1034)
     GDScript backtrace (most recent call first):
         [0] load_case (res://scripts/managers/case_manager.gd:114)
         [1] before_each (res://tests/unit/test_warrant_manager.gd:135)
         [2] _run_test (res://addons/gut/gut.gd:605)
         [3] _test_the_scripts (res://addons/gut/gut.gd:818)
WARNING: [CaseManager] Validation: EvidenceData: discovery_method is required for evidence 'ev_no_cat'
     at: push_warning (core/variant/variant_utility.cpp:1034)
     GDScript backtrace (most recent call first):
         [0] load_case (res://scripts/managers/case_manager.gd:114)
         [1] before_each (res://tests/unit/test_warrant_manager.gd:135)
         [2] _run_test (res://addons/gut/gut.gd:605)
         [3] _test_the_scripts (res://addons/gut/gut.gd:818)
* test_get_evidence_categories_multi_category_evidence
WARNING: [CaseManager] Validation: EvidenceData: discovery_method is required for evidence 'ev_presence'
     at: push_warning (core/variant/variant_utility.cpp:1034)
     GDScript backtrace (most recent call first):
         [0] load_case (res://scripts/managers/case_manager.gd:114)
         [1] before_each (res://tests/unit/test_warrant_manager.gd:135)
         [2] _run_test (res://addons/gut/gut.gd:605)
         [3] _test_the_scripts (res://addons/gut/gut.gd:818)
WARNING: [CaseManager] Validation: EvidenceData: discovery_method is required for evidence 'ev_motive'
     at: push_warning (core/variant/variant_utility.cpp:1034)
     GDScript backtrace (most recent call first):
         [0] load_case (res://scripts/managers/case_manager.gd:114)
         [1] before_each (res://tests/unit/test_warrant_manager.gd:135)
         [2] _run_test (res://addons/gut/gut.gd:605)
         [3] _test_the_scripts (res://addons/gut/gut.gd:818)
WARNING: [CaseManager] Validation: EvidenceData: discovery_method is required for evidence 'ev_opportunity'
     at: push_warning (core/variant/variant_utility.cpp:1034)
     GDScript backtrace (most recent call first):
         [0] load_case (res://scripts/managers/case_manager.gd:114)
         [1] before_each (res://tests/unit/test_warrant_manager.gd:135)
         [2] _run_test (res://addons/gut/gut.gd:605)
         [3] _test_the_scripts (res://addons/gut/gut.gd:818)
WARNING: [CaseManager] Validation: EvidenceData: discovery_method is required for evidence 'ev_connection'
     at: push_warning (core/variant/variant_utility.cpp:1034)
     GDScript backtrace (most recent call first):
         [0] load_case (res://scripts/managers/case_manager.gd:114)
         [1] before_each (res://tests/unit/test_warrant_manager.gd:135)
         [2] _run_test (res://addons/gut/gut.gd:605)
         [3] _test_the_scripts (res://addons/gut/gut.gd:818)
WARNING: [CaseManager] Validation: EvidenceData: discovery_method is required for evidence 'ev_multi'
     at: push_warning (core/variant/variant_utility.cpp:1034)
     GDScript backtrace (most recent call first):
         [0] load_case (res://scripts/managers/case_manager.gd:114)
         [1] before_each (res://tests/unit/test_warrant_manager.gd:135)
         [2] _run_test (res://addons/gut/gut.gd:605)
         [3] _test_the_scripts (res://addons/gut/gut.gd:818)
WARNING: [CaseManager] Validation: EvidenceData: discovery_method is required for evidence 'ev_no_cat'
     at: push_warning (core/variant/variant_utility.cpp:1034)
     GDScript backtrace (most recent call first):
         [0] load_case (res://scripts/managers/case_manager.gd:114)
         [1] before_each (res://tests/unit/test_warrant_manager.gd:135)
         [2] _run_test (res://addons/gut/gut.gd:605)
         [3] _test_the_scripts (res://addons/gut/gut.gd:818)
* test_get_evidence_categories_no_categories
WARNING: [CaseManager] Validation: EvidenceData: discovery_method is required for evidence 'ev_presence'
     at: push_warning (core/variant/variant_utility.cpp:1034)
     GDScript backtrace (most recent call first):
         [0] load_case (res://scripts/managers/case_manager.gd:114)
         [1] before_each (res://tests/unit/test_warrant_manager.gd:135)
         [2] _run_test (res://addons/gut/gut.gd:605)
         [3] _test_the_scripts (res://addons/gut/gut.gd:818)
WARNING: [CaseManager] Validation: EvidenceData: discovery_method is required for evidence 'ev_motive'
     at: push_warning (core/variant/variant_utility.cpp:1034)
     GDScript backtrace (most recent call first):
         [0] load_case (res://scripts/managers/case_manager.gd:114)
         [1] before_each (res://tests/unit/test_warrant_manager.gd:135)
         [2] _run_test (res://addons/gut/gut.gd:605)
         [3] _test_the_scripts (res://addons/gut/gut.gd:818)
WARNING: [CaseManager] Validation: EvidenceData: discovery_method is required for evidence 'ev_opportunity'
     at: push_warning (core/variant/variant_utility.cpp:1034)
     GDScript backtrace (most recent call first):
         [0] load_case (res://scripts/managers/case_manager.gd:114)
         [1] before_each (res://tests/unit/test_warrant_manager.gd:135)
         [2] _run_test (res://addons/gut/gut.gd:605)
         [3] _test_the_scripts (res://addons/gut/gut.gd:818)
WARNING: [CaseManager] Validation: EvidenceData: discovery_method is required for evidence 'ev_connection'
     at: push_warning (core/variant/variant_utility.cpp:1034)
     GDScript backtrace (most recent call first):
         [0] load_case (res://scripts/managers/case_manager.gd:114)
         [1] before_each (res://tests/unit/test_warrant_manager.gd:135)
         [2] _run_test (res://addons/gut/gut.gd:605)
         [3] _test_the_scripts (res://addons/gut/gut.gd:818)
WARNING: [CaseManager] Validation: EvidenceData: discovery_method is required for evidence 'ev_multi'
     at: push_warning (core/variant/variant_utility.cpp:1034)
     GDScript backtrace (most recent call first):
         [0] load_case (res://scripts/managers/case_manager.gd:114)
         [1] before_each (res://tests/unit/test_warrant_manager.gd:135)
         [2] _run_test (res://addons/gut/gut.gd:605)
         [3] _test_the_scripts (res://addons/gut/gut.gd:818)
WARNING: [CaseManager] Validation: EvidenceData: discovery_method is required for evidence 'ev_no_cat'
     at: push_warning (core/variant/variant_utility.cpp:1034)
     GDScript backtrace (most recent call first):
         [0] load_case (res://scripts/managers/case_manager.gd:114)
         [1] before_each (res://tests/unit/test_warrant_manager.gd:135)
         [2] _run_test (res://addons/gut/gut.gd:605)
         [3] _test_the_scripts (res://addons/gut/gut.gd:818)
* test_get_evidence_categories_unknown_evidence_ignored
WARNING: [CaseManager] Validation: EvidenceData: discovery_method is required for evidence 'ev_presence'
     at: push_warning (core/variant/variant_utility.cpp:1034)
     GDScript backtrace (most recent call first):
         [0] load_case (res://scripts/managers/case_manager.gd:114)
         [1] before_each (res://tests/unit/test_warrant_manager.gd:135)
         [2] _run_test (res://addons/gut/gut.gd:605)
         [3] _test_the_scripts (res://addons/gut/gut.gd:818)
WARNING: [CaseManager] Validation: EvidenceData: discovery_method is required for evidence 'ev_motive'
     at: push_warning (core/variant/variant_utility.cpp:1034)
     GDScript backtrace (most recent call first):
         [0] load_case (res://scripts/managers/case_manager.gd:114)
         [1] before_each (res://tests/unit/test_warrant_manager.gd:135)
         [2] _run_test (res://addons/gut/gut.gd:605)
         [3] _test_the_scripts (res://addons/gut/gut.gd:818)
WARNING: [CaseManager] Validation: EvidenceData: discovery_method is required for evidence 'ev_opportunity'
     at: push_warning (core/variant/variant_utility.cpp:1034)
     GDScript backtrace (most recent call first):
         [0] load_case (res://scripts/managers/case_manager.gd:114)
         [1] before_each (res://tests/unit/test_warrant_manager.gd:135)
         [2] _run_test (res://addons/gut/gut.gd:605)
         [3] _test_the_scripts (res://addons/gut/gut.gd:818)
WARNING: [CaseManager] Validation: EvidenceData: discovery_method is required for evidence 'ev_connection'
     at: push_warning (core/variant/variant_utility.cpp:1034)
     GDScript backtrace (most recent call first):
         [0] load_case (res://scripts/managers/case_manager.gd:114)
         [1] before_each (res://tests/unit/test_warrant_manager.gd:135)
         [2] _run_test (res://addons/gut/gut.gd:605)
         [3] _test_the_scripts (res://addons/gut/gut.gd:818)
WARNING: [CaseManager] Validation: EvidenceData: discovery_method is required for evidence 'ev_multi'
     at: push_warning (core/variant/variant_utility.cpp:1034)
     GDScript backtrace (most recent call first):
         [0] load_case (res://scripts/managers/case_manager.gd:114)
         [1] before_each (res://tests/unit/test_warrant_manager.gd:135)
         [2] _run_test (res://addons/gut/gut.gd:605)
         [3] _test_the_scripts (res://addons/gut/gut.gd:818)
WARNING: [CaseManager] Validation: EvidenceData: discovery_method is required for evidence 'ev_no_cat'
     at: push_warning (core/variant/variant_utility.cpp:1034)
     GDScript backtrace (most recent call first):
         [0] load_case (res://scripts/managers/case_manager.gd:114)
         [1] before_each (res://tests/unit/test_warrant_manager.gd:135)
         [2] _run_test (res://addons/gut/gut.gd:605)
         [3] _test_the_scripts (res://addons/gut/gut.gd:818)
* test_get_category_count
WARNING: [CaseManager] Validation: EvidenceData: discovery_method is required for evidence 'ev_presence'
     at: push_warning (core/variant/variant_utility.cpp:1034)
     GDScript backtrace (most recent call first):
         [0] load_case (res://scripts/managers/case_manager.gd:114)
         [1] before_each (res://tests/unit/test_warrant_manager.gd:135)
         [2] _run_test (res://addons/gut/gut.gd:605)
         [3] _test_the_scripts (res://addons/gut/gut.gd:818)
WARNING: [CaseManager] Validation: EvidenceData: discovery_method is required for evidence 'ev_motive'
     at: push_warning (core/variant/variant_utility.cpp:1034)
     GDScript backtrace (most recent call first):
         [0] load_case (res://scripts/managers/case_manager.gd:114)
         [1] before_each (res://tests/unit/test_warrant_manager.gd:135)
         [2] _run_test (res://addons/gut/gut.gd:605)
         [3] _test_the_scripts (res://addons/gut/gut.gd:818)
WARNING: [CaseManager] Validation: EvidenceData: discovery_method is required for evidence 'ev_opportunity'
     at: push_warning (core/variant/variant_utility.cpp:1034)
     GDScript backtrace (most recent call first):
         [0] load_case (res://scripts/managers/case_manager.gd:114)
         [1] before_each (res://tests/unit/test_warrant_manager.gd:135)
         [2] _run_test (res://addons/gut/gut.gd:605)
         [3] _test_the_scripts (res://addons/gut/gut.gd:818)
WARNING: [CaseManager] Validation: EvidenceData: discovery_method is required for evidence 'ev_connection'
     at: push_warning (core/variant/variant_utility.cpp:1034)
     GDScript backtrace (most recent call first):
         [0] load_case (res://scripts/managers/case_manager.gd:114)
         [1] before_each (res://tests/unit/test_warrant_manager.gd:135)
         [2] _run_test (res://addons/gut/gut.gd:605)
         [3] _test_the_scripts (res://addons/gut/gut.gd:818)
WARNING: [CaseManager] Validation: EvidenceData: discovery_method is required for evidence 'ev_multi'
     at: push_warning (core/variant/variant_utility.cpp:1034)
     GDScript backtrace (most recent call first):
         [0] load_case (res://scripts/managers/case_manager.gd:114)
         [1] before_each (res://tests/unit/test_warrant_manager.gd:135)
         [2] _run_test (res://addons/gut/gut.gd:605)
         [3] _test_the_scripts (res://addons/gut/gut.gd:818)
WARNING: [CaseManager] Validation: EvidenceData: discovery_method is required for evidence 'ev_no_cat'
     at: push_warning (core/variant/variant_utility.cpp:1034)
     GDScript backtrace (most recent call first):
         [0] load_case (res://scripts/managers/case_manager.gd:114)
         [1] before_each (res://tests/unit/test_warrant_manager.gd:135)
         [2] _run_test (res://addons/gut/gut.gd:605)
         [3] _test_the_scripts (res://addons/gut/gut.gd:818)
* test_get_required_categories
WARNING: [CaseManager] Validation: EvidenceData: discovery_method is required for evidence 'ev_presence'
     at: push_warning (core/variant/variant_utility.cpp:1034)
     GDScript backtrace (most recent call first):
         [0] load_case (res://scripts/managers/case_manager.gd:114)
         [1] before_each (res://tests/unit/test_warrant_manager.gd:135)
         [2] _run_test (res://addons/gut/gut.gd:605)
         [3] _test_the_scripts (res://addons/gut/gut.gd:818)
WARNING: [CaseManager] Validation: EvidenceData: discovery_method is required for evidence 'ev_motive'
     at: push_warning (core/variant/variant_utility.cpp:1034)
     GDScript backtrace (most recent call first):
         [0] load_case (res://scripts/managers/case_manager.gd:114)
         [1] before_each (res://tests/unit/test_warrant_manager.gd:135)
         [2] _run_test (res://addons/gut/gut.gd:605)
         [3] _test_the_scripts (res://addons/gut/gut.gd:818)
WARNING: [CaseManager] Validation: EvidenceData: discovery_method is required for evidence 'ev_opportunity'
     at: push_warning (core/variant/variant_utility.cpp:1034)
     GDScript backtrace (most recent call first):
         [0] load_case (res://scripts/managers/case_manager.gd:114)
         [1] before_each (res://tests/unit/test_warrant_manager.gd:135)
         [2] _run_test (res://addons/gut/gut.gd:605)
         [3] _test_the_scripts (res://addons/gut/gut.gd:818)
WARNING: [CaseManager] Validation: EvidenceData: discovery_method is required for evidence 'ev_connection'
     at: push_warning (core/variant/variant_utility.cpp:1034)
     GDScript backtrace (most recent call first):
         [0] load_case (res://scripts/managers/case_manager.gd:114)
         [1] before_each (res://tests/unit/test_warrant_manager.gd:135)
         [2] _run_test (res://addons/gut/gut.gd:605)
         [3] _test_the_scripts (res://addons/gut/gut.gd:818)
WARNING: [CaseManager] Validation: EvidenceData: discovery_method is required for evidence 'ev_multi'
     at: push_warning (core/variant/variant_utility.cpp:1034)
     GDScript backtrace (most recent call first):
         [0] load_case (res://scripts/managers/case_manager.gd:114)
         [1] before_each (res://tests/unit/test_warrant_manager.gd:135)
         [2] _run_test (res://addons/gut/gut.gd:605)
         [3] _test_the_scripts (res://addons/gut/gut.gd:818)
WARNING: [CaseManager] Validation: EvidenceData: discovery_method is required for evidence 'ev_no_cat'
     at: push_warning (core/variant/variant_utility.cpp:1034)
     GDScript backtrace (most recent call first):
         [0] load_case (res://scripts/managers/case_manager.gd:114)
         [1] before_each (res://tests/unit/test_warrant_manager.gd:135)
         [2] _run_test (res://addons/gut/gut.gd:605)
         [3] _test_the_scripts (res://addons/gut/gut.gd:818)
* test_warrant_approved_with_sufficient_categories
WARNING: [CaseManager] Validation: EvidenceData: discovery_method is required for evidence 'ev_presence'
     at: push_warning (core/variant/variant_utility.cpp:1034)
     GDScript backtrace (most recent call first):
         [0] load_case (res://scripts/managers/case_manager.gd:114)
         [1] before_each (res://tests/unit/test_warrant_manager.gd:135)
         [2] _run_test (res://addons/gut/gut.gd:605)
         [3] _test_the_scripts (res://addons/gut/gut.gd:818)
WARNING: [CaseManager] Validation: EvidenceData: discovery_method is required for evidence 'ev_motive'
     at: push_warning (core/variant/variant_utility.cpp:1034)
     GDScript backtrace (most recent call first):
         [0] load_case (res://scripts/managers/case_manager.gd:114)
         [1] before_each (res://tests/unit/test_warrant_manager.gd:135)
         [2] _run_test (res://addons/gut/gut.gd:605)
         [3] _test_the_scripts (res://addons/gut/gut.gd:818)
WARNING: [CaseManager] Validation: EvidenceData: discovery_method is required for evidence 'ev_opportunity'
     at: push_warning (core/variant/variant_utility.cpp:1034)
     GDScript backtrace (most recent call first):
         [0] load_case (res://scripts/managers/case_manager.gd:114)
         [1] before_each (res://tests/unit/test_warrant_manager.gd:135)
         [2] _run_test (res://addons/gut/gut.gd:605)
         [3] _test_the_scripts (res://addons/gut/gut.gd:818)
WARNING: [CaseManager] Validation: EvidenceData: discovery_method is required for evidence 'ev_connection'
     at: push_warning (core/variant/variant_utility.cpp:1034)
     GDScript backtrace (most recent call first):
         [0] load_case (res://scripts/managers/case_manager.gd:114)
         [1] before_each (res://tests/unit/test_warrant_manager.gd:135)
         [2] _run_test (res://addons/gut/gut.gd:605)
         [3] _test_the_scripts (res://addons/gut/gut.gd:818)
WARNING: [CaseManager] Validation: EvidenceData: discovery_method is required for evidence 'ev_multi'
     at: push_warning (core/variant/variant_utility.cpp:1034)
     GDScript backtrace (most recent call first):
         [0] load_case (res://scripts/managers/case_manager.gd:114)
         [1] before_each (res://tests/unit/test_warrant_manager.gd:135)
         [2] _run_test (res://addons/gut/gut.gd:605)
         [3] _test_the_scripts (res://addons/gut/gut.gd:818)
WARNING: [CaseManager] Validation: EvidenceData: discovery_method is required for evidence 'ev_no_cat'
     at: push_warning (core/variant/variant_utility.cpp:1034)
     GDScript backtrace (most recent call first):
         [0] load_case (res://scripts/managers/case_manager.gd:114)
         [1] before_each (res://tests/unit/test_warrant_manager.gd:135)
         [2] _run_test (res://addons/gut/gut.gd:605)
         [3] _test_the_scripts (res://addons/gut/gut.gd:818)
* test_warrant_denied_with_insufficient_categories
WARNING: [CaseManager] Validation: EvidenceData: discovery_method is required for evidence 'ev_presence'
     at: push_warning (core/variant/variant_utility.cpp:1034)
     GDScript backtrace (most recent call first):
         [0] load_case (res://scripts/managers/case_manager.gd:114)
         [1] before_each (res://tests/unit/test_warrant_manager.gd:135)
         [2] _run_test (res://addons/gut/gut.gd:605)
         [3] _test_the_scripts (res://addons/gut/gut.gd:818)
WARNING: [CaseManager] Validation: EvidenceData: discovery_method is required for evidence 'ev_motive'
     at: push_warning (core/variant/variant_utility.cpp:1034)
     GDScript backtrace (most recent call first):
         [0] load_case (res://scripts/managers/case_manager.gd:114)
         [1] before_each (res://tests/unit/test_warrant_manager.gd:135)
         [2] _run_test (res://addons/gut/gut.gd:605)
         [3] _test_the_scripts (res://addons/gut/gut.gd:818)
WARNING: [CaseManager] Validation: EvidenceData: discovery_method is required for evidence 'ev_opportunity'
     at: push_warning (core/variant/variant_utility.cpp:1034)
     GDScript backtrace (most recent call first):
         [0] load_case (res://scripts/managers/case_manager.gd:114)
         [1] before_each (res://tests/unit/test_warrant_manager.gd:135)
         [2] _run_test (res://addons/gut/gut.gd:605)
         [3] _test_the_scripts (res://addons/gut/gut.gd:818)
WARNING: [CaseManager] Validation: EvidenceData: discovery_method is required for evidence 'ev_connection'
     at: push_warning (core/variant/variant_utility.cpp:1034)
     GDScript backtrace (most recent call first):
         [0] load_case (res://scripts/managers/case_manager.gd:114)
         [1] before_each (res://tests/unit/test_warrant_manager.gd:135)
         [2] _run_test (res://addons/gut/gut.gd:605)
         [3] _test_the_scripts (res://addons/gut/gut.gd:818)
WARNING: [CaseManager] Validation: EvidenceData: discovery_method is required for evidence 'ev_multi'
     at: push_warning (core/variant/variant_utility.cpp:1034)
     GDScript backtrace (most recent call first):
         [0] load_case (res://scripts/managers/case_manager.gd:114)
         [1] before_each (res://tests/unit/test_warrant_manager.gd:135)
         [2] _run_test (res://addons/gut/gut.gd:605)
         [3] _test_the_scripts (res://addons/gut/gut.gd:818)
WARNING: [CaseManager] Validation: EvidenceData: discovery_method is required for evidence 'ev_no_cat'
     at: push_warning (core/variant/variant_utility.cpp:1034)
     GDScript backtrace (most recent call first):
         [0] load_case (res://scripts/managers/case_manager.gd:114)
         [1] before_each (res://tests/unit/test_warrant_manager.gd:135)
         [2] _run_test (res://addons/gut/gut.gd:605)
         [3] _test_the_scripts (res://addons/gut/gut.gd:818)
* test_warrant_denied_with_no_evidence
WARNING: [CaseManager] Validation: EvidenceData: discovery_method is required for evidence 'ev_presence'
     at: push_warning (core/variant/variant_utility.cpp:1034)
     GDScript backtrace (most recent call first):
         [0] load_case (res://scripts/managers/case_manager.gd:114)
         [1] before_each (res://tests/unit/test_warrant_manager.gd:135)
         [2] _run_test (res://addons/gut/gut.gd:605)
         [3] _test_the_scripts (res://addons/gut/gut.gd:818)
WARNING: [CaseManager] Validation: EvidenceData: discovery_method is required for evidence 'ev_motive'
     at: push_warning (core/variant/variant_utility.cpp:1034)
     GDScript backtrace (most recent call first):
         [0] load_case (res://scripts/managers/case_manager.gd:114)
         [1] before_each (res://tests/unit/test_warrant_manager.gd:135)
         [2] _run_test (res://addons/gut/gut.gd:605)
         [3] _test_the_scripts (res://addons/gut/gut.gd:818)
WARNING: [CaseManager] Validation: EvidenceData: discovery_method is required for evidence 'ev_opportunity'
     at: push_warning (core/variant/variant_utility.cpp:1034)
     GDScript backtrace (most recent call first):
         [0] load_case (res://scripts/managers/case_manager.gd:114)
         [1] before_each (res://tests/unit/test_warrant_manager.gd:135)
         [2] _run_test (res://addons/gut/gut.gd:605)
         [3] _test_the_scripts (res://addons/gut/gut.gd:818)
WARNING: [CaseManager] Validation: EvidenceData: discovery_method is required for evidence 'ev_connection'
     at: push_warning (core/variant/variant_utility.cpp:1034)
     GDScript backtrace (most recent call first):
         [0] load_case (res://scripts/managers/case_manager.gd:114)
         [1] before_each (res://tests/unit/test_warrant_manager.gd:135)
         [2] _run_test (res://addons/gut/gut.gd:605)
         [3] _test_the_scripts (res://addons/gut/gut.gd:818)
WARNING: [CaseManager] Validation: EvidenceData: discovery_method is required for evidence 'ev_multi'
     at: push_warning (core/variant/variant_utility.cpp:1034)
     GDScript backtrace (most recent call first):
         [0] load_case (res://scripts/managers/case_manager.gd:114)
         [1] before_each (res://tests/unit/test_warrant_manager.gd:135)
         [2] _run_test (res://addons/gut/gut.gd:605)
         [3] _test_the_scripts (res://addons/gut/gut.gd:818)
WARNING: [CaseManager] Validation: EvidenceData: discovery_method is required for evidence 'ev_no_cat'
     at: push_warning (core/variant/variant_utility.cpp:1034)
     GDScript backtrace (most recent call first):
         [0] load_case (res://scripts/managers/case_manager.gd:114)
         [1] before_each (res://tests/unit/test_warrant_manager.gd:135)
         [2] _run_test (res://addons/gut/gut.gd:605)
         [3] _test_the_scripts (res://addons/gut/gut.gd:818)
* test_warrant_denied_with_no_category_evidence
WARNING: [CaseManager] Validation: EvidenceData: discovery_method is required for evidence 'ev_presence'
     at: push_warning (core/variant/variant_utility.cpp:1034)
     GDScript backtrace (most recent call first):
         [0] load_case (res://scripts/managers/case_manager.gd:114)
         [1] before_each (res://tests/unit/test_warrant_manager.gd:135)
         [2] _run_test (res://addons/gut/gut.gd:605)
         [3] _test_the_scripts (res://addons/gut/gut.gd:818)
WARNING: [CaseManager] Validation: EvidenceData: discovery_method is required for evidence 'ev_motive'
     at: push_warning (core/variant/variant_utility.cpp:1034)
     GDScript backtrace (most recent call first):
         [0] load_case (res://scripts/managers/case_manager.gd:114)
         [1] before_each (res://tests/unit/test_warrant_manager.gd:135)
         [2] _run_test (res://addons/gut/gut.gd:605)
         [3] _test_the_scripts (res://addons/gut/gut.gd:818)
WARNING: [CaseManager] Validation: EvidenceData: discovery_method is required for evidence 'ev_opportunity'
     at: push_warning (core/variant/variant_utility.cpp:1034)
     GDScript backtrace (most recent call first):
         [0] load_case (res://scripts/managers/case_manager.gd:114)
         [1] before_each (res://tests/unit/test_warrant_manager.gd:135)
         [2] _run_test (res://addons/gut/gut.gd:605)
         [3] _test_the_scripts (res://addons/gut/gut.gd:818)
WARNING: [CaseManager] Validation: EvidenceData: discovery_method is required for evidence 'ev_connection'
     at: push_warning (core/variant/variant_utility.cpp:1034)
     GDScript backtrace (most recent call first):
         [0] load_case (res://scripts/managers/case_manager.gd:114)
         [1] before_each (res://tests/unit/test_warrant_manager.gd:135)
         [2] _run_test (res://addons/gut/gut.gd:605)
         [3] _test_the_scripts (res://addons/gut/gut.gd:818)
WARNING: [CaseManager] Validation: EvidenceData: discovery_method is required for evidence 'ev_multi'
     at: push_warning (core/variant/variant_utility.cpp:1034)
     GDScript backtrace (most recent call first):
         [0] load_case (res://scripts/managers/case_manager.gd:114)
         [1] before_each (res://tests/unit/test_warrant_manager.gd:135)
         [2] _run_test (res://addons/gut/gut.gd:605)
         [3] _test_the_scripts (res://addons/gut/gut.gd:818)
WARNING: [CaseManager] Validation: EvidenceData: discovery_method is required for evidence 'ev_no_cat'
     at: push_warning (core/variant/variant_utility.cpp:1034)
     GDScript backtrace (most recent call first):
         [0] load_case (res://scripts/managers/case_manager.gd:114)
         [1] before_each (res://tests/unit/test_warrant_manager.gd:135)
         [2] _run_test (res://addons/gut/gut.gd:605)
         [3] _test_the_scripts (res://addons/gut/gut.gd:818)
* test_warrant_approved_emits_signal
WARNING: [CaseManager] Validation: EvidenceData: discovery_method is required for evidence 'ev_presence'
     at: push_warning (core/variant/variant_utility.cpp:1034)
     GDScript backtrace (most recent call first):
         [0] load_case (res://scripts/managers/case_manager.gd:114)
         [1] before_each (res://tests/unit/test_warrant_manager.gd:135)
         [2] _run_test (res://addons/gut/gut.gd:605)
         [3] _test_the_scripts (res://addons/gut/gut.gd:818)
WARNING: [CaseManager] Validation: EvidenceData: discovery_method is required for evidence 'ev_motive'
     at: push_warning (core/variant/variant_utility.cpp:1034)
     GDScript backtrace (most recent call first):
         [0] load_case (res://scripts/managers/case_manager.gd:114)
         [1] before_each (res://tests/unit/test_warrant_manager.gd:135)
         [2] _run_test (res://addons/gut/gut.gd:605)
         [3] _test_the_scripts (res://addons/gut/gut.gd:818)
WARNING: [CaseManager] Validation: EvidenceData: discovery_method is required for evidence 'ev_opportunity'
     at: push_warning (core/variant/variant_utility.cpp:1034)
     GDScript backtrace (most recent call first):
         [0] load_case (res://scripts/managers/case_manager.gd:114)
         [1] before_each (res://tests/unit/test_warrant_manager.gd:135)
         [2] _run_test (res://addons/gut/gut.gd:605)
         [3] _test_the_scripts (res://addons/gut/gut.gd:818)
WARNING: [CaseManager] Validation: EvidenceData: discovery_method is required for evidence 'ev_connection'
     at: push_warning (core/variant/variant_utility.cpp:1034)
     GDScript backtrace (most recent call first):
         [0] load_case (res://scripts/managers/case_manager.gd:114)
         [1] before_each (res://tests/unit/test_warrant_manager.gd:135)
         [2] _run_test (res://addons/gut/gut.gd:605)
         [3] _test_the_scripts (res://addons/gut/gut.gd:818)
WARNING: [CaseManager] Validation: EvidenceData: discovery_method is required for evidence 'ev_multi'
     at: push_warning (core/variant/variant_utility.cpp:1034)
     GDScript backtrace (most recent call first):
         [0] load_case (res://scripts/managers/case_manager.gd:114)
         [1] before_each (res://tests/unit/test_warrant_manager.gd:135)
         [2] _run_test (res://addons/gut/gut.gd:605)
         [3] _test_the_scripts (res://addons/gut/gut.gd:818)
WARNING: [CaseManager] Validation: EvidenceData: discovery_method is required for evidence 'ev_no_cat'
     at: push_warning (core/variant/variant_utility.cpp:1034)
     GDScript backtrace (most recent call first):
         [0] load_case (res://scripts/managers/case_manager.gd:114)
         [1] before_each (res://tests/unit/test_warrant_manager.gd:135)
         [2] _run_test (res://addons/gut/gut.gd:605)
         [3] _test_the_scripts (res://addons/gut/gut.gd:818)
* test_warrant_denied_emits_signal
WARNING: [CaseManager] Validation: EvidenceData: discovery_method is required for evidence 'ev_presence'
     at: push_warning (core/variant/variant_utility.cpp:1034)
     GDScript backtrace (most recent call first):
         [0] load_case (res://scripts/managers/case_manager.gd:114)
         [1] before_each (res://tests/unit/test_warrant_manager.gd:135)
         [2] _run_test (res://addons/gut/gut.gd:605)
         [3] _test_the_scripts (res://addons/gut/gut.gd:818)
WARNING: [CaseManager] Validation: EvidenceData: discovery_method is required for evidence 'ev_motive'
     at: push_warning (core/variant/variant_utility.cpp:1034)
     GDScript backtrace (most recent call first):
         [0] load_case (res://scripts/managers/case_manager.gd:114)
         [1] before_each (res://tests/unit/test_warrant_manager.gd:135)
         [2] _run_test (res://addons/gut/gut.gd:605)
         [3] _test_the_scripts (res://addons/gut/gut.gd:818)
WARNING: [CaseManager] Validation: EvidenceData: discovery_method is required for evidence 'ev_opportunity'
     at: push_warning (core/variant/variant_utility.cpp:1034)
     GDScript backtrace (most recent call first):
         [0] load_case (res://scripts/managers/case_manager.gd:114)
         [1] before_each (res://tests/unit/test_warrant_manager.gd:135)
         [2] _run_test (res://addons/gut/gut.gd:605)
         [3] _test_the_scripts (res://addons/gut/gut.gd:818)
WARNING: [CaseManager] Validation: EvidenceData: discovery_method is required for evidence 'ev_connection'
     at: push_warning (core/variant/variant_utility.cpp:1034)
     GDScript backtrace (most recent call first):
         [0] load_case (res://scripts/managers/case_manager.gd:114)
         [1] before_each (res://tests/unit/test_warrant_manager.gd:135)
         [2] _run_test (res://addons/gut/gut.gd:605)
         [3] _test_the_scripts (res://addons/gut/gut.gd:818)
WARNING: [CaseManager] Validation: EvidenceData: discovery_method is required for evidence 'ev_multi'
     at: push_warning (core/variant/variant_utility.cpp:1034)
     GDScript backtrace (most recent call first):
         [0] load_case (res://scripts/managers/case_manager.gd:114)
         [1] before_each (res://tests/unit/test_warrant_manager.gd:135)
         [2] _run_test (res://addons/gut/gut.gd:605)
         [3] _test_the_scripts (res://addons/gut/gut.gd:818)
WARNING: [CaseManager] Validation: EvidenceData: discovery_method is required for evidence 'ev_no_cat'
     at: push_warning (core/variant/variant_utility.cpp:1034)
     GDScript backtrace (most recent call first):
         [0] load_case (res://scripts/managers/case_manager.gd:114)
         [1] before_each (res://tests/unit/test_warrant_manager.gd:135)
         [2] _run_test (res://addons/gut/gut.gd:605)
         [3] _test_the_scripts (res://addons/gut/gut.gd:818)
* test_warrant_approved_adds_to_game_manager
WARNING: [CaseManager] Validation: EvidenceData: discovery_method is required for evidence 'ev_presence'
     at: push_warning (core/variant/variant_utility.cpp:1034)
     GDScript backtrace (most recent call first):
         [0] load_case (res://scripts/managers/case_manager.gd:114)
         [1] before_each (res://tests/unit/test_warrant_manager.gd:135)
         [2] _run_test (res://addons/gut/gut.gd:605)
         [3] _test_the_scripts (res://addons/gut/gut.gd:818)
WARNING: [CaseManager] Validation: EvidenceData: discovery_method is required for evidence 'ev_motive'
     at: push_warning (core/variant/variant_utility.cpp:1034)
     GDScript backtrace (most recent call first):
         [0] load_case (res://scripts/managers/case_manager.gd:114)
         [1] before_each (res://tests/unit/test_warrant_manager.gd:135)
         [2] _run_test (res://addons/gut/gut.gd:605)
         [3] _test_the_scripts (res://addons/gut/gut.gd:818)
WARNING: [CaseManager] Validation: EvidenceData: discovery_method is required for evidence 'ev_opportunity'
     at: push_warning (core/variant/variant_utility.cpp:1034)
     GDScript backtrace (most recent call first):
         [0] load_case (res://scripts/managers/case_manager.gd:114)
         [1] before_each (res://tests/unit/test_warrant_manager.gd:135)
         [2] _run_test (res://addons/gut/gut.gd:605)
         [3] _test_the_scripts (res://addons/gut/gut.gd:818)
WARNING: [CaseManager] Validation: EvidenceData: discovery_method is required for evidence 'ev_connection'
     at: push_warning (core/variant/variant_utility.cpp:1034)
     GDScript backtrace (most recent call first):
         [0] load_case (res://scripts/managers/case_manager.gd:114)
         [1] before_each (res://tests/unit/test_warrant_manager.gd:135)
         [2] _run_test (res://addons/gut/gut.gd:605)
         [3] _test_the_scripts (res://addons/gut/gut.gd:818)
WARNING: [CaseManager] Validation: EvidenceData: discovery_method is required for evidence 'ev_multi'
     at: push_warning (core/variant/variant_utility.cpp:1034)
     GDScript backtrace (most recent call first):
         [0] load_case (res://scripts/managers/case_manager.gd:114)
         [1] before_each (res://tests/unit/test_warrant_manager.gd:135)
         [2] _run_test (res://addons/gut/gut.gd:605)
         [3] _test_the_scripts (res://addons/gut/gut.gd:818)
WARNING: [CaseManager] Validation: EvidenceData: discovery_method is required for evidence 'ev_no_cat'
     at: push_warning (core/variant/variant_utility.cpp:1034)
     GDScript backtrace (most recent call first):
         [0] load_case (res://scripts/managers/case_manager.gd:114)
         [1] before_each (res://tests/unit/test_warrant_manager.gd:135)
         [2] _run_test (res://addons/gut/gut.gd:605)
         [3] _test_the_scripts (res://addons/gut/gut.gd:818)
* test_warrant_denied_not_in_game_manager
WARNING: [CaseManager] Validation: EvidenceData: discovery_method is required for evidence 'ev_presence'
     at: push_warning (core/variant/variant_utility.cpp:1034)
     GDScript backtrace (most recent call first):
         [0] load_case (res://scripts/managers/case_manager.gd:114)
         [1] before_each (res://tests/unit/test_warrant_manager.gd:135)
         [2] _run_test (res://addons/gut/gut.gd:605)
         [3] _test_the_scripts (res://addons/gut/gut.gd:818)
WARNING: [CaseManager] Validation: EvidenceData: discovery_method is required for evidence 'ev_motive'
     at: push_warning (core/variant/variant_utility.cpp:1034)
     GDScript backtrace (most recent call first):
         [0] load_case (res://scripts/managers/case_manager.gd:114)
         [1] before_each (res://tests/unit/test_warrant_manager.gd:135)
         [2] _run_test (res://addons/gut/gut.gd:605)
         [3] _test_the_scripts (res://addons/gut/gut.gd:818)
WARNING: [CaseManager] Validation: EvidenceData: discovery_method is required for evidence 'ev_opportunity'
     at: push_warning (core/variant/variant_utility.cpp:1034)
     GDScript backtrace (most recent call first):
         [0] load_case (res://scripts/managers/case_manager.gd:114)
         [1] before_each (res://tests/unit/test_warrant_manager.gd:135)
         [2] _run_test (res://addons/gut/gut.gd:605)
         [3] _test_the_scripts (res://addons/gut/gut.gd:818)
WARNING: [CaseManager] Validation: EvidenceData: discovery_method is required for evidence 'ev_connection'
     at: push_warning (core/variant/variant_utility.cpp:1034)
     GDScript backtrace (most recent call first):
         [0] load_case (res://scripts/managers/case_manager.gd:114)
         [1] before_each (res://tests/unit/test_warrant_manager.gd:135)
         [2] _run_test (res://addons/gut/gut.gd:605)
         [3] _test_the_scripts (res://addons/gut/gut.gd:818)
WARNING: [CaseManager] Validation: EvidenceData: discovery_method is required for evidence 'ev_multi'
     at: push_warning (core/variant/variant_utility.cpp:1034)
     GDScript backtrace (most recent call first):
         [0] load_case (res://scripts/managers/case_manager.gd:114)
         [1] before_each (res://tests/unit/test_warrant_manager.gd:135)
         [2] _run_test (res://addons/gut/gut.gd:605)
         [3] _test_the_scripts (res://addons/gut/gut.gd:818)
WARNING: [CaseManager] Validation: EvidenceData: discovery_method is required for evidence 'ev_no_cat'
     at: push_warning (core/variant/variant_utility.cpp:1034)
     GDScript backtrace (most recent call first):
         [0] load_case (res://scripts/managers/case_manager.gd:114)
         [1] before_each (res://tests/unit/test_warrant_manager.gd:135)
         [2] _run_test (res://addons/gut/gut.gd:605)
         [3] _test_the_scripts (res://addons/gut/gut.gd:818)
* test_can_approve_warrant_true
WARNING: [CaseManager] Validation: EvidenceData: discovery_method is required for evidence 'ev_presence'
     at: push_warning (core/variant/variant_utility.cpp:1034)
     GDScript backtrace (most recent call first):
         [0] load_case (res://scripts/managers/case_manager.gd:114)
         [1] before_each (res://tests/unit/test_warrant_manager.gd:135)
         [2] _run_test (res://addons/gut/gut.gd:605)
         [3] _test_the_scripts (res://addons/gut/gut.gd:818)
WARNING: [CaseManager] Validation: EvidenceData: discovery_method is required for evidence 'ev_motive'
     at: push_warning (core/variant/variant_utility.cpp:1034)
     GDScript backtrace (most recent call first):
         [0] load_case (res://scripts/managers/case_manager.gd:114)
         [1] before_each (res://tests/unit/test_warrant_manager.gd:135)
         [2] _run_test (res://addons/gut/gut.gd:605)
         [3] _test_the_scripts (res://addons/gut/gut.gd:818)
WARNING: [CaseManager] Validation: EvidenceData: discovery_method is required for evidence 'ev_opportunity'
     at: push_warning (core/variant/variant_utility.cpp:1034)
     GDScript backtrace (most recent call first):
         [0] load_case (res://scripts/managers/case_manager.gd:114)
         [1] before_each (res://tests/unit/test_warrant_manager.gd:135)
         [2] _run_test (res://addons/gut/gut.gd:605)
         [3] _test_the_scripts (res://addons/gut/gut.gd:818)
WARNING: [CaseManager] Validation: EvidenceData: discovery_method is required for evidence 'ev_connection'
     at: push_warning (core/variant/variant_utility.cpp:1034)
     GDScript backtrace (most recent call first):
         [0] load_case (res://scripts/managers/case_manager.gd:114)
         [1] before_each (res://tests/unit/test_warrant_manager.gd:135)
         [2] _run_test (res://addons/gut/gut.gd:605)
         [3] _test_the_scripts (res://addons/gut/gut.gd:818)
WARNING: [CaseManager] Validation: EvidenceData: discovery_method is required for evidence 'ev_multi'
     at: push_warning (core/variant/variant_utility.cpp:1034)
     GDScript backtrace (most recent call first):
         [0] load_case (res://scripts/managers/case_manager.gd:114)
         [1] before_each (res://tests/unit/test_warrant_manager.gd:135)
         [2] _run_test (res://addons/gut/gut.gd:605)
         [3] _test_the_scripts (res://addons/gut/gut.gd:818)
WARNING: [CaseManager] Validation: EvidenceData: discovery_method is required for evidence 'ev_no_cat'
     at: push_warning (core/variant/variant_utility.cpp:1034)
     GDScript backtrace (most recent call first):
         [0] load_case (res://scripts/managers/case_manager.gd:114)
         [1] before_each (res://tests/unit/test_warrant_manager.gd:135)
         [2] _run_test (res://addons/gut/gut.gd:605)
         [3] _test_the_scripts (res://addons/gut/gut.gd:818)
* test_can_approve_warrant_false
WARNING: [CaseManager] Validation: EvidenceData: discovery_method is required for evidence 'ev_presence'
     at: push_warning (core/variant/variant_utility.cpp:1034)
     GDScript backtrace (most recent call first):
         [0] load_case (res://scripts/managers/case_manager.gd:114)
         [1] before_each (res://tests/unit/test_warrant_manager.gd:135)
         [2] _run_test (res://addons/gut/gut.gd:605)
         [3] _test_the_scripts (res://addons/gut/gut.gd:818)
WARNING: [CaseManager] Validation: EvidenceData: discovery_method is required for evidence 'ev_motive'
     at: push_warning (core/variant/variant_utility.cpp:1034)
     GDScript backtrace (most recent call first):
         [0] load_case (res://scripts/managers/case_manager.gd:114)
         [1] before_each (res://tests/unit/test_warrant_manager.gd:135)
         [2] _run_test (res://addons/gut/gut.gd:605)
         [3] _test_the_scripts (res://addons/gut/gut.gd:818)
WARNING: [CaseManager] Validation: EvidenceData: discovery_method is required for evidence 'ev_opportunity'
     at: push_warning (core/variant/variant_utility.cpp:1034)
     GDScript backtrace (most recent call first):
         [0] load_case (res://scripts/managers/case_manager.gd:114)
         [1] before_each (res://tests/unit/test_warrant_manager.gd:135)
         [2] _run_test (res://addons/gut/gut.gd:605)
         [3] _test_the_scripts (res://addons/gut/gut.gd:818)
WARNING: [CaseManager] Validation: EvidenceData: discovery_method is required for evidence 'ev_connection'
     at: push_warning (core/variant/variant_utility.cpp:1034)
     GDScript backtrace (most recent call first):
         [0] load_case (res://scripts/managers/case_manager.gd:114)
         [1] before_each (res://tests/unit/test_warrant_manager.gd:135)
         [2] _run_test (res://addons/gut/gut.gd:605)
         [3] _test_the_scripts (res://addons/gut/gut.gd:818)
WARNING: [CaseManager] Validation: EvidenceData: discovery_method is required for evidence 'ev_multi'
     at: push_warning (core/variant/variant_utility.cpp:1034)
     GDScript backtrace (most recent call first):
         [0] load_case (res://scripts/managers/case_manager.gd:114)
         [1] before_each (res://tests/unit/test_warrant_manager.gd:135)
         [2] _run_test (res://addons/gut/gut.gd:605)
         [3] _test_the_scripts (res://addons/gut/gut.gd:818)
WARNING: [CaseManager] Validation: EvidenceData: discovery_method is required for evidence 'ev_no_cat'
     at: push_warning (core/variant/variant_utility.cpp:1034)
     GDScript backtrace (most recent call first):
         [0] load_case (res://scripts/managers/case_manager.gd:114)
         [1] before_each (res://tests/unit/test_warrant_manager.gd:135)
         [2] _run_test (res://addons/gut/gut.gd:605)
         [3] _test_the_scripts (res://addons/gut/gut.gd:818)
* test_arrest_warrant_requires_three_categories
WARNING: [CaseManager] Validation: EvidenceData: discovery_method is required for evidence 'ev_presence'
     at: push_warning (core/variant/variant_utility.cpp:1034)
     GDScript backtrace (most recent call first):
         [0] load_case (res://scripts/managers/case_manager.gd:114)
         [1] before_each (res://tests/unit/test_warrant_manager.gd:135)
         [2] _run_test (res://addons/gut/gut.gd:605)
         [3] _test_the_scripts (res://addons/gut/gut.gd:818)
WARNING: [CaseManager] Validation: EvidenceData: discovery_method is required for evidence 'ev_motive'
     at: push_warning (core/variant/variant_utility.cpp:1034)
     GDScript backtrace (most recent call first):
         [0] load_case (res://scripts/managers/case_manager.gd:114)
         [1] before_each (res://tests/unit/test_warrant_manager.gd:135)
         [2] _run_test (res://addons/gut/gut.gd:605)
         [3] _test_the_scripts (res://addons/gut/gut.gd:818)
WARNING: [CaseManager] Validation: EvidenceData: discovery_method is required for evidence 'ev_opportunity'
     at: push_warning (core/variant/variant_utility.cpp:1034)
     GDScript backtrace (most recent call first):
         [0] load_case (res://scripts/managers/case_manager.gd:114)
         [1] before_each (res://tests/unit/test_warrant_manager.gd:135)
         [2] _run_test (res://addons/gut/gut.gd:605)
         [3] _test_the_scripts (res://addons/gut/gut.gd:818)
WARNING: [CaseManager] Validation: EvidenceData: discovery_method is required for evidence 'ev_connection'
     at: push_warning (core/variant/variant_utility.cpp:1034)
     GDScript backtrace (most recent call first):
         [0] load_case (res://scripts/managers/case_manager.gd:114)
         [1] before_each (res://tests/unit/test_warrant_manager.gd:135)
         [2] _run_test (res://addons/gut/gut.gd:605)
         [3] _test_the_scripts (res://addons/gut/gut.gd:818)
WARNING: [CaseManager] Validation: EvidenceData: discovery_method is required for evidence 'ev_multi'
     at: push_warning (core/variant/variant_utility.cpp:1034)
     GDScript backtrace (most recent call first):
         [0] load_case (res://scripts/managers/case_manager.gd:114)
         [1] before_each (res://tests/unit/test_warrant_manager.gd:135)
         [2] _run_test (res://addons/gut/gut.gd:605)
         [3] _test_the_scripts (res://addons/gut/gut.gd:818)
WARNING: [CaseManager] Validation: EvidenceData: discovery_method is required for evidence 'ev_no_cat'
     at: push_warning (core/variant/variant_utility.cpp:1034)
     GDScript backtrace (most recent call first):
         [0] load_case (res://scripts/managers/case_manager.gd:114)
         [1] before_each (res://tests/unit/test_warrant_manager.gd:135)
         [2] _run_test (res://addons/gut/gut.gd:605)
         [3] _test_the_scripts (res://addons/gut/gut.gd:818)
* test_warrant_with_multi_category_evidence
WARNING: [CaseManager] Validation: EvidenceData: discovery_method is required for evidence 'ev_presence'
     at: push_warning (core/variant/variant_utility.cpp:1034)
     GDScript backtrace (most recent call first):
         [0] load_case (res://scripts/managers/case_manager.gd:114)
         [1] before_each (res://tests/unit/test_warrant_manager.gd:135)
         [2] _run_test (res://addons/gut/gut.gd:605)
         [3] _test_the_scripts (res://addons/gut/gut.gd:818)
WARNING: [CaseManager] Validation: EvidenceData: discovery_method is required for evidence 'ev_motive'
     at: push_warning (core/variant/variant_utility.cpp:1034)
     GDScript backtrace (most recent call first):
         [0] load_case (res://scripts/managers/case_manager.gd:114)
         [1] before_each (res://tests/unit/test_warrant_manager.gd:135)
         [2] _run_test (res://addons/gut/gut.gd:605)
         [3] _test_the_scripts (res://addons/gut/gut.gd:818)
WARNING: [CaseManager] Validation: EvidenceData: discovery_method is required for evidence 'ev_opportunity'
     at: push_warning (core/variant/variant_utility.cpp:1034)
     GDScript backtrace (most recent call first):
         [0] load_case (res://scripts/managers/case_manager.gd:114)
         [1] before_each (res://tests/unit/test_warrant_manager.gd:135)
         [2] _run_test (res://addons/gut/gut.gd:605)
         [3] _test_the_scripts (res://addons/gut/gut.gd:818)
WARNING: [CaseManager] Validation: EvidenceData: discovery_method is required for evidence 'ev_connection'
     at: push_warning (core/variant/variant_utility.cpp:1034)
     GDScript backtrace (most recent call first):
         [0] load_case (res://scripts/managers/case_manager.gd:114)
         [1] before_each (res://tests/unit/test_warrant_manager.gd:135)
         [2] _run_test (res://addons/gut/gut.gd:605)
         [3] _test_the_scripts (res://addons/gut/gut.gd:818)
WARNING: [CaseManager] Validation: EvidenceData: discovery_method is required for evidence 'ev_multi'
     at: push_warning (core/variant/variant_utility.cpp:1034)
     GDScript backtrace (most recent call first):
         [0] load_case (res://scripts/managers/case_manager.gd:114)
         [1] before_each (res://tests/unit/test_warrant_manager.gd:135)
         [2] _run_test (res://addons/gut/gut.gd:605)
         [3] _test_the_scripts (res://addons/gut/gut.gd:818)
WARNING: [CaseManager] Validation: EvidenceData: discovery_method is required for evidence 'ev_no_cat'
     at: push_warning (core/variant/variant_utility.cpp:1034)
     GDScript backtrace (most recent call first):
         [0] load_case (res://scripts/managers/case_manager.gd:114)
         [1] before_each (res://tests/unit/test_warrant_manager.gd:135)
         [2] _run_test (res://addons/gut/gut.gd:605)
         [3] _test_the_scripts (res://addons/gut/gut.gd:818)
* test_warrant_generates_unique_ids
WARNING: [CaseManager] Validation: EvidenceData: discovery_method is required for evidence 'ev_presence'
     at: push_warning (core/variant/variant_utility.cpp:1034)
     GDScript backtrace (most recent call first):
         [0] load_case (res://scripts/managers/case_manager.gd:114)
         [1] before_each (res://tests/unit/test_warrant_manager.gd:135)
         [2] _run_test (res://addons/gut/gut.gd:605)
         [3] _test_the_scripts (res://addons/gut/gut.gd:818)
WARNING: [CaseManager] Validation: EvidenceData: discovery_method is required for evidence 'ev_motive'
     at: push_warning (core/variant/variant_utility.cpp:1034)
     GDScript backtrace (most recent call first):
         [0] load_case (res://scripts/managers/case_manager.gd:114)
         [1] before_each (res://tests/unit/test_warrant_manager.gd:135)
         [2] _run_test (res://addons/gut/gut.gd:605)
         [3] _test_the_scripts (res://addons/gut/gut.gd:818)
WARNING: [CaseManager] Validation: EvidenceData: discovery_method is required for evidence 'ev_opportunity'
     at: push_warning (core/variant/variant_utility.cpp:1034)
     GDScript backtrace (most recent call first):
         [0] load_case (res://scripts/managers/case_manager.gd:114)
         [1] before_each (res://tests/unit/test_warrant_manager.gd:135)
         [2] _run_test (res://addons/gut/gut.gd:605)
         [3] _test_the_scripts (res://addons/gut/gut.gd:818)
WARNING: [CaseManager] Validation: EvidenceData: discovery_method is required for evidence 'ev_connection'
     at: push_warning (core/variant/variant_utility.cpp:1034)
     GDScript backtrace (most recent call first):
         [0] load_case (res://scripts/managers/case_manager.gd:114)
         [1] before_each (res://tests/unit/test_warrant_manager.gd:135)
         [2] _run_test (res://addons/gut/gut.gd:605)
         [3] _test_the_scripts (res://addons/gut/gut.gd:818)
WARNING: [CaseManager] Validation: EvidenceData: discovery_method is required for evidence 'ev_multi'
     at: push_warning (core/variant/variant_utility.cpp:1034)
     GDScript backtrace (most recent call first):
         [0] load_case (res://scripts/managers/case_manager.gd:114)
         [1] before_each (res://tests/unit/test_warrant_manager.gd:135)
         [2] _run_test (res://addons/gut/gut.gd:605)
         [3] _test_the_scripts (res://addons/gut/gut.gd:818)
WARNING: [CaseManager] Validation: EvidenceData: discovery_method is required for evidence 'ev_no_cat'
     at: push_warning (core/variant/variant_utility.cpp:1034)
     GDScript backtrace (most recent call first):
         [0] load_case (res://scripts/managers/case_manager.gd:114)
         [1] before_each (res://tests/unit/test_warrant_manager.gd:135)
         [2] _run_test (res://addons/gut/gut.gd:605)
         [3] _test_the_scripts (res://addons/gut/gut.gd:818)
* test_judge_feedback_mentions_missing_categories
WARNING: [CaseManager] Validation: EvidenceData: discovery_method is required for evidence 'ev_presence'
     at: push_warning (core/variant/variant_utility.cpp:1034)
     GDScript backtrace (most recent call first):
         [0] load_case (res://scripts/managers/case_manager.gd:114)
         [1] before_each (res://tests/unit/test_warrant_manager.gd:135)
         [2] _run_test (res://addons/gut/gut.gd:605)
         [3] _test_the_scripts (res://addons/gut/gut.gd:818)
WARNING: [CaseManager] Validation: EvidenceData: discovery_method is required for evidence 'ev_motive'
     at: push_warning (core/variant/variant_utility.cpp:1034)
     GDScript backtrace (most recent call first):
         [0] load_case (res://scripts/managers/case_manager.gd:114)
         [1] before_each (res://tests/unit/test_warrant_manager.gd:135)
         [2] _run_test (res://addons/gut/gut.gd:605)
         [3] _test_the_scripts (res://addons/gut/gut.gd:818)
WARNING: [CaseManager] Validation: EvidenceData: discovery_method is required for evidence 'ev_opportunity'
     at: push_warning (core/variant/variant_utility.cpp:1034)
     GDScript backtrace (most recent call first):
         [0] load_case (res://scripts/managers/case_manager.gd:114)
         [1] before_each (res://tests/unit/test_warrant_manager.gd:135)
         [2] _run_test (res://addons/gut/gut.gd:605)
         [3] _test_the_scripts (res://addons/gut/gut.gd:818)
WARNING: [CaseManager] Validation: EvidenceData: discovery_method is required for evidence 'ev_connection'
     at: push_warning (core/variant/variant_utility.cpp:1034)
     GDScript backtrace (most recent call first):
         [0] load_case (res://scripts/managers/case_manager.gd:114)
         [1] before_each (res://tests/unit/test_warrant_manager.gd:135)
         [2] _run_test (res://addons/gut/gut.gd:605)
         [3] _test_the_scripts (res://addons/gut/gut.gd:818)
WARNING: [CaseManager] Validation: EvidenceData: discovery_method is required for evidence 'ev_multi'
     at: push_warning (core/variant/variant_utility.cpp:1034)
     GDScript backtrace (most recent call first):
         [0] load_case (res://scripts/managers/case_manager.gd:114)
         [1] before_each (res://tests/unit/test_warrant_manager.gd:135)
         [2] _run_test (res://addons/gut/gut.gd:605)
         [3] _test_the_scripts (res://addons/gut/gut.gd:818)
WARNING: [CaseManager] Validation: EvidenceData: discovery_method is required for evidence 'ev_no_cat'
     at: push_warning (core/variant/variant_utility.cpp:1034)
     GDScript backtrace (most recent call first):
         [0] load_case (res://scripts/managers/case_manager.gd:114)
         [1] before_each (res://tests/unit/test_warrant_manager.gd:135)
         [2] _run_test (res://addons/gut/gut.gd:605)
         [3] _test_the_scripts (res://addons/gut/gut.gd:818)
* test_judge_feedback_multiple_missing
WARNING: [CaseManager] Validation: EvidenceData: discovery_method is required for evidence 'ev_presence'
     at: push_warning (core/variant/variant_utility.cpp:1034)
     GDScript backtrace (most recent call first):
         [0] load_case (res://scripts/managers/case_manager.gd:114)
         [1] before_each (res://tests/unit/test_warrant_manager.gd:135)
         [2] _run_test (res://addons/gut/gut.gd:605)
         [3] _test_the_scripts (res://addons/gut/gut.gd:818)
WARNING: [CaseManager] Validation: EvidenceData: discovery_method is required for evidence 'ev_motive'
     at: push_warning (core/variant/variant_utility.cpp:1034)
     GDScript backtrace (most recent call first):
         [0] load_case (res://scripts/managers/case_manager.gd:114)
         [1] before_each (res://tests/unit/test_warrant_manager.gd:135)
         [2] _run_test (res://addons/gut/gut.gd:605)
         [3] _test_the_scripts (res://addons/gut/gut.gd:818)
WARNING: [CaseManager] Validation: EvidenceData: discovery_method is required for evidence 'ev_opportunity'
     at: push_warning (core/variant/variant_utility.cpp:1034)
     GDScript backtrace (most recent call first):
         [0] load_case (res://scripts/managers/case_manager.gd:114)
         [1] before_each (res://tests/unit/test_warrant_manager.gd:135)
         [2] _run_test (res://addons/gut/gut.gd:605)
         [3] _test_the_scripts (res://addons/gut/gut.gd:818)
WARNING: [CaseManager] Validation: EvidenceData: discovery_method is required for evidence 'ev_connection'
     at: push_warning (core/variant/variant_utility.cpp:1034)
     GDScript backtrace (most recent call first):
         [0] load_case (res://scripts/managers/case_manager.gd:114)
         [1] before_each (res://tests/unit/test_warrant_manager.gd:135)
         [2] _run_test (res://addons/gut/gut.gd:605)
         [3] _test_the_scripts (res://addons/gut/gut.gd:818)
WARNING: [CaseManager] Validation: EvidenceData: discovery_method is required for evidence 'ev_multi'
     at: push_warning (core/variant/variant_utility.cpp:1034)
     GDScript backtrace (most recent call first):
         [0] load_case (res://scripts/managers/case_manager.gd:114)
         [1] before_each (res://tests/unit/test_warrant_manager.gd:135)
         [2] _run_test (res://addons/gut/gut.gd:605)
         [3] _test_the_scripts (res://addons/gut/gut.gd:818)
WARNING: [CaseManager] Validation: EvidenceData: discovery_method is required for evidence 'ev_no_cat'
     at: push_warning (core/variant/variant_utility.cpp:1034)
     GDScript backtrace (most recent call first):
         [0] load_case (res://scripts/managers/case_manager.gd:114)
         [1] before_each (res://tests/unit/test_warrant_manager.gd:135)
         [2] _run_test (res://addons/gut/gut.gd:605)
         [3] _test_the_scripts (res://addons/gut/gut.gd:818)
* test_get_judge_feedback_sufficient_evidence
WARNING: [CaseManager] Validation: EvidenceData: discovery_method is required for evidence 'ev_presence'
     at: push_warning (core/variant/variant_utility.cpp:1034)
     GDScript backtrace (most recent call first):
         [0] load_case (res://scripts/managers/case_manager.gd:114)
         [1] before_each (res://tests/unit/test_warrant_manager.gd:135)
         [2] _run_test (res://addons/gut/gut.gd:605)
         [3] _test_the_scripts (res://addons/gut/gut.gd:818)
WARNING: [CaseManager] Validation: EvidenceData: discovery_method is required for evidence 'ev_motive'
     at: push_warning (core/variant/variant_utility.cpp:1034)
     GDScript backtrace (most recent call first):
         [0] load_case (res://scripts/managers/case_manager.gd:114)
         [1] before_each (res://tests/unit/test_warrant_manager.gd:135)
         [2] _run_test (res://addons/gut/gut.gd:605)
         [3] _test_the_scripts (res://addons/gut/gut.gd:818)
WARNING: [CaseManager] Validation: EvidenceData: discovery_method is required for evidence 'ev_opportunity'
     at: push_warning (core/variant/variant_utility.cpp:1034)
     GDScript backtrace (most recent call first):
         [0] load_case (res://scripts/managers/case_manager.gd:114)
         [1] before_each (res://tests/unit/test_warrant_manager.gd:135)
         [2] _run_test (res://addons/gut/gut.gd:605)
         [3] _test_the_scripts (res://addons/gut/gut.gd:818)
WARNING: [CaseManager] Validation: EvidenceData: discovery_method is required for evidence 'ev_connection'
     at: push_warning (core/variant/variant_utility.cpp:1034)
     GDScript backtrace (most recent call first):
         [0] load_case (res://scripts/managers/case_manager.gd:114)
         [1] before_each (res://tests/unit/test_warrant_manager.gd:135)
         [2] _run_test (res://addons/gut/gut.gd:605)
         [3] _test_the_scripts (res://addons/gut/gut.gd:818)
WARNING: [CaseManager] Validation: EvidenceData: discovery_method is required for evidence 'ev_multi'
     at: push_warning (core/variant/variant_utility.cpp:1034)
     GDScript backtrace (most recent call first):
         [0] load_case (res://scripts/managers/case_manager.gd:114)
         [1] before_each (res://tests/unit/test_warrant_manager.gd:135)
         [2] _run_test (res://addons/gut/gut.gd:605)
         [3] _test_the_scripts (res://addons/gut/gut.gd:818)
WARNING: [CaseManager] Validation: EvidenceData: discovery_method is required for evidence 'ev_no_cat'
     at: push_warning (core/variant/variant_utility.cpp:1034)
     GDScript backtrace (most recent call first):
         [0] load_case (res://scripts/managers/case_manager.gd:114)
         [1] before_each (res://tests/unit/test_warrant_manager.gd:135)
         [2] _run_test (res://addons/gut/gut.gd:605)
         [3] _test_the_scripts (res://addons/gut/gut.gd:818)
* test_get_judge_feedback_insufficient_evidence
WARNING: [CaseManager] Validation: EvidenceData: discovery_method is required for evidence 'ev_presence'
     at: push_warning (core/variant/variant_utility.cpp:1034)
     GDScript backtrace (most recent call first):
         [0] load_case (res://scripts/managers/case_manager.gd:114)
         [1] before_each (res://tests/unit/test_warrant_manager.gd:135)
         [2] _run_test (res://addons/gut/gut.gd:605)
         [3] _test_the_scripts (res://addons/gut/gut.gd:818)
WARNING: [CaseManager] Validation: EvidenceData: discovery_method is required for evidence 'ev_motive'
     at: push_warning (core/variant/variant_utility.cpp:1034)
     GDScript backtrace (most recent call first):
         [0] load_case (res://scripts/managers/case_manager.gd:114)
         [1] before_each (res://tests/unit/test_warrant_manager.gd:135)
         [2] _run_test (res://addons/gut/gut.gd:605)
         [3] _test_the_scripts (res://addons/gut/gut.gd:818)
WARNING: [CaseManager] Validation: EvidenceData: discovery_method is required for evidence 'ev_opportunity'
     at: push_warning (core/variant/variant_utility.cpp:1034)
     GDScript backtrace (most recent call first):
         [0] load_case (res://scripts/managers/case_manager.gd:114)
         [1] before_each (res://tests/unit/test_warrant_manager.gd:135)
         [2] _run_test (res://addons/gut/gut.gd:605)
         [3] _test_the_scripts (res://addons/gut/gut.gd:818)
WARNING: [CaseManager] Validation: EvidenceData: discovery_method is required for evidence 'ev_connection'
     at: push_warning (core/variant/variant_utility.cpp:1034)
     GDScript backtrace (most recent call first):
         [0] load_case (res://scripts/managers/case_manager.gd:114)
         [1] before_each (res://tests/unit/test_warrant_manager.gd:135)
         [2] _run_test (res://addons/gut/gut.gd:605)
         [3] _test_the_scripts (res://addons/gut/gut.gd:818)
WARNING: [CaseManager] Validation: EvidenceData: discovery_method is required for evidence 'ev_multi'
     at: push_warning (core/variant/variant_utility.cpp:1034)
     GDScript backtrace (most recent call first):
         [0] load_case (res://scripts/managers/case_manager.gd:114)
         [1] before_each (res://tests/unit/test_warrant_manager.gd:135)
         [2] _run_test (res://addons/gut/gut.gd:605)
         [3] _test_the_scripts (res://addons/gut/gut.gd:818)
WARNING: [CaseManager] Validation: EvidenceData: discovery_method is required for evidence 'ev_no_cat'
     at: push_warning (core/variant/variant_utility.cpp:1034)
     GDScript backtrace (most recent call first):
         [0] load_case (res://scripts/managers/case_manager.gd:114)
         [1] before_each (res://tests/unit/test_warrant_manager.gd:135)
         [2] _run_test (res://addons/gut/gut.gd:605)
         [3] _test_the_scripts (res://addons/gut/gut.gd:818)
* test_judge_feedback_suggests_category_names
WARNING: [CaseManager] Validation: EvidenceData: discovery_method is required for evidence 'ev_presence'
     at: push_warning (core/variant/variant_utility.cpp:1034)
     GDScript backtrace (most recent call first):
         [0] load_case (res://scripts/managers/case_manager.gd:114)
         [1] before_each (res://tests/unit/test_warrant_manager.gd:135)
         [2] _run_test (res://addons/gut/gut.gd:605)
         [3] _test_the_scripts (res://addons/gut/gut.gd:818)
WARNING: [CaseManager] Validation: EvidenceData: discovery_method is required for evidence 'ev_motive'
     at: push_warning (core/variant/variant_utility.cpp:1034)
     GDScript backtrace (most recent call first):
         [0] load_case (res://scripts/managers/case_manager.gd:114)
         [1] before_each (res://tests/unit/test_warrant_manager.gd:135)
         [2] _run_test (res://addons/gut/gut.gd:605)
         [3] _test_the_scripts (res://addons/gut/gut.gd:818)
WARNING: [CaseManager] Validation: EvidenceData: discovery_method is required for evidence 'ev_opportunity'
     at: push_warning (core/variant/variant_utility.cpp:1034)
     GDScript backtrace (most recent call first):
         [0] load_case (res://scripts/managers/case_manager.gd:114)
         [1] before_each (res://tests/unit/test_warrant_manager.gd:135)
         [2] _run_test (res://addons/gut/gut.gd:605)
         [3] _test_the_scripts (res://addons/gut/gut.gd:818)
WARNING: [CaseManager] Validation: EvidenceData: discovery_method is required for evidence 'ev_connection'
     at: push_warning (core/variant/variant_utility.cpp:1034)
     GDScript backtrace (most recent call first):
         [0] load_case (res://scripts/managers/case_manager.gd:114)
         [1] before_each (res://tests/unit/test_warrant_manager.gd:135)
         [2] _run_test (res://addons/gut/gut.gd:605)
         [3] _test_the_scripts (res://addons/gut/gut.gd:818)
WARNING: [CaseManager] Validation: EvidenceData: discovery_method is required for evidence 'ev_multi'
     at: push_warning (core/variant/variant_utility.cpp:1034)
     GDScript backtrace (most recent call first):
         [0] load_case (res://scripts/managers/case_manager.gd:114)
         [1] before_each (res://tests/unit/test_warrant_manager.gd:135)
         [2] _run_test (res://addons/gut/gut.gd:605)
         [3] _test_the_scripts (res://addons/gut/gut.gd:818)
WARNING: [CaseManager] Validation: EvidenceData: discovery_method is required for evidence 'ev_no_cat'
     at: push_warning (core/variant/variant_utility.cpp:1034)
     GDScript backtrace (most recent call first):
         [0] load_case (res://scripts/managers/case_manager.gd:114)
         [1] before_each (res://tests/unit/test_warrant_manager.gd:135)
         [2] _run_test (res://addons/gut/gut.gd:605)
         [3] _test_the_scripts (res://addons/gut/gut.gd:818)
* test_arrest_suspect_with_sufficient_evidence
WARNING: [CaseManager] Validation: EvidenceData: discovery_method is required for evidence 'ev_presence'
     at: push_warning (core/variant/variant_utility.cpp:1034)
     GDScript backtrace (most recent call first):
         [0] load_case (res://scripts/managers/case_manager.gd:114)
         [1] before_each (res://tests/unit/test_warrant_manager.gd:135)
         [2] _run_test (res://addons/gut/gut.gd:605)
         [3] _test_the_scripts (res://addons/gut/gut.gd:818)
WARNING: [CaseManager] Validation: EvidenceData: discovery_method is required for evidence 'ev_motive'
     at: push_warning (core/variant/variant_utility.cpp:1034)
     GDScript backtrace (most recent call first):
         [0] load_case (res://scripts/managers/case_manager.gd:114)
         [1] before_each (res://tests/unit/test_warrant_manager.gd:135)
         [2] _run_test (res://addons/gut/gut.gd:605)
         [3] _test_the_scripts (res://addons/gut/gut.gd:818)
WARNING: [CaseManager] Validation: EvidenceData: discovery_method is required for evidence 'ev_opportunity'
     at: push_warning (core/variant/variant_utility.cpp:1034)
     GDScript backtrace (most recent call first):
         [0] load_case (res://scripts/managers/case_manager.gd:114)
         [1] before_each (res://tests/unit/test_warrant_manager.gd:135)
         [2] _run_test (res://addons/gut/gut.gd:605)
         [3] _test_the_scripts (res://addons/gut/gut.gd:818)
WARNING: [CaseManager] Validation: EvidenceData: discovery_method is required for evidence 'ev_connection'
     at: push_warning (core/variant/variant_utility.cpp:1034)
     GDScript backtrace (most recent call first):
         [0] load_case (res://scripts/managers/case_manager.gd:114)
         [1] before_each (res://tests/unit/test_warrant_manager.gd:135)
         [2] _run_test (res://addons/gut/gut.gd:605)
         [3] _test_the_scripts (res://addons/gut/gut.gd:818)
WARNING: [CaseManager] Validation: EvidenceData: discovery_method is required for evidence 'ev_multi'
     at: push_warning (core/variant/variant_utility.cpp:1034)
     GDScript backtrace (most recent call first):
         [0] load_case (res://scripts/managers/case_manager.gd:114)
         [1] before_each (res://tests/unit/test_warrant_manager.gd:135)
         [2] _run_test (res://addons/gut/gut.gd:605)
         [3] _test_the_scripts (res://addons/gut/gut.gd:818)
WARNING: [CaseManager] Validation: EvidenceData: discovery_method is required for evidence 'ev_no_cat'
     at: push_warning (core/variant/variant_utility.cpp:1034)
     GDScript backtrace (most recent call first):
         [0] load_case (res://scripts/managers/case_manager.gd:114)
         [1] before_each (res://tests/unit/test_warrant_manager.gd:135)
         [2] _run_test (res://addons/gut/gut.gd:605)
         [3] _test_the_scripts (res://addons/gut/gut.gd:818)
* test_arrest_suspect_insufficient_evidence
WARNING: [CaseManager] Validation: EvidenceData: discovery_method is required for evidence 'ev_presence'
     at: push_warning (core/variant/variant_utility.cpp:1034)
     GDScript backtrace (most recent call first):
         [0] load_case (res://scripts/managers/case_manager.gd:114)
         [1] before_each (res://tests/unit/test_warrant_manager.gd:135)
         [2] _run_test (res://addons/gut/gut.gd:605)
         [3] _test_the_scripts (res://addons/gut/gut.gd:818)
WARNING: [CaseManager] Validation: EvidenceData: discovery_method is required for evidence 'ev_motive'
     at: push_warning (core/variant/variant_utility.cpp:1034)
     GDScript backtrace (most recent call first):
         [0] load_case (res://scripts/managers/case_manager.gd:114)
         [1] before_each (res://tests/unit/test_warrant_manager.gd:135)
         [2] _run_test (res://addons/gut/gut.gd:605)
         [3] _test_the_scripts (res://addons/gut/gut.gd:818)
WARNING: [CaseManager] Validation: EvidenceData: discovery_method is required for evidence 'ev_opportunity'
     at: push_warning (core/variant/variant_utility.cpp:1034)
     GDScript backtrace (most recent call first):
         [0] load_case (res://scripts/managers/case_manager.gd:114)
         [1] before_each (res://tests/unit/test_warrant_manager.gd:135)
         [2] _run_test (res://addons/gut/gut.gd:605)
         [3] _test_the_scripts (res://addons/gut/gut.gd:818)
WARNING: [CaseManager] Validation: EvidenceData: discovery_method is required for evidence 'ev_connection'
     at: push_warning (core/variant/variant_utility.cpp:1034)
     GDScript backtrace (most recent call first):
         [0] load_case (res://scripts/managers/case_manager.gd:114)
         [1] before_each (res://tests/unit/test_warrant_manager.gd:135)
         [2] _run_test (res://addons/gut/gut.gd:605)
         [3] _test_the_scripts (res://addons/gut/gut.gd:818)
WARNING: [CaseManager] Validation: EvidenceData: discovery_method is required for evidence 'ev_multi'
     at: push_warning (core/variant/variant_utility.cpp:1034)
     GDScript backtrace (most recent call first):
         [0] load_case (res://scripts/managers/case_manager.gd:114)
         [1] before_each (res://tests/unit/test_warrant_manager.gd:135)
         [2] _run_test (res://addons/gut/gut.gd:605)
         [3] _test_the_scripts (res://addons/gut/gut.gd:818)
WARNING: [CaseManager] Validation: EvidenceData: discovery_method is required for evidence 'ev_no_cat'
     at: push_warning (core/variant/variant_utility.cpp:1034)
     GDScript backtrace (most recent call first):
         [0] load_case (res://scripts/managers/case_manager.gd:114)
         [1] before_each (res://tests/unit/test_warrant_manager.gd:135)
         [2] _run_test (res://addons/gut/gut.gd:605)
         [3] _test_the_scripts (res://addons/gut/gut.gd:818)
* test_arrest_emits_signal
WARNING: [CaseManager] Validation: EvidenceData: discovery_method is required for evidence 'ev_presence'
     at: push_warning (core/variant/variant_utility.cpp:1034)
     GDScript backtrace (most recent call first):
         [0] load_case (res://scripts/managers/case_manager.gd:114)
         [1] before_each (res://tests/unit/test_warrant_manager.gd:135)
         [2] _run_test (res://addons/gut/gut.gd:605)
         [3] _test_the_scripts (res://addons/gut/gut.gd:818)
WARNING: [CaseManager] Validation: EvidenceData: discovery_method is required for evidence 'ev_motive'
     at: push_warning (core/variant/variant_utility.cpp:1034)
     GDScript backtrace (most recent call first):
         [0] load_case (res://scripts/managers/case_manager.gd:114)
         [1] before_each (res://tests/unit/test_warrant_manager.gd:135)
         [2] _run_test (res://addons/gut/gut.gd:605)
         [3] _test_the_scripts (res://addons/gut/gut.gd:818)
WARNING: [CaseManager] Validation: EvidenceData: discovery_method is required for evidence 'ev_opportunity'
     at: push_warning (core/variant/variant_utility.cpp:1034)
     GDScript backtrace (most recent call first):
         [0] load_case (res://scripts/managers/case_manager.gd:114)
         [1] before_each (res://tests/unit/test_warrant_manager.gd:135)
         [2] _run_test (res://addons/gut/gut.gd:605)
         [3] _test_the_scripts (res://addons/gut/gut.gd:818)
WARNING: [CaseManager] Validation: EvidenceData: discovery_method is required for evidence 'ev_connection'
     at: push_warning (core/variant/variant_utility.cpp:1034)
     GDScript backtrace (most recent call first):
         [0] load_case (res://scripts/managers/case_manager.gd:114)
         [1] before_each (res://tests/unit/test_warrant_manager.gd:135)
         [2] _run_test (res://addons/gut/gut.gd:605)
         [3] _test_the_scripts (res://addons/gut/gut.gd:818)
WARNING: [CaseManager] Validation: EvidenceData: discovery_method is required for evidence 'ev_multi'
     at: push_warning (core/variant/variant_utility.cpp:1034)
     GDScript backtrace (most recent call first):
         [0] load_case (res://scripts/managers/case_manager.gd:114)
         [1] before_each (res://tests/unit/test_warrant_manager.gd:135)
         [2] _run_test (res://addons/gut/gut.gd:605)
         [3] _test_the_scripts (res://addons/gut/gut.gd:818)
WARNING: [CaseManager] Validation: EvidenceData: discovery_method is required for evidence 'ev_no_cat'
     at: push_warning (core/variant/variant_utility.cpp:1034)
     GDScript backtrace (most recent call first):
         [0] load_case (res://scripts/managers/case_manager.gd:114)
         [1] before_each (res://tests/unit/test_warrant_manager.gd:135)
         [2] _run_test (res://addons/gut/gut.gd:605)
         [3] _test_the_scripts (res://addons/gut/gut.gd:818)
* test_arrest_already_arrested_fails
WARNING: [CaseManager] Validation: EvidenceData: discovery_method is required for evidence 'ev_presence'
     at: push_warning (core/variant/variant_utility.cpp:1034)
     GDScript backtrace (most recent call first):
         [0] load_case (res://scripts/managers/case_manager.gd:114)
         [1] before_each (res://tests/unit/test_warrant_manager.gd:135)
         [2] _run_test (res://addons/gut/gut.gd:605)
         [3] _test_the_scripts (res://addons/gut/gut.gd:818)
WARNING: [CaseManager] Validation: EvidenceData: discovery_method is required for evidence 'ev_motive'
     at: push_warning (core/variant/variant_utility.cpp:1034)
     GDScript backtrace (most recent call first):
         [0] load_case (res://scripts/managers/case_manager.gd:114)
         [1] before_each (res://tests/unit/test_warrant_manager.gd:135)
         [2] _run_test (res://addons/gut/gut.gd:605)
         [3] _test_the_scripts (res://addons/gut/gut.gd:818)
WARNING: [CaseManager] Validation: EvidenceData: discovery_method is required for evidence 'ev_opportunity'
     at: push_warning (core/variant/variant_utility.cpp:1034)
     GDScript backtrace (most recent call first):
         [0] load_case (res://scripts/managers/case_manager.gd:114)
         [1] before_each (res://tests/unit/test_warrant_manager.gd:135)
         [2] _run_test (res://addons/gut/gut.gd:605)
         [3] _test_the_scripts (res://addons/gut/gut.gd:818)
WARNING: [CaseManager] Validation: EvidenceData: discovery_method is required for evidence 'ev_connection'
     at: push_warning (core/variant/variant_utility.cpp:1034)
     GDScript backtrace (most recent call first):
         [0] load_case (res://scripts/managers/case_manager.gd:114)
         [1] before_each (res://tests/unit/test_warrant_manager.gd:135)
         [2] _run_test (res://addons/gut/gut.gd:605)
         [3] _test_the_scripts (res://addons/gut/gut.gd:818)
WARNING: [CaseManager] Validation: EvidenceData: discovery_method is required for evidence 'ev_multi'
     at: push_warning (core/variant/variant_utility.cpp:1034)
     GDScript backtrace (most recent call first):
         [0] load_case (res://scripts/managers/case_manager.gd:114)
         [1] before_each (res://tests/unit/test_warrant_manager.gd:135)
         [2] _run_test (res://addons/gut/gut.gd:605)
         [3] _test_the_scripts (res://addons/gut/gut.gd:818)
WARNING: [CaseManager] Validation: EvidenceData: discovery_method is required for evidence 'ev_no_cat'
     at: push_warning (core/variant/variant_utility.cpp:1034)
     GDScript backtrace (most recent call first):
         [0] load_case (res://scripts/managers/case_manager.gd:114)
         [1] before_each (res://tests/unit/test_warrant_manager.gd:135)
         [2] _run_test (res://addons/gut/gut.gd:605)
         [3] _test_the_scripts (res://addons/gut/gut.gd:818)
* test_arrest_unknown_person_fails
WARNING: [CaseManager] Validation: EvidenceData: discovery_method is required for evidence 'ev_presence'
     at: push_warning (core/variant/variant_utility.cpp:1034)
     GDScript backtrace (most recent call first):
         [0] load_case (res://scripts/managers/case_manager.gd:114)
         [1] before_each (res://tests/unit/test_warrant_manager.gd:135)
         [2] _run_test (res://addons/gut/gut.gd:605)
         [3] _test_the_scripts (res://addons/gut/gut.gd:818)
WARNING: [CaseManager] Validation: EvidenceData: discovery_method is required for evidence 'ev_motive'
     at: push_warning (core/variant/variant_utility.cpp:1034)
     GDScript backtrace (most recent call first):
         [0] load_case (res://scripts/managers/case_manager.gd:114)
         [1] before_each (res://tests/unit/test_warrant_manager.gd:135)
         [2] _run_test (res://addons/gut/gut.gd:605)
         [3] _test_the_scripts (res://addons/gut/gut.gd:818)
WARNING: [CaseManager] Validation: EvidenceData: discovery_method is required for evidence 'ev_opportunity'
     at: push_warning (core/variant/variant_utility.cpp:1034)
     GDScript backtrace (most recent call first):
         [0] load_case (res://scripts/managers/case_manager.gd:114)
         [1] before_each (res://tests/unit/test_warrant_manager.gd:135)
         [2] _run_test (res://addons/gut/gut.gd:605)
         [3] _test_the_scripts (res://addons/gut/gut.gd:818)
WARNING: [CaseManager] Validation: EvidenceData: discovery_method is required for evidence 'ev_connection'
     at: push_warning (core/variant/variant_utility.cpp:1034)
     GDScript backtrace (most recent call first):
         [0] load_case (res://scripts/managers/case_manager.gd:114)
         [1] before_each (res://tests/unit/test_warrant_manager.gd:135)
         [2] _run_test (res://addons/gut/gut.gd:605)
         [3] _test_the_scripts (res://addons/gut/gut.gd:818)
WARNING: [CaseManager] Validation: EvidenceData: discovery_method is required for evidence 'ev_multi'
     at: push_warning (core/variant/variant_utility.cpp:1034)
     GDScript backtrace (most recent call first):
         [0] load_case (res://scripts/managers/case_manager.gd:114)
         [1] before_each (res://tests/unit/test_warrant_manager.gd:135)
         [2] _run_test (res://addons/gut/gut.gd:605)
         [3] _test_the_scripts (res://addons/gut/gut.gd:818)
WARNING: [CaseManager] Validation: EvidenceData: discovery_method is required for evidence 'ev_no_cat'
     at: push_warning (core/variant/variant_utility.cpp:1034)
     GDScript backtrace (most recent call first):
         [0] load_case (res://scripts/managers/case_manager.gd:114)
         [1] before_each (res://tests/unit/test_warrant_manager.gd:135)
         [2] _run_test (res://addons/gut/gut.gd:605)
         [3] _test_the_scripts (res://addons/gut/gut.gd:818)
ERROR: [WarrantManager] Person not found: p_nonexistent
   at: push_error (core/variant/variant_utility.cpp:1024)
   GDScript backtrace (most recent call first):
       [0] arrest_suspect (res://scripts/managers/warrant_manager.gd:220)
       [1] test_arrest_unknown_person_fails (res://tests/unit/test_warrant_manager.gd:395)
       [2] _run_test (res://addons/gut/gut.gd:615)
       [3] _test_the_scripts (res://addons/gut/gut.gd:818)
[34m[ExpectedError][0mExpected push_error error containing '[WarrantManager] Person not found: p_nonexistent'.  
* test_get_arrested_suspects
WARNING: [CaseManager] Validation: EvidenceData: discovery_method is required for evidence 'ev_presence'
     at: push_warning (core/variant/variant_utility.cpp:1034)
     GDScript backtrace (most recent call first):
         [0] load_case (res://scripts/managers/case_manager.gd:114)
         [1] before_each (res://tests/unit/test_warrant_manager.gd:135)
         [2] _run_test (res://addons/gut/gut.gd:605)
         [3] _test_the_scripts (res://addons/gut/gut.gd:818)
WARNING: [CaseManager] Validation: EvidenceData: discovery_method is required for evidence 'ev_motive'
     at: push_warning (core/variant/variant_utility.cpp:1034)
     GDScript backtrace (most recent call first):
         [0] load_case (res://scripts/managers/case_manager.gd:114)
         [1] before_each (res://tests/unit/test_warrant_manager.gd:135)
         [2] _run_test (res://addons/gut/gut.gd:605)
         [3] _test_the_scripts (res://addons/gut/gut.gd:818)
WARNING: [CaseManager] Validation: EvidenceData: discovery_method is required for evidence 'ev_opportunity'
     at: push_warning (core/variant/variant_utility.cpp:1034)
     GDScript backtrace (most recent call first):
         [0] load_case (res://scripts/managers/case_manager.gd:114)
         [1] before_each (res://tests/unit/test_warrant_manager.gd:135)
         [2] _run_test (res://addons/gut/gut.gd:605)
         [3] _test_the_scripts (res://addons/gut/gut.gd:818)
WARNING: [CaseManager] Validation: EvidenceData: discovery_method is required for evidence 'ev_connection'
     at: push_warning (core/variant/variant_utility.cpp:1034)
     GDScript backtrace (most recent call first):
         [0] load_case (res://scripts/managers/case_manager.gd:114)
         [1] before_each (res://tests/unit/test_warrant_manager.gd:135)
         [2] _run_test (res://addons/gut/gut.gd:605)
         [3] _test_the_scripts (res://addons/gut/gut.gd:818)
WARNING: [CaseManager] Validation: EvidenceData: discovery_method is required for evidence 'ev_multi'
     at: push_warning (core/variant/variant_utility.cpp:1034)
     GDScript backtrace (most recent call first):
         [0] load_case (res://scripts/managers/case_manager.gd:114)
         [1] before_each (res://tests/unit/test_warrant_manager.gd:135)
         [2] _run_test (res://addons/gut/gut.gd:605)
         [3] _test_the_scripts (res://addons/gut/gut.gd:818)
WARNING: [CaseManager] Validation: EvidenceData: discovery_method is required for evidence 'ev_no_cat'
     at: push_warning (core/variant/variant_utility.cpp:1034)
     GDScript backtrace (most recent call first):
         [0] load_case (res://scripts/managers/case_manager.gd:114)
         [1] before_each (res://tests/unit/test_warrant_manager.gd:135)
         [2] _run_test (res://addons/gut/gut.gd:605)
         [3] _test_the_scripts (res://addons/gut/gut.gd:818)
* test_is_arrested_false_initially
WARNING: [CaseManager] Validation: EvidenceData: discovery_method is required for evidence 'ev_presence'
     at: push_warning (core/variant/variant_utility.cpp:1034)
     GDScript backtrace (most recent call first):
         [0] load_case (res://scripts/managers/case_manager.gd:114)
         [1] before_each (res://tests/unit/test_warrant_manager.gd:135)
         [2] _run_test (res://addons/gut/gut.gd:605)
         [3] _test_the_scripts (res://addons/gut/gut.gd:818)
WARNING: [CaseManager] Validation: EvidenceData: discovery_method is required for evidence 'ev_motive'
     at: push_warning (core/variant/variant_utility.cpp:1034)
     GDScript backtrace (most recent call first):
         [0] load_case (res://scripts/managers/case_manager.gd:114)
         [1] before_each (res://tests/unit/test_warrant_manager.gd:135)
         [2] _run_test (res://addons/gut/gut.gd:605)
         [3] _test_the_scripts (res://addons/gut/gut.gd:818)
WARNING: [CaseManager] Validation: EvidenceData: discovery_method is required for evidence 'ev_opportunity'
     at: push_warning (core/variant/variant_utility.cpp:1034)
     GDScript backtrace (most recent call first):
         [0] load_case (res://scripts/managers/case_manager.gd:114)
         [1] before_each (res://tests/unit/test_warrant_manager.gd:135)
         [2] _run_test (res://addons/gut/gut.gd:605)
         [3] _test_the_scripts (res://addons/gut/gut.gd:818)
WARNING: [CaseManager] Validation: EvidenceData: discovery_method is required for evidence 'ev_connection'
     at: push_warning (core/variant/variant_utility.cpp:1034)
     GDScript backtrace (most recent call first):
         [0] load_case (res://scripts/managers/case_manager.gd:114)
         [1] before_each (res://tests/unit/test_warrant_manager.gd:135)
         [2] _run_test (res://addons/gut/gut.gd:605)
         [3] _test_the_scripts (res://addons/gut/gut.gd:818)
WARNING: [CaseManager] Validation: EvidenceData: discovery_method is required for evidence 'ev_multi'
     at: push_warning (core/variant/variant_utility.cpp:1034)
     GDScript backtrace (most recent call first):
         [0] load_case (res://scripts/managers/case_manager.gd:114)
         [1] before_each (res://tests/unit/test_warrant_manager.gd:135)
         [2] _run_test (res://addons/gut/gut.gd:605)
         [3] _test_the_scripts (res://addons/gut/gut.gd:818)
WARNING: [CaseManager] Validation: EvidenceData: discovery_method is required for evidence 'ev_no_cat'
     at: push_warning (core/variant/variant_utility.cpp:1034)
     GDScript backtrace (most recent call first):
         [0] load_case (res://scripts/managers/case_manager.gd:114)
         [1] before_each (res://tests/unit/test_warrant_manager.gd:135)
         [2] _run_test (res://addons/gut/gut.gd:605)
         [3] _test_the_scripts (res://addons/gut/gut.gd:818)
* test_get_warrant_returns_data
WARNING: [CaseManager] Validation: EvidenceData: discovery_method is required for evidence 'ev_presence'
     at: push_warning (core/variant/variant_utility.cpp:1034)
     GDScript backtrace (most recent call first):
         [0] load_case (res://scripts/managers/case_manager.gd:114)
         [1] before_each (res://tests/unit/test_warrant_manager.gd:135)
         [2] _run_test (res://addons/gut/gut.gd:605)
         [3] _test_the_scripts (res://addons/gut/gut.gd:818)
WARNING: [CaseManager] Validation: EvidenceData: discovery_method is required for evidence 'ev_motive'
     at: push_warning (core/variant/variant_utility.cpp:1034)
     GDScript backtrace (most recent call first):
         [0] load_case (res://scripts/managers/case_manager.gd:114)
         [1] before_each (res://tests/unit/test_warrant_manager.gd:135)
         [2] _run_test (res://addons/gut/gut.gd:605)
         [3] _test_the_scripts (res://addons/gut/gut.gd:818)
WARNING: [CaseManager] Validation: EvidenceData: discovery_method is required for evidence 'ev_opportunity'
     at: push_warning (core/variant/variant_utility.cpp:1034)
     GDScript backtrace (most recent call first):
         [0] load_case (res://scripts/managers/case_manager.gd:114)
         [1] before_each (res://tests/unit/test_warrant_manager.gd:135)
         [2] _run_test (res://addons/gut/gut.gd:605)
         [3] _test_the_scripts (res://addons/gut/gut.gd:818)
WARNING: [CaseManager] Validation: EvidenceData: discovery_method is required for evidence 'ev_connection'
     at: push_warning (core/variant/variant_utility.cpp:1034)
     GDScript backtrace (most recent call first):
         [0] load_case (res://scripts/managers/case_manager.gd:114)
         [1] before_each (res://tests/unit/test_warrant_manager.gd:135)
         [2] _run_test (res://addons/gut/gut.gd:605)
         [3] _test_the_scripts (res://addons/gut/gut.gd:818)
WARNING: [CaseManager] Validation: EvidenceData: discovery_method is required for evidence 'ev_multi'
     at: push_warning (core/variant/variant_utility.cpp:1034)
     GDScript backtrace (most recent call first):
         [0] load_case (res://scripts/managers/case_manager.gd:114)
         [1] before_each (res://tests/unit/test_warrant_manager.gd:135)
         [2] _run_test (res://addons/gut/gut.gd:605)
         [3] _test_the_scripts (res://addons/gut/gut.gd:818)
WARNING: [CaseManager] Validation: EvidenceData: discovery_method is required for evidence 'ev_no_cat'
     at: push_warning (core/variant/variant_utility.cpp:1034)
     GDScript backtrace (most recent call first):
         [0] load_case (res://scripts/managers/case_manager.gd:114)
         [1] before_each (res://tests/unit/test_warrant_manager.gd:135)
         [2] _run_test (res://addons/gut/gut.gd:605)
         [3] _test_the_scripts (res://addons/gut/gut.gd:818)
* test_get_warrant_nonexistent_returns_empty
WARNING: [CaseManager] Validation: EvidenceData: discovery_method is required for evidence 'ev_presence'
     at: push_warning (core/variant/variant_utility.cpp:1034)
     GDScript backtrace (most recent call first):
         [0] load_case (res://scripts/managers/case_manager.gd:114)
         [1] before_each (res://tests/unit/test_warrant_manager.gd:135)
         [2] _run_test (res://addons/gut/gut.gd:605)
         [3] _test_the_scripts (res://addons/gut/gut.gd:818)
WARNING: [CaseManager] Validation: EvidenceData: discovery_method is required for evidence 'ev_motive'
     at: push_warning (core/variant/variant_utility.cpp:1034)
     GDScript backtrace (most recent call first):
         [0] load_case (res://scripts/managers/case_manager.gd:114)
         [1] before_each (res://tests/unit/test_warrant_manager.gd:135)
         [2] _run_test (res://addons/gut/gut.gd:605)
         [3] _test_the_scripts (res://addons/gut/gut.gd:818)
WARNING: [CaseManager] Validation: EvidenceData: discovery_method is required for evidence 'ev_opportunity'
     at: push_warning (core/variant/variant_utility.cpp:1034)
     GDScript backtrace (most recent call first):
         [0] load_case (res://scripts/managers/case_manager.gd:114)
         [1] before_each (res://tests/unit/test_warrant_manager.gd:135)
         [2] _run_test (res://addons/gut/gut.gd:605)
         [3] _test_the_scripts (res://addons/gut/gut.gd:818)
WARNING: [CaseManager] Validation: EvidenceData: discovery_method is required for evidence 'ev_connection'
     at: push_warning (core/variant/variant_utility.cpp:1034)
     GDScript backtrace (most recent call first):
         [0] load_case (res://scripts/managers/case_manager.gd:114)
         [1] before_each (res://tests/unit/test_warrant_manager.gd:135)
         [2] _run_test (res://addons/gut/gut.gd:605)
         [3] _test_the_scripts (res://addons/gut/gut.gd:818)
WARNING: [CaseManager] Validation: EvidenceData: discovery_method is required for evidence 'ev_multi'
     at: push_warning (core/variant/variant_utility.cpp:1034)
     GDScript backtrace (most recent call first):
         [0] load_case (res://scripts/managers/case_manager.gd:114)
         [1] before_each (res://tests/unit/test_warrant_manager.gd:135)
         [2] _run_test (res://addons/gut/gut.gd:605)
         [3] _test_the_scripts (res://addons/gut/gut.gd:818)
WARNING: [CaseManager] Validation: EvidenceData: discovery_method is required for evidence 'ev_no_cat'
     at: push_warning (core/variant/variant_utility.cpp:1034)
     GDScript backtrace (most recent call first):
         [0] load_case (res://scripts/managers/case_manager.gd:114)
         [1] before_each (res://tests/unit/test_warrant_manager.gd:135)
         [2] _run_test (res://addons/gut/gut.gd:605)
         [3] _test_the_scripts (res://addons/gut/gut.gd:818)
* test_get_approved_warrants
WARNING: [CaseManager] Validation: EvidenceData: discovery_method is required for evidence 'ev_presence'
     at: push_warning (core/variant/variant_utility.cpp:1034)
     GDScript backtrace (most recent call first):
         [0] load_case (res://scripts/managers/case_manager.gd:114)
         [1] before_each (res://tests/unit/test_warrant_manager.gd:135)
         [2] _run_test (res://addons/gut/gut.gd:605)
         [3] _test_the_scripts (res://addons/gut/gut.gd:818)
WARNING: [CaseManager] Validation: EvidenceData: discovery_method is required for evidence 'ev_motive'
     at: push_warning (core/variant/variant_utility.cpp:1034)
     GDScript backtrace (most recent call first):
         [0] load_case (res://scripts/managers/case_manager.gd:114)
         [1] before_each (res://tests/unit/test_warrant_manager.gd:135)
         [2] _run_test (res://addons/gut/gut.gd:605)
         [3] _test_the_scripts (res://addons/gut/gut.gd:818)
WARNING: [CaseManager] Validation: EvidenceData: discovery_method is required for evidence 'ev_opportunity'
     at: push_warning (core/variant/variant_utility.cpp:1034)
     GDScript backtrace (most recent call first):
         [0] load_case (res://scripts/managers/case_manager.gd:114)
         [1] before_each (res://tests/unit/test_warrant_manager.gd:135)
         [2] _run_test (res://addons/gut/gut.gd:605)
         [3] _test_the_scripts (res://addons/gut/gut.gd:818)
WARNING: [CaseManager] Validation: EvidenceData: discovery_method is required for evidence 'ev_connection'
     at: push_warning (core/variant/variant_utility.cpp:1034)
     GDScript backtrace (most recent call first):
         [0] load_case (res://scripts/managers/case_manager.gd:114)
         [1] before_each (res://tests/unit/test_warrant_manager.gd:135)
         [2] _run_test (res://addons/gut/gut.gd:605)
         [3] _test_the_scripts (res://addons/gut/gut.gd:818)
WARNING: [CaseManager] Validation: EvidenceData: discovery_method is required for evidence 'ev_multi'
     at: push_warning (core/variant/variant_utility.cpp:1034)
     GDScript backtrace (most recent call first):
         [0] load_case (res://scripts/managers/case_manager.gd:114)
         [1] before_each (res://tests/unit/test_warrant_manager.gd:135)
         [2] _run_test (res://addons/gut/gut.gd:605)
         [3] _test_the_scripts (res://addons/gut/gut.gd:818)
WARNING: [CaseManager] Validation: EvidenceData: discovery_method is required for evidence 'ev_no_cat'
     at: push_warning (core/variant/variant_utility.cpp:1034)
     GDScript backtrace (most recent call first):
         [0] load_case (res://scripts/managers/case_manager.gd:114)
         [1] before_each (res://tests/unit/test_warrant_manager.gd:135)
         [2] _run_test (res://addons/gut/gut.gd:605)
         [3] _test_the_scripts (res://addons/gut/gut.gd:818)
* test_get_denied_warrants
WARNING: [CaseManager] Validation: EvidenceData: discovery_method is required for evidence 'ev_presence'
     at: push_warning (core/variant/variant_utility.cpp:1034)
     GDScript backtrace (most recent call first):
         [0] load_case (res://scripts/managers/case_manager.gd:114)
         [1] before_each (res://tests/unit/test_warrant_manager.gd:135)
         [2] _run_test (res://addons/gut/gut.gd:605)
         [3] _test_the_scripts (res://addons/gut/gut.gd:818)
WARNING: [CaseManager] Validation: EvidenceData: discovery_method is required for evidence 'ev_motive'
     at: push_warning (core/variant/variant_utility.cpp:1034)
     GDScript backtrace (most recent call first):
         [0] load_case (res://scripts/managers/case_manager.gd:114)
         [1] before_each (res://tests/unit/test_warrant_manager.gd:135)
         [2] _run_test (res://addons/gut/gut.gd:605)
         [3] _test_the_scripts (res://addons/gut/gut.gd:818)
WARNING: [CaseManager] Validation: EvidenceData: discovery_method is required for evidence 'ev_opportunity'
     at: push_warning (core/variant/variant_utility.cpp:1034)
     GDScript backtrace (most recent call first):
         [0] load_case (res://scripts/managers/case_manager.gd:114)
         [1] before_each (res://tests/unit/test_warrant_manager.gd:135)
         [2] _run_test (res://addons/gut/gut.gd:605)
         [3] _test_the_scripts (res://addons/gut/gut.gd:818)
WARNING: [CaseManager] Validation: EvidenceData: discovery_method is required for evidence 'ev_connection'
     at: push_warning (core/variant/variant_utility.cpp:1034)
     GDScript backtrace (most recent call first):
         [0] load_case (res://scripts/managers/case_manager.gd:114)
         [1] before_each (res://tests/unit/test_warrant_manager.gd:135)
         [2] _run_test (res://addons/gut/gut.gd:605)
         [3] _test_the_scripts (res://addons/gut/gut.gd:818)
WARNING: [CaseManager] Validation: EvidenceData: discovery_method is required for evidence 'ev_multi'
     at: push_warning (core/variant/variant_utility.cpp:1034)
     GDScript backtrace (most recent call first):
         [0] load_case (res://scripts/managers/case_manager.gd:114)
         [1] before_each (res://tests/unit/test_warrant_manager.gd:135)
         [2] _run_test (res://addons/gut/gut.gd:605)
         [3] _test_the_scripts (res://addons/gut/gut.gd:818)
WARNING: [CaseManager] Validation: EvidenceData: discovery_method is required for evidence 'ev_no_cat'
     at: push_warning (core/variant/variant_utility.cpp:1034)
     GDScript backtrace (most recent call first):
         [0] load_case (res://scripts/managers/case_manager.gd:114)
         [1] before_each (res://tests/unit/test_warrant_manager.gd:135)
         [2] _run_test (res://addons/gut/gut.gd:605)
         [3] _test_the_scripts (res://addons/gut/gut.gd:818)
* test_get_warrant_count
WARNING: [CaseManager] Validation: EvidenceData: discovery_method is required for evidence 'ev_presence'
     at: push_warning (core/variant/variant_utility.cpp:1034)
     GDScript backtrace (most recent call first):
         [0] load_case (res://scripts/managers/case_manager.gd:114)
         [1] before_each (res://tests/unit/test_warrant_manager.gd:135)
         [2] _run_test (res://addons/gut/gut.gd:605)
         [3] _test_the_scripts (res://addons/gut/gut.gd:818)
WARNING: [CaseManager] Validation: EvidenceData: discovery_method is required for evidence 'ev_motive'
     at: push_warning (core/variant/variant_utility.cpp:1034)
     GDScript backtrace (most recent call first):
         [0] load_case (res://scripts/managers/case_manager.gd:114)
         [1] before_each (res://tests/unit/test_warrant_manager.gd:135)
         [2] _run_test (res://addons/gut/gut.gd:605)
         [3] _test_the_scripts (res://addons/gut/gut.gd:818)
WARNING: [CaseManager] Validation: EvidenceData: discovery_method is required for evidence 'ev_opportunity'
     at: push_warning (core/variant/variant_utility.cpp:1034)
     GDScript backtrace (most recent call first):
         [0] load_case (res://scripts/managers/case_manager.gd:114)
         [1] before_each (res://tests/unit/test_warrant_manager.gd:135)
         [2] _run_test (res://addons/gut/gut.gd:605)
         [3] _test_the_scripts (res://addons/gut/gut.gd:818)
WARNING: [CaseManager] Validation: EvidenceData: discovery_method is required for evidence 'ev_connection'
     at: push_warning (core/variant/variant_utility.cpp:1034)
     GDScript backtrace (most recent call first):
         [0] load_case (res://scripts/managers/case_manager.gd:114)
         [1] before_each (res://tests/unit/test_warrant_manager.gd:135)
         [2] _run_test (res://addons/gut/gut.gd:605)
         [3] _test_the_scripts (res://addons/gut/gut.gd:818)
WARNING: [CaseManager] Validation: EvidenceData: discovery_method is required for evidence 'ev_multi'
     at: push_warning (core/variant/variant_utility.cpp:1034)
     GDScript backtrace (most recent call first):
         [0] load_case (res://scripts/managers/case_manager.gd:114)
         [1] before_each (res://tests/unit/test_warrant_manager.gd:135)
         [2] _run_test (res://addons/gut/gut.gd:605)
         [3] _test_the_scripts (res://addons/gut/gut.gd:818)
WARNING: [CaseManager] Validation: EvidenceData: discovery_method is required for evidence 'ev_no_cat'
     at: push_warning (core/variant/variant_utility.cpp:1034)
     GDScript backtrace (most recent call first):
         [0] load_case (res://scripts/managers/case_manager.gd:114)
         [1] before_each (res://tests/unit/test_warrant_manager.gd:135)
         [2] _run_test (res://addons/gut/gut.gd:605)
         [3] _test_the_scripts (res://addons/gut/gut.gd:818)
* test_has_content_false_initially
WARNING: [CaseManager] Validation: EvidenceData: discovery_method is required for evidence 'ev_presence'
     at: push_warning (core/variant/variant_utility.cpp:1034)
     GDScript backtrace (most recent call first):
         [0] load_case (res://scripts/managers/case_manager.gd:114)
         [1] before_each (res://tests/unit/test_warrant_manager.gd:135)
         [2] _run_test (res://addons/gut/gut.gd:605)
         [3] _test_the_scripts (res://addons/gut/gut.gd:818)
WARNING: [CaseManager] Validation: EvidenceData: discovery_method is required for evidence 'ev_motive'
     at: push_warning (core/variant/variant_utility.cpp:1034)
     GDScript backtrace (most recent call first):
         [0] load_case (res://scripts/managers/case_manager.gd:114)
         [1] before_each (res://tests/unit/test_warrant_manager.gd:135)
         [2] _run_test (res://addons/gut/gut.gd:605)
         [3] _test_the_scripts (res://addons/gut/gut.gd:818)
WARNING: [CaseManager] Validation: EvidenceData: discovery_method is required for evidence 'ev_opportunity'
     at: push_warning (core/variant/variant_utility.cpp:1034)
     GDScript backtrace (most recent call first):
         [0] load_case (res://scripts/managers/case_manager.gd:114)
         [1] before_each (res://tests/unit/test_warrant_manager.gd:135)
         [2] _run_test (res://addons/gut/gut.gd:605)
         [3] _test_the_scripts (res://addons/gut/gut.gd:818)
WARNING: [CaseManager] Validation: EvidenceData: discovery_method is required for evidence 'ev_connection'
     at: push_warning (core/variant/variant_utility.cpp:1034)
     GDScript backtrace (most recent call first):
         [0] load_case (res://scripts/managers/case_manager.gd:114)
         [1] before_each (res://tests/unit/test_warrant_manager.gd:135)
         [2] _run_test (res://addons/gut/gut.gd:605)
         [3] _test_the_scripts (res://addons/gut/gut.gd:818)
WARNING: [CaseManager] Validation: EvidenceData: discovery_method is required for evidence 'ev_multi'
     at: push_warning (core/variant/variant_utility.cpp:1034)
     GDScript backtrace (most recent call first):
         [0] load_case (res://scripts/managers/case_manager.gd:114)
         [1] before_each (res://tests/unit/test_warrant_manager.gd:135)
         [2] _run_test (res://addons/gut/gut.gd:605)
         [3] _test_the_scripts (res://addons/gut/gut.gd:818)
WARNING: [CaseManager] Validation: EvidenceData: discovery_method is required for evidence 'ev_no_cat'
     at: push_warning (core/variant/variant_utility.cpp:1034)
     GDScript backtrace (most recent call first):
         [0] load_case (res://scripts/managers/case_manager.gd:114)
         [1] before_each (res://tests/unit/test_warrant_manager.gd:135)
         [2] _run_test (res://addons/gut/gut.gd:605)
         [3] _test_the_scripts (res://addons/gut/gut.gd:818)
* test_has_content_true_after_warrant
WARNING: [CaseManager] Validation: EvidenceData: discovery_method is required for evidence 'ev_presence'
     at: push_warning (core/variant/variant_utility.cpp:1034)
     GDScript backtrace (most recent call first):
         [0] load_case (res://scripts/managers/case_manager.gd:114)
         [1] before_each (res://tests/unit/test_warrant_manager.gd:135)
         [2] _run_test (res://addons/gut/gut.gd:605)
         [3] _test_the_scripts (res://addons/gut/gut.gd:818)
WARNING: [CaseManager] Validation: EvidenceData: discovery_method is required for evidence 'ev_motive'
     at: push_warning (core/variant/variant_utility.cpp:1034)
     GDScript backtrace (most recent call first):
         [0] load_case (res://scripts/managers/case_manager.gd:114)
         [1] before_each (res://tests/unit/test_warrant_manager.gd:135)
         [2] _run_test (res://addons/gut/gut.gd:605)
         [3] _test_the_scripts (res://addons/gut/gut.gd:818)
WARNING: [CaseManager] Validation: EvidenceData: discovery_method is required for evidence 'ev_opportunity'
     at: push_warning (core/variant/variant_utility.cpp:1034)
     GDScript backtrace (most recent call first):
         [0] load_case (res://scripts/managers/case_manager.gd:114)
         [1] before_each (res://tests/unit/test_warrant_manager.gd:135)
         [2] _run_test (res://addons/gut/gut.gd:605)
         [3] _test_the_scripts (res://addons/gut/gut.gd:818)
WARNING: [CaseManager] Validation: EvidenceData: discovery_method is required for evidence 'ev_connection'
     at: push_warning (core/variant/variant_utility.cpp:1034)
     GDScript backtrace (most recent call first):
         [0] load_case (res://scripts/managers/case_manager.gd:114)
         [1] before_each (res://tests/unit/test_warrant_manager.gd:135)
         [2] _run_test (res://addons/gut/gut.gd:605)
         [3] _test_the_scripts (res://addons/gut/gut.gd:818)
WARNING: [CaseManager] Validation: EvidenceData: discovery_method is required for evidence 'ev_multi'
     at: push_warning (core/variant/variant_utility.cpp:1034)
     GDScript backtrace (most recent call first):
         [0] load_case (res://scripts/managers/case_manager.gd:114)
         [1] before_each (res://tests/unit/test_warrant_manager.gd:135)
         [2] _run_test (res://addons/gut/gut.gd:605)
         [3] _test_the_scripts (res://addons/gut/gut.gd:818)
WARNING: [CaseManager] Validation: EvidenceData: discovery_method is required for evidence 'ev_no_cat'
     at: push_warning (core/variant/variant_utility.cpp:1034)
     GDScript backtrace (most recent call first):
         [0] load_case (res://scripts/managers/case_manager.gd:114)
         [1] before_each (res://tests/unit/test_warrant_manager.gd:135)
         [2] _run_test (res://addons/gut/gut.gd:605)
         [3] _test_the_scripts (res://addons/gut/gut.gd:818)
* test_has_content_true_after_arrest
WARNING: [CaseManager] Validation: EvidenceData: discovery_method is required for evidence 'ev_presence'
     at: push_warning (core/variant/variant_utility.cpp:1034)
     GDScript backtrace (most recent call first):
         [0] load_case (res://scripts/managers/case_manager.gd:114)
         [1] before_each (res://tests/unit/test_warrant_manager.gd:135)
         [2] _run_test (res://addons/gut/gut.gd:605)
         [3] _test_the_scripts (res://addons/gut/gut.gd:818)
WARNING: [CaseManager] Validation: EvidenceData: discovery_method is required for evidence 'ev_motive'
     at: push_warning (core/variant/variant_utility.cpp:1034)
     GDScript backtrace (most recent call first):
         [0] load_case (res://scripts/managers/case_manager.gd:114)
         [1] before_each (res://tests/unit/test_warrant_manager.gd:135)
         [2] _run_test (res://addons/gut/gut.gd:605)
         [3] _test_the_scripts (res://addons/gut/gut.gd:818)
WARNING: [CaseManager] Validation: EvidenceData: discovery_method is required for evidence 'ev_opportunity'
     at: push_warning (core/variant/variant_utility.cpp:1034)
     GDScript backtrace (most recent call first):
         [0] load_case (res://scripts/managers/case_manager.gd:114)
         [1] before_each (res://tests/unit/test_warrant_manager.gd:135)
         [2] _run_test (res://addons/gut/gut.gd:605)
         [3] _test_the_scripts (res://addons/gut/gut.gd:818)
WARNING: [CaseManager] Validation: EvidenceData: discovery_method is required for evidence 'ev_connection'
     at: push_warning (core/variant/variant_utility.cpp:1034)
     GDScript backtrace (most recent call first):
         [0] load_case (res://scripts/managers/case_manager.gd:114)
         [1] before_each (res://tests/unit/test_warrant_manager.gd:135)
         [2] _run_test (res://addons/gut/gut.gd:605)
         [3] _test_the_scripts (res://addons/gut/gut.gd:818)
WARNING: [CaseManager] Validation: EvidenceData: discovery_method is required for evidence 'ev_multi'
     at: push_warning (core/variant/variant_utility.cpp:1034)
     GDScript backtrace (most recent call first):
         [0] load_case (res://scripts/managers/case_manager.gd:114)
         [1] before_each (res://tests/unit/test_warrant_manager.gd:135)
         [2] _run_test (res://addons/gut/gut.gd:605)
         [3] _test_the_scripts (res://addons/gut/gut.gd:818)
WARNING: [CaseManager] Validation: EvidenceData: discovery_method is required for evidence 'ev_no_cat'
     at: push_warning (core/variant/variant_utility.cpp:1034)
     GDScript backtrace (most recent call first):
         [0] load_case (res://scripts/managers/case_manager.gd:114)
         [1] before_each (res://tests/unit/test_warrant_manager.gd:135)
         [2] _run_test (res://addons/gut/gut.gd:605)
         [3] _test_the_scripts (res://addons/gut/gut.gd:818)
* test_serialize_deserialize_round_trip
WARNING: [CaseManager] Validation: EvidenceData: discovery_method is required for evidence 'ev_presence'
     at: push_warning (core/variant/variant_utility.cpp:1034)
     GDScript backtrace (most recent call first):
         [0] load_case (res://scripts/managers/case_manager.gd:114)
         [1] before_each (res://tests/unit/test_warrant_manager.gd:135)
         [2] _run_test (res://addons/gut/gut.gd:605)
         [3] _test_the_scripts (res://addons/gut/gut.gd:818)
WARNING: [CaseManager] Validation: EvidenceData: discovery_method is required for evidence 'ev_motive'
     at: push_warning (core/variant/variant_utility.cpp:1034)
     GDScript backtrace (most recent call first):
         [0] load_case (res://scripts/managers/case_manager.gd:114)
         [1] before_each (res://tests/unit/test_warrant_manager.gd:135)
         [2] _run_test (res://addons/gut/gut.gd:605)
         [3] _test_the_scripts (res://addons/gut/gut.gd:818)
WARNING: [CaseManager] Validation: EvidenceData: discovery_method is required for evidence 'ev_opportunity'
     at: push_warning (core/variant/variant_utility.cpp:1034)
     GDScript backtrace (most recent call first):
         [0] load_case (res://scripts/managers/case_manager.gd:114)
         [1] before_each (res://tests/unit/test_warrant_manager.gd:135)
         [2] _run_test (res://addons/gut/gut.gd:605)
         [3] _test_the_scripts (res://addons/gut/gut.gd:818)
WARNING: [CaseManager] Validation: EvidenceData: discovery_method is required for evidence 'ev_connection'
     at: push_warning (core/variant/variant_utility.cpp:1034)
     GDScript backtrace (most recent call first):
         [0] load_case (res://scripts/managers/case_manager.gd:114)
         [1] before_each (res://tests/unit/test_warrant_manager.gd:135)
         [2] _run_test (res://addons/gut/gut.gd:605)
         [3] _test_the_scripts (res://addons/gut/gut.gd:818)
WARNING: [CaseManager] Validation: EvidenceData: discovery_method is required for evidence 'ev_multi'
     at: push_warning (core/variant/variant_utility.cpp:1034)
     GDScript backtrace (most recent call first):
         [0] load_case (res://scripts/managers/case_manager.gd:114)
         [1] before_each (res://tests/unit/test_warrant_manager.gd:135)
         [2] _run_test (res://addons/gut/gut.gd:605)
         [3] _test_the_scripts (res://addons/gut/gut.gd:818)
WARNING: [CaseManager] Validation: EvidenceData: discovery_method is required for evidence 'ev_no_cat'
     at: push_warning (core/variant/variant_utility.cpp:1034)
     GDScript backtrace (most recent call first):
         [0] load_case (res://scripts/managers/case_manager.gd:114)
         [1] before_each (res://tests/unit/test_warrant_manager.gd:135)
         [2] _run_test (res://addons/gut/gut.gd:605)
         [3] _test_the_scripts (res://addons/gut/gut.gd:818)
* test_serialize_preserves_arrests
WARNING: [CaseManager] Validation: EvidenceData: discovery_method is required for evidence 'ev_presence'
     at: push_warning (core/variant/variant_utility.cpp:1034)
     GDScript backtrace (most recent call first):
         [0] load_case (res://scripts/managers/case_manager.gd:114)
         [1] before_each (res://tests/unit/test_warrant_manager.gd:135)
         [2] _run_test (res://addons/gut/gut.gd:605)
         [3] _test_the_scripts (res://addons/gut/gut.gd:818)
WARNING: [CaseManager] Validation: EvidenceData: discovery_method is required for evidence 'ev_motive'
     at: push_warning (core/variant/variant_utility.cpp:1034)
     GDScript backtrace (most recent call first):
         [0] load_case (res://scripts/managers/case_manager.gd:114)
         [1] before_each (res://tests/unit/test_warrant_manager.gd:135)
         [2] _run_test (res://addons/gut/gut.gd:605)
         [3] _test_the_scripts (res://addons/gut/gut.gd:818)
WARNING: [CaseManager] Validation: EvidenceData: discovery_method is required for evidence 'ev_opportunity'
     at: push_warning (core/variant/variant_utility.cpp:1034)
     GDScript backtrace (most recent call first):
         [0] load_case (res://scripts/managers/case_manager.gd:114)
         [1] before_each (res://tests/unit/test_warrant_manager.gd:135)
         [2] _run_test (res://addons/gut/gut.gd:605)
         [3] _test_the_scripts (res://addons/gut/gut.gd:818)
WARNING: [CaseManager] Validation: EvidenceData: discovery_method is required for evidence 'ev_connection'
     at: push_warning (core/variant/variant_utility.cpp:1034)
     GDScript backtrace (most recent call first):
         [0] load_case (res://scripts/managers/case_manager.gd:114)
         [1] before_each (res://tests/unit/test_warrant_manager.gd:135)
         [2] _run_test (res://addons/gut/gut.gd:605)
         [3] _test_the_scripts (res://addons/gut/gut.gd:818)
WARNING: [CaseManager] Validation: EvidenceData: discovery_method is required for evidence 'ev_multi'
     at: push_warning (core/variant/variant_utility.cpp:1034)
     GDScript backtrace (most recent call first):
         [0] load_case (res://scripts/managers/case_manager.gd:114)
         [1] before_each (res://tests/unit/test_warrant_manager.gd:135)
         [2] _run_test (res://addons/gut/gut.gd:605)
         [3] _test_the_scripts (res://addons/gut/gut.gd:818)
WARNING: [CaseManager] Validation: EvidenceData: discovery_method is required for evidence 'ev_no_cat'
     at: push_warning (core/variant/variant_utility.cpp:1034)
     GDScript backtrace (most recent call first):
         [0] load_case (res://scripts/managers/case_manager.gd:114)
         [1] before_each (res://tests/unit/test_warrant_manager.gd:135)
         [2] _run_test (res://addons/gut/gut.gd:605)
         [3] _test_the_scripts (res://addons/gut/gut.gd:818)
* test_serialize_preserves_denied
WARNING: [CaseManager] Validation: EvidenceData: discovery_method is required for evidence 'ev_presence'
     at: push_warning (core/variant/variant_utility.cpp:1034)
     GDScript backtrace (most recent call first):
         [0] load_case (res://scripts/managers/case_manager.gd:114)
         [1] before_each (res://tests/unit/test_warrant_manager.gd:135)
         [2] _run_test (res://addons/gut/gut.gd:605)
         [3] _test_the_scripts (res://addons/gut/gut.gd:818)
WARNING: [CaseManager] Validation: EvidenceData: discovery_method is required for evidence 'ev_motive'
     at: push_warning (core/variant/variant_utility.cpp:1034)
     GDScript backtrace (most recent call first):
         [0] load_case (res://scripts/managers/case_manager.gd:114)
         [1] before_each (res://tests/unit/test_warrant_manager.gd:135)
         [2] _run_test (res://addons/gut/gut.gd:605)
         [3] _test_the_scripts (res://addons/gut/gut.gd:818)
WARNING: [CaseManager] Validation: EvidenceData: discovery_method is required for evidence 'ev_opportunity'
     at: push_warning (core/variant/variant_utility.cpp:1034)
     GDScript backtrace (most recent call first):
         [0] load_case (res://scripts/managers/case_manager.gd:114)
         [1] before_each (res://tests/unit/test_warrant_manager.gd:135)
         [2] _run_test (res://addons/gut/gut.gd:605)
         [3] _test_the_scripts (res://addons/gut/gut.gd:818)
WARNING: [CaseManager] Validation: EvidenceData: discovery_method is required for evidence 'ev_connection'
     at: push_warning (core/variant/variant_utility.cpp:1034)
     GDScript backtrace (most recent call first):
         [0] load_case (res://scripts/managers/case_manager.gd:114)
         [1] before_each (res://tests/unit/test_warrant_manager.gd:135)
         [2] _run_test (res://addons/gut/gut.gd:605)
         [3] _test_the_scripts (res://addons/gut/gut.gd:818)
WARNING: [CaseManager] Validation: EvidenceData: discovery_method is required for evidence 'ev_multi'
     at: push_warning (core/variant/variant_utility.cpp:1034)
     GDScript backtrace (most recent call first):
         [0] load_case (res://scripts/managers/case_manager.gd:114)
         [1] before_each (res://tests/unit/test_warrant_manager.gd:135)
         [2] _run_test (res://addons/gut/gut.gd:605)
         [3] _test_the_scripts (res://addons/gut/gut.gd:818)
WARNING: [CaseManager] Validation: EvidenceData: discovery_method is required for evidence 'ev_no_cat'
     at: push_warning (core/variant/variant_utility.cpp:1034)
     GDScript backtrace (most recent call first):
         [0] load_case (res://scripts/managers/case_manager.gd:114)
         [1] before_each (res://tests/unit/test_warrant_manager.gd:135)
         [2] _run_test (res://addons/gut/gut.gd:605)
         [3] _test_the_scripts (res://addons/gut/gut.gd:818)
* test_reset_clears_all_state
WARNING: [CaseManager] Validation: EvidenceData: discovery_method is required for evidence 'ev_presence'
     at: push_warning (core/variant/variant_utility.cpp:1034)
     GDScript backtrace (most recent call first):
         [0] load_case (res://scripts/managers/case_manager.gd:114)
         [1] before_each (res://tests/unit/test_warrant_manager.gd:135)
         [2] _run_test (res://addons/gut/gut.gd:605)
         [3] _test_the_scripts (res://addons/gut/gut.gd:818)
WARNING: [CaseManager] Validation: EvidenceData: discovery_method is required for evidence 'ev_motive'
     at: push_warning (core/variant/variant_utility.cpp:1034)
     GDScript backtrace (most recent call first):
         [0] load_case (res://scripts/managers/case_manager.gd:114)
         [1] before_each (res://tests/unit/test_warrant_manager.gd:135)
         [2] _run_test (res://addons/gut/gut.gd:605)
         [3] _test_the_scripts (res://addons/gut/gut.gd:818)
WARNING: [CaseManager] Validation: EvidenceData: discovery_method is required for evidence 'ev_opportunity'
     at: push_warning (core/variant/variant_utility.cpp:1034)
     GDScript backtrace (most recent call first):
         [0] load_case (res://scripts/managers/case_manager.gd:114)
         [1] before_each (res://tests/unit/test_warrant_manager.gd:135)
         [2] _run_test (res://addons/gut/gut.gd:605)
         [3] _test_the_scripts (res://addons/gut/gut.gd:818)
WARNING: [CaseManager] Validation: EvidenceData: discovery_method is required for evidence 'ev_connection'
     at: push_warning (core/variant/variant_utility.cpp:1034)
     GDScript backtrace (most recent call first):
         [0] load_case (res://scripts/managers/case_manager.gd:114)
         [1] before_each (res://tests/unit/test_warrant_manager.gd:135)
         [2] _run_test (res://addons/gut/gut.gd:605)
         [3] _test_the_scripts (res://addons/gut/gut.gd:818)
WARNING: [CaseManager] Validation: EvidenceData: discovery_method is required for evidence 'ev_multi'
     at: push_warning (core/variant/variant_utility.cpp:1034)
     GDScript backtrace (most recent call first):
         [0] load_case (res://scripts/managers/case_manager.gd:114)
         [1] before_each (res://tests/unit/test_warrant_manager.gd:135)
         [2] _run_test (res://addons/gut/gut.gd:605)
         [3] _test_the_scripts (res://addons/gut/gut.gd:818)
WARNING: [CaseManager] Validation: EvidenceData: discovery_method is required for evidence 'ev_no_cat'
     at: push_warning (core/variant/variant_utility.cpp:1034)
     GDScript backtrace (most recent call first):
         [0] load_case (res://scripts/managers/case_manager.gd:114)
         [1] before_each (res://tests/unit/test_warrant_manager.gd:135)
         [2] _run_test (res://addons/gut/gut.gd:605)
         [3] _test_the_scripts (res://addons/gut/gut.gd:818)
[1m45/45 passed.
[0m[4m

res://tests/integration/test_autoloads_accessible.gd
[0m* test_game_manager_accessible
* test_case_manager_accessible
* test_save_manager_accessible
* test_notification_manager_accessible
* test_enums_accessible
* test_event_system_accessible
* test_dialogue_system_accessible
* test_tool_manager_accessible
* test_location_investigation_manager_accessible
[1m9/9 passed.
[0m[4m

res://tests/integration/test_board_integration.gd
[0m* test_send_evidence_to_board_creates_node
* test_send_person_to_board
* test_send_event_to_board
* test_full_pipeline_discover_send_connect_save_load
* test_board_state_survives_game_manager_round_trip
[1m5/5 passed.
[0m[4m

res://tests/integration/test_day_cycle_integration.gd
[0m* test_morning_daytime_night_cycle
* test_day_2_morning_briefing_includes_trigger
* test_conditional_trigger_fires_when_evidence_discovered
* test_conditional_trigger_does_not_fire_without_evidence
* test_trigger_fires_only_once
* test_lab_request_completes_on_correct_day
* test_surveillance_active_across_days
* test_mandatory_blocks_day_advance
* test_mandatory_allows_after_completion
* test_full_investigation_four_days
* test_passive_actions_during_daytime
* test_action_system_daily_reset_via_day_advance
* test_investigation_log_records_day_transitions
[1m13/13 passed.
[0m[4m

res://tests/integration/test_event_notification_integration.gd
[0m* test_unlock_evidence_creates_notification
* test_notify_action_creates_story_notification
* test_add_mandatory_action_updates_gamemanager
* test_manual_trigger_fire_creates_history
* test_morning_briefing_to_dialogue
* test_day_morning_process_creates_notifications_for_lab
* test_evidence_discovery_fires_conditional_trigger
* test_full_state_serialization
* test_multiple_actions_create_multiple_notifications
* test_dialogue_chain_completes_sequentially
* test_timed_trigger_pending_actions_delivered_at_morning
[1m11/11 passed.
[0m[4m

res://tests/integration/test_evidence_system_integration.gd
[0m* test_evidence_discovered_appears_in_manager
WARNING: [CaseManager] Validation: EvidenceData: discovery_method is required for evidence 'ev_cctv'
     at: push_warning (core/variant/variant_utility.cpp:1034)
     GDScript backtrace (most recent call first):
         [0] load_case (res://scripts/managers/case_manager.gd:114)
         [1] before_each (res://tests/integration/test_evidence_system_integration.gd:154)
         [2] _run_test (res://addons/gut/gut.gd:605)
         [3] _test_the_scripts (res://addons/gut/gut.gd:818)
WARNING: [CaseManager] Validation: EvidenceData: discovery_method is required for evidence 'ev_diary'
     at: push_warning (core/variant/variant_utility.cpp:1034)
     GDScript backtrace (most recent call first):
         [0] load_case (res://scripts/managers/case_manager.gd:114)
         [1] before_each (res://tests/integration/test_evidence_system_integration.gd:154)
         [2] _run_test (res://addons/gut/gut.gd:605)
         [3] _test_the_scripts (res://addons/gut/gut.gd:818)
* test_multiple_evidence_discovery_and_filter
WARNING: [CaseManager] Validation: EvidenceData: discovery_method is required for evidence 'ev_cctv'
     at: push_warning (core/variant/variant_utility.cpp:1034)
     GDScript backtrace (most recent call first):
         [0] load_case (res://scripts/managers/case_manager.gd:114)
         [1] before_each (res://tests/integration/test_evidence_system_integration.gd:154)
         [2] _run_test (res://addons/gut/gut.gd:605)
         [3] _test_the_scripts (res://addons/gut/gut.gd:818)
WARNING: [CaseManager] Validation: EvidenceData: discovery_method is required for evidence 'ev_diary'
     at: push_warning (core/variant/variant_utility.cpp:1034)
     GDScript backtrace (most recent call first):
         [0] load_case (res://scripts/managers/case_manager.gd:114)
         [1] before_each (res://tests/integration/test_evidence_system_integration.gd:154)
         [2] _run_test (res://addons/gut/gut.gd:605)
         [3] _test_the_scripts (res://addons/gut/gut.gd:818)
* test_search_across_discovered_evidence
WARNING: [CaseManager] Validation: EvidenceData: discovery_method is required for evidence 'ev_cctv'
     at: push_warning (core/variant/variant_utility.cpp:1034)
     GDScript backtrace (most recent call first):
         [0] load_case (res://scripts/managers/case_manager.gd:114)
         [1] before_each (res://tests/integration/test_evidence_system_integration.gd:154)
         [2] _run_test (res://addons/gut/gut.gd:605)
         [3] _test_the_scripts (res://addons/gut/gut.gd:818)
WARNING: [CaseManager] Validation: EvidenceData: discovery_method is required for evidence 'ev_diary'
     at: push_warning (core/variant/variant_utility.cpp:1034)
     GDScript backtrace (most recent call first):
         [0] load_case (res://scripts/managers/case_manager.gd:114)
         [1] before_each (res://tests/integration/test_evidence_system_integration.gd:154)
         [2] _run_test (res://addons/gut/gut.gd:605)
         [3] _test_the_scripts (res://addons/gut/gut.gd:818)
* test_contradiction_detected_after_evidence_discovery
WARNING: [CaseManager] Validation: EvidenceData: discovery_method is required for evidence 'ev_cctv'
     at: push_warning (core/variant/variant_utility.cpp:1034)
     GDScript backtrace (most recent call first):
         [0] load_case (res://scripts/managers/case_manager.gd:114)
         [1] before_each (res://tests/integration/test_evidence_system_integration.gd:154)
         [2] _run_test (res://addons/gut/gut.gd:605)
         [3] _test_the_scripts (res://addons/gut/gut.gd:818)
WARNING: [CaseManager] Validation: EvidenceData: discovery_method is required for evidence 'ev_diary'
     at: push_warning (core/variant/variant_utility.cpp:1034)
     GDScript backtrace (most recent call first):
         [0] load_case (res://scripts/managers/case_manager.gd:114)
         [1] before_each (res://tests/integration/test_evidence_system_integration.gd:154)
         [2] _run_test (res://addons/gut/gut.gd:605)
         [3] _test_the_scripts (res://addons/gut/gut.gd:818)
* test_multiple_contradictions_across_statements
WARNING: [CaseManager] Validation: EvidenceData: discovery_method is required for evidence 'ev_cctv'
     at: push_warning (core/variant/variant_utility.cpp:1034)
     GDScript backtrace (most recent call first):
         [0] load_case (res://scripts/managers/case_manager.gd:114)
         [1] before_each (res://tests/integration/test_evidence_system_integration.gd:154)
         [2] _run_test (res://addons/gut/gut.gd:605)
         [3] _test_the_scripts (res://addons/gut/gut.gd:818)
WARNING: [CaseManager] Validation: EvidenceData: discovery_method is required for evidence 'ev_diary'
     at: push_warning (core/variant/variant_utility.cpp:1034)
     GDScript backtrace (most recent call first):
         [0] load_case (res://scripts/managers/case_manager.gd:114)
         [1] before_each (res://tests/integration/test_evidence_system_integration.gd:154)
         [2] _run_test (res://addons/gut/gut.gd:605)
         [3] _test_the_scripts (res://addons/gut/gut.gd:818)
* test_future_statement_contradiction_still_detected
WARNING: [CaseManager] Validation: EvidenceData: discovery_method is required for evidence 'ev_cctv'
     at: push_warning (core/variant/variant_utility.cpp:1034)
     GDScript backtrace (most recent call first):
         [0] load_case (res://scripts/managers/case_manager.gd:114)
         [1] before_each (res://tests/integration/test_evidence_system_integration.gd:154)
         [2] _run_test (res://addons/gut/gut.gd:605)
         [3] _test_the_scripts (res://addons/gut/gut.gd:818)
WARNING: [CaseManager] Validation: EvidenceData: discovery_method is required for evidence 'ev_diary'
     at: push_warning (core/variant/variant_utility.cpp:1034)
     GDScript backtrace (most recent call first):
         [0] load_case (res://scripts/managers/case_manager.gd:114)
         [1] before_each (res://tests/integration/test_evidence_system_integration.gd:154)
         [2] _run_test (res://addons/gut/gut.gd:605)
         [3] _test_the_scripts (res://addons/gut/gut.gd:818)
* test_comparison_generates_insight_in_game_state
WARNING: [CaseManager] Validation: EvidenceData: discovery_method is required for evidence 'ev_cctv'
     at: push_warning (core/variant/variant_utility.cpp:1034)
     GDScript backtrace (most recent call first):
         [0] load_case (res://scripts/managers/case_manager.gd:114)
         [1] before_each (res://tests/integration/test_evidence_system_integration.gd:154)
         [2] _run_test (res://addons/gut/gut.gd:605)
         [3] _test_the_scripts (res://addons/gut/gut.gd:818)
WARNING: [CaseManager] Validation: EvidenceData: discovery_method is required for evidence 'ev_diary'
     at: push_warning (core/variant/variant_utility.cpp:1034)
     GDScript backtrace (most recent call first):
         [0] load_case (res://scripts/managers/case_manager.gd:114)
         [1] before_each (res://tests/integration/test_evidence_system_integration.gd:154)
         [2] _run_test (res://addons/gut/gut.gd:605)
         [3] _test_the_scripts (res://addons/gut/gut.gd:818)
* test_comparison_reverse_order_works
WARNING: [CaseManager] Validation: EvidenceData: discovery_method is required for evidence 'ev_cctv'
     at: push_warning (core/variant/variant_utility.cpp:1034)
     GDScript backtrace (most recent call first):
         [0] load_case (res://scripts/managers/case_manager.gd:114)
         [1] before_each (res://tests/integration/test_evidence_system_integration.gd:154)
         [2] _run_test (res://addons/gut/gut.gd:605)
         [3] _test_the_scripts (res://addons/gut/gut.gd:818)
WARNING: [CaseManager] Validation: EvidenceData: discovery_method is required for evidence 'ev_diary'
     at: push_warning (core/variant/variant_utility.cpp:1034)
     GDScript backtrace (most recent call first):
         [0] load_case (res://scripts/managers/case_manager.gd:114)
         [1] before_each (res://tests/integration/test_evidence_system_integration.gd:154)
         [2] _run_test (res://addons/gut/gut.gd:605)
         [3] _test_the_scripts (res://addons/gut/gut.gd:818)
* test_comparison_idempotent
WARNING: [CaseManager] Validation: EvidenceData: discovery_method is required for evidence 'ev_cctv'
     at: push_warning (core/variant/variant_utility.cpp:1034)
     GDScript backtrace (most recent call first):
         [0] load_case (res://scripts/managers/case_manager.gd:114)
         [1] before_each (res://tests/integration/test_evidence_system_integration.gd:154)
         [2] _run_test (res://addons/gut/gut.gd:605)
         [3] _test_the_scripts (res://addons/gut/gut.gd:818)
WARNING: [CaseManager] Validation: EvidenceData: discovery_method is required for evidence 'ev_diary'
     at: push_warning (core/variant/variant_utility.cpp:1034)
     GDScript backtrace (most recent call first):
         [0] load_case (res://scripts/managers/case_manager.gd:114)
         [1] before_each (res://tests/integration/test_evidence_system_integration.gd:154)
         [2] _run_test (res://addons/gut/gut.gd:605)
         [3] _test_the_scripts (res://addons/gut/gut.gd:818)
* test_pin_persists_through_operations
WARNING: [CaseManager] Validation: EvidenceData: discovery_method is required for evidence 'ev_cctv'
     at: push_warning (core/variant/variant_utility.cpp:1034)
     GDScript backtrace (most recent call first):
         [0] load_case (res://scripts/managers/case_manager.gd:114)
         [1] before_each (res://tests/integration/test_evidence_system_integration.gd:154)
         [2] _run_test (res://addons/gut/gut.gd:605)
         [3] _test_the_scripts (res://addons/gut/gut.gd:818)
WARNING: [CaseManager] Validation: EvidenceData: discovery_method is required for evidence 'ev_diary'
     at: push_warning (core/variant/variant_utility.cpp:1034)
     GDScript backtrace (most recent call first):
         [0] load_case (res://scripts/managers/case_manager.gd:114)
         [1] before_each (res://tests/integration/test_evidence_system_integration.gd:154)
         [2] _run_test (res://addons/gut/gut.gd:605)
         [3] _test_the_scripts (res://addons/gut/gut.gd:818)
* test_pin_survives_serialize_deserialize
WARNING: [CaseManager] Validation: EvidenceData: discovery_method is required for evidence 'ev_cctv'
     at: push_warning (core/variant/variant_utility.cpp:1034)
     GDScript backtrace (most recent call first):
         [0] load_case (res://scripts/managers/case_manager.gd:114)
         [1] before_each (res://tests/integration/test_evidence_system_integration.gd:154)
         [2] _run_test (res://addons/gut/gut.gd:605)
         [3] _test_the_scripts (res://addons/gut/gut.gd:818)
WARNING: [CaseManager] Validation: EvidenceData: discovery_method is required for evidence 'ev_diary'
     at: push_warning (core/variant/variant_utility.cpp:1034)
     GDScript backtrace (most recent call first):
         [0] load_case (res://scripts/managers/case_manager.gd:114)
         [1] before_each (res://tests/integration/test_evidence_system_integration.gd:154)
         [2] _run_test (res://addons/gut/gut.gd:605)
         [3] _test_the_scripts (res://addons/gut/gut.gd:818)
* test_hint_creates_notification
WARNING: [CaseManager] Validation: EvidenceData: discovery_method is required for evidence 'ev_cctv'
     at: push_warning (core/variant/variant_utility.cpp:1034)
     GDScript backtrace (most recent call first):
         [0] load_case (res://scripts/managers/case_manager.gd:114)
         [1] before_each (res://tests/integration/test_evidence_system_integration.gd:154)
         [2] _run_test (res://addons/gut/gut.gd:605)
         [3] _test_the_scripts (res://addons/gut/gut.gd:818)
WARNING: [CaseManager] Validation: EvidenceData: discovery_method is required for evidence 'ev_diary'
     at: push_warning (core/variant/variant_utility.cpp:1034)
     GDScript backtrace (most recent call first):
         [0] load_case (res://scripts/managers/case_manager.gd:114)
         [1] before_each (res://tests/integration/test_evidence_system_integration.gd:154)
         [2] _run_test (res://addons/gut/gut.gd:605)
         [3] _test_the_scripts (res://addons/gut/gut.gd:818)
* test_hint_budget_integrates_with_game_manager
WARNING: [CaseManager] Validation: EvidenceData: discovery_method is required for evidence 'ev_cctv'
     at: push_warning (core/variant/variant_utility.cpp:1034)
     GDScript backtrace (most recent call first):
         [0] load_case (res://scripts/managers/case_manager.gd:114)
         [1] before_each (res://tests/integration/test_evidence_system_integration.gd:154)
         [2] _run_test (res://addons/gut/gut.gd:605)
         [3] _test_the_scripts (res://addons/gut/gut.gd:818)
WARNING: [CaseManager] Validation: EvidenceData: discovery_method is required for evidence 'ev_diary'
     at: push_warning (core/variant/variant_utility.cpp:1034)
     GDScript backtrace (most recent call first):
         [0] load_case (res://scripts/managers/case_manager.gd:114)
         [1] before_each (res://tests/integration/test_evidence_system_integration.gd:154)
         [2] _run_test (res://addons/gut/gut.gd:605)
         [3] _test_the_scripts (res://addons/gut/gut.gd:818)
* test_full_evidence_workflow
WARNING: [CaseManager] Validation: EvidenceData: discovery_method is required for evidence 'ev_cctv'
     at: push_warning (core/variant/variant_utility.cpp:1034)
     GDScript backtrace (most recent call first):
         [0] load_case (res://scripts/managers/case_manager.gd:114)
         [1] before_each (res://tests/integration/test_evidence_system_integration.gd:154)
         [2] _run_test (res://addons/gut/gut.gd:605)
         [3] _test_the_scripts (res://addons/gut/gut.gd:818)
WARNING: [CaseManager] Validation: EvidenceData: discovery_method is required for evidence 'ev_diary'
     at: push_warning (core/variant/variant_utility.cpp:1034)
     GDScript backtrace (most recent call first):
         [0] load_case (res://scripts/managers/case_manager.gd:114)
         [1] before_each (res://tests/integration/test_evidence_system_integration.gd:154)
         [2] _run_test (res://addons/gut/gut.gd:605)
         [3] _test_the_scripts (res://addons/gut/gut.gd:818)
* test_screen_manager_navigation_data_set_on_navigate
WARNING: [CaseManager] Validation: EvidenceData: discovery_method is required for evidence 'ev_cctv'
     at: push_warning (core/variant/variant_utility.cpp:1034)
     GDScript backtrace (most recent call first):
         [0] load_case (res://scripts/managers/case_manager.gd:114)
         [1] before_each (res://tests/integration/test_evidence_system_integration.gd:154)
         [2] _run_test (res://addons/gut/gut.gd:605)
         [3] _test_the_scripts (res://addons/gut/gut.gd:818)
WARNING: [CaseManager] Validation: EvidenceData: discovery_method is required for evidence 'ev_diary'
     at: push_warning (core/variant/variant_utility.cpp:1034)
     GDScript backtrace (most recent call first):
         [0] load_case (res://scripts/managers/case_manager.gd:114)
         [1] before_each (res://tests/integration/test_evidence_system_integration.gd:154)
         [2] _run_test (res://addons/gut/gut.gd:605)
         [3] _test_the_scripts (res://addons/gut/gut.gd:818)
* test_screen_manager_navigation_data_cleared_on_reset
WARNING: [CaseManager] Validation: EvidenceData: discovery_method is required for evidence 'ev_cctv'
     at: push_warning (core/variant/variant_utility.cpp:1034)
     GDScript backtrace (most recent call first):
         [0] load_case (res://scripts/managers/case_manager.gd:114)
         [1] before_each (res://tests/integration/test_evidence_system_integration.gd:154)
         [2] _run_test (res://addons/gut/gut.gd:605)
         [3] _test_the_scripts (res://addons/gut/gut.gd:818)
WARNING: [CaseManager] Validation: EvidenceData: discovery_method is required for evidence 'ev_diary'
     at: push_warning (core/variant/variant_utility.cpp:1034)
     GDScript backtrace (most recent call first):
         [0] load_case (res://scripts/managers/case_manager.gd:114)
         [1] before_each (res://tests/integration/test_evidence_system_integration.gd:154)
         [2] _run_test (res://addons/gut/gut.gd:605)
         [3] _test_the_scripts (res://addons/gut/gut.gd:818)
[1m16/16 passed.
[0m[4m

res://tests/integration/test_interrogation_integration.gd
[0m* test_evidence_trigger_statement_contradiction_pipeline
WARNING: [CaseManager] Validation: EvidenceData: discovery_method is required for evidence 'ev_photo'
     at: push_warning (core/variant/variant_utility.cpp:1034)
     GDScript backtrace (most recent call first):
         [0] load_case (res://scripts/managers/case_manager.gd:114)
         [1] before_each (res://tests/integration/test_interrogation_integration.gd:178)
         [2] _run_test (res://addons/gut/gut.gd:605)
         [3] _test_the_scripts (res://addons/gut/gut.gd:818)
WARNING: [CaseManager] Validation: EvidenceData: discovery_method is required for evidence 'ev_records'
     at: push_warning (core/variant/variant_utility.cpp:1034)
     GDScript backtrace (most recent call first):
         [0] load_case (res://scripts/managers/case_manager.gd:114)
         [1] before_each (res://tests/integration/test_interrogation_integration.gd:178)
         [2] _run_test (res://addons/gut/gut.gd:605)
         [3] _test_the_scripts (res://addons/gut/gut.gd:818)
WARNING: [CaseManager] Validation: EvidenceData: discovery_method is required for evidence 'ev_unlocked'
     at: push_warning (core/variant/variant_utility.cpp:1034)
     GDScript backtrace (most recent call first):
         [0] load_case (res://scripts/managers/case_manager.gd:114)
         [1] before_each (res://tests/integration/test_interrogation_integration.gd:178)
         [2] _run_test (res://addons/gut/gut.gd:605)
         [3] _test_the_scripts (res://addons/gut/gut.gd:818)
* test_full_interrogation_arc_to_break
WARNING: [CaseManager] Validation: EvidenceData: discovery_method is required for evidence 'ev_photo'
     at: push_warning (core/variant/variant_utility.cpp:1034)
     GDScript backtrace (most recent call first):
         [0] load_case (res://scripts/managers/case_manager.gd:114)
         [1] before_each (res://tests/integration/test_interrogation_integration.gd:178)
         [2] _run_test (res://addons/gut/gut.gd:605)
         [3] _test_the_scripts (res://addons/gut/gut.gd:818)
WARNING: [CaseManager] Validation: EvidenceData: discovery_method is required for evidence 'ev_records'
     at: push_warning (core/variant/variant_utility.cpp:1034)
     GDScript backtrace (most recent call first):
         [0] load_case (res://scripts/managers/case_manager.gd:114)
         [1] before_each (res://tests/integration/test_interrogation_integration.gd:178)
         [2] _run_test (res://addons/gut/gut.gd:605)
         [3] _test_the_scripts (res://addons/gut/gut.gd:818)
WARNING: [CaseManager] Validation: EvidenceData: discovery_method is required for evidence 'ev_unlocked'
     at: push_warning (core/variant/variant_utility.cpp:1034)
     GDScript backtrace (most recent call first):
         [0] load_case (res://scripts/managers/case_manager.gd:114)
         [1] before_each (res://tests/integration/test_interrogation_integration.gd:178)
         [2] _run_test (res://addons/gut/gut.gd:605)
         [3] _test_the_scripts (res://addons/gut/gut.gd:818)
* test_apply_pressure_gating_in_full_flow
WARNING: [CaseManager] Validation: EvidenceData: discovery_method is required for evidence 'ev_photo'
     at: push_warning (core/variant/variant_utility.cpp:1034)
     GDScript backtrace (most recent call first):
         [0] load_case (res://scripts/managers/case_manager.gd:114)
         [1] before_each (res://tests/integration/test_interrogation_integration.gd:178)
         [2] _run_test (res://addons/gut/gut.gd:605)
         [3] _test_the_scripts (res://addons/gut/gut.gd:818)
WARNING: [CaseManager] Validation: EvidenceData: discovery_method is required for evidence 'ev_records'
     at: push_warning (core/variant/variant_utility.cpp:1034)
     GDScript backtrace (most recent call first):
         [0] load_case (res://scripts/managers/case_manager.gd:114)
         [1] before_each (res://tests/integration/test_interrogation_integration.gd:178)
         [2] _run_test (res://addons/gut/gut.gd:605)
         [3] _test_the_scripts (res://addons/gut/gut.gd:818)
WARNING: [CaseManager] Validation: EvidenceData: discovery_method is required for evidence 'ev_unlocked'
     at: push_warning (core/variant/variant_utility.cpp:1034)
     GDScript backtrace (most recent call first):
         [0] load_case (res://scripts/managers/case_manager.gd:114)
         [1] before_each (res://tests/integration/test_interrogation_integration.gd:178)
         [2] _run_test (res://addons/gut/gut.gd:605)
         [3] _test_the_scripts (res://addons/gut/gut.gd:818)
* test_game_manager_serializes_interrogation_state
WARNING: [CaseManager] Validation: EvidenceData: discovery_method is required for evidence 'ev_photo'
     at: push_warning (core/variant/variant_utility.cpp:1034)
     GDScript backtrace (most recent call first):
         [0] load_case (res://scripts/managers/case_manager.gd:114)
         [1] before_each (res://tests/integration/test_interrogation_integration.gd:178)
         [2] _run_test (res://addons/gut/gut.gd:605)
         [3] _test_the_scripts (res://addons/gut/gut.gd:818)
WARNING: [CaseManager] Validation: EvidenceData: discovery_method is required for evidence 'ev_records'
     at: push_warning (core/variant/variant_utility.cpp:1034)
     GDScript backtrace (most recent call first):
         [0] load_case (res://scripts/managers/case_manager.gd:114)
         [1] before_each (res://tests/integration/test_interrogation_integration.gd:178)
         [2] _run_test (res://addons/gut/gut.gd:605)
         [3] _test_the_scripts (res://addons/gut/gut.gd:818)
WARNING: [CaseManager] Validation: EvidenceData: discovery_method is required for evidence 'ev_unlocked'
     at: push_warning (core/variant/variant_utility.cpp:1034)
     GDScript backtrace (most recent call first):
         [0] load_case (res://scripts/managers/case_manager.gd:114)
         [1] before_each (res://tests/integration/test_interrogation_integration.gd:178)
         [2] _run_test (res://addons/gut/gut.gd:605)
         [3] _test_the_scripts (res://addons/gut/gut.gd:818)
[1m4/4 passed.
[0m[4m

res://tests/integration/test_json_to_resource_pipeline.gd
[0m* test_pipeline_loads_successfully
* test_pipeline_case_data_is_typed
* test_pipeline_persons_are_typed
* test_pipeline_evidence_enums_converted
* test_pipeline_nested_relationships_typed
* test_pipeline_nested_investigable_objects_typed
* test_pipeline_statements_typed
* test_pipeline_events_typed
* test_pipeline_event_triggers_typed
* test_pipeline_interrogation_topics_typed
* test_pipeline_actions_typed
* test_pipeline_insights_typed
* test_pipeline_case_data_contains_all_sections
* test_pipeline_case_validates_without_errors
* test_pipeline_roundtrip_to_dict
[1m15/15 passed.
[0m[4m

res://tests/integration/test_location_investigation_integration.gd
[0m* test_visit_examine_discover_flow
WARNING: [CaseManager] Validation: EvidenceData: discovery_method is required for evidence 'E3'
     at: push_warning (core/variant/variant_utility.cpp:1034)
     GDScript backtrace (most recent call first):
         [0] load_case (res://scripts/managers/case_manager.gd:114)
         [1] before_each (res://tests/integration/test_location_investigation_integration.gd:466)
         [2] _run_test (res://addons/gut/gut.gd:605)
         [3] _test_the_scripts (res://addons/gut/gut.gd:818)
WARNING: [CaseManager] Validation: EvidenceData: discovery_method is required for evidence 'E4'
     at: push_warning (core/variant/variant_utility.cpp:1034)
     GDScript backtrace (most recent call first):
         [0] load_case (res://scripts/managers/case_manager.gd:114)
         [1] before_each (res://tests/integration/test_location_investigation_integration.gd:466)
         [2] _run_test (res://addons/gut/gut.gd:605)
         [3] _test_the_scripts (res://addons/gut/gut.gd:818)
WARNING: [CaseManager] Validation: EvidenceData: discovery_method is required for evidence 'E5'
     at: push_warning (core/variant/variant_utility.cpp:1034)
     GDScript backtrace (most recent call first):
         [0] load_case (res://scripts/managers/case_manager.gd:114)
         [1] before_each (res://tests/integration/test_location_investigation_integration.gd:466)
         [2] _run_test (res://addons/gut/gut.gd:605)
         [3] _test_the_scripts (res://addons/gut/gut.gd:818)
WARNING: [CaseManager] Validation: EvidenceData: discovery_method is required for evidence 'E6'
     at: push_warning (core/variant/variant_utility.cpp:1034)
     GDScript backtrace (most recent call first):
         [0] load_case (res://scripts/managers/case_manager.gd:114)
         [1] before_each (res://tests/integration/test_location_investigation_integration.gd:466)
         [2] _run_test (res://addons/gut/gut.gd:605)
         [3] _test_the_scripts (res://addons/gut/gut.gd:818)
WARNING: [CaseManager] Validation: EvidenceData: discovery_method is required for evidence 'E15'
     at: push_warning (core/variant/variant_utility.cpp:1034)
     GDScript backtrace (most recent call first):
         [0] load_case (res://scripts/managers/case_manager.gd:114)
         [1] before_each (res://tests/integration/test_location_investigation_integration.gd:466)
         [2] _run_test (res://addons/gut/gut.gd:605)
         [3] _test_the_scripts (res://addons/gut/gut.gd:818)
WARNING: [CaseManager] Validation: EvidenceData: discovery_method is required for evidence 'E20'
     at: push_warning (core/variant/variant_utility.cpp:1034)
     GDScript backtrace (most recent call first):
         [0] load_case (res://scripts/managers/case_manager.gd:114)
         [1] before_each (res://tests/integration/test_location_investigation_integration.gd:466)
         [2] _run_test (res://addons/gut/gut.gd:605)
         [3] _test_the_scripts (res://addons/gut/gut.gd:818)
WARNING: [CaseManager] Validation: EvidenceData: discovery_method is required for evidence 'E14'
     at: push_warning (core/variant/variant_utility.cpp:1034)
     GDScript backtrace (most recent call first):
         [0] load_case (res://scripts/managers/case_manager.gd:114)
         [1] before_each (res://tests/integration/test_location_investigation_integration.gd:466)
         [2] _run_test (res://addons/gut/gut.gd:605)
         [3] _test_the_scripts (res://addons/gut/gut.gd:818)
WARNING: [CaseManager] Validation: EvidenceData: discovery_method is required for evidence 'E17'
     at: push_warning (core/variant/variant_utility.cpp:1034)
     GDScript backtrace (most recent call first):
         [0] load_case (res://scripts/managers/case_manager.gd:114)
         [1] before_each (res://tests/integration/test_location_investigation_integration.gd:466)
         [2] _run_test (res://addons/gut/gut.gd:605)
         [3] _test_the_scripts (res://addons/gut/gut.gd:818)
WARNING: [CaseManager] Validation: EvidenceData: discovery_method is required for evidence 'E18'
     at: push_warning (core/variant/variant_utility.cpp:1034)
     GDScript backtrace (most recent call first):
         [0] load_case (res://scripts/managers/case_manager.gd:114)
         [1] before_each (res://tests/integration/test_location_investigation_integration.gd:466)
         [2] _run_test (res://addons/gut/gut.gd:605)
         [3] _test_the_scripts (res://addons/gut/gut.gd:818)
WARNING: [CaseManager] Validation: EvidenceData: discovery_method is required for evidence 'E10'
     at: push_warning (core/variant/variant_utility.cpp:1034)
     GDScript backtrace (most recent call first):
         [0] load_case (res://scripts/managers/case_manager.gd:114)
         [1] before_each (res://tests/integration/test_location_investigation_integration.gd:466)
         [2] _run_test (res://addons/gut/gut.gd:605)
         [3] _test_the_scripts (res://addons/gut/gut.gd:818)
WARNING: [CaseManager] Validation: EvidenceData: discovery_method is required for evidence 'E12'
     at: push_warning (core/variant/variant_utility.cpp:1034)
     GDScript backtrace (most recent call first):
         [0] load_case (res://scripts/managers/case_manager.gd:114)
         [1] before_each (res://tests/integration/test_location_investigation_integration.gd:466)
         [2] _run_test (res://addons/gut/gut.gd:605)
         [3] _test_the_scripts (res://addons/gut/gut.gd:818)
WARNING: [CaseManager] Validation: EvidenceData: discovery_method is required for evidence 'E24'
     at: push_warning (core/variant/variant_utility.cpp:1034)
     GDScript backtrace (most recent call first):
         [0] load_case (res://scripts/managers/case_manager.gd:114)
         [1] before_each (res://tests/integration/test_location_investigation_integration.gd:466)
         [2] _run_test (res://addons/gut/gut.gd:605)
         [3] _test_the_scripts (res://addons/gut/gut.gd:818)
* test_investigation_actions_cost_economy
WARNING: [CaseManager] Validation: EvidenceData: discovery_method is required for evidence 'E3'
     at: push_warning (core/variant/variant_utility.cpp:1034)
     GDScript backtrace (most recent call first):
         [0] load_case (res://scripts/managers/case_manager.gd:114)
         [1] before_each (res://tests/integration/test_location_investigation_integration.gd:466)
         [2] _run_test (res://addons/gut/gut.gd:605)
         [3] _test_the_scripts (res://addons/gut/gut.gd:818)
WARNING: [CaseManager] Validation: EvidenceData: discovery_method is required for evidence 'E4'
     at: push_warning (core/variant/variant_utility.cpp:1034)
     GDScript backtrace (most recent call first):
         [0] load_case (res://scripts/managers/case_manager.gd:114)
         [1] before_each (res://tests/integration/test_location_investigation_integration.gd:466)
         [2] _run_test (res://addons/gut/gut.gd:605)
         [3] _test_the_scripts (res://addons/gut/gut.gd:818)
WARNING: [CaseManager] Validation: EvidenceData: discovery_method is required for evidence 'E5'
     at: push_warning (core/variant/variant_utility.cpp:1034)
     GDScript backtrace (most recent call first):
         [0] load_case (res://scripts/managers/case_manager.gd:114)
         [1] before_each (res://tests/integration/test_location_investigation_integration.gd:466)
         [2] _run_test (res://addons/gut/gut.gd:605)
         [3] _test_the_scripts (res://addons/gut/gut.gd:818)
WARNING: [CaseManager] Validation: EvidenceData: discovery_method is required for evidence 'E6'
     at: push_warning (core/variant/variant_utility.cpp:1034)
     GDScript backtrace (most recent call first):
         [0] load_case (res://scripts/managers/case_manager.gd:114)
         [1] before_each (res://tests/integration/test_location_investigation_integration.gd:466)
         [2] _run_test (res://addons/gut/gut.gd:605)
         [3] _test_the_scripts (res://addons/gut/gut.gd:818)
WARNING: [CaseManager] Validation: EvidenceData: discovery_method is required for evidence 'E15'
     at: push_warning (core/variant/variant_utility.cpp:1034)
     GDScript backtrace (most recent call first):
         [0] load_case (res://scripts/managers/case_manager.gd:114)
         [1] before_each (res://tests/integration/test_location_investigation_integration.gd:466)
         [2] _run_test (res://addons/gut/gut.gd:605)
         [3] _test_the_scripts (res://addons/gut/gut.gd:818)
WARNING: [CaseManager] Validation: EvidenceData: discovery_method is required for evidence 'E20'
     at: push_warning (core/variant/variant_utility.cpp:1034)
     GDScript backtrace (most recent call first):
         [0] load_case (res://scripts/managers/case_manager.gd:114)
         [1] before_each (res://tests/integration/test_location_investigation_integration.gd:466)
         [2] _run_test (res://addons/gut/gut.gd:605)
         [3] _test_the_scripts (res://addons/gut/gut.gd:818)
WARNING: [CaseManager] Validation: EvidenceData: discovery_method is required for evidence 'E14'
     at: push_warning (core/variant/variant_utility.cpp:1034)
     GDScript backtrace (most recent call first):
         [0] load_case (res://scripts/managers/case_manager.gd:114)
         [1] before_each (res://tests/integration/test_location_investigation_integration.gd:466)
         [2] _run_test (res://addons/gut/gut.gd:605)
         [3] _test_the_scripts (res://addons/gut/gut.gd:818)
WARNING: [CaseManager] Validation: EvidenceData: discovery_method is required for evidence 'E17'
     at: push_warning (core/variant/variant_utility.cpp:1034)
     GDScript backtrace (most recent call first):
         [0] load_case (res://scripts/managers/case_manager.gd:114)
         [1] before_each (res://tests/integration/test_location_investigation_integration.gd:466)
         [2] _run_test (res://addons/gut/gut.gd:605)
         [3] _test_the_scripts (res://addons/gut/gut.gd:818)
WARNING: [CaseManager] Validation: EvidenceData: discovery_method is required for evidence 'E18'
     at: push_warning (core/variant/variant_utility.cpp:1034)
     GDScript backtrace (most recent call first):
         [0] load_case (res://scripts/managers/case_manager.gd:114)
         [1] before_each (res://tests/integration/test_location_investigation_integration.gd:466)
         [2] _run_test (res://addons/gut/gut.gd:605)
         [3] _test_the_scripts (res://addons/gut/gut.gd:818)
WARNING: [CaseManager] Validation: EvidenceData: discovery_method is required for evidence 'E10'
     at: push_warning (core/variant/variant_utility.cpp:1034)
     GDScript backtrace (most recent call first):
         [0] load_case (res://scripts/managers/case_manager.gd:114)
         [1] before_each (res://tests/integration/test_location_investigation_integration.gd:466)
         [2] _run_test (res://addons/gut/gut.gd:605)
         [3] _test_the_scripts (res://addons/gut/gut.gd:818)
WARNING: [CaseManager] Validation: EvidenceData: discovery_method is required for evidence 'E12'
     at: push_warning (core/variant/variant_utility.cpp:1034)
     GDScript backtrace (most recent call first):
         [0] load_case (res://scripts/managers/case_manager.gd:114)
         [1] before_each (res://tests/integration/test_location_investigation_integration.gd:466)
         [2] _run_test (res://addons/gut/gut.gd:605)
         [3] _test_the_scripts (res://addons/gut/gut.gd:818)
WARNING: [CaseManager] Validation: EvidenceData: discovery_method is required for evidence 'E24'
     at: push_warning (core/variant/variant_utility.cpp:1034)
     GDScript backtrace (most recent call first):
         [0] load_case (res://scripts/managers/case_manager.gd:114)
         [1] before_each (res://tests/integration/test_location_investigation_integration.gd:466)
         [2] _run_test (res://addons/gut/gut.gd:605)
         [3] _test_the_scripts (res://addons/gut/gut.gd:818)
WARNING: [LocationInvestigationManager] No actions remaining for inspection.
     at: push_warning (core/variant/variant_utility.cpp:1034)
     GDScript backtrace (most recent call first):
         [0] _consume_investigation_action (res://scripts/managers/location_investigation_manager.gd:507)
         [1] inspect_object (res://scripts/managers/location_investigation_manager.gd:146)
         [2] test_investigation_actions_cost_economy (res://tests/integration/test_location_investigation_integration.gd:526)
         [3] _run_test (res://addons/gut/gut.gd:615)
         [4] _test_the_scripts (res://addons/gut/gut.gd:818)
* test_revisit_is_free_but_investigation_costs_action
WARNING: [CaseManager] Validation: EvidenceData: discovery_method is required for evidence 'E3'
     at: push_warning (core/variant/variant_utility.cpp:1034)
     GDScript backtrace (most recent call first):
         [0] load_case (res://scripts/managers/case_manager.gd:114)
         [1] before_each (res://tests/integration/test_location_investigation_integration.gd:466)
         [2] _run_test (res://addons/gut/gut.gd:605)
         [3] _test_the_scripts (res://addons/gut/gut.gd:818)
WARNING: [CaseManager] Validation: EvidenceData: discovery_method is required for evidence 'E4'
     at: push_warning (core/variant/variant_utility.cpp:1034)
     GDScript backtrace (most recent call first):
         [0] load_case (res://scripts/managers/case_manager.gd:114)
         [1] before_each (res://tests/integration/test_location_investigation_integration.gd:466)
         [2] _run_test (res://addons/gut/gut.gd:605)
         [3] _test_the_scripts (res://addons/gut/gut.gd:818)
WARNING: [CaseManager] Validation: EvidenceData: discovery_method is required for evidence 'E5'
     at: push_warning (core/variant/variant_utility.cpp:1034)
     GDScript backtrace (most recent call first):
         [0] load_case (res://scripts/managers/case_manager.gd:114)
         [1] before_each (res://tests/integration/test_location_investigation_integration.gd:466)
         [2] _run_test (res://addons/gut/gut.gd:605)
         [3] _test_the_scripts (res://addons/gut/gut.gd:818)
WARNING: [CaseManager] Validation: EvidenceData: discovery_method is required for evidence 'E6'
     at: push_warning (core/variant/variant_utility.cpp:1034)
     GDScript backtrace (most recent call first):
         [0] load_case (res://scripts/managers/case_manager.gd:114)
         [1] before_each (res://tests/integration/test_location_investigation_integration.gd:466)
         [2] _run_test (res://addons/gut/gut.gd:605)
         [3] _test_the_scripts (res://addons/gut/gut.gd:818)
WARNING: [CaseManager] Validation: EvidenceData: discovery_method is required for evidence 'E15'
     at: push_warning (core/variant/variant_utility.cpp:1034)
     GDScript backtrace (most recent call first):
         [0] load_case (res://scripts/managers/case_manager.gd:114)
         [1] before_each (res://tests/integration/test_location_investigation_integration.gd:466)
         [2] _run_test (res://addons/gut/gut.gd:605)
         [3] _test_the_scripts (res://addons/gut/gut.gd:818)
WARNING: [CaseManager] Validation: EvidenceData: discovery_method is required for evidence 'E20'
     at: push_warning (core/variant/variant_utility.cpp:1034)
     GDScript backtrace (most recent call first):
         [0] load_case (res://scripts/managers/case_manager.gd:114)
         [1] before_each (res://tests/integration/test_location_investigation_integration.gd:466)
         [2] _run_test (res://addons/gut/gut.gd:605)
         [3] _test_the_scripts (res://addons/gut/gut.gd:818)
WARNING: [CaseManager] Validation: EvidenceData: discovery_method is required for evidence 'E14'
     at: push_warning (core/variant/variant_utility.cpp:1034)
     GDScript backtrace (most recent call first):
         [0] load_case (res://scripts/managers/case_manager.gd:114)
         [1] before_each (res://tests/integration/test_location_investigation_integration.gd:466)
         [2] _run_test (res://addons/gut/gut.gd:605)
         [3] _test_the_scripts (res://addons/gut/gut.gd:818)
WARNING: [CaseManager] Validation: EvidenceData: discovery_method is required for evidence 'E17'
     at: push_warning (core/variant/variant_utility.cpp:1034)
     GDScript backtrace (most recent call first):
         [0] load_case (res://scripts/managers/case_manager.gd:114)
         [1] before_each (res://tests/integration/test_location_investigation_integration.gd:466)
         [2] _run_test (res://addons/gut/gut.gd:605)
         [3] _test_the_scripts (res://addons/gut/gut.gd:818)
WARNING: [CaseManager] Validation: EvidenceData: discovery_method is required for evidence 'E18'
     at: push_warning (core/variant/variant_utility.cpp:1034)
     GDScript backtrace (most recent call first):
         [0] load_case (res://scripts/managers/case_manager.gd:114)
         [1] before_each (res://tests/integration/test_location_investigation_integration.gd:466)
         [2] _run_test (res://addons/gut/gut.gd:605)
         [3] _test_the_scripts (res://addons/gut/gut.gd:818)
WARNING: [CaseManager] Validation: EvidenceData: discovery_method is required for evidence 'E10'
     at: push_warning (core/variant/variant_utility.cpp:1034)
     GDScript backtrace (most recent call first):
         [0] load_case (res://scripts/managers/case_manager.gd:114)
         [1] before_each (res://tests/integration/test_location_investigation_integration.gd:466)
         [2] _run_test (res://addons/gut/gut.gd:605)
         [3] _test_the_scripts (res://addons/gut/gut.gd:818)
WARNING: [CaseManager] Validation: EvidenceData: discovery_method is required for evidence 'E12'
     at: push_warning (core/variant/variant_utility.cpp:1034)
     GDScript backtrace (most recent call first):
         [0] load_case (res://scripts/managers/case_manager.gd:114)
         [1] before_each (res://tests/integration/test_location_investigation_integration.gd:466)
         [2] _run_test (res://addons/gut/gut.gd:605)
         [3] _test_the_scripts (res://addons/gut/gut.gd:818)
WARNING: [CaseManager] Validation: EvidenceData: discovery_method is required for evidence 'E24'
     at: push_warning (core/variant/variant_utility.cpp:1034)
     GDScript backtrace (most recent call first):
         [0] load_case (res://scripts/managers/case_manager.gd:114)
         [1] before_each (res://tests/integration/test_location_investigation_integration.gd:466)
         [2] _run_test (res://addons/gut/gut.gd:605)
         [3] _test_the_scripts (res://addons/gut/gut.gd:818)
* test_multi_location_state_persistence
WARNING: [CaseManager] Validation: EvidenceData: discovery_method is required for evidence 'E3'
     at: push_warning (core/variant/variant_utility.cpp:1034)
     GDScript backtrace (most recent call first):
         [0] load_case (res://scripts/managers/case_manager.gd:114)
         [1] before_each (res://tests/integration/test_location_investigation_integration.gd:466)
         [2] _run_test (res://addons/gut/gut.gd:605)
         [3] _test_the_scripts (res://addons/gut/gut.gd:818)
WARNING: [CaseManager] Validation: EvidenceData: discovery_method is required for evidence 'E4'
     at: push_warning (core/variant/variant_utility.cpp:1034)
     GDScript backtrace (most recent call first):
         [0] load_case (res://scripts/managers/case_manager.gd:114)
         [1] before_each (res://tests/integration/test_location_investigation_integration.gd:466)
         [2] _run_test (res://addons/gut/gut.gd:605)
         [3] _test_the_scripts (res://addons/gut/gut.gd:818)
WARNING: [CaseManager] Validation: EvidenceData: discovery_method is required for evidence 'E5'
     at: push_warning (core/variant/variant_utility.cpp:1034)
     GDScript backtrace (most recent call first):
         [0] load_case (res://scripts/managers/case_manager.gd:114)
         [1] before_each (res://tests/integration/test_location_investigation_integration.gd:466)
         [2] _run_test (res://addons/gut/gut.gd:605)
         [3] _test_the_scripts (res://addons/gut/gut.gd:818)
WARNING: [CaseManager] Validation: EvidenceData: discovery_method is required for evidence 'E6'
     at: push_warning (core/variant/variant_utility.cpp:1034)
     GDScript backtrace (most recent call first):
         [0] load_case (res://scripts/managers/case_manager.gd:114)
         [1] before_each (res://tests/integration/test_location_investigation_integration.gd:466)
         [2] _run_test (res://addons/gut/gut.gd:605)
         [3] _test_the_scripts (res://addons/gut/gut.gd:818)
WARNING: [CaseManager] Validation: EvidenceData: discovery_method is required for evidence 'E15'
     at: push_warning (core/variant/variant_utility.cpp:1034)
     GDScript backtrace (most recent call first):
         [0] load_case (res://scripts/managers/case_manager.gd:114)
         [1] before_each (res://tests/integration/test_location_investigation_integration.gd:466)
         [2] _run_test (res://addons/gut/gut.gd:605)
         [3] _test_the_scripts (res://addons/gut/gut.gd:818)
WARNING: [CaseManager] Validation: EvidenceData: discovery_method is required for evidence 'E20'
     at: push_warning (core/variant/variant_utility.cpp:1034)
     GDScript backtrace (most recent call first):
         [0] load_case (res://scripts/managers/case_manager.gd:114)
         [1] before_each (res://tests/integration/test_location_investigation_integration.gd:466)
         [2] _run_test (res://addons/gut/gut.gd:605)
         [3] _test_the_scripts (res://addons/gut/gut.gd:818)
WARNING: [CaseManager] Validation: EvidenceData: discovery_method is required for evidence 'E14'
     at: push_warning (core/variant/variant_utility.cpp:1034)
     GDScript backtrace (most recent call first):
         [0] load_case (res://scripts/managers/case_manager.gd:114)
         [1] before_each (res://tests/integration/test_location_investigation_integration.gd:466)
         [2] _run_test (res://addons/gut/gut.gd:605)
         [3] _test_the_scripts (res://addons/gut/gut.gd:818)
WARNING: [CaseManager] Validation: EvidenceData: discovery_method is required for evidence 'E17'
     at: push_warning (core/variant/variant_utility.cpp:1034)
     GDScript backtrace (most recent call first):
         [0] load_case (res://scripts/managers/case_manager.gd:114)
         [1] before_each (res://tests/integration/test_location_investigation_integration.gd:466)
         [2] _run_test (res://addons/gut/gut.gd:605)
         [3] _test_the_scripts (res://addons/gut/gut.gd:818)
WARNING: [CaseManager] Validation: EvidenceData: discovery_method is required for evidence 'E18'
     at: push_warning (core/variant/variant_utility.cpp:1034)
     GDScript backtrace (most recent call first):
         [0] load_case (res://scripts/managers/case_manager.gd:114)
         [1] before_each (res://tests/integration/test_location_investigation_integration.gd:466)
         [2] _run_test (res://addons/gut/gut.gd:605)
         [3] _test_the_scripts (res://addons/gut/gut.gd:818)
WARNING: [CaseManager] Validation: EvidenceData: discovery_method is required for evidence 'E10'
     at: push_warning (core/variant/variant_utility.cpp:1034)
     GDScript backtrace (most recent call first):
         [0] load_case (res://scripts/managers/case_manager.gd:114)
         [1] before_each (res://tests/integration/test_location_investigation_integration.gd:466)
         [2] _run_test (res://addons/gut/gut.gd:605)
         [3] _test_the_scripts (res://addons/gut/gut.gd:818)
WARNING: [CaseManager] Validation: EvidenceData: discovery_method is required for evidence 'E12'
     at: push_warning (core/variant/variant_utility.cpp:1034)
     GDScript backtrace (most recent call first):
         [0] load_case (res://scripts/managers/case_manager.gd:114)
         [1] before_each (res://tests/integration/test_location_investigation_integration.gd:466)
         [2] _run_test (res://addons/gut/gut.gd:605)
         [3] _test_the_scripts (res://addons/gut/gut.gd:818)
WARNING: [CaseManager] Validation: EvidenceData: discovery_method is required for evidence 'E24'
     at: push_warning (core/variant/variant_utility.cpp:1034)
     GDScript backtrace (most recent call first):
         [0] load_case (res://scripts/managers/case_manager.gd:114)
         [1] before_each (res://tests/integration/test_location_investigation_integration.gd:466)
         [2] _run_test (res://addons/gut/gut.gd:605)
         [3] _test_the_scripts (res://addons/gut/gut.gd:818)
* test_screen_manager_knows_location_investigation
WARNING: [CaseManager] Validation: EvidenceData: discovery_method is required for evidence 'E3'
     at: push_warning (core/variant/variant_utility.cpp:1034)
     GDScript backtrace (most recent call first):
         [0] load_case (res://scripts/managers/case_manager.gd:114)
         [1] before_each (res://tests/integration/test_location_investigation_integration.gd:466)
         [2] _run_test (res://addons/gut/gut.gd:605)
         [3] _test_the_scripts (res://addons/gut/gut.gd:818)
WARNING: [CaseManager] Validation: EvidenceData: discovery_method is required for evidence 'E4'
     at: push_warning (core/variant/variant_utility.cpp:1034)
     GDScript backtrace (most recent call first):
         [0] load_case (res://scripts/managers/case_manager.gd:114)
         [1] before_each (res://tests/integration/test_location_investigation_integration.gd:466)
         [2] _run_test (res://addons/gut/gut.gd:605)
         [3] _test_the_scripts (res://addons/gut/gut.gd:818)
WARNING: [CaseManager] Validation: EvidenceData: discovery_method is required for evidence 'E5'
     at: push_warning (core/variant/variant_utility.cpp:1034)
     GDScript backtrace (most recent call first):
         [0] load_case (res://scripts/managers/case_manager.gd:114)
         [1] before_each (res://tests/integration/test_location_investigation_integration.gd:466)
         [2] _run_test (res://addons/gut/gut.gd:605)
         [3] _test_the_scripts (res://addons/gut/gut.gd:818)
WARNING: [CaseManager] Validation: EvidenceData: discovery_method is required for evidence 'E6'
     at: push_warning (core/variant/variant_utility.cpp:1034)
     GDScript backtrace (most recent call first):
         [0] load_case (res://scripts/managers/case_manager.gd:114)
         [1] before_each (res://tests/integration/test_location_investigation_integration.gd:466)
         [2] _run_test (res://addons/gut/gut.gd:605)
         [3] _test_the_scripts (res://addons/gut/gut.gd:818)
WARNING: [CaseManager] Validation: EvidenceData: discovery_method is required for evidence 'E15'
     at: push_warning (core/variant/variant_utility.cpp:1034)
     GDScript backtrace (most recent call first):
         [0] load_case (res://scripts/managers/case_manager.gd:114)
         [1] before_each (res://tests/integration/test_location_investigation_integration.gd:466)
         [2] _run_test (res://addons/gut/gut.gd:605)
         [3] _test_the_scripts (res://addons/gut/gut.gd:818)
WARNING: [CaseManager] Validation: EvidenceData: discovery_method is required for evidence 'E20'
     at: push_warning (core/variant/variant_utility.cpp:1034)
     GDScript backtrace (most recent call first):
         [0] load_case (res://scripts/managers/case_manager.gd:114)
         [1] before_each (res://tests/integration/test_location_investigation_integration.gd:466)
         [2] _run_test (res://addons/gut/gut.gd:605)
         [3] _test_the_scripts (res://addons/gut/gut.gd:818)
WARNING: [CaseManager] Validation: EvidenceData: discovery_method is required for evidence 'E14'
     at: push_warning (core/variant/variant_utility.cpp:1034)
     GDScript backtrace (most recent call first):
         [0] load_case (res://scripts/managers/case_manager.gd:114)
         [1] before_each (res://tests/integration/test_location_investigation_integration.gd:466)
         [2] _run_test (res://addons/gut/gut.gd:605)
         [3] _test_the_scripts (res://addons/gut/gut.gd:818)
WARNING: [CaseManager] Validation: EvidenceData: discovery_method is required for evidence 'E17'
     at: push_warning (core/variant/variant_utility.cpp:1034)
     GDScript backtrace (most recent call first):
         [0] load_case (res://scripts/managers/case_manager.gd:114)
         [1] before_each (res://tests/integration/test_location_investigation_integration.gd:466)
         [2] _run_test (res://addons/gut/gut.gd:605)
         [3] _test_the_scripts (res://addons/gut/gut.gd:818)
WARNING: [CaseManager] Validation: EvidenceData: discovery_method is required for evidence 'E18'
     at: push_warning (core/variant/variant_utility.cpp:1034)
     GDScript backtrace (most recent call first):
         [0] load_case (res://scripts/managers/case_manager.gd:114)
         [1] before_each (res://tests/integration/test_location_investigation_integration.gd:466)
         [2] _run_test (res://addons/gut/gut.gd:605)
         [3] _test_the_scripts (res://addons/gut/gut.gd:818)
WARNING: [CaseManager] Validation: EvidenceData: discovery_method is required for evidence 'E10'
     at: push_warning (core/variant/variant_utility.cpp:1034)
     GDScript backtrace (most recent call first):
         [0] load_case (res://scripts/managers/case_manager.gd:114)
         [1] before_each (res://tests/integration/test_location_investigation_integration.gd:466)
         [2] _run_test (res://addons/gut/gut.gd:605)
         [3] _test_the_scripts (res://addons/gut/gut.gd:818)
WARNING: [CaseManager] Validation: EvidenceData: discovery_method is required for evidence 'E12'
     at: push_warning (core/variant/variant_utility.cpp:1034)
     GDScript backtrace (most recent call first):
         [0] load_case (res://scripts/managers/case_manager.gd:114)
         [1] before_each (res://tests/integration/test_location_investigation_integration.gd:466)
         [2] _run_test (res://addons/gut/gut.gd:605)
         [3] _test_the_scripts (res://addons/gut/gut.gd:818)
WARNING: [CaseManager] Validation: EvidenceData: discovery_method is required for evidence 'E24'
     at: push_warning (core/variant/variant_utility.cpp:1034)
     GDScript backtrace (most recent call first):
         [0] load_case (res://scripts/managers/case_manager.gd:114)
         [1] before_each (res://tests/integration/test_location_investigation_integration.gd:466)
         [2] _run_test (res://addons/gut/gut.gd:605)
         [3] _test_the_scripts (res://addons/gut/gut.gd:818)
* test_screen_manager_has_sixteen_screens
WARNING: [CaseManager] Validation: EvidenceData: discovery_method is required for evidence 'E3'
     at: push_warning (core/variant/variant_utility.cpp:1034)
     GDScript backtrace (most recent call first):
         [0] load_case (res://scripts/managers/case_manager.gd:114)
         [1] before_each (res://tests/integration/test_location_investigation_integration.gd:466)
         [2] _run_test (res://addons/gut/gut.gd:605)
         [3] _test_the_scripts (res://addons/gut/gut.gd:818)
WARNING: [CaseManager] Validation: EvidenceData: discovery_method is required for evidence 'E4'
     at: push_warning (core/variant/variant_utility.cpp:1034)
     GDScript backtrace (most recent call first):
         [0] load_case (res://scripts/managers/case_manager.gd:114)
         [1] before_each (res://tests/integration/test_location_investigation_integration.gd:466)
         [2] _run_test (res://addons/gut/gut.gd:605)
         [3] _test_the_scripts (res://addons/gut/gut.gd:818)
WARNING: [CaseManager] Validation: EvidenceData: discovery_method is required for evidence 'E5'
     at: push_warning (core/variant/variant_utility.cpp:1034)
     GDScript backtrace (most recent call first):
         [0] load_case (res://scripts/managers/case_manager.gd:114)
         [1] before_each (res://tests/integration/test_location_investigation_integration.gd:466)
         [2] _run_test (res://addons/gut/gut.gd:605)
         [3] _test_the_scripts (res://addons/gut/gut.gd:818)
WARNING: [CaseManager] Validation: EvidenceData: discovery_method is required for evidence 'E6'
     at: push_warning (core/variant/variant_utility.cpp:1034)
     GDScript backtrace (most recent call first):
         [0] load_case (res://scripts/managers/case_manager.gd:114)
         [1] before_each (res://tests/integration/test_location_investigation_integration.gd:466)
         [2] _run_test (res://addons/gut/gut.gd:605)
         [3] _test_the_scripts (res://addons/gut/gut.gd:818)
WARNING: [CaseManager] Validation: EvidenceData: discovery_method is required for evidence 'E15'
     at: push_warning (core/variant/variant_utility.cpp:1034)
     GDScript backtrace (most recent call first):
         [0] load_case (res://scripts/managers/case_manager.gd:114)
         [1] before_each (res://tests/integration/test_location_investigation_integration.gd:466)
         [2] _run_test (res://addons/gut/gut.gd:605)
         [3] _test_the_scripts (res://addons/gut/gut.gd:818)
WARNING: [CaseManager] Validation: EvidenceData: discovery_method is required for evidence 'E20'
     at: push_warning (core/variant/variant_utility.cpp:1034)
     GDScript backtrace (most recent call first):
         [0] load_case (res://scripts/managers/case_manager.gd:114)
         [1] before_each (res://tests/integration/test_location_investigation_integration.gd:466)
         [2] _run_test (res://addons/gut/gut.gd:605)
         [3] _test_the_scripts (res://addons/gut/gut.gd:818)
WARNING: [CaseManager] Validation: EvidenceData: discovery_method is required for evidence 'E14'
     at: push_warning (core/variant/variant_utility.cpp:1034)
     GDScript backtrace (most recent call first):
         [0] load_case (res://scripts/managers/case_manager.gd:114)
         [1] before_each (res://tests/integration/test_location_investigation_integration.gd:466)
         [2] _run_test (res://addons/gut/gut.gd:605)
         [3] _test_the_scripts (res://addons/gut/gut.gd:818)
WARNING: [CaseManager] Validation: EvidenceData: discovery_method is required for evidence 'E17'
     at: push_warning (core/variant/variant_utility.cpp:1034)
     GDScript backtrace (most recent call first):
         [0] load_case (res://scripts/managers/case_manager.gd:114)
         [1] before_each (res://tests/integration/test_location_investigation_integration.gd:466)
         [2] _run_test (res://addons/gut/gut.gd:605)
         [3] _test_the_scripts (res://addons/gut/gut.gd:818)
WARNING: [CaseManager] Validation: EvidenceData: discovery_method is required for evidence 'E18'
     at: push_warning (core/variant/variant_utility.cpp:1034)
     GDScript backtrace (most recent call first):
         [0] load_case (res://scripts/managers/case_manager.gd:114)
         [1] before_each (res://tests/integration/test_location_investigation_integration.gd:466)
         [2] _run_test (res://addons/gut/gut.gd:605)
         [3] _test_the_scripts (res://addons/gut/gut.gd:818)
WARNING: [CaseManager] Validation: EvidenceData: discovery_method is required for evidence 'E10'
     at: push_warning (core/variant/variant_utility.cpp:1034)
     GDScript backtrace (most recent call first):
         [0] load_case (res://scripts/managers/case_manager.gd:114)
         [1] before_each (res://tests/integration/test_location_investigation_integration.gd:466)
         [2] _run_test (res://addons/gut/gut.gd:605)
         [3] _test_the_scripts (res://addons/gut/gut.gd:818)
WARNING: [CaseManager] Validation: EvidenceData: discovery_method is required for evidence 'E12'
     at: push_warning (core/variant/variant_utility.cpp:1034)
     GDScript backtrace (most recent call first):
         [0] load_case (res://scripts/managers/case_manager.gd:114)
         [1] before_each (res://tests/integration/test_location_investigation_integration.gd:466)
         [2] _run_test (res://addons/gut/gut.gd:605)
         [3] _test_the_scripts (res://addons/gut/gut.gd:818)
WARNING: [CaseManager] Validation: EvidenceData: discovery_method is required for evidence 'E24'
     at: push_warning (core/variant/variant_utility.cpp:1034)
     GDScript backtrace (most recent call first):
         [0] load_case (res://scripts/managers/case_manager.gd:114)
         [1] before_each (res://tests/integration/test_location_investigation_integration.gd:466)
         [2] _run_test (res://addons/gut/gut.gd:605)
         [3] _test_the_scripts (res://addons/gut/gut.gd:818)
* test_autoloads_accessible
WARNING: [CaseManager] Validation: EvidenceData: discovery_method is required for evidence 'E3'
     at: push_warning (core/variant/variant_utility.cpp:1034)
     GDScript backtrace (most recent call first):
         [0] load_case (res://scripts/managers/case_manager.gd:114)
         [1] before_each (res://tests/integration/test_location_investigation_integration.gd:466)
         [2] _run_test (res://addons/gut/gut.gd:605)
         [3] _test_the_scripts (res://addons/gut/gut.gd:818)
WARNING: [CaseManager] Validation: EvidenceData: discovery_method is required for evidence 'E4'
     at: push_warning (core/variant/variant_utility.cpp:1034)
     GDScript backtrace (most recent call first):
         [0] load_case (res://scripts/managers/case_manager.gd:114)
         [1] before_each (res://tests/integration/test_location_investigation_integration.gd:466)
         [2] _run_test (res://addons/gut/gut.gd:605)
         [3] _test_the_scripts (res://addons/gut/gut.gd:818)
WARNING: [CaseManager] Validation: EvidenceData: discovery_method is required for evidence 'E5'
     at: push_warning (core/variant/variant_utility.cpp:1034)
     GDScript backtrace (most recent call first):
         [0] load_case (res://scripts/managers/case_manager.gd:114)
         [1] before_each (res://tests/integration/test_location_investigation_integration.gd:466)
         [2] _run_test (res://addons/gut/gut.gd:605)
         [3] _test_the_scripts (res://addons/gut/gut.gd:818)
WARNING: [CaseManager] Validation: EvidenceData: discovery_method is required for evidence 'E6'
     at: push_warning (core/variant/variant_utility.cpp:1034)
     GDScript backtrace (most recent call first):
         [0] load_case (res://scripts/managers/case_manager.gd:114)
         [1] before_each (res://tests/integration/test_location_investigation_integration.gd:466)
         [2] _run_test (res://addons/gut/gut.gd:605)
         [3] _test_the_scripts (res://addons/gut/gut.gd:818)
WARNING: [CaseManager] Validation: EvidenceData: discovery_method is required for evidence 'E15'
     at: push_warning (core/variant/variant_utility.cpp:1034)
     GDScript backtrace (most recent call first):
         [0] load_case (res://scripts/managers/case_manager.gd:114)
         [1] before_each (res://tests/integration/test_location_investigation_integration.gd:466)
         [2] _run_test (res://addons/gut/gut.gd:605)
         [3] _test_the_scripts (res://addons/gut/gut.gd:818)
WARNING: [CaseManager] Validation: EvidenceData: discovery_method is required for evidence 'E20'
     at: push_warning (core/variant/variant_utility.cpp:1034)
     GDScript backtrace (most recent call first):
         [0] load_case (res://scripts/managers/case_manager.gd:114)
         [1] before_each (res://tests/integration/test_location_investigation_integration.gd:466)
         [2] _run_test (res://addons/gut/gut.gd:605)
         [3] _test_the_scripts (res://addons/gut/gut.gd:818)
WARNING: [CaseManager] Validation: EvidenceData: discovery_method is required for evidence 'E14'
     at: push_warning (core/variant/variant_utility.cpp:1034)
     GDScript backtrace (most recent call first):
         [0] load_case (res://scripts/managers/case_manager.gd:114)
         [1] before_each (res://tests/integration/test_location_investigation_integration.gd:466)
         [2] _run_test (res://addons/gut/gut.gd:605)
         [3] _test_the_scripts (res://addons/gut/gut.gd:818)
WARNING: [CaseManager] Validation: EvidenceData: discovery_method is required for evidence 'E17'
     at: push_warning (core/variant/variant_utility.cpp:1034)
     GDScript backtrace (most recent call first):
         [0] load_case (res://scripts/managers/case_manager.gd:114)
         [1] before_each (res://tests/integration/test_location_investigation_integration.gd:466)
         [2] _run_test (res://addons/gut/gut.gd:605)
         [3] _test_the_scripts (res://addons/gut/gut.gd:818)
WARNING: [CaseManager] Validation: EvidenceData: discovery_method is required for evidence 'E18'
     at: push_warning (core/variant/variant_utility.cpp:1034)
     GDScript backtrace (most recent call first):
         [0] load_case (res://scripts/managers/case_manager.gd:114)
         [1] before_each (res://tests/integration/test_location_investigation_integration.gd:466)
         [2] _run_test (res://addons/gut/gut.gd:605)
         [3] _test_the_scripts (res://addons/gut/gut.gd:818)
WARNING: [CaseManager] Validation: EvidenceData: discovery_method is required for evidence 'E10'
     at: push_warning (core/variant/variant_utility.cpp:1034)
     GDScript backtrace (most recent call first):
         [0] load_case (res://scripts/managers/case_manager.gd:114)
         [1] before_each (res://tests/integration/test_location_investigation_integration.gd:466)
         [2] _run_test (res://addons/gut/gut.gd:605)
         [3] _test_the_scripts (res://addons/gut/gut.gd:818)
WARNING: [CaseManager] Validation: EvidenceData: discovery_method is required for evidence 'E12'
     at: push_warning (core/variant/variant_utility.cpp:1034)
     GDScript backtrace (most recent call first):
         [0] load_case (res://scripts/managers/case_manager.gd:114)
         [1] before_each (res://tests/integration/test_location_investigation_integration.gd:466)
         [2] _run_test (res://addons/gut/gut.gd:605)
         [3] _test_the_scripts (res://addons/gut/gut.gd:818)
WARNING: [CaseManager] Validation: EvidenceData: discovery_method is required for evidence 'E24'
     at: push_warning (core/variant/variant_utility.cpp:1034)
     GDScript backtrace (most recent call first):
         [0] load_case (res://scripts/managers/case_manager.gd:114)
         [1] before_each (res://tests/integration/test_location_investigation_integration.gd:466)
         [2] _run_test (res://addons/gut/gut.gd:605)
         [3] _test_the_scripts (res://addons/gut/gut.gd:818)
* test_five_locations_loaded
WARNING: [CaseManager] Validation: EvidenceData: discovery_method is required for evidence 'E3'
     at: push_warning (core/variant/variant_utility.cpp:1034)
     GDScript backtrace (most recent call first):
         [0] load_case (res://scripts/managers/case_manager.gd:114)
         [1] before_each (res://tests/integration/test_location_investigation_integration.gd:466)
         [2] _run_test (res://addons/gut/gut.gd:605)
         [3] _test_the_scripts (res://addons/gut/gut.gd:818)
WARNING: [CaseManager] Validation: EvidenceData: discovery_method is required for evidence 'E4'
     at: push_warning (core/variant/variant_utility.cpp:1034)
     GDScript backtrace (most recent call first):
         [0] load_case (res://scripts/managers/case_manager.gd:114)
         [1] before_each (res://tests/integration/test_location_investigation_integration.gd:466)
         [2] _run_test (res://addons/gut/gut.gd:605)
         [3] _test_the_scripts (res://addons/gut/gut.gd:818)
WARNING: [CaseManager] Validation: EvidenceData: discovery_method is required for evidence 'E5'
     at: push_warning (core/variant/variant_utility.cpp:1034)
     GDScript backtrace (most recent call first):
         [0] load_case (res://scripts/managers/case_manager.gd:114)
         [1] before_each (res://tests/integration/test_location_investigation_integration.gd:466)
         [2] _run_test (res://addons/gut/gut.gd:605)
         [3] _test_the_scripts (res://addons/gut/gut.gd:818)
WARNING: [CaseManager] Validation: EvidenceData: discovery_method is required for evidence 'E6'
     at: push_warning (core/variant/variant_utility.cpp:1034)
     GDScript backtrace (most recent call first):
         [0] load_case (res://scripts/managers/case_manager.gd:114)
         [1] before_each (res://tests/integration/test_location_investigation_integration.gd:466)
         [2] _run_test (res://addons/gut/gut.gd:605)
         [3] _test_the_scripts (res://addons/gut/gut.gd:818)
WARNING: [CaseManager] Validation: EvidenceData: discovery_method is required for evidence 'E15'
     at: push_warning (core/variant/variant_utility.cpp:1034)
     GDScript backtrace (most recent call first):
         [0] load_case (res://scripts/managers/case_manager.gd:114)
         [1] before_each (res://tests/integration/test_location_investigation_integration.gd:466)
         [2] _run_test (res://addons/gut/gut.gd:605)
         [3] _test_the_scripts (res://addons/gut/gut.gd:818)
WARNING: [CaseManager] Validation: EvidenceData: discovery_method is required for evidence 'E20'
     at: push_warning (core/variant/variant_utility.cpp:1034)
     GDScript backtrace (most recent call first):
         [0] load_case (res://scripts/managers/case_manager.gd:114)
         [1] before_each (res://tests/integration/test_location_investigation_integration.gd:466)
         [2] _run_test (res://addons/gut/gut.gd:605)
         [3] _test_the_scripts (res://addons/gut/gut.gd:818)
WARNING: [CaseManager] Validation: EvidenceData: discovery_method is required for evidence 'E14'
     at: push_warning (core/variant/variant_utility.cpp:1034)
     GDScript backtrace (most recent call first):
         [0] load_case (res://scripts/managers/case_manager.gd:114)
         [1] before_each (res://tests/integration/test_location_investigation_integration.gd:466)
         [2] _run_test (res://addons/gut/gut.gd:605)
         [3] _test_the_scripts (res://addons/gut/gut.gd:818)
WARNING: [CaseManager] Validation: EvidenceData: discovery_method is required for evidence 'E17'
     at: push_warning (core/variant/variant_utility.cpp:1034)
     GDScript backtrace (most recent call first):
         [0] load_case (res://scripts/managers/case_manager.gd:114)
         [1] before_each (res://tests/integration/test_location_investigation_integration.gd:466)
         [2] _run_test (res://addons/gut/gut.gd:605)
         [3] _test_the_scripts (res://addons/gut/gut.gd:818)
WARNING: [CaseManager] Validation: EvidenceData: discovery_method is required for evidence 'E18'
     at: push_warning (core/variant/variant_utility.cpp:1034)
     GDScript backtrace (most recent call first):
         [0] load_case (res://scripts/managers/case_manager.gd:114)
         [1] before_each (res://tests/integration/test_location_investigation_integration.gd:466)
         [2] _run_test (res://addons/gut/gut.gd:605)
         [3] _test_the_scripts (res://addons/gut/gut.gd:818)
WARNING: [CaseManager] Validation: EvidenceData: discovery_method is required for evidence 'E10'
     at: push_warning (core/variant/variant_utility.cpp:1034)
     GDScript backtrace (most recent call first):
         [0] load_case (res://scripts/managers/case_manager.gd:114)
         [1] before_each (res://tests/integration/test_location_investigation_integration.gd:466)
         [2] _run_test (res://addons/gut/gut.gd:605)
         [3] _test_the_scripts (res://addons/gut/gut.gd:818)
WARNING: [CaseManager] Validation: EvidenceData: discovery_method is required for evidence 'E12'
     at: push_warning (core/variant/variant_utility.cpp:1034)
     GDScript backtrace (most recent call first):
         [0] load_case (res://scripts/managers/case_manager.gd:114)
         [1] before_each (res://tests/integration/test_location_investigation_integration.gd:466)
         [2] _run_test (res://addons/gut/gut.gd:605)
         [3] _test_the_scripts (res://addons/gut/gut.gd:818)
WARNING: [CaseManager] Validation: EvidenceData: discovery_method is required for evidence 'E24'
     at: push_warning (core/variant/variant_utility.cpp:1034)
     GDScript backtrace (most recent call first):
         [0] load_case (res://scripts/managers/case_manager.gd:114)
         [1] before_each (res://tests/integration/test_location_investigation_integration.gd:466)
         [2] _run_test (res://addons/gut/gut.gd:605)
         [3] _test_the_scripts (res://addons/gut/gut.gd:818)
* test_twenty_objects_total
WARNING: [CaseManager] Validation: EvidenceData: discovery_method is required for evidence 'E3'
     at: push_warning (core/variant/variant_utility.cpp:1034)
     GDScript backtrace (most recent call first):
         [0] load_case (res://scripts/managers/case_manager.gd:114)
         [1] before_each (res://tests/integration/test_location_investigation_integration.gd:466)
         [2] _run_test (res://addons/gut/gut.gd:605)
         [3] _test_the_scripts (res://addons/gut/gut.gd:818)
WARNING: [CaseManager] Validation: EvidenceData: discovery_method is required for evidence 'E4'
     at: push_warning (core/variant/variant_utility.cpp:1034)
     GDScript backtrace (most recent call first):
         [0] load_case (res://scripts/managers/case_manager.gd:114)
         [1] before_each (res://tests/integration/test_location_investigation_integration.gd:466)
         [2] _run_test (res://addons/gut/gut.gd:605)
         [3] _test_the_scripts (res://addons/gut/gut.gd:818)
WARNING: [CaseManager] Validation: EvidenceData: discovery_method is required for evidence 'E5'
     at: push_warning (core/variant/variant_utility.cpp:1034)
     GDScript backtrace (most recent call first):
         [0] load_case (res://scripts/managers/case_manager.gd:114)
         [1] before_each (res://tests/integration/test_location_investigation_integration.gd:466)
         [2] _run_test (res://addons/gut/gut.gd:605)
         [3] _test_the_scripts (res://addons/gut/gut.gd:818)
WARNING: [CaseManager] Validation: EvidenceData: discovery_method is required for evidence 'E6'
     at: push_warning (core/variant/variant_utility.cpp:1034)
     GDScript backtrace (most recent call first):
         [0] load_case (res://scripts/managers/case_manager.gd:114)
         [1] before_each (res://tests/integration/test_location_investigation_integration.gd:466)
         [2] _run_test (res://addons/gut/gut.gd:605)
         [3] _test_the_scripts (res://addons/gut/gut.gd:818)
WARNING: [CaseManager] Validation: EvidenceData: discovery_method is required for evidence 'E15'
     at: push_warning (core/variant/variant_utility.cpp:1034)
     GDScript backtrace (most recent call first):
         [0] load_case (res://scripts/managers/case_manager.gd:114)
         [1] before_each (res://tests/integration/test_location_investigation_integration.gd:466)
         [2] _run_test (res://addons/gut/gut.gd:605)
         [3] _test_the_scripts (res://addons/gut/gut.gd:818)
WARNING: [CaseManager] Validation: EvidenceData: discovery_method is required for evidence 'E20'
     at: push_warning (core/variant/variant_utility.cpp:1034)
     GDScript backtrace (most recent call first):
         [0] load_case (res://scripts/managers/case_manager.gd:114)
         [1] before_each (res://tests/integration/test_location_investigation_integration.gd:466)
         [2] _run_test (res://addons/gut/gut.gd:605)
         [3] _test_the_scripts (res://addons/gut/gut.gd:818)
WARNING: [CaseManager] Validation: EvidenceData: discovery_method is required for evidence 'E14'
     at: push_warning (core/variant/variant_utility.cpp:1034)
     GDScript backtrace (most recent call first):
         [0] load_case (res://scripts/managers/case_manager.gd:114)
         [1] before_each (res://tests/integration/test_location_investigation_integration.gd:466)
         [2] _run_test (res://addons/gut/gut.gd:605)
         [3] _test_the_scripts (res://addons/gut/gut.gd:818)
WARNING: [CaseManager] Validation: EvidenceData: discovery_method is required for evidence 'E17'
     at: push_warning (core/variant/variant_utility.cpp:1034)
     GDScript backtrace (most recent call first):
         [0] load_case (res://scripts/managers/case_manager.gd:114)
         [1] before_each (res://tests/integration/test_location_investigation_integration.gd:466)
         [2] _run_test (res://addons/gut/gut.gd:605)
         [3] _test_the_scripts (res://addons/gut/gut.gd:818)
WARNING: [CaseManager] Validation: EvidenceData: discovery_method is required for evidence 'E18'
     at: push_warning (core/variant/variant_utility.cpp:1034)
     GDScript backtrace (most recent call first):
         [0] load_case (res://scripts/managers/case_manager.gd:114)
         [1] before_each (res://tests/integration/test_location_investigation_integration.gd:466)
         [2] _run_test (res://addons/gut/gut.gd:605)
         [3] _test_the_scripts (res://addons/gut/gut.gd:818)
WARNING: [CaseManager] Validation: EvidenceData: discovery_method is required for evidence 'E10'
     at: push_warning (core/variant/variant_utility.cpp:1034)
     GDScript backtrace (most recent call first):
         [0] load_case (res://scripts/managers/case_manager.gd:114)
         [1] before_each (res://tests/integration/test_location_investigation_integration.gd:466)
         [2] _run_test (res://addons/gut/gut.gd:605)
         [3] _test_the_scripts (res://addons/gut/gut.gd:818)
WARNING: [CaseManager] Validation: EvidenceData: discovery_method is required for evidence 'E12'
     at: push_warning (core/variant/variant_utility.cpp:1034)
     GDScript backtrace (most recent call first):
         [0] load_case (res://scripts/managers/case_manager.gd:114)
         [1] before_each (res://tests/integration/test_location_investigation_integration.gd:466)
         [2] _run_test (res://addons/gut/gut.gd:605)
         [3] _test_the_scripts (res://addons/gut/gut.gd:818)
WARNING: [CaseManager] Validation: EvidenceData: discovery_method is required for evidence 'E24'
     at: push_warning (core/variant/variant_utility.cpp:1034)
     GDScript backtrace (most recent call first):
         [0] load_case (res://scripts/managers/case_manager.gd:114)
         [1] before_each (res://tests/integration/test_location_investigation_integration.gd:466)
         [2] _run_test (res://addons/gut/gut.gd:605)
         [3] _test_the_scripts (res://addons/gut/gut.gd:818)
[1m9/9 passed.
[0m[4m

res://tests/integration/test_phase11_integration.gd
[0m* test_lab_completion_discovers_evidence
WARNING: [CaseManager] Validation: EvidenceData: discovery_method is required for evidence 'ev_knife'
     at: push_warning (core/variant/variant_utility.cpp:1034)
     GDScript backtrace (most recent call first):
         [0] load_case (res://scripts/managers/case_manager.gd:114)
         [1] before_each (res://tests/integration/test_phase11_integration.gd:135)
         [2] _run_test (res://addons/gut/gut.gd:605)
         [3] _test_the_scripts (res://addons/gut/gut.gd:818)
WARNING: [CaseManager] Validation: EvidenceData: discovery_method is required for evidence 'ev_knife_dna'
     at: push_warning (core/variant/variant_utility.cpp:1034)
     GDScript backtrace (most recent call first):
         [0] load_case (res://scripts/managers/case_manager.gd:114)
         [1] before_each (res://tests/integration/test_phase11_integration.gd:135)
         [2] _run_test (res://addons/gut/gut.gd:605)
         [3] _test_the_scripts (res://addons/gut/gut.gd:818)
WARNING: [CaseManager] Validation: EvidenceData: discovery_method is required for evidence 'ev_motive_doc'
     at: push_warning (core/variant/variant_utility.cpp:1034)
     GDScript backtrace (most recent call first):
         [0] load_case (res://scripts/managers/case_manager.gd:114)
         [1] before_each (res://tests/integration/test_phase11_integration.gd:135)
         [2] _run_test (res://addons/gut/gut.gd:605)
         [3] _test_the_scripts (res://addons/gut/gut.gd:818)
WARNING: [CaseManager] Validation: EvidenceData: discovery_method is required for evidence 'ev_opportunity'
     at: push_warning (core/variant/variant_utility.cpp:1034)
     GDScript backtrace (most recent call first):
         [0] load_case (res://scripts/managers/case_manager.gd:114)
         [1] before_each (res://tests/integration/test_phase11_integration.gd:135)
         [2] _run_test (res://addons/gut/gut.gd:605)
         [3] _test_the_scripts (res://addons/gut/gut.gd:818)
WARNING: [CaseManager] Validation: EvidenceData: discovery_method is required for evidence 'ev_blood'
     at: push_warning (core/variant/variant_utility.cpp:1034)
     GDScript backtrace (most recent call first):
         [0] load_case (res://scripts/managers/case_manager.gd:114)
         [1] before_each (res://tests/integration/test_phase11_integration.gd:135)
         [2] _run_test (res://addons/gut/gut.gd:605)
         [3] _test_the_scripts (res://addons/gut/gut.gd:818)
WARNING: [CaseManager] Validation: EvidenceData: discovery_method is required for evidence 'ev_blood_result'
     at: push_warning (core/variant/variant_utility.cpp:1034)
     GDScript backtrace (most recent call first):
         [0] load_case (res://scripts/managers/case_manager.gd:114)
         [1] before_each (res://tests/integration/test_phase11_integration.gd:135)
         [2] _run_test (res://addons/gut/gut.gd:605)
         [3] _test_the_scripts (res://addons/gut/gut.gd:818)
* test_lab_completion_output_usable_for_warrants
WARNING: [CaseManager] Validation: EvidenceData: discovery_method is required for evidence 'ev_knife'
     at: push_warning (core/variant/variant_utility.cpp:1034)
     GDScript backtrace (most recent call first):
         [0] load_case (res://scripts/managers/case_manager.gd:114)
         [1] before_each (res://tests/integration/test_phase11_integration.gd:135)
         [2] _run_test (res://addons/gut/gut.gd:605)
         [3] _test_the_scripts (res://addons/gut/gut.gd:818)
WARNING: [CaseManager] Validation: EvidenceData: discovery_method is required for evidence 'ev_knife_dna'
     at: push_warning (core/variant/variant_utility.cpp:1034)
     GDScript backtrace (most recent call first):
         [0] load_case (res://scripts/managers/case_manager.gd:114)
         [1] before_each (res://tests/integration/test_phase11_integration.gd:135)
         [2] _run_test (res://addons/gut/gut.gd:605)
         [3] _test_the_scripts (res://addons/gut/gut.gd:818)
WARNING: [CaseManager] Validation: EvidenceData: discovery_method is required for evidence 'ev_motive_doc'
     at: push_warning (core/variant/variant_utility.cpp:1034)
     GDScript backtrace (most recent call first):
         [0] load_case (res://scripts/managers/case_manager.gd:114)
         [1] before_each (res://tests/integration/test_phase11_integration.gd:135)
         [2] _run_test (res://addons/gut/gut.gd:605)
         [3] _test_the_scripts (res://addons/gut/gut.gd:818)
WARNING: [CaseManager] Validation: EvidenceData: discovery_method is required for evidence 'ev_opportunity'
     at: push_warning (core/variant/variant_utility.cpp:1034)
     GDScript backtrace (most recent call first):
         [0] load_case (res://scripts/managers/case_manager.gd:114)
         [1] before_each (res://tests/integration/test_phase11_integration.gd:135)
         [2] _run_test (res://addons/gut/gut.gd:605)
         [3] _test_the_scripts (res://addons/gut/gut.gd:818)
WARNING: [CaseManager] Validation: EvidenceData: discovery_method is required for evidence 'ev_blood'
     at: push_warning (core/variant/variant_utility.cpp:1034)
     GDScript backtrace (most recent call first):
         [0] load_case (res://scripts/managers/case_manager.gd:114)
         [1] before_each (res://tests/integration/test_phase11_integration.gd:135)
         [2] _run_test (res://addons/gut/gut.gd:605)
         [3] _test_the_scripts (res://addons/gut/gut.gd:818)
WARNING: [CaseManager] Validation: EvidenceData: discovery_method is required for evidence 'ev_blood_result'
     at: push_warning (core/variant/variant_utility.cpp:1034)
     GDScript backtrace (most recent call first):
         [0] load_case (res://scripts/managers/case_manager.gd:114)
         [1] before_each (res://tests/integration/test_phase11_integration.gd:135)
         [2] _run_test (res://addons/gut/gut.gd:605)
         [3] _test_the_scripts (res://addons/gut/gut.gd:818)
* test_multiple_lab_requests_sequential
WARNING: [CaseManager] Validation: EvidenceData: discovery_method is required for evidence 'ev_knife'
     at: push_warning (core/variant/variant_utility.cpp:1034)
     GDScript backtrace (most recent call first):
         [0] load_case (res://scripts/managers/case_manager.gd:114)
         [1] before_each (res://tests/integration/test_phase11_integration.gd:135)
         [2] _run_test (res://addons/gut/gut.gd:605)
         [3] _test_the_scripts (res://addons/gut/gut.gd:818)
WARNING: [CaseManager] Validation: EvidenceData: discovery_method is required for evidence 'ev_knife_dna'
     at: push_warning (core/variant/variant_utility.cpp:1034)
     GDScript backtrace (most recent call first):
         [0] load_case (res://scripts/managers/case_manager.gd:114)
         [1] before_each (res://tests/integration/test_phase11_integration.gd:135)
         [2] _run_test (res://addons/gut/gut.gd:605)
         [3] _test_the_scripts (res://addons/gut/gut.gd:818)
WARNING: [CaseManager] Validation: EvidenceData: discovery_method is required for evidence 'ev_motive_doc'
     at: push_warning (core/variant/variant_utility.cpp:1034)
     GDScript backtrace (most recent call first):
         [0] load_case (res://scripts/managers/case_manager.gd:114)
         [1] before_each (res://tests/integration/test_phase11_integration.gd:135)
         [2] _run_test (res://addons/gut/gut.gd:605)
         [3] _test_the_scripts (res://addons/gut/gut.gd:818)
WARNING: [CaseManager] Validation: EvidenceData: discovery_method is required for evidence 'ev_opportunity'
     at: push_warning (core/variant/variant_utility.cpp:1034)
     GDScript backtrace (most recent call first):
         [0] load_case (res://scripts/managers/case_manager.gd:114)
         [1] before_each (res://tests/integration/test_phase11_integration.gd:135)
         [2] _run_test (res://addons/gut/gut.gd:605)
         [3] _test_the_scripts (res://addons/gut/gut.gd:818)
WARNING: [CaseManager] Validation: EvidenceData: discovery_method is required for evidence 'ev_blood'
     at: push_warning (core/variant/variant_utility.cpp:1034)
     GDScript backtrace (most recent call first):
         [0] load_case (res://scripts/managers/case_manager.gd:114)
         [1] before_each (res://tests/integration/test_phase11_integration.gd:135)
         [2] _run_test (res://addons/gut/gut.gd:605)
         [3] _test_the_scripts (res://addons/gut/gut.gd:818)
WARNING: [CaseManager] Validation: EvidenceData: discovery_method is required for evidence 'ev_blood_result'
     at: push_warning (core/variant/variant_utility.cpp:1034)
     GDScript backtrace (most recent call first):
         [0] load_case (res://scripts/managers/case_manager.gd:114)
         [1] before_each (res://tests/integration/test_phase11_integration.gd:135)
         [2] _run_test (res://addons/gut/gut.gd:605)
         [3] _test_the_scripts (res://addons/gut/gut.gd:818)
* test_surveillance_tracks_person
WARNING: [CaseManager] Validation: EvidenceData: discovery_method is required for evidence 'ev_knife'
     at: push_warning (core/variant/variant_utility.cpp:1034)
     GDScript backtrace (most recent call first):
         [0] load_case (res://scripts/managers/case_manager.gd:114)
         [1] before_each (res://tests/integration/test_phase11_integration.gd:135)
         [2] _run_test (res://addons/gut/gut.gd:605)
         [3] _test_the_scripts (res://addons/gut/gut.gd:818)
WARNING: [CaseManager] Validation: EvidenceData: discovery_method is required for evidence 'ev_knife_dna'
     at: push_warning (core/variant/variant_utility.cpp:1034)
     GDScript backtrace (most recent call first):
         [0] load_case (res://scripts/managers/case_manager.gd:114)
         [1] before_each (res://tests/integration/test_phase11_integration.gd:135)
         [2] _run_test (res://addons/gut/gut.gd:605)
         [3] _test_the_scripts (res://addons/gut/gut.gd:818)
WARNING: [CaseManager] Validation: EvidenceData: discovery_method is required for evidence 'ev_motive_doc'
     at: push_warning (core/variant/variant_utility.cpp:1034)
     GDScript backtrace (most recent call first):
         [0] load_case (res://scripts/managers/case_manager.gd:114)
         [1] before_each (res://tests/integration/test_phase11_integration.gd:135)
         [2] _run_test (res://addons/gut/gut.gd:605)
         [3] _test_the_scripts (res://addons/gut/gut.gd:818)
WARNING: [CaseManager] Validation: EvidenceData: discovery_method is required for evidence 'ev_opportunity'
     at: push_warning (core/variant/variant_utility.cpp:1034)
     GDScript backtrace (most recent call first):
         [0] load_case (res://scripts/managers/case_manager.gd:114)
         [1] before_each (res://tests/integration/test_phase11_integration.gd:135)
         [2] _run_test (res://addons/gut/gut.gd:605)
         [3] _test_the_scripts (res://addons/gut/gut.gd:818)
WARNING: [CaseManager] Validation: EvidenceData: discovery_method is required for evidence 'ev_blood'
     at: push_warning (core/variant/variant_utility.cpp:1034)
     GDScript backtrace (most recent call first):
         [0] load_case (res://scripts/managers/case_manager.gd:114)
         [1] before_each (res://tests/integration/test_phase11_integration.gd:135)
         [2] _run_test (res://addons/gut/gut.gd:605)
         [3] _test_the_scripts (res://addons/gut/gut.gd:818)
WARNING: [CaseManager] Validation: EvidenceData: discovery_method is required for evidence 'ev_blood_result'
     at: push_warning (core/variant/variant_utility.cpp:1034)
     GDScript backtrace (most recent call first):
         [0] load_case (res://scripts/managers/case_manager.gd:114)
         [1] before_each (res://tests/integration/test_phase11_integration.gd:135)
         [2] _run_test (res://addons/gut/gut.gd:605)
         [3] _test_the_scripts (res://addons/gut/gut.gd:818)
* test_surveillance_expiry_clears_tracking
WARNING: [CaseManager] Validation: EvidenceData: discovery_method is required for evidence 'ev_knife'
     at: push_warning (core/variant/variant_utility.cpp:1034)
     GDScript backtrace (most recent call first):
         [0] load_case (res://scripts/managers/case_manager.gd:114)
         [1] before_each (res://tests/integration/test_phase11_integration.gd:135)
         [2] _run_test (res://addons/gut/gut.gd:605)
         [3] _test_the_scripts (res://addons/gut/gut.gd:818)
WARNING: [CaseManager] Validation: EvidenceData: discovery_method is required for evidence 'ev_knife_dna'
     at: push_warning (core/variant/variant_utility.cpp:1034)
     GDScript backtrace (most recent call first):
         [0] load_case (res://scripts/managers/case_manager.gd:114)
         [1] before_each (res://tests/integration/test_phase11_integration.gd:135)
         [2] _run_test (res://addons/gut/gut.gd:605)
         [3] _test_the_scripts (res://addons/gut/gut.gd:818)
WARNING: [CaseManager] Validation: EvidenceData: discovery_method is required for evidence 'ev_motive_doc'
     at: push_warning (core/variant/variant_utility.cpp:1034)
     GDScript backtrace (most recent call first):
         [0] load_case (res://scripts/managers/case_manager.gd:114)
         [1] before_each (res://tests/integration/test_phase11_integration.gd:135)
         [2] _run_test (res://addons/gut/gut.gd:605)
         [3] _test_the_scripts (res://addons/gut/gut.gd:818)
WARNING: [CaseManager] Validation: EvidenceData: discovery_method is required for evidence 'ev_opportunity'
     at: push_warning (core/variant/variant_utility.cpp:1034)
     GDScript backtrace (most recent call first):
         [0] load_case (res://scripts/managers/case_manager.gd:114)
         [1] before_each (res://tests/integration/test_phase11_integration.gd:135)
         [2] _run_test (res://addons/gut/gut.gd:605)
         [3] _test_the_scripts (res://addons/gut/gut.gd:818)
WARNING: [CaseManager] Validation: EvidenceData: discovery_method is required for evidence 'ev_blood'
     at: push_warning (core/variant/variant_utility.cpp:1034)
     GDScript backtrace (most recent call first):
         [0] load_case (res://scripts/managers/case_manager.gd:114)
         [1] before_each (res://tests/integration/test_phase11_integration.gd:135)
         [2] _run_test (res://addons/gut/gut.gd:605)
         [3] _test_the_scripts (res://addons/gut/gut.gd:818)
WARNING: [CaseManager] Validation: EvidenceData: discovery_method is required for evidence 'ev_blood_result'
     at: push_warning (core/variant/variant_utility.cpp:1034)
     GDScript backtrace (most recent call first):
         [0] load_case (res://scripts/managers/case_manager.gd:114)
         [1] before_each (res://tests/integration/test_phase11_integration.gd:135)
         [2] _run_test (res://addons/gut/gut.gd:605)
         [3] _test_the_scripts (res://addons/gut/gut.gd:818)
* test_surveillance_after_expiry_allows_reinstall
WARNING: [CaseManager] Validation: EvidenceData: discovery_method is required for evidence 'ev_knife'
     at: push_warning (core/variant/variant_utility.cpp:1034)
     GDScript backtrace (most recent call first):
         [0] load_case (res://scripts/managers/case_manager.gd:114)
         [1] before_each (res://tests/integration/test_phase11_integration.gd:135)
         [2] _run_test (res://addons/gut/gut.gd:605)
         [3] _test_the_scripts (res://addons/gut/gut.gd:818)
WARNING: [CaseManager] Validation: EvidenceData: discovery_method is required for evidence 'ev_knife_dna'
     at: push_warning (core/variant/variant_utility.cpp:1034)
     GDScript backtrace (most recent call first):
         [0] load_case (res://scripts/managers/case_manager.gd:114)
         [1] before_each (res://tests/integration/test_phase11_integration.gd:135)
         [2] _run_test (res://addons/gut/gut.gd:605)
         [3] _test_the_scripts (res://addons/gut/gut.gd:818)
WARNING: [CaseManager] Validation: EvidenceData: discovery_method is required for evidence 'ev_motive_doc'
     at: push_warning (core/variant/variant_utility.cpp:1034)
     GDScript backtrace (most recent call first):
         [0] load_case (res://scripts/managers/case_manager.gd:114)
         [1] before_each (res://tests/integration/test_phase11_integration.gd:135)
         [2] _run_test (res://addons/gut/gut.gd:605)
         [3] _test_the_scripts (res://addons/gut/gut.gd:818)
WARNING: [CaseManager] Validation: EvidenceData: discovery_method is required for evidence 'ev_opportunity'
     at: push_warning (core/variant/variant_utility.cpp:1034)
     GDScript backtrace (most recent call first):
         [0] load_case (res://scripts/managers/case_manager.gd:114)
         [1] before_each (res://tests/integration/test_phase11_integration.gd:135)
         [2] _run_test (res://addons/gut/gut.gd:605)
         [3] _test_the_scripts (res://addons/gut/gut.gd:818)
WARNING: [CaseManager] Validation: EvidenceData: discovery_method is required for evidence 'ev_blood'
     at: push_warning (core/variant/variant_utility.cpp:1034)
     GDScript backtrace (most recent call first):
         [0] load_case (res://scripts/managers/case_manager.gd:114)
         [1] before_each (res://tests/integration/test_phase11_integration.gd:135)
         [2] _run_test (res://addons/gut/gut.gd:605)
         [3] _test_the_scripts (res://addons/gut/gut.gd:818)
WARNING: [CaseManager] Validation: EvidenceData: discovery_method is required for evidence 'ev_blood_result'
     at: push_warning (core/variant/variant_utility.cpp:1034)
     GDScript backtrace (most recent call first):
         [0] load_case (res://scripts/managers/case_manager.gd:114)
         [1] before_each (res://tests/integration/test_phase11_integration.gd:135)
         [2] _run_test (res://addons/gut/gut.gd:605)
         [3] _test_the_scripts (res://addons/gut/gut.gd:818)
* test_warrant_requires_sufficient_categories
WARNING: [CaseManager] Validation: EvidenceData: discovery_method is required for evidence 'ev_knife'
     at: push_warning (core/variant/variant_utility.cpp:1034)
     GDScript backtrace (most recent call first):
         [0] load_case (res://scripts/managers/case_manager.gd:114)
         [1] before_each (res://tests/integration/test_phase11_integration.gd:135)
         [2] _run_test (res://addons/gut/gut.gd:605)
         [3] _test_the_scripts (res://addons/gut/gut.gd:818)
WARNING: [CaseManager] Validation: EvidenceData: discovery_method is required for evidence 'ev_knife_dna'
     at: push_warning (core/variant/variant_utility.cpp:1034)
     GDScript backtrace (most recent call first):
         [0] load_case (res://scripts/managers/case_manager.gd:114)
         [1] before_each (res://tests/integration/test_phase11_integration.gd:135)
         [2] _run_test (res://addons/gut/gut.gd:605)
         [3] _test_the_scripts (res://addons/gut/gut.gd:818)
WARNING: [CaseManager] Validation: EvidenceData: discovery_method is required for evidence 'ev_motive_doc'
     at: push_warning (core/variant/variant_utility.cpp:1034)
     GDScript backtrace (most recent call first):
         [0] load_case (res://scripts/managers/case_manager.gd:114)
         [1] before_each (res://tests/integration/test_phase11_integration.gd:135)
         [2] _run_test (res://addons/gut/gut.gd:605)
         [3] _test_the_scripts (res://addons/gut/gut.gd:818)
WARNING: [CaseManager] Validation: EvidenceData: discovery_method is required for evidence 'ev_opportunity'
     at: push_warning (core/variant/variant_utility.cpp:1034)
     GDScript backtrace (most recent call first):
         [0] load_case (res://scripts/managers/case_manager.gd:114)
         [1] before_each (res://tests/integration/test_phase11_integration.gd:135)
         [2] _run_test (res://addons/gut/gut.gd:605)
         [3] _test_the_scripts (res://addons/gut/gut.gd:818)
WARNING: [CaseManager] Validation: EvidenceData: discovery_method is required for evidence 'ev_blood'
     at: push_warning (core/variant/variant_utility.cpp:1034)
     GDScript backtrace (most recent call first):
         [0] load_case (res://scripts/managers/case_manager.gd:114)
         [1] before_each (res://tests/integration/test_phase11_integration.gd:135)
         [2] _run_test (res://addons/gut/gut.gd:605)
         [3] _test_the_scripts (res://addons/gut/gut.gd:818)
WARNING: [CaseManager] Validation: EvidenceData: discovery_method is required for evidence 'ev_blood_result'
     at: push_warning (core/variant/variant_utility.cpp:1034)
     GDScript backtrace (most recent call first):
         [0] load_case (res://scripts/managers/case_manager.gd:114)
         [1] before_each (res://tests/integration/test_phase11_integration.gd:135)
         [2] _run_test (res://addons/gut/gut.gd:605)
         [3] _test_the_scripts (res://addons/gut/gut.gd:818)
* test_warrant_judge_feedback_quality
WARNING: [CaseManager] Validation: EvidenceData: discovery_method is required for evidence 'ev_knife'
     at: push_warning (core/variant/variant_utility.cpp:1034)
     GDScript backtrace (most recent call first):
         [0] load_case (res://scripts/managers/case_manager.gd:114)
         [1] before_each (res://tests/integration/test_phase11_integration.gd:135)
         [2] _run_test (res://addons/gut/gut.gd:605)
         [3] _test_the_scripts (res://addons/gut/gut.gd:818)
WARNING: [CaseManager] Validation: EvidenceData: discovery_method is required for evidence 'ev_knife_dna'
     at: push_warning (core/variant/variant_utility.cpp:1034)
     GDScript backtrace (most recent call first):
         [0] load_case (res://scripts/managers/case_manager.gd:114)
         [1] before_each (res://tests/integration/test_phase11_integration.gd:135)
         [2] _run_test (res://addons/gut/gut.gd:605)
         [3] _test_the_scripts (res://addons/gut/gut.gd:818)
WARNING: [CaseManager] Validation: EvidenceData: discovery_method is required for evidence 'ev_motive_doc'
     at: push_warning (core/variant/variant_utility.cpp:1034)
     GDScript backtrace (most recent call first):
         [0] load_case (res://scripts/managers/case_manager.gd:114)
         [1] before_each (res://tests/integration/test_phase11_integration.gd:135)
         [2] _run_test (res://addons/gut/gut.gd:605)
         [3] _test_the_scripts (res://addons/gut/gut.gd:818)
WARNING: [CaseManager] Validation: EvidenceData: discovery_method is required for evidence 'ev_opportunity'
     at: push_warning (core/variant/variant_utility.cpp:1034)
     GDScript backtrace (most recent call first):
         [0] load_case (res://scripts/managers/case_manager.gd:114)
         [1] before_each (res://tests/integration/test_phase11_integration.gd:135)
         [2] _run_test (res://addons/gut/gut.gd:605)
         [3] _test_the_scripts (res://addons/gut/gut.gd:818)
WARNING: [CaseManager] Validation: EvidenceData: discovery_method is required for evidence 'ev_blood'
     at: push_warning (core/variant/variant_utility.cpp:1034)
     GDScript backtrace (most recent call first):
         [0] load_case (res://scripts/managers/case_manager.gd:114)
         [1] before_each (res://tests/integration/test_phase11_integration.gd:135)
         [2] _run_test (res://addons/gut/gut.gd:605)
         [3] _test_the_scripts (res://addons/gut/gut.gd:818)
WARNING: [CaseManager] Validation: EvidenceData: discovery_method is required for evidence 'ev_blood_result'
     at: push_warning (core/variant/variant_utility.cpp:1034)
     GDScript backtrace (most recent call first):
         [0] load_case (res://scripts/managers/case_manager.gd:114)
         [1] before_each (res://tests/integration/test_phase11_integration.gd:135)
         [2] _run_test (res://addons/gut/gut.gd:605)
         [3] _test_the_scripts (res://addons/gut/gut.gd:818)
* test_denied_warrant_records_history
WARNING: [CaseManager] Validation: EvidenceData: discovery_method is required for evidence 'ev_knife'
     at: push_warning (core/variant/variant_utility.cpp:1034)
     GDScript backtrace (most recent call first):
         [0] load_case (res://scripts/managers/case_manager.gd:114)
         [1] before_each (res://tests/integration/test_phase11_integration.gd:135)
         [2] _run_test (res://addons/gut/gut.gd:605)
         [3] _test_the_scripts (res://addons/gut/gut.gd:818)
WARNING: [CaseManager] Validation: EvidenceData: discovery_method is required for evidence 'ev_knife_dna'
     at: push_warning (core/variant/variant_utility.cpp:1034)
     GDScript backtrace (most recent call first):
         [0] load_case (res://scripts/managers/case_manager.gd:114)
         [1] before_each (res://tests/integration/test_phase11_integration.gd:135)
         [2] _run_test (res://addons/gut/gut.gd:605)
         [3] _test_the_scripts (res://addons/gut/gut.gd:818)
WARNING: [CaseManager] Validation: EvidenceData: discovery_method is required for evidence 'ev_motive_doc'
     at: push_warning (core/variant/variant_utility.cpp:1034)
     GDScript backtrace (most recent call first):
         [0] load_case (res://scripts/managers/case_manager.gd:114)
         [1] before_each (res://tests/integration/test_phase11_integration.gd:135)
         [2] _run_test (res://addons/gut/gut.gd:605)
         [3] _test_the_scripts (res://addons/gut/gut.gd:818)
WARNING: [CaseManager] Validation: EvidenceData: discovery_method is required for evidence 'ev_opportunity'
     at: push_warning (core/variant/variant_utility.cpp:1034)
     GDScript backtrace (most recent call first):
         [0] load_case (res://scripts/managers/case_manager.gd:114)
         [1] before_each (res://tests/integration/test_phase11_integration.gd:135)
         [2] _run_test (res://addons/gut/gut.gd:605)
         [3] _test_the_scripts (res://addons/gut/gut.gd:818)
WARNING: [CaseManager] Validation: EvidenceData: discovery_method is required for evidence 'ev_blood'
     at: push_warning (core/variant/variant_utility.cpp:1034)
     GDScript backtrace (most recent call first):
         [0] load_case (res://scripts/managers/case_manager.gd:114)
         [1] before_each (res://tests/integration/test_phase11_integration.gd:135)
         [2] _run_test (res://addons/gut/gut.gd:605)
         [3] _test_the_scripts (res://addons/gut/gut.gd:818)
WARNING: [CaseManager] Validation: EvidenceData: discovery_method is required for evidence 'ev_blood_result'
     at: push_warning (core/variant/variant_utility.cpp:1034)
     GDScript backtrace (most recent call first):
         [0] load_case (res://scripts/managers/case_manager.gd:114)
         [1] before_each (res://tests/integration/test_phase11_integration.gd:135)
         [2] _run_test (res://addons/gut/gut.gd:605)
         [3] _test_the_scripts (res://addons/gut/gut.gd:818)
* test_arrest_requires_three_categories
WARNING: [CaseManager] Validation: EvidenceData: discovery_method is required for evidence 'ev_knife'
     at: push_warning (core/variant/variant_utility.cpp:1034)
     GDScript backtrace (most recent call first):
         [0] load_case (res://scripts/managers/case_manager.gd:114)
         [1] before_each (res://tests/integration/test_phase11_integration.gd:135)
         [2] _run_test (res://addons/gut/gut.gd:605)
         [3] _test_the_scripts (res://addons/gut/gut.gd:818)
WARNING: [CaseManager] Validation: EvidenceData: discovery_method is required for evidence 'ev_knife_dna'
     at: push_warning (core/variant/variant_utility.cpp:1034)
     GDScript backtrace (most recent call first):
         [0] load_case (res://scripts/managers/case_manager.gd:114)
         [1] before_each (res://tests/integration/test_phase11_integration.gd:135)
         [2] _run_test (res://addons/gut/gut.gd:605)
         [3] _test_the_scripts (res://addons/gut/gut.gd:818)
WARNING: [CaseManager] Validation: EvidenceData: discovery_method is required for evidence 'ev_motive_doc'
     at: push_warning (core/variant/variant_utility.cpp:1034)
     GDScript backtrace (most recent call first):
         [0] load_case (res://scripts/managers/case_manager.gd:114)
         [1] before_each (res://tests/integration/test_phase11_integration.gd:135)
         [2] _run_test (res://addons/gut/gut.gd:605)
         [3] _test_the_scripts (res://addons/gut/gut.gd:818)
WARNING: [CaseManager] Validation: EvidenceData: discovery_method is required for evidence 'ev_opportunity'
     at: push_warning (core/variant/variant_utility.cpp:1034)
     GDScript backtrace (most recent call first):
         [0] load_case (res://scripts/managers/case_manager.gd:114)
         [1] before_each (res://tests/integration/test_phase11_integration.gd:135)
         [2] _run_test (res://addons/gut/gut.gd:605)
         [3] _test_the_scripts (res://addons/gut/gut.gd:818)
WARNING: [CaseManager] Validation: EvidenceData: discovery_method is required for evidence 'ev_blood'
     at: push_warning (core/variant/variant_utility.cpp:1034)
     GDScript backtrace (most recent call first):
         [0] load_case (res://scripts/managers/case_manager.gd:114)
         [1] before_each (res://tests/integration/test_phase11_integration.gd:135)
         [2] _run_test (res://addons/gut/gut.gd:605)
         [3] _test_the_scripts (res://addons/gut/gut.gd:818)
WARNING: [CaseManager] Validation: EvidenceData: discovery_method is required for evidence 'ev_blood_result'
     at: push_warning (core/variant/variant_utility.cpp:1034)
     GDScript backtrace (most recent call first):
         [0] load_case (res://scripts/managers/case_manager.gd:114)
         [1] before_each (res://tests/integration/test_phase11_integration.gd:135)
         [2] _run_test (res://addons/gut/gut.gd:605)
         [3] _test_the_scripts (res://addons/gut/gut.gd:818)
* test_arrest_creates_warrant_record
WARNING: [CaseManager] Validation: EvidenceData: discovery_method is required for evidence 'ev_knife'
     at: push_warning (core/variant/variant_utility.cpp:1034)
     GDScript backtrace (most recent call first):
         [0] load_case (res://scripts/managers/case_manager.gd:114)
         [1] before_each (res://tests/integration/test_phase11_integration.gd:135)
         [2] _run_test (res://addons/gut/gut.gd:605)
         [3] _test_the_scripts (res://addons/gut/gut.gd:818)
WARNING: [CaseManager] Validation: EvidenceData: discovery_method is required for evidence 'ev_knife_dna'
     at: push_warning (core/variant/variant_utility.cpp:1034)
     GDScript backtrace (most recent call first):
         [0] load_case (res://scripts/managers/case_manager.gd:114)
         [1] before_each (res://tests/integration/test_phase11_integration.gd:135)
         [2] _run_test (res://addons/gut/gut.gd:605)
         [3] _test_the_scripts (res://addons/gut/gut.gd:818)
WARNING: [CaseManager] Validation: EvidenceData: discovery_method is required for evidence 'ev_motive_doc'
     at: push_warning (core/variant/variant_utility.cpp:1034)
     GDScript backtrace (most recent call first):
         [0] load_case (res://scripts/managers/case_manager.gd:114)
         [1] before_each (res://tests/integration/test_phase11_integration.gd:135)
         [2] _run_test (res://addons/gut/gut.gd:605)
         [3] _test_the_scripts (res://addons/gut/gut.gd:818)
WARNING: [CaseManager] Validation: EvidenceData: discovery_method is required for evidence 'ev_opportunity'
     at: push_warning (core/variant/variant_utility.cpp:1034)
     GDScript backtrace (most recent call first):
         [0] load_case (res://scripts/managers/case_manager.gd:114)
         [1] before_each (res://tests/integration/test_phase11_integration.gd:135)
         [2] _run_test (res://addons/gut/gut.gd:605)
         [3] _test_the_scripts (res://addons/gut/gut.gd:818)
WARNING: [CaseManager] Validation: EvidenceData: discovery_method is required for evidence 'ev_blood'
     at: push_warning (core/variant/variant_utility.cpp:1034)
     GDScript backtrace (most recent call first):
         [0] load_case (res://scripts/managers/case_manager.gd:114)
         [1] before_each (res://tests/integration/test_phase11_integration.gd:135)
         [2] _run_test (res://addons/gut/gut.gd:605)
         [3] _test_the_scripts (res://addons/gut/gut.gd:818)
WARNING: [CaseManager] Validation: EvidenceData: discovery_method is required for evidence 'ev_blood_result'
     at: push_warning (core/variant/variant_utility.cpp:1034)
     GDScript backtrace (most recent call first):
         [0] load_case (res://scripts/managers/case_manager.gd:114)
         [1] before_each (res://tests/integration/test_phase11_integration.gd:135)
         [2] _run_test (res://addons/gut/gut.gd:605)
         [3] _test_the_scripts (res://addons/gut/gut.gd:818)
* test_lab_evidence_enables_arrest
WARNING: [CaseManager] Validation: EvidenceData: discovery_method is required for evidence 'ev_knife'
     at: push_warning (core/variant/variant_utility.cpp:1034)
     GDScript backtrace (most recent call first):
         [0] load_case (res://scripts/managers/case_manager.gd:114)
         [1] before_each (res://tests/integration/test_phase11_integration.gd:135)
         [2] _run_test (res://addons/gut/gut.gd:605)
         [3] _test_the_scripts (res://addons/gut/gut.gd:818)
WARNING: [CaseManager] Validation: EvidenceData: discovery_method is required for evidence 'ev_knife_dna'
     at: push_warning (core/variant/variant_utility.cpp:1034)
     GDScript backtrace (most recent call first):
         [0] load_case (res://scripts/managers/case_manager.gd:114)
         [1] before_each (res://tests/integration/test_phase11_integration.gd:135)
         [2] _run_test (res://addons/gut/gut.gd:605)
         [3] _test_the_scripts (res://addons/gut/gut.gd:818)
WARNING: [CaseManager] Validation: EvidenceData: discovery_method is required for evidence 'ev_motive_doc'
     at: push_warning (core/variant/variant_utility.cpp:1034)
     GDScript backtrace (most recent call first):
         [0] load_case (res://scripts/managers/case_manager.gd:114)
         [1] before_each (res://tests/integration/test_phase11_integration.gd:135)
         [2] _run_test (res://addons/gut/gut.gd:605)
         [3] _test_the_scripts (res://addons/gut/gut.gd:818)
WARNING: [CaseManager] Validation: EvidenceData: discovery_method is required for evidence 'ev_opportunity'
     at: push_warning (core/variant/variant_utility.cpp:1034)
     GDScript backtrace (most recent call first):
         [0] load_case (res://scripts/managers/case_manager.gd:114)
         [1] before_each (res://tests/integration/test_phase11_integration.gd:135)
         [2] _run_test (res://addons/gut/gut.gd:605)
         [3] _test_the_scripts (res://addons/gut/gut.gd:818)
WARNING: [CaseManager] Validation: EvidenceData: discovery_method is required for evidence 'ev_blood'
     at: push_warning (core/variant/variant_utility.cpp:1034)
     GDScript backtrace (most recent call first):
         [0] load_case (res://scripts/managers/case_manager.gd:114)
         [1] before_each (res://tests/integration/test_phase11_integration.gd:135)
         [2] _run_test (res://addons/gut/gut.gd:605)
         [3] _test_the_scripts (res://addons/gut/gut.gd:818)
WARNING: [CaseManager] Validation: EvidenceData: discovery_method is required for evidence 'ev_blood_result'
     at: push_warning (core/variant/variant_utility.cpp:1034)
     GDScript backtrace (most recent call first):
         [0] load_case (res://scripts/managers/case_manager.gd:114)
         [1] before_each (res://tests/integration/test_phase11_integration.gd:135)
         [2] _run_test (res://addons/gut/gut.gd:605)
         [3] _test_the_scripts (res://addons/gut/gut.gd:818)
* test_all_managers_reset_independently
WARNING: [CaseManager] Validation: EvidenceData: discovery_method is required for evidence 'ev_knife'
     at: push_warning (core/variant/variant_utility.cpp:1034)
     GDScript backtrace (most recent call first):
         [0] load_case (res://scripts/managers/case_manager.gd:114)
         [1] before_each (res://tests/integration/test_phase11_integration.gd:135)
         [2] _run_test (res://addons/gut/gut.gd:605)
         [3] _test_the_scripts (res://addons/gut/gut.gd:818)
WARNING: [CaseManager] Validation: EvidenceData: discovery_method is required for evidence 'ev_knife_dna'
     at: push_warning (core/variant/variant_utility.cpp:1034)
     GDScript backtrace (most recent call first):
         [0] load_case (res://scripts/managers/case_manager.gd:114)
         [1] before_each (res://tests/integration/test_phase11_integration.gd:135)
         [2] _run_test (res://addons/gut/gut.gd:605)
         [3] _test_the_scripts (res://addons/gut/gut.gd:818)
WARNING: [CaseManager] Validation: EvidenceData: discovery_method is required for evidence 'ev_motive_doc'
     at: push_warning (core/variant/variant_utility.cpp:1034)
     GDScript backtrace (most recent call first):
         [0] load_case (res://scripts/managers/case_manager.gd:114)
         [1] before_each (res://tests/integration/test_phase11_integration.gd:135)
         [2] _run_test (res://addons/gut/gut.gd:605)
         [3] _test_the_scripts (res://addons/gut/gut.gd:818)
WARNING: [CaseManager] Validation: EvidenceData: discovery_method is required for evidence 'ev_opportunity'
     at: push_warning (core/variant/variant_utility.cpp:1034)
     GDScript backtrace (most recent call first):
         [0] load_case (res://scripts/managers/case_manager.gd:114)
         [1] before_each (res://tests/integration/test_phase11_integration.gd:135)
         [2] _run_test (res://addons/gut/gut.gd:605)
         [3] _test_the_scripts (res://addons/gut/gut.gd:818)
WARNING: [CaseManager] Validation: EvidenceData: discovery_method is required for evidence 'ev_blood'
     at: push_warning (core/variant/variant_utility.cpp:1034)
     GDScript backtrace (most recent call first):
         [0] load_case (res://scripts/managers/case_manager.gd:114)
         [1] before_each (res://tests/integration/test_phase11_integration.gd:135)
         [2] _run_test (res://addons/gut/gut.gd:605)
         [3] _test_the_scripts (res://addons/gut/gut.gd:818)
WARNING: [CaseManager] Validation: EvidenceData: discovery_method is required for evidence 'ev_blood_result'
     at: push_warning (core/variant/variant_utility.cpp:1034)
     GDScript backtrace (most recent call first):
         [0] load_case (res://scripts/managers/case_manager.gd:114)
         [1] before_each (res://tests/integration/test_phase11_integration.gd:135)
         [2] _run_test (res://addons/gut/gut.gd:605)
         [3] _test_the_scripts (res://addons/gut/gut.gd:818)
* test_all_managers_serialize_independently
WARNING: [CaseManager] Validation: EvidenceData: discovery_method is required for evidence 'ev_knife'
     at: push_warning (core/variant/variant_utility.cpp:1034)
     GDScript backtrace (most recent call first):
         [0] load_case (res://scripts/managers/case_manager.gd:114)
         [1] before_each (res://tests/integration/test_phase11_integration.gd:135)
         [2] _run_test (res://addons/gut/gut.gd:605)
         [3] _test_the_scripts (res://addons/gut/gut.gd:818)
WARNING: [CaseManager] Validation: EvidenceData: discovery_method is required for evidence 'ev_knife_dna'
     at: push_warning (core/variant/variant_utility.cpp:1034)
     GDScript backtrace (most recent call first):
         [0] load_case (res://scripts/managers/case_manager.gd:114)
         [1] before_each (res://tests/integration/test_phase11_integration.gd:135)
         [2] _run_test (res://addons/gut/gut.gd:605)
         [3] _test_the_scripts (res://addons/gut/gut.gd:818)
WARNING: [CaseManager] Validation: EvidenceData: discovery_method is required for evidence 'ev_motive_doc'
     at: push_warning (core/variant/variant_utility.cpp:1034)
     GDScript backtrace (most recent call first):
         [0] load_case (res://scripts/managers/case_manager.gd:114)
         [1] before_each (res://tests/integration/test_phase11_integration.gd:135)
         [2] _run_test (res://addons/gut/gut.gd:605)
         [3] _test_the_scripts (res://addons/gut/gut.gd:818)
WARNING: [CaseManager] Validation: EvidenceData: discovery_method is required for evidence 'ev_opportunity'
     at: push_warning (core/variant/variant_utility.cpp:1034)
     GDScript backtrace (most recent call first):
         [0] load_case (res://scripts/managers/case_manager.gd:114)
         [1] before_each (res://tests/integration/test_phase11_integration.gd:135)
         [2] _run_test (res://addons/gut/gut.gd:605)
         [3] _test_the_scripts (res://addons/gut/gut.gd:818)
WARNING: [CaseManager] Validation: EvidenceData: discovery_method is required for evidence 'ev_blood'
     at: push_warning (core/variant/variant_utility.cpp:1034)
     GDScript backtrace (most recent call first):
         [0] load_case (res://scripts/managers/case_manager.gd:114)
         [1] before_each (res://tests/integration/test_phase11_integration.gd:135)
         [2] _run_test (res://addons/gut/gut.gd:605)
         [3] _test_the_scripts (res://addons/gut/gut.gd:818)
WARNING: [CaseManager] Validation: EvidenceData: discovery_method is required for evidence 'ev_blood_result'
     at: push_warning (core/variant/variant_utility.cpp:1034)
     GDScript backtrace (most recent call first):
         [0] load_case (res://scripts/managers/case_manager.gd:114)
         [1] before_each (res://tests/integration/test_phase11_integration.gd:135)
         [2] _run_test (res://addons/gut/gut.gd:605)
         [3] _test_the_scripts (res://addons/gut/gut.gd:818)
* test_phase11_screens_registered
WARNING: [CaseManager] Validation: EvidenceData: discovery_method is required for evidence 'ev_knife'
     at: push_warning (core/variant/variant_utility.cpp:1034)
     GDScript backtrace (most recent call first):
         [0] load_case (res://scripts/managers/case_manager.gd:114)
         [1] before_each (res://tests/integration/test_phase11_integration.gd:135)
         [2] _run_test (res://addons/gut/gut.gd:605)
         [3] _test_the_scripts (res://addons/gut/gut.gd:818)
WARNING: [CaseManager] Validation: EvidenceData: discovery_method is required for evidence 'ev_knife_dna'
     at: push_warning (core/variant/variant_utility.cpp:1034)
     GDScript backtrace (most recent call first):
         [0] load_case (res://scripts/managers/case_manager.gd:114)
         [1] before_each (res://tests/integration/test_phase11_integration.gd:135)
         [2] _run_test (res://addons/gut/gut.gd:605)
         [3] _test_the_scripts (res://addons/gut/gut.gd:818)
WARNING: [CaseManager] Validation: EvidenceData: discovery_method is required for evidence 'ev_motive_doc'
     at: push_warning (core/variant/variant_utility.cpp:1034)
     GDScript backtrace (most recent call first):
         [0] load_case (res://scripts/managers/case_manager.gd:114)
         [1] before_each (res://tests/integration/test_phase11_integration.gd:135)
         [2] _run_test (res://addons/gut/gut.gd:605)
         [3] _test_the_scripts (res://addons/gut/gut.gd:818)
WARNING: [CaseManager] Validation: EvidenceData: discovery_method is required for evidence 'ev_opportunity'
     at: push_warning (core/variant/variant_utility.cpp:1034)
     GDScript backtrace (most recent call first):
         [0] load_case (res://scripts/managers/case_manager.gd:114)
         [1] before_each (res://tests/integration/test_phase11_integration.gd:135)
         [2] _run_test (res://addons/gut/gut.gd:605)
         [3] _test_the_scripts (res://addons/gut/gut.gd:818)
WARNING: [CaseManager] Validation: EvidenceData: discovery_method is required for evidence 'ev_blood'
     at: push_warning (core/variant/variant_utility.cpp:1034)
     GDScript backtrace (most recent call first):
         [0] load_case (res://scripts/managers/case_manager.gd:114)
         [1] before_each (res://tests/integration/test_phase11_integration.gd:135)
         [2] _run_test (res://addons/gut/gut.gd:605)
         [3] _test_the_scripts (res://addons/gut/gut.gd:818)
WARNING: [CaseManager] Validation: EvidenceData: discovery_method is required for evidence 'ev_blood_result'
     at: push_warning (core/variant/variant_utility.cpp:1034)
     GDScript backtrace (most recent call first):
         [0] load_case (res://scripts/managers/case_manager.gd:114)
         [1] before_each (res://tests/integration/test_phase11_integration.gd:135)
         [2] _run_test (res://addons/gut/gut.gd:605)
         [3] _test_the_scripts (res://addons/gut/gut.gd:818)
[1m15/15 passed.
[0m[4m

res://tests/integration/test_phase12_integration.gd
[0m* test_screen_scenes_includes_phase12
WARNING: [CaseManager] Validation: EvidenceData: discovery_method is required for evidence 'ev_weapon'
     at: push_warning (core/variant/variant_utility.cpp:1034)
     GDScript backtrace (most recent call first):
         [0] load_case (res://scripts/managers/case_manager.gd:114)
         [1] before_each (res://tests/integration/test_phase12_integration.gd:148)
         [2] _run_test (res://addons/gut/gut.gd:605)
         [3] _test_the_scripts (res://addons/gut/gut.gd:818)
WARNING: [CaseManager] Validation: EvidenceData: discovery_method is required for evidence 'ev_motive'
     at: push_warning (core/variant/variant_utility.cpp:1034)
     GDScript backtrace (most recent call first):
         [0] load_case (res://scripts/managers/case_manager.gd:114)
         [1] before_each (res://tests/integration/test_phase12_integration.gd:148)
         [2] _run_test (res://addons/gut/gut.gd:605)
         [3] _test_the_scripts (res://addons/gut/gut.gd:818)
WARNING: [CaseManager] Validation: EvidenceData: discovery_method is required for evidence 'ev_witness'
     at: push_warning (core/variant/variant_utility.cpp:1034)
     GDScript backtrace (most recent call first):
         [0] load_case (res://scripts/managers/case_manager.gd:114)
         [1] before_each (res://tests/integration/test_phase12_integration.gd:148)
         [2] _run_test (res://addons/gut/gut.gd:605)
         [3] _test_the_scripts (res://addons/gut/gut.gd:818)
WARNING: [CaseManager] Validation: EvidenceData: discovery_method is required for evidence 'ev_secondary'
     at: push_warning (core/variant/variant_utility.cpp:1034)
     GDScript backtrace (most recent call first):
         [0] load_case (res://scripts/managers/case_manager.gd:114)
         [1] before_each (res://tests/integration/test_phase12_integration.gd:148)
         [2] _run_test (res://addons/gut/gut.gd:605)
         [3] _test_the_scripts (res://addons/gut/gut.gd:818)
WARNING: [CaseManager] Validation: EvidenceData: discovery_method is required for evidence 'ev_minor'
     at: push_warning (core/variant/variant_utility.cpp:1034)
     GDScript backtrace (most recent call first):
         [0] load_case (res://scripts/managers/case_manager.gd:114)
         [1] before_each (res://tests/integration/test_phase12_integration.gd:148)
         [2] _run_test (res://addons/gut/gut.gd:605)
         [3] _test_the_scripts (res://addons/gut/gut.gd:818)
* test_conclusion_manager_autoload_exists
WARNING: [CaseManager] Validation: EvidenceData: discovery_method is required for evidence 'ev_weapon'
     at: push_warning (core/variant/variant_utility.cpp:1034)
     GDScript backtrace (most recent call first):
         [0] load_case (res://scripts/managers/case_manager.gd:114)
         [1] before_each (res://tests/integration/test_phase12_integration.gd:148)
         [2] _run_test (res://addons/gut/gut.gd:605)
         [3] _test_the_scripts (res://addons/gut/gut.gd:818)
WARNING: [CaseManager] Validation: EvidenceData: discovery_method is required for evidence 'ev_motive'
     at: push_warning (core/variant/variant_utility.cpp:1034)
     GDScript backtrace (most recent call first):
         [0] load_case (res://scripts/managers/case_manager.gd:114)
         [1] before_each (res://tests/integration/test_phase12_integration.gd:148)
         [2] _run_test (res://addons/gut/gut.gd:605)
         [3] _test_the_scripts (res://addons/gut/gut.gd:818)
WARNING: [CaseManager] Validation: EvidenceData: discovery_method is required for evidence 'ev_witness'
     at: push_warning (core/variant/variant_utility.cpp:1034)
     GDScript backtrace (most recent call first):
         [0] load_case (res://scripts/managers/case_manager.gd:114)
         [1] before_each (res://tests/integration/test_phase12_integration.gd:148)
         [2] _run_test (res://addons/gut/gut.gd:605)
         [3] _test_the_scripts (res://addons/gut/gut.gd:818)
WARNING: [CaseManager] Validation: EvidenceData: discovery_method is required for evidence 'ev_secondary'
     at: push_warning (core/variant/variant_utility.cpp:1034)
     GDScript backtrace (most recent call first):
         [0] load_case (res://scripts/managers/case_manager.gd:114)
         [1] before_each (res://tests/integration/test_phase12_integration.gd:148)
         [2] _run_test (res://addons/gut/gut.gd:605)
         [3] _test_the_scripts (res://addons/gut/gut.gd:818)
WARNING: [CaseManager] Validation: EvidenceData: discovery_method is required for evidence 'ev_minor'
     at: push_warning (core/variant/variant_utility.cpp:1034)
     GDScript backtrace (most recent call first):
         [0] load_case (res://scripts/managers/case_manager.gd:114)
         [1] before_each (res://tests/integration/test_phase12_integration.gd:148)
         [2] _run_test (res://addons/gut/gut.gd:605)
         [3] _test_the_scripts (res://addons/gut/gut.gd:818)
* test_theory_data_flows_to_report
WARNING: [CaseManager] Validation: EvidenceData: discovery_method is required for evidence 'ev_weapon'
     at: push_warning (core/variant/variant_utility.cpp:1034)
     GDScript backtrace (most recent call first):
         [0] load_case (res://scripts/managers/case_manager.gd:114)
         [1] before_each (res://tests/integration/test_phase12_integration.gd:148)
         [2] _run_test (res://addons/gut/gut.gd:605)
         [3] _test_the_scripts (res://addons/gut/gut.gd:818)
WARNING: [CaseManager] Validation: EvidenceData: discovery_method is required for evidence 'ev_motive'
     at: push_warning (core/variant/variant_utility.cpp:1034)
     GDScript backtrace (most recent call first):
         [0] load_case (res://scripts/managers/case_manager.gd:114)
         [1] before_each (res://tests/integration/test_phase12_integration.gd:148)
         [2] _run_test (res://addons/gut/gut.gd:605)
         [3] _test_the_scripts (res://addons/gut/gut.gd:818)
WARNING: [CaseManager] Validation: EvidenceData: discovery_method is required for evidence 'ev_witness'
     at: push_warning (core/variant/variant_utility.cpp:1034)
     GDScript backtrace (most recent call first):
         [0] load_case (res://scripts/managers/case_manager.gd:114)
         [1] before_each (res://tests/integration/test_phase12_integration.gd:148)
         [2] _run_test (res://addons/gut/gut.gd:605)
         [3] _test_the_scripts (res://addons/gut/gut.gd:818)
WARNING: [CaseManager] Validation: EvidenceData: discovery_method is required for evidence 'ev_secondary'
     at: push_warning (core/variant/variant_utility.cpp:1034)
     GDScript backtrace (most recent call first):
         [0] load_case (res://scripts/managers/case_manager.gd:114)
         [1] before_each (res://tests/integration/test_phase12_integration.gd:148)
         [2] _run_test (res://addons/gut/gut.gd:605)
         [3] _test_the_scripts (res://addons/gut/gut.gd:818)
WARNING: [CaseManager] Validation: EvidenceData: discovery_method is required for evidence 'ev_minor'
     at: push_warning (core/variant/variant_utility.cpp:1034)
     GDScript backtrace (most recent call first):
         [0] load_case (res://scripts/managers/case_manager.gd:114)
         [1] before_each (res://tests/integration/test_phase12_integration.gd:148)
         [2] _run_test (res://addons/gut/gut.gd:605)
         [3] _test_the_scripts (res://addons/gut/gut.gd:818)
* test_evidence_discovery_affects_scoring
WARNING: [CaseManager] Validation: EvidenceData: discovery_method is required for evidence 'ev_weapon'
     at: push_warning (core/variant/variant_utility.cpp:1034)
     GDScript backtrace (most recent call first):
         [0] load_case (res://scripts/managers/case_manager.gd:114)
         [1] before_each (res://tests/integration/test_phase12_integration.gd:148)
         [2] _run_test (res://addons/gut/gut.gd:605)
         [3] _test_the_scripts (res://addons/gut/gut.gd:818)
WARNING: [CaseManager] Validation: EvidenceData: discovery_method is required for evidence 'ev_motive'
     at: push_warning (core/variant/variant_utility.cpp:1034)
     GDScript backtrace (most recent call first):
         [0] load_case (res://scripts/managers/case_manager.gd:114)
         [1] before_each (res://tests/integration/test_phase12_integration.gd:148)
         [2] _run_test (res://addons/gut/gut.gd:605)
         [3] _test_the_scripts (res://addons/gut/gut.gd:818)
WARNING: [CaseManager] Validation: EvidenceData: discovery_method is required for evidence 'ev_witness'
     at: push_warning (core/variant/variant_utility.cpp:1034)
     GDScript backtrace (most recent call first):
         [0] load_case (res://scripts/managers/case_manager.gd:114)
         [1] before_each (res://tests/integration/test_phase12_integration.gd:148)
         [2] _run_test (res://addons/gut/gut.gd:605)
         [3] _test_the_scripts (res://addons/gut/gut.gd:818)
WARNING: [CaseManager] Validation: EvidenceData: discovery_method is required for evidence 'ev_secondary'
     at: push_warning (core/variant/variant_utility.cpp:1034)
     GDScript backtrace (most recent call first):
         [0] load_case (res://scripts/managers/case_manager.gd:114)
         [1] before_each (res://tests/integration/test_phase12_integration.gd:148)
         [2] _run_test (res://addons/gut/gut.gd:605)
         [3] _test_the_scripts (res://addons/gut/gut.gd:818)
WARNING: [CaseManager] Validation: EvidenceData: discovery_method is required for evidence 'ev_minor'
     at: push_warning (core/variant/variant_utility.cpp:1034)
     GDScript backtrace (most recent call first):
         [0] load_case (res://scripts/managers/case_manager.gd:114)
         [1] before_each (res://tests/integration/test_phase12_integration.gd:148)
         [2] _run_test (res://addons/gut/gut.gd:605)
         [3] _test_the_scripts (res://addons/gut/gut.gd:818)
* test_evidence_weight_influences_score
WARNING: [CaseManager] Validation: EvidenceData: discovery_method is required for evidence 'ev_weapon'
     at: push_warning (core/variant/variant_utility.cpp:1034)
     GDScript backtrace (most recent call first):
         [0] load_case (res://scripts/managers/case_manager.gd:114)
         [1] before_each (res://tests/integration/test_phase12_integration.gd:148)
         [2] _run_test (res://addons/gut/gut.gd:605)
         [3] _test_the_scripts (res://addons/gut/gut.gd:818)
WARNING: [CaseManager] Validation: EvidenceData: discovery_method is required for evidence 'ev_motive'
     at: push_warning (core/variant/variant_utility.cpp:1034)
     GDScript backtrace (most recent call first):
         [0] load_case (res://scripts/managers/case_manager.gd:114)
         [1] before_each (res://tests/integration/test_phase12_integration.gd:148)
         [2] _run_test (res://addons/gut/gut.gd:605)
         [3] _test_the_scripts (res://addons/gut/gut.gd:818)
WARNING: [CaseManager] Validation: EvidenceData: discovery_method is required for evidence 'ev_witness'
     at: push_warning (core/variant/variant_utility.cpp:1034)
     GDScript backtrace (most recent call first):
         [0] load_case (res://scripts/managers/case_manager.gd:114)
         [1] before_each (res://tests/integration/test_phase12_integration.gd:148)
         [2] _run_test (res://addons/gut/gut.gd:605)
         [3] _test_the_scripts (res://addons/gut/gut.gd:818)
WARNING: [CaseManager] Validation: EvidenceData: discovery_method is required for evidence 'ev_secondary'
     at: push_warning (core/variant/variant_utility.cpp:1034)
     GDScript backtrace (most recent call first):
         [0] load_case (res://scripts/managers/case_manager.gd:114)
         [1] before_each (res://tests/integration/test_phase12_integration.gd:148)
         [2] _run_test (res://addons/gut/gut.gd:605)
         [3] _test_the_scripts (res://addons/gut/gut.gd:818)
WARNING: [CaseManager] Validation: EvidenceData: discovery_method is required for evidence 'ev_minor'
     at: push_warning (core/variant/variant_utility.cpp:1034)
     GDScript backtrace (most recent call first):
         [0] load_case (res://scripts/managers/case_manager.gd:114)
         [1] before_each (res://tests/integration/test_phase12_integration.gd:148)
         [2] _run_test (res://addons/gut/gut.gd:605)
         [3] _test_the_scripts (res://addons/gut/gut.gd:818)
* test_interrogation_records_affect_alternatives
WARNING: [CaseManager] Validation: EvidenceData: discovery_method is required for evidence 'ev_weapon'
     at: push_warning (core/variant/variant_utility.cpp:1034)
     GDScript backtrace (most recent call first):
         [0] load_case (res://scripts/managers/case_manager.gd:114)
         [1] before_each (res://tests/integration/test_phase12_integration.gd:148)
         [2] _run_test (res://addons/gut/gut.gd:605)
         [3] _test_the_scripts (res://addons/gut/gut.gd:818)
WARNING: [CaseManager] Validation: EvidenceData: discovery_method is required for evidence 'ev_motive'
     at: push_warning (core/variant/variant_utility.cpp:1034)
     GDScript backtrace (most recent call first):
         [0] load_case (res://scripts/managers/case_manager.gd:114)
         [1] before_each (res://tests/integration/test_phase12_integration.gd:148)
         [2] _run_test (res://addons/gut/gut.gd:605)
         [3] _test_the_scripts (res://addons/gut/gut.gd:818)
WARNING: [CaseManager] Validation: EvidenceData: discovery_method is required for evidence 'ev_witness'
     at: push_warning (core/variant/variant_utility.cpp:1034)
     GDScript backtrace (most recent call first):
         [0] load_case (res://scripts/managers/case_manager.gd:114)
         [1] before_each (res://tests/integration/test_phase12_integration.gd:148)
         [2] _run_test (res://addons/gut/gut.gd:605)
         [3] _test_the_scripts (res://addons/gut/gut.gd:818)
WARNING: [CaseManager] Validation: EvidenceData: discovery_method is required for evidence 'ev_secondary'
     at: push_warning (core/variant/variant_utility.cpp:1034)
     GDScript backtrace (most recent call first):
         [0] load_case (res://scripts/managers/case_manager.gd:114)
         [1] before_each (res://tests/integration/test_phase12_integration.gd:148)
         [2] _run_test (res://addons/gut/gut.gd:605)
         [3] _test_the_scripts (res://addons/gut/gut.gd:818)
WARNING: [CaseManager] Validation: EvidenceData: discovery_method is required for evidence 'ev_minor'
     at: push_warning (core/variant/variant_utility.cpp:1034)
     GDScript backtrace (most recent call first):
         [0] load_case (res://scripts/managers/case_manager.gd:114)
         [1] before_each (res://tests/integration/test_phase12_integration.gd:148)
         [2] _run_test (res://addons/gut/gut.gd:605)
         [3] _test_the_scripts (res://addons/gut/gut.gd:818)
* test_critical_evidence_coverage_bonus
WARNING: [CaseManager] Validation: EvidenceData: discovery_method is required for evidence 'ev_weapon'
     at: push_warning (core/variant/variant_utility.cpp:1034)
     GDScript backtrace (most recent call first):
         [0] load_case (res://scripts/managers/case_manager.gd:114)
         [1] before_each (res://tests/integration/test_phase12_integration.gd:148)
         [2] _run_test (res://addons/gut/gut.gd:605)
         [3] _test_the_scripts (res://addons/gut/gut.gd:818)
WARNING: [CaseManager] Validation: EvidenceData: discovery_method is required for evidence 'ev_motive'
     at: push_warning (core/variant/variant_utility.cpp:1034)
     GDScript backtrace (most recent call first):
         [0] load_case (res://scripts/managers/case_manager.gd:114)
         [1] before_each (res://tests/integration/test_phase12_integration.gd:148)
         [2] _run_test (res://addons/gut/gut.gd:605)
         [3] _test_the_scripts (res://addons/gut/gut.gd:818)
WARNING: [CaseManager] Validation: EvidenceData: discovery_method is required for evidence 'ev_witness'
     at: push_warning (core/variant/variant_utility.cpp:1034)
     GDScript backtrace (most recent call first):
         [0] load_case (res://scripts/managers/case_manager.gd:114)
         [1] before_each (res://tests/integration/test_phase12_integration.gd:148)
         [2] _run_test (res://addons/gut/gut.gd:605)
         [3] _test_the_scripts (res://addons/gut/gut.gd:818)
WARNING: [CaseManager] Validation: EvidenceData: discovery_method is required for evidence 'ev_secondary'
     at: push_warning (core/variant/variant_utility.cpp:1034)
     GDScript backtrace (most recent call first):
         [0] load_case (res://scripts/managers/case_manager.gd:114)
         [1] before_each (res://tests/integration/test_phase12_integration.gd:148)
         [2] _run_test (res://addons/gut/gut.gd:605)
         [3] _test_the_scripts (res://addons/gut/gut.gd:818)
WARNING: [CaseManager] Validation: EvidenceData: discovery_method is required for evidence 'ev_minor'
     at: push_warning (core/variant/variant_utility.cpp:1034)
     GDScript backtrace (most recent call first):
         [0] load_case (res://scripts/managers/case_manager.gd:114)
         [1] before_each (res://tests/integration/test_phase12_integration.gd:148)
         [2] _run_test (res://addons/gut/gut.gd:605)
         [3] _test_the_scripts (res://addons/gut/gut.gd:818)
* test_full_conclusion_flow_correct_suspect
WARNING: [CaseManager] Validation: EvidenceData: discovery_method is required for evidence 'ev_weapon'
     at: push_warning (core/variant/variant_utility.cpp:1034)
     GDScript backtrace (most recent call first):
         [0] load_case (res://scripts/managers/case_manager.gd:114)
         [1] before_each (res://tests/integration/test_phase12_integration.gd:148)
         [2] _run_test (res://addons/gut/gut.gd:605)
         [3] _test_the_scripts (res://addons/gut/gut.gd:818)
WARNING: [CaseManager] Validation: EvidenceData: discovery_method is required for evidence 'ev_motive'
     at: push_warning (core/variant/variant_utility.cpp:1034)
     GDScript backtrace (most recent call first):
         [0] load_case (res://scripts/managers/case_manager.gd:114)
         [1] before_each (res://tests/integration/test_phase12_integration.gd:148)
         [2] _run_test (res://addons/gut/gut.gd:605)
         [3] _test_the_scripts (res://addons/gut/gut.gd:818)
WARNING: [CaseManager] Validation: EvidenceData: discovery_method is required for evidence 'ev_witness'
     at: push_warning (core/variant/variant_utility.cpp:1034)
     GDScript backtrace (most recent call first):
         [0] load_case (res://scripts/managers/case_manager.gd:114)
         [1] before_each (res://tests/integration/test_phase12_integration.gd:148)
         [2] _run_test (res://addons/gut/gut.gd:605)
         [3] _test_the_scripts (res://addons/gut/gut.gd:818)
WARNING: [CaseManager] Validation: EvidenceData: discovery_method is required for evidence 'ev_secondary'
     at: push_warning (core/variant/variant_utility.cpp:1034)
     GDScript backtrace (most recent call first):
         [0] load_case (res://scripts/managers/case_manager.gd:114)
         [1] before_each (res://tests/integration/test_phase12_integration.gd:148)
         [2] _run_test (res://addons/gut/gut.gd:605)
         [3] _test_the_scripts (res://addons/gut/gut.gd:818)
WARNING: [CaseManager] Validation: EvidenceData: discovery_method is required for evidence 'ev_minor'
     at: push_warning (core/variant/variant_utility.cpp:1034)
     GDScript backtrace (most recent call first):
         [0] load_case (res://scripts/managers/case_manager.gd:114)
         [1] before_each (res://tests/integration/test_phase12_integration.gd:148)
         [2] _run_test (res://addons/gut/gut.gd:605)
         [3] _test_the_scripts (res://addons/gut/gut.gd:818)
* test_full_conclusion_flow_wrong_suspect
WARNING: [CaseManager] Validation: EvidenceData: discovery_method is required for evidence 'ev_weapon'
     at: push_warning (core/variant/variant_utility.cpp:1034)
     GDScript backtrace (most recent call first):
         [0] load_case (res://scripts/managers/case_manager.gd:114)
         [1] before_each (res://tests/integration/test_phase12_integration.gd:148)
         [2] _run_test (res://addons/gut/gut.gd:605)
         [3] _test_the_scripts (res://addons/gut/gut.gd:818)
WARNING: [CaseManager] Validation: EvidenceData: discovery_method is required for evidence 'ev_motive'
     at: push_warning (core/variant/variant_utility.cpp:1034)
     GDScript backtrace (most recent call first):
         [0] load_case (res://scripts/managers/case_manager.gd:114)
         [1] before_each (res://tests/integration/test_phase12_integration.gd:148)
         [2] _run_test (res://addons/gut/gut.gd:605)
         [3] _test_the_scripts (res://addons/gut/gut.gd:818)
WARNING: [CaseManager] Validation: EvidenceData: discovery_method is required for evidence 'ev_witness'
     at: push_warning (core/variant/variant_utility.cpp:1034)
     GDScript backtrace (most recent call first):
         [0] load_case (res://scripts/managers/case_manager.gd:114)
         [1] before_each (res://tests/integration/test_phase12_integration.gd:148)
         [2] _run_test (res://addons/gut/gut.gd:605)
         [3] _test_the_scripts (res://addons/gut/gut.gd:818)
WARNING: [CaseManager] Validation: EvidenceData: discovery_method is required for evidence 'ev_secondary'
     at: push_warning (core/variant/variant_utility.cpp:1034)
     GDScript backtrace (most recent call first):
         [0] load_case (res://scripts/managers/case_manager.gd:114)
         [1] before_each (res://tests/integration/test_phase12_integration.gd:148)
         [2] _run_test (res://addons/gut/gut.gd:605)
         [3] _test_the_scripts (res://addons/gut/gut.gd:818)
WARNING: [CaseManager] Validation: EvidenceData: discovery_method is required for evidence 'ev_minor'
     at: push_warning (core/variant/variant_utility.cpp:1034)
     GDScript backtrace (most recent call first):
         [0] load_case (res://scripts/managers/case_manager.gd:114)
         [1] before_each (res://tests/integration/test_phase12_integration.gd:148)
         [2] _run_test (res://addons/gut/gut.gd:605)
         [3] _test_the_scripts (res://addons/gut/gut.gd:818)
* test_new_game_resets_conclusion
WARNING: [CaseManager] Validation: EvidenceData: discovery_method is required for evidence 'ev_weapon'
     at: push_warning (core/variant/variant_utility.cpp:1034)
     GDScript backtrace (most recent call first):
         [0] load_case (res://scripts/managers/case_manager.gd:114)
         [1] before_each (res://tests/integration/test_phase12_integration.gd:148)
         [2] _run_test (res://addons/gut/gut.gd:605)
         [3] _test_the_scripts (res://addons/gut/gut.gd:818)
WARNING: [CaseManager] Validation: EvidenceData: discovery_method is required for evidence 'ev_motive'
     at: push_warning (core/variant/variant_utility.cpp:1034)
     GDScript backtrace (most recent call first):
         [0] load_case (res://scripts/managers/case_manager.gd:114)
         [1] before_each (res://tests/integration/test_phase12_integration.gd:148)
         [2] _run_test (res://addons/gut/gut.gd:605)
         [3] _test_the_scripts (res://addons/gut/gut.gd:818)
WARNING: [CaseManager] Validation: EvidenceData: discovery_method is required for evidence 'ev_witness'
     at: push_warning (core/variant/variant_utility.cpp:1034)
     GDScript backtrace (most recent call first):
         [0] load_case (res://scripts/managers/case_manager.gd:114)
         [1] before_each (res://tests/integration/test_phase12_integration.gd:148)
         [2] _run_test (res://addons/gut/gut.gd:605)
         [3] _test_the_scripts (res://addons/gut/gut.gd:818)
WARNING: [CaseManager] Validation: EvidenceData: discovery_method is required for evidence 'ev_secondary'
     at: push_warning (core/variant/variant_utility.cpp:1034)
     GDScript backtrace (most recent call first):
         [0] load_case (res://scripts/managers/case_manager.gd:114)
         [1] before_each (res://tests/integration/test_phase12_integration.gd:148)
         [2] _run_test (res://addons/gut/gut.gd:605)
         [3] _test_the_scripts (res://addons/gut/gut.gd:818)
WARNING: [CaseManager] Validation: EvidenceData: discovery_method is required for evidence 'ev_minor'
     at: push_warning (core/variant/variant_utility.cpp:1034)
     GDScript backtrace (most recent call first):
         [0] load_case (res://scripts/managers/case_manager.gd:114)
         [1] before_each (res://tests/integration/test_phase12_integration.gd:148)
         [2] _run_test (res://addons/gut/gut.gd:605)
         [3] _test_the_scripts (res://addons/gut/gut.gd:818)
* test_serialize_deserialize_with_game_manager
WARNING: [CaseManager] Validation: EvidenceData: discovery_method is required for evidence 'ev_weapon'
     at: push_warning (core/variant/variant_utility.cpp:1034)
     GDScript backtrace (most recent call first):
         [0] load_case (res://scripts/managers/case_manager.gd:114)
         [1] before_each (res://tests/integration/test_phase12_integration.gd:148)
         [2] _run_test (res://addons/gut/gut.gd:605)
         [3] _test_the_scripts (res://addons/gut/gut.gd:818)
WARNING: [CaseManager] Validation: EvidenceData: discovery_method is required for evidence 'ev_motive'
     at: push_warning (core/variant/variant_utility.cpp:1034)
     GDScript backtrace (most recent call first):
         [0] load_case (res://scripts/managers/case_manager.gd:114)
         [1] before_each (res://tests/integration/test_phase12_integration.gd:148)
         [2] _run_test (res://addons/gut/gut.gd:605)
         [3] _test_the_scripts (res://addons/gut/gut.gd:818)
WARNING: [CaseManager] Validation: EvidenceData: discovery_method is required for evidence 'ev_witness'
     at: push_warning (core/variant/variant_utility.cpp:1034)
     GDScript backtrace (most recent call first):
         [0] load_case (res://scripts/managers/case_manager.gd:114)
         [1] before_each (res://tests/integration/test_phase12_integration.gd:148)
         [2] _run_test (res://addons/gut/gut.gd:605)
         [3] _test_the_scripts (res://addons/gut/gut.gd:818)
WARNING: [CaseManager] Validation: EvidenceData: discovery_method is required for evidence 'ev_secondary'
     at: push_warning (core/variant/variant_utility.cpp:1034)
     GDScript backtrace (most recent call first):
         [0] load_case (res://scripts/managers/case_manager.gd:114)
         [1] before_each (res://tests/integration/test_phase12_integration.gd:148)
         [2] _run_test (res://addons/gut/gut.gd:605)
         [3] _test_the_scripts (res://addons/gut/gut.gd:818)
WARNING: [CaseManager] Validation: EvidenceData: discovery_method is required for evidence 'ev_minor'
     at: push_warning (core/variant/variant_utility.cpp:1034)
     GDScript backtrace (most recent call first):
         [0] load_case (res://scripts/managers/case_manager.gd:114)
         [1] before_each (res://tests/integration/test_phase12_integration.gd:148)
         [2] _run_test (res://addons/gut/gut.gd:605)
         [3] _test_the_scripts (res://addons/gut/gut.gd:818)
WARNING: [CaseManager] Validation: EvidenceData: discovery_method is required for evidence 'ev_weapon'
     at: push_warning (core/variant/variant_utility.cpp:1034)
     GDScript backtrace (most recent call first):
         [0] load_case (res://scripts/managers/case_manager.gd:114)
         [1] test_serialize_deserialize_with_game_manager (res://tests/integration/test_phase12_integration.gd:392)
         [2] _run_test (res://addons/gut/gut.gd:615)
         [3] _test_the_scripts (res://addons/gut/gut.gd:818)
WARNING: [CaseManager] Validation: EvidenceData: discovery_method is required for evidence 'ev_motive'
     at: push_warning (core/variant/variant_utility.cpp:1034)
     GDScript backtrace (most recent call first):
         [0] load_case (res://scripts/managers/case_manager.gd:114)
         [1] test_serialize_deserialize_with_game_manager (res://tests/integration/test_phase12_integration.gd:392)
         [2] _run_test (res://addons/gut/gut.gd:615)
         [3] _test_the_scripts (res://addons/gut/gut.gd:818)
WARNING: [CaseManager] Validation: EvidenceData: discovery_method is required for evidence 'ev_witness'
     at: push_warning (core/variant/variant_utility.cpp:1034)
     GDScript backtrace (most recent call first):
         [0] load_case (res://scripts/managers/case_manager.gd:114)
         [1] test_serialize_deserialize_with_game_manager (res://tests/integration/test_phase12_integration.gd:392)
         [2] _run_test (res://addons/gut/gut.gd:615)
         [3] _test_the_scripts (res://addons/gut/gut.gd:818)
WARNING: [CaseManager] Validation: EvidenceData: discovery_method is required for evidence 'ev_secondary'
     at: push_warning (core/variant/variant_utility.cpp:1034)
     GDScript backtrace (most recent call first):
         [0] load_case (res://scripts/managers/case_manager.gd:114)
         [1] test_serialize_deserialize_with_game_manager (res://tests/integration/test_phase12_integration.gd:392)
         [2] _run_test (res://addons/gut/gut.gd:615)
         [3] _test_the_scripts (res://addons/gut/gut.gd:818)
WARNING: [CaseManager] Validation: EvidenceData: discovery_method is required for evidence 'ev_minor'
     at: push_warning (core/variant/variant_utility.cpp:1034)
     GDScript backtrace (most recent call first):
         [0] load_case (res://scripts/managers/case_manager.gd:114)
         [1] test_serialize_deserialize_with_game_manager (res://tests/integration/test_phase12_integration.gd:392)
         [2] _run_test (res://addons/gut/gut.gd:615)
         [3] _test_the_scripts (res://addons/gut/gut.gd:818)
* test_epilogue_reflects_game_state
WARNING: [CaseManager] Validation: EvidenceData: discovery_method is required for evidence 'ev_weapon'
     at: push_warning (core/variant/variant_utility.cpp:1034)
     GDScript backtrace (most recent call first):
         [0] load_case (res://scripts/managers/case_manager.gd:114)
         [1] before_each (res://tests/integration/test_phase12_integration.gd:148)
         [2] _run_test (res://addons/gut/gut.gd:605)
         [3] _test_the_scripts (res://addons/gut/gut.gd:818)
WARNING: [CaseManager] Validation: EvidenceData: discovery_method is required for evidence 'ev_motive'
     at: push_warning (core/variant/variant_utility.cpp:1034)
     GDScript backtrace (most recent call first):
         [0] load_case (res://scripts/managers/case_manager.gd:114)
         [1] before_each (res://tests/integration/test_phase12_integration.gd:148)
         [2] _run_test (res://addons/gut/gut.gd:605)
         [3] _test_the_scripts (res://addons/gut/gut.gd:818)
WARNING: [CaseManager] Validation: EvidenceData: discovery_method is required for evidence 'ev_witness'
     at: push_warning (core/variant/variant_utility.cpp:1034)
     GDScript backtrace (most recent call first):
         [0] load_case (res://scripts/managers/case_manager.gd:114)
         [1] before_each (res://tests/integration/test_phase12_integration.gd:148)
         [2] _run_test (res://addons/gut/gut.gd:605)
         [3] _test_the_scripts (res://addons/gut/gut.gd:818)
WARNING: [CaseManager] Validation: EvidenceData: discovery_method is required for evidence 'ev_secondary'
     at: push_warning (core/variant/variant_utility.cpp:1034)
     GDScript backtrace (most recent call first):
         [0] load_case (res://scripts/managers/case_manager.gd:114)
         [1] before_each (res://tests/integration/test_phase12_integration.gd:148)
         [2] _run_test (res://addons/gut/gut.gd:605)
         [3] _test_the_scripts (res://addons/gut/gut.gd:818)
WARNING: [CaseManager] Validation: EvidenceData: discovery_method is required for evidence 'ev_minor'
     at: push_warning (core/variant/variant_utility.cpp:1034)
     GDScript backtrace (most recent call first):
         [0] load_case (res://scripts/managers/case_manager.gd:114)
         [1] before_each (res://tests/integration/test_phase12_integration.gd:148)
         [2] _run_test (res://addons/gut/gut.gd:605)
         [3] _test_the_scripts (res://addons/gut/gut.gd:818)
* test_investigate_choice_does_not_determine_outcome
WARNING: [CaseManager] Validation: EvidenceData: discovery_method is required for evidence 'ev_weapon'
     at: push_warning (core/variant/variant_utility.cpp:1034)
     GDScript backtrace (most recent call first):
         [0] load_case (res://scripts/managers/case_manager.gd:114)
         [1] before_each (res://tests/integration/test_phase12_integration.gd:148)
         [2] _run_test (res://addons/gut/gut.gd:605)
         [3] _test_the_scripts (res://addons/gut/gut.gd:818)
WARNING: [CaseManager] Validation: EvidenceData: discovery_method is required for evidence 'ev_motive'
     at: push_warning (core/variant/variant_utility.cpp:1034)
     GDScript backtrace (most recent call first):
         [0] load_case (res://scripts/managers/case_manager.gd:114)
         [1] before_each (res://tests/integration/test_phase12_integration.gd:148)
         [2] _run_test (res://addons/gut/gut.gd:605)
         [3] _test_the_scripts (res://addons/gut/gut.gd:818)
WARNING: [CaseManager] Validation: EvidenceData: discovery_method is required for evidence 'ev_witness'
     at: push_warning (core/variant/variant_utility.cpp:1034)
     GDScript backtrace (most recent call first):
         [0] load_case (res://scripts/managers/case_manager.gd:114)
         [1] before_each (res://tests/integration/test_phase12_integration.gd:148)
         [2] _run_test (res://addons/gut/gut.gd:605)
         [3] _test_the_scripts (res://addons/gut/gut.gd:818)
WARNING: [CaseManager] Validation: EvidenceData: discovery_method is required for evidence 'ev_secondary'
     at: push_warning (core/variant/variant_utility.cpp:1034)
     GDScript backtrace (most recent call first):
         [0] load_case (res://scripts/managers/case_manager.gd:114)
         [1] before_each (res://tests/integration/test_phase12_integration.gd:148)
         [2] _run_test (res://addons/gut/gut.gd:605)
         [3] _test_the_scripts (res://addons/gut/gut.gd:818)
WARNING: [CaseManager] Validation: EvidenceData: discovery_method is required for evidence 'ev_minor'
     at: push_warning (core/variant/variant_utility.cpp:1034)
     GDScript backtrace (most recent call first):
         [0] load_case (res://scripts/managers/case_manager.gd:114)
         [1] before_each (res://tests/integration/test_phase12_integration.gd:148)
         [2] _run_test (res://addons/gut/gut.gd:605)
         [3] _test_the_scripts (res://addons/gut/gut.gd:818)
* test_review_choice_does_not_determine_outcome
WARNING: [CaseManager] Validation: EvidenceData: discovery_method is required for evidence 'ev_weapon'
     at: push_warning (core/variant/variant_utility.cpp:1034)
     GDScript backtrace (most recent call first):
         [0] load_case (res://scripts/managers/case_manager.gd:114)
         [1] before_each (res://tests/integration/test_phase12_integration.gd:148)
         [2] _run_test (res://addons/gut/gut.gd:605)
         [3] _test_the_scripts (res://addons/gut/gut.gd:818)
WARNING: [CaseManager] Validation: EvidenceData: discovery_method is required for evidence 'ev_motive'
     at: push_warning (core/variant/variant_utility.cpp:1034)
     GDScript backtrace (most recent call first):
         [0] load_case (res://scripts/managers/case_manager.gd:114)
         [1] before_each (res://tests/integration/test_phase12_integration.gd:148)
         [2] _run_test (res://addons/gut/gut.gd:605)
         [3] _test_the_scripts (res://addons/gut/gut.gd:818)
WARNING: [CaseManager] Validation: EvidenceData: discovery_method is required for evidence 'ev_witness'
     at: push_warning (core/variant/variant_utility.cpp:1034)
     GDScript backtrace (most recent call first):
         [0] load_case (res://scripts/managers/case_manager.gd:114)
         [1] before_each (res://tests/integration/test_phase12_integration.gd:148)
         [2] _run_test (res://addons/gut/gut.gd:605)
         [3] _test_the_scripts (res://addons/gut/gut.gd:818)
WARNING: [CaseManager] Validation: EvidenceData: discovery_method is required for evidence 'ev_secondary'
     at: push_warning (core/variant/variant_utility.cpp:1034)
     GDScript backtrace (most recent call first):
         [0] load_case (res://scripts/managers/case_manager.gd:114)
         [1] before_each (res://tests/integration/test_phase12_integration.gd:148)
         [2] _run_test (res://addons/gut/gut.gd:605)
         [3] _test_the_scripts (res://addons/gut/gut.gd:818)
WARNING: [CaseManager] Validation: EvidenceData: discovery_method is required for evidence 'ev_minor'
     at: push_warning (core/variant/variant_utility.cpp:1034)
     GDScript backtrace (most recent call first):
         [0] load_case (res://scripts/managers/case_manager.gd:114)
         [1] before_each (res://tests/integration/test_phase12_integration.gd:148)
         [2] _run_test (res://addons/gut/gut.gd:605)
         [3] _test_the_scripts (res://addons/gut/gut.gd:818)
* test_solution_data_loaded_correctly
WARNING: [CaseManager] Validation: EvidenceData: discovery_method is required for evidence 'ev_weapon'
     at: push_warning (core/variant/variant_utility.cpp:1034)
     GDScript backtrace (most recent call first):
         [0] load_case (res://scripts/managers/case_manager.gd:114)
         [1] before_each (res://tests/integration/test_phase12_integration.gd:148)
         [2] _run_test (res://addons/gut/gut.gd:605)
         [3] _test_the_scripts (res://addons/gut/gut.gd:818)
WARNING: [CaseManager] Validation: EvidenceData: discovery_method is required for evidence 'ev_motive'
     at: push_warning (core/variant/variant_utility.cpp:1034)
     GDScript backtrace (most recent call first):
         [0] load_case (res://scripts/managers/case_manager.gd:114)
         [1] before_each (res://tests/integration/test_phase12_integration.gd:148)
         [2] _run_test (res://addons/gut/gut.gd:605)
         [3] _test_the_scripts (res://addons/gut/gut.gd:818)
WARNING: [CaseManager] Validation: EvidenceData: discovery_method is required for evidence 'ev_witness'
     at: push_warning (core/variant/variant_utility.cpp:1034)
     GDScript backtrace (most recent call first):
         [0] load_case (res://scripts/managers/case_manager.gd:114)
         [1] before_each (res://tests/integration/test_phase12_integration.gd:148)
         [2] _run_test (res://addons/gut/gut.gd:605)
         [3] _test_the_scripts (res://addons/gut/gut.gd:818)
WARNING: [CaseManager] Validation: EvidenceData: discovery_method is required for evidence 'ev_secondary'
     at: push_warning (core/variant/variant_utility.cpp:1034)
     GDScript backtrace (most recent call first):
         [0] load_case (res://scripts/managers/case_manager.gd:114)
         [1] before_each (res://tests/integration/test_phase12_integration.gd:148)
         [2] _run_test (res://addons/gut/gut.gd:605)
         [3] _test_the_scripts (res://addons/gut/gut.gd:818)
WARNING: [CaseManager] Validation: EvidenceData: discovery_method is required for evidence 'ev_minor'
     at: push_warning (core/variant/variant_utility.cpp:1034)
     GDScript backtrace (most recent call first):
         [0] load_case (res://scripts/managers/case_manager.gd:114)
         [1] before_each (res://tests/integration/test_phase12_integration.gd:148)
         [2] _run_test (res://addons/gut/gut.gd:605)
         [3] _test_the_scripts (res://addons/gut/gut.gd:818)
* test_weight_constants_sum_correctly
WARNING: [CaseManager] Validation: EvidenceData: discovery_method is required for evidence 'ev_weapon'
     at: push_warning (core/variant/variant_utility.cpp:1034)
     GDScript backtrace (most recent call first):
         [0] load_case (res://scripts/managers/case_manager.gd:114)
         [1] before_each (res://tests/integration/test_phase12_integration.gd:148)
         [2] _run_test (res://addons/gut/gut.gd:605)
         [3] _test_the_scripts (res://addons/gut/gut.gd:818)
WARNING: [CaseManager] Validation: EvidenceData: discovery_method is required for evidence 'ev_motive'
     at: push_warning (core/variant/variant_utility.cpp:1034)
     GDScript backtrace (most recent call first):
         [0] load_case (res://scripts/managers/case_manager.gd:114)
         [1] before_each (res://tests/integration/test_phase12_integration.gd:148)
         [2] _run_test (res://addons/gut/gut.gd:605)
         [3] _test_the_scripts (res://addons/gut/gut.gd:818)
WARNING: [CaseManager] Validation: EvidenceData: discovery_method is required for evidence 'ev_witness'
     at: push_warning (core/variant/variant_utility.cpp:1034)
     GDScript backtrace (most recent call first):
         [0] load_case (res://scripts/managers/case_manager.gd:114)
         [1] before_each (res://tests/integration/test_phase12_integration.gd:148)
         [2] _run_test (res://addons/gut/gut.gd:605)
         [3] _test_the_scripts (res://addons/gut/gut.gd:818)
WARNING: [CaseManager] Validation: EvidenceData: discovery_method is required for evidence 'ev_secondary'
     at: push_warning (core/variant/variant_utility.cpp:1034)
     GDScript backtrace (most recent call first):
         [0] load_case (res://scripts/managers/case_manager.gd:114)
         [1] before_each (res://tests/integration/test_phase12_integration.gd:148)
         [2] _run_test (res://addons/gut/gut.gd:605)
         [3] _test_the_scripts (res://addons/gut/gut.gd:818)
WARNING: [CaseManager] Validation: EvidenceData: discovery_method is required for evidence 'ev_minor'
     at: push_warning (core/variant/variant_utility.cpp:1034)
     GDScript backtrace (most recent call first):
         [0] load_case (res://scripts/managers/case_manager.gd:114)
         [1] before_each (res://tests/integration/test_phase12_integration.gd:148)
         [2] _run_test (res://addons/gut/gut.gd:605)
         [3] _test_the_scripts (res://addons/gut/gut.gd:818)
* test_report_after_reset_works
WARNING: [CaseManager] Validation: EvidenceData: discovery_method is required for evidence 'ev_weapon'
     at: push_warning (core/variant/variant_utility.cpp:1034)
     GDScript backtrace (most recent call first):
         [0] load_case (res://scripts/managers/case_manager.gd:114)
         [1] before_each (res://tests/integration/test_phase12_integration.gd:148)
         [2] _run_test (res://addons/gut/gut.gd:605)
         [3] _test_the_scripts (res://addons/gut/gut.gd:818)
WARNING: [CaseManager] Validation: EvidenceData: discovery_method is required for evidence 'ev_motive'
     at: push_warning (core/variant/variant_utility.cpp:1034)
     GDScript backtrace (most recent call first):
         [0] load_case (res://scripts/managers/case_manager.gd:114)
         [1] before_each (res://tests/integration/test_phase12_integration.gd:148)
         [2] _run_test (res://addons/gut/gut.gd:605)
         [3] _test_the_scripts (res://addons/gut/gut.gd:818)
WARNING: [CaseManager] Validation: EvidenceData: discovery_method is required for evidence 'ev_witness'
     at: push_warning (core/variant/variant_utility.cpp:1034)
     GDScript backtrace (most recent call first):
         [0] load_case (res://scripts/managers/case_manager.gd:114)
         [1] before_each (res://tests/integration/test_phase12_integration.gd:148)
         [2] _run_test (res://addons/gut/gut.gd:605)
         [3] _test_the_scripts (res://addons/gut/gut.gd:818)
WARNING: [CaseManager] Validation: EvidenceData: discovery_method is required for evidence 'ev_secondary'
     at: push_warning (core/variant/variant_utility.cpp:1034)
     GDScript backtrace (most recent call first):
         [0] load_case (res://scripts/managers/case_manager.gd:114)
         [1] before_each (res://tests/integration/test_phase12_integration.gd:148)
         [2] _run_test (res://addons/gut/gut.gd:605)
         [3] _test_the_scripts (res://addons/gut/gut.gd:818)
WARNING: [CaseManager] Validation: EvidenceData: discovery_method is required for evidence 'ev_minor'
     at: push_warning (core/variant/variant_utility.cpp:1034)
     GDScript backtrace (most recent call first):
         [0] load_case (res://scripts/managers/case_manager.gd:114)
         [1] before_each (res://tests/integration/test_phase12_integration.gd:148)
         [2] _run_test (res://addons/gut/gut.gd:605)
         [3] _test_the_scripts (res://addons/gut/gut.gd:818)
* test_multiple_choices_override
WARNING: [CaseManager] Validation: EvidenceData: discovery_method is required for evidence 'ev_weapon'
     at: push_warning (core/variant/variant_utility.cpp:1034)
     GDScript backtrace (most recent call first):
         [0] load_case (res://scripts/managers/case_manager.gd:114)
         [1] before_each (res://tests/integration/test_phase12_integration.gd:148)
         [2] _run_test (res://addons/gut/gut.gd:605)
         [3] _test_the_scripts (res://addons/gut/gut.gd:818)
WARNING: [CaseManager] Validation: EvidenceData: discovery_method is required for evidence 'ev_motive'
     at: push_warning (core/variant/variant_utility.cpp:1034)
     GDScript backtrace (most recent call first):
         [0] load_case (res://scripts/managers/case_manager.gd:114)
         [1] before_each (res://tests/integration/test_phase12_integration.gd:148)
         [2] _run_test (res://addons/gut/gut.gd:605)
         [3] _test_the_scripts (res://addons/gut/gut.gd:818)
WARNING: [CaseManager] Validation: EvidenceData: discovery_method is required for evidence 'ev_witness'
     at: push_warning (core/variant/variant_utility.cpp:1034)
     GDScript backtrace (most recent call first):
         [0] load_case (res://scripts/managers/case_manager.gd:114)
         [1] before_each (res://tests/integration/test_phase12_integration.gd:148)
         [2] _run_test (res://addons/gut/gut.gd:605)
         [3] _test_the_scripts (res://addons/gut/gut.gd:818)
WARNING: [CaseManager] Validation: EvidenceData: discovery_method is required for evidence 'ev_secondary'
     at: push_warning (core/variant/variant_utility.cpp:1034)
     GDScript backtrace (most recent call first):
         [0] load_case (res://scripts/managers/case_manager.gd:114)
         [1] before_each (res://tests/integration/test_phase12_integration.gd:148)
         [2] _run_test (res://addons/gut/gut.gd:605)
         [3] _test_the_scripts (res://addons/gut/gut.gd:818)
WARNING: [CaseManager] Validation: EvidenceData: discovery_method is required for evidence 'ev_minor'
     at: push_warning (core/variant/variant_utility.cpp:1034)
     GDScript backtrace (most recent call first):
         [0] load_case (res://scripts/managers/case_manager.gd:114)
         [1] before_each (res://tests/integration/test_phase12_integration.gd:148)
         [2] _run_test (res://addons/gut/gut.gd:605)
         [3] _test_the_scripts (res://addons/gut/gut.gd:818)
[1m18/18 passed.
[0m[4m

res://tests/integration/test_save_versioning.gd
[0m* test_save_version_is_defined
* test_save_version_is_positive
* test_save_file_contains_version
* test_version_mismatch_signal_emitted
WARNING: [SaveManager] Save version mismatch: file=999, current=1
     at: push_warning (core/variant/variant_utility.cpp:1034)
     GDScript backtrace (most recent call first):
         [0] load_game (res://scripts/managers/save_manager.gd:119)
         [1] test_version_mismatch_signal_emitted (res://tests/integration/test_save_versioning.gd:82)
         [2] _run_test (res://addons/gut/gut.gd:615)
         [3] _test_the_scripts (res://addons/gut/gut.gd:818)
[34m[ExpectedError][0mExpected push_warning error containing '[SaveManager] Save version mismatch: file=999, current=1'.  
* test_save_load_round_trip
* test_three_save_slots_independent
* test_invalid_slot_save_fails
* test_invalid_slot_load_fails
* test_load_nonexistent_save_fails
* test_delete_save
* test_delete_nonexistent_save
* test_save_info_metadata
* test_corrupted_save_missing_fields
* test_save_emits_signal
* test_load_emits_signal
[1m15/15 passed.
[0m[4m

res://tests/integration/test_screen_navigation_integration.gd
[0m* test_navigate_to_desk_hub_loads_screen
* test_navigate_to_evidence_archive_loads_screen
* test_navigate_to_detective_board_loads_screen
* test_navigate_to_timeline_board_loads_screen
* test_navigate_to_location_map_loads_screen
* test_navigate_to_investigation_log_loads_screen
* test_navigation_builds_history
* test_navigate_back_returns_to_previous
* test_navigate_back_chain
* test_navigation_replaces_screen_content
* test_navigate_emits_screen_changing_signal
* test_navigate_emits_screen_changed_signal
* test_navigate_screen_changed_has_correct_id
* test_navigate_screen_changing_has_correct_ids
* test_open_morning_briefing_modal
* test_open_notification_panel_modal
* test_open_duplicate_modal_returns_existing
WARNING: [ScreenManager] Modal already open: morning_briefing
     at: push_warning (core/variant/variant_utility.cpp:1034)
     GDScript backtrace (most recent call first):
         [0] open_modal (res://scripts/ui/screen_manager.gd:226)
         [1] test_open_duplicate_modal_returns_existing (res://tests/integration/test_screen_navigation_integration.gd:181)
         [2] _run_test (res://addons/gut/gut.gd:615)
         [3] _test_the_scripts (res://addons/gut/gut.gd:818)
* test_close_modal
* test_close_modal_emits_signal
* test_open_modal_emits_signal
* test_close_all_modals
* test_modal_renders_above_screen
* test_modal_persists_across_screen_navigation
* test_game_reset_clears_screen_manager
[1m24/24 passed.
[0m[4m

res://tests/integration/test_system_chains.gd
[0m* test_evidence_to_archive_to_interrogation_to_board
* test_lab_to_day_advance_to_results
* test_warrant_denied_insufficient_evidence
* test_warrant_approved_with_sufficient_evidence
* test_timeline_events_placed_and_overlaps_detected
* test_case_report_to_confidence_to_outcome
* test_surveillance_to_results
* test_full_chain_evidence_to_outcome
* test_all_systems_serialize_roundtrip
[1m9/9 passed.
[0m[4m

res://tests/integration/test_theory_integration.gd
[0m* test_theory_detects_timeline_entry_conflict
WARNING: [CaseManager] Validation: EvidenceData: discovery_method is required for evidence 'ev_knife'
     at: push_warning (core/variant/variant_utility.cpp:1034)
     GDScript backtrace (most recent call first):
         [0] load_case (res://scripts/managers/case_manager.gd:114)
         [1] before_each (res://tests/integration/test_theory_integration.gd:130)
         [2] _run_test (res://addons/gut/gut.gd:605)
         [3] _test_the_scripts (res://addons/gut/gut.gd:818)
WARNING: [CaseManager] Validation: EvidenceData: discovery_method is required for evidence 'ev_prints'
     at: push_warning (core/variant/variant_utility.cpp:1034)
     GDScript backtrace (most recent call first):
         [0] load_case (res://scripts/managers/case_manager.gd:114)
         [1] before_each (res://tests/integration/test_theory_integration.gd:130)
         [2] _run_test (res://addons/gut/gut.gd:605)
         [3] _test_the_scripts (res://addons/gut/gut.gd:818)
WARNING: [CaseManager] Validation: EvidenceData: discovery_method is required for evidence 'ev_camera'
     at: push_warning (core/variant/variant_utility.cpp:1034)
     GDScript backtrace (most recent call first):
         [0] load_case (res://scripts/managers/case_manager.gd:114)
         [1] before_each (res://tests/integration/test_theory_integration.gd:130)
         [2] _run_test (res://addons/gut/gut.gd:605)
         [3] _test_the_scripts (res://addons/gut/gut.gd:818)
* test_theory_detects_hypothesis_conflict
WARNING: [CaseManager] Validation: EvidenceData: discovery_method is required for evidence 'ev_knife'
     at: push_warning (core/variant/variant_utility.cpp:1034)
     GDScript backtrace (most recent call first):
         [0] load_case (res://scripts/managers/case_manager.gd:114)
         [1] before_each (res://tests/integration/test_theory_integration.gd:130)
         [2] _run_test (res://addons/gut/gut.gd:605)
         [3] _test_the_scripts (res://addons/gut/gut.gd:818)
WARNING: [CaseManager] Validation: EvidenceData: discovery_method is required for evidence 'ev_prints'
     at: push_warning (core/variant/variant_utility.cpp:1034)
     GDScript backtrace (most recent call first):
         [0] load_case (res://scripts/managers/case_manager.gd:114)
         [1] before_each (res://tests/integration/test_theory_integration.gd:130)
         [2] _run_test (res://addons/gut/gut.gd:605)
         [3] _test_the_scripts (res://addons/gut/gut.gd:818)
WARNING: [CaseManager] Validation: EvidenceData: discovery_method is required for evidence 'ev_camera'
     at: push_warning (core/variant/variant_utility.cpp:1034)
     GDScript backtrace (most recent call first):
         [0] load_case (res://scripts/managers/case_manager.gd:114)
         [1] before_each (res://tests/integration/test_theory_integration.gd:130)
         [2] _run_test (res://addons/gut/gut.gd:605)
         [3] _test_the_scripts (res://addons/gut/gut.gd:818)
* test_theory_no_conflict_when_different_suspect
WARNING: [CaseManager] Validation: EvidenceData: discovery_method is required for evidence 'ev_knife'
     at: push_warning (core/variant/variant_utility.cpp:1034)
     GDScript backtrace (most recent call first):
         [0] load_case (res://scripts/managers/case_manager.gd:114)
         [1] before_each (res://tests/integration/test_theory_integration.gd:130)
         [2] _run_test (res://addons/gut/gut.gd:605)
         [3] _test_the_scripts (res://addons/gut/gut.gd:818)
WARNING: [CaseManager] Validation: EvidenceData: discovery_method is required for evidence 'ev_prints'
     at: push_warning (core/variant/variant_utility.cpp:1034)
     GDScript backtrace (most recent call first):
         [0] load_case (res://scripts/managers/case_manager.gd:114)
         [1] before_each (res://tests/integration/test_theory_integration.gd:130)
         [2] _run_test (res://addons/gut/gut.gd:605)
         [3] _test_the_scripts (res://addons/gut/gut.gd:818)
WARNING: [CaseManager] Validation: EvidenceData: discovery_method is required for evidence 'ev_camera'
     at: push_warning (core/variant/variant_utility.cpp:1034)
     GDScript backtrace (most recent call first):
         [0] load_case (res://scripts/managers/case_manager.gd:114)
         [1] before_each (res://tests/integration/test_theory_integration.gd:130)
         [2] _run_test (res://addons/gut/gut.gd:605)
         [3] _test_the_scripts (res://addons/gut/gut.gd:818)
* test_theory_multiple_conflicts
WARNING: [CaseManager] Validation: EvidenceData: discovery_method is required for evidence 'ev_knife'
     at: push_warning (core/variant/variant_utility.cpp:1034)
     GDScript backtrace (most recent call first):
         [0] load_case (res://scripts/managers/case_manager.gd:114)
         [1] before_each (res://tests/integration/test_theory_integration.gd:130)
         [2] _run_test (res://addons/gut/gut.gd:605)
         [3] _test_the_scripts (res://addons/gut/gut.gd:818)
WARNING: [CaseManager] Validation: EvidenceData: discovery_method is required for evidence 'ev_prints'
     at: push_warning (core/variant/variant_utility.cpp:1034)
     GDScript backtrace (most recent call first):
         [0] load_case (res://scripts/managers/case_manager.gd:114)
         [1] before_each (res://tests/integration/test_theory_integration.gd:130)
         [2] _run_test (res://addons/gut/gut.gd:605)
         [3] _test_the_scripts (res://addons/gut/gut.gd:818)
WARNING: [CaseManager] Validation: EvidenceData: discovery_method is required for evidence 'ev_camera'
     at: push_warning (core/variant/variant_utility.cpp:1034)
     GDScript backtrace (most recent call first):
         [0] load_case (res://scripts/managers/case_manager.gd:114)
         [1] before_each (res://tests/integration/test_theory_integration.gd:130)
         [2] _run_test (res://addons/gut/gut.gd:605)
         [3] _test_the_scripts (res://addons/gut/gut.gd:818)
* test_game_manager_serialize_includes_theory
WARNING: [CaseManager] Validation: EvidenceData: discovery_method is required for evidence 'ev_knife'
     at: push_warning (core/variant/variant_utility.cpp:1034)
     GDScript backtrace (most recent call first):
         [0] load_case (res://scripts/managers/case_manager.gd:114)
         [1] before_each (res://tests/integration/test_theory_integration.gd:130)
         [2] _run_test (res://addons/gut/gut.gd:605)
         [3] _test_the_scripts (res://addons/gut/gut.gd:818)
WARNING: [CaseManager] Validation: EvidenceData: discovery_method is required for evidence 'ev_prints'
     at: push_warning (core/variant/variant_utility.cpp:1034)
     GDScript backtrace (most recent call first):
         [0] load_case (res://scripts/managers/case_manager.gd:114)
         [1] before_each (res://tests/integration/test_theory_integration.gd:130)
         [2] _run_test (res://addons/gut/gut.gd:605)
         [3] _test_the_scripts (res://addons/gut/gut.gd:818)
WARNING: [CaseManager] Validation: EvidenceData: discovery_method is required for evidence 'ev_camera'
     at: push_warning (core/variant/variant_utility.cpp:1034)
     GDScript backtrace (most recent call first):
         [0] load_case (res://scripts/managers/case_manager.gd:114)
         [1] before_each (res://tests/integration/test_theory_integration.gd:130)
         [2] _run_test (res://addons/gut/gut.gd:605)
         [3] _test_the_scripts (res://addons/gut/gut.gd:818)
* test_game_manager_deserialize_restores_theory
WARNING: [CaseManager] Validation: EvidenceData: discovery_method is required for evidence 'ev_knife'
     at: push_warning (core/variant/variant_utility.cpp:1034)
     GDScript backtrace (most recent call first):
         [0] load_case (res://scripts/managers/case_manager.gd:114)
         [1] before_each (res://tests/integration/test_theory_integration.gd:130)
         [2] _run_test (res://addons/gut/gut.gd:605)
         [3] _test_the_scripts (res://addons/gut/gut.gd:818)
WARNING: [CaseManager] Validation: EvidenceData: discovery_method is required for evidence 'ev_prints'
     at: push_warning (core/variant/variant_utility.cpp:1034)
     GDScript backtrace (most recent call first):
         [0] load_case (res://scripts/managers/case_manager.gd:114)
         [1] before_each (res://tests/integration/test_theory_integration.gd:130)
         [2] _run_test (res://addons/gut/gut.gd:605)
         [3] _test_the_scripts (res://addons/gut/gut.gd:818)
WARNING: [CaseManager] Validation: EvidenceData: discovery_method is required for evidence 'ev_camera'
     at: push_warning (core/variant/variant_utility.cpp:1034)
     GDScript backtrace (most recent call first):
         [0] load_case (res://scripts/managers/case_manager.gd:114)
         [1] before_each (res://tests/integration/test_theory_integration.gd:130)
         [2] _run_test (res://addons/gut/gut.gd:605)
         [3] _test_the_scripts (res://addons/gut/gut.gd:818)
WARNING: [CaseManager] Validation: EvidenceData: discovery_method is required for evidence 'ev_knife'
     at: push_warning (core/variant/variant_utility.cpp:1034)
     GDScript backtrace (most recent call first):
         [0] load_case (res://scripts/managers/case_manager.gd:114)
         [1] test_game_manager_deserialize_restores_theory (res://tests/integration/test_theory_integration.gd:226)
         [2] _run_test (res://addons/gut/gut.gd:615)
         [3] _test_the_scripts (res://addons/gut/gut.gd:818)
WARNING: [CaseManager] Validation: EvidenceData: discovery_method is required for evidence 'ev_prints'
     at: push_warning (core/variant/variant_utility.cpp:1034)
     GDScript backtrace (most recent call first):
         [0] load_case (res://scripts/managers/case_manager.gd:114)
         [1] test_game_manager_deserialize_restores_theory (res://tests/integration/test_theory_integration.gd:226)
         [2] _run_test (res://addons/gut/gut.gd:615)
         [3] _test_the_scripts (res://addons/gut/gut.gd:818)
WARNING: [CaseManager] Validation: EvidenceData: discovery_method is required for evidence 'ev_camera'
     at: push_warning (core/variant/variant_utility.cpp:1034)
     GDScript backtrace (most recent call first):
         [0] load_case (res://scripts/managers/case_manager.gd:114)
         [1] test_game_manager_deserialize_restores_theory (res://tests/integration/test_theory_integration.gd:226)
         [2] _run_test (res://addons/gut/gut.gd:615)
         [3] _test_the_scripts (res://addons/gut/gut.gd:818)
* test_game_manager_new_game_resets_theories
WARNING: [CaseManager] Validation: EvidenceData: discovery_method is required for evidence 'ev_knife'
     at: push_warning (core/variant/variant_utility.cpp:1034)
     GDScript backtrace (most recent call first):
         [0] load_case (res://scripts/managers/case_manager.gd:114)
         [1] before_each (res://tests/integration/test_theory_integration.gd:130)
         [2] _run_test (res://addons/gut/gut.gd:605)
         [3] _test_the_scripts (res://addons/gut/gut.gd:818)
WARNING: [CaseManager] Validation: EvidenceData: discovery_method is required for evidence 'ev_prints'
     at: push_warning (core/variant/variant_utility.cpp:1034)
     GDScript backtrace (most recent call first):
         [0] load_case (res://scripts/managers/case_manager.gd:114)
         [1] before_each (res://tests/integration/test_theory_integration.gd:130)
         [2] _run_test (res://addons/gut/gut.gd:605)
         [3] _test_the_scripts (res://addons/gut/gut.gd:818)
WARNING: [CaseManager] Validation: EvidenceData: discovery_method is required for evidence 'ev_camera'
     at: push_warning (core/variant/variant_utility.cpp:1034)
     GDScript backtrace (most recent call first):
         [0] load_case (res://scripts/managers/case_manager.gd:114)
         [1] before_each (res://tests/integration/test_theory_integration.gd:130)
         [2] _run_test (res://addons/gut/gut.gd:605)
         [3] _test_the_scripts (res://addons/gut/gut.gd:818)
* test_attach_discovered_evidence_to_theory
WARNING: [CaseManager] Validation: EvidenceData: discovery_method is required for evidence 'ev_knife'
     at: push_warning (core/variant/variant_utility.cpp:1034)
     GDScript backtrace (most recent call first):
         [0] load_case (res://scripts/managers/case_manager.gd:114)
         [1] before_each (res://tests/integration/test_theory_integration.gd:130)
         [2] _run_test (res://addons/gut/gut.gd:605)
         [3] _test_the_scripts (res://addons/gut/gut.gd:818)
WARNING: [CaseManager] Validation: EvidenceData: discovery_method is required for evidence 'ev_prints'
     at: push_warning (core/variant/variant_utility.cpp:1034)
     GDScript backtrace (most recent call first):
         [0] load_case (res://scripts/managers/case_manager.gd:114)
         [1] before_each (res://tests/integration/test_theory_integration.gd:130)
         [2] _run_test (res://addons/gut/gut.gd:605)
         [3] _test_the_scripts (res://addons/gut/gut.gd:818)
WARNING: [CaseManager] Validation: EvidenceData: discovery_method is required for evidence 'ev_camera'
     at: push_warning (core/variant/variant_utility.cpp:1034)
     GDScript backtrace (most recent call first):
         [0] load_case (res://scripts/managers/case_manager.gd:114)
         [1] before_each (res://tests/integration/test_theory_integration.gd:130)
         [2] _run_test (res://addons/gut/gut.gd:605)
         [3] _test_the_scripts (res://addons/gut/gut.gd:818)
* test_theory_strength_progression
WARNING: [CaseManager] Validation: EvidenceData: discovery_method is required for evidence 'ev_knife'
     at: push_warning (core/variant/variant_utility.cpp:1034)
     GDScript backtrace (most recent call first):
         [0] load_case (res://scripts/managers/case_manager.gd:114)
         [1] before_each (res://tests/integration/test_theory_integration.gd:130)
         [2] _run_test (res://addons/gut/gut.gd:605)
         [3] _test_the_scripts (res://addons/gut/gut.gd:818)
WARNING: [CaseManager] Validation: EvidenceData: discovery_method is required for evidence 'ev_prints'
     at: push_warning (core/variant/variant_utility.cpp:1034)
     GDScript backtrace (most recent call first):
         [0] load_case (res://scripts/managers/case_manager.gd:114)
         [1] before_each (res://tests/integration/test_theory_integration.gd:130)
         [2] _run_test (res://addons/gut/gut.gd:605)
         [3] _test_the_scripts (res://addons/gut/gut.gd:818)
WARNING: [CaseManager] Validation: EvidenceData: discovery_method is required for evidence 'ev_camera'
     at: push_warning (core/variant/variant_utility.cpp:1034)
     GDScript backtrace (most recent call first):
         [0] load_case (res://scripts/managers/case_manager.gd:114)
         [1] before_each (res://tests/integration/test_theory_integration.gd:130)
         [2] _run_test (res://addons/gut/gut.gd:605)
         [3] _test_the_scripts (res://addons/gut/gut.gd:818)
* test_full_theory_with_timeline_and_evidence
WARNING: [CaseManager] Validation: EvidenceData: discovery_method is required for evidence 'ev_knife'
     at: push_warning (core/variant/variant_utility.cpp:1034)
     GDScript backtrace (most recent call first):
         [0] load_case (res://scripts/managers/case_manager.gd:114)
         [1] before_each (res://tests/integration/test_theory_integration.gd:130)
         [2] _run_test (res://addons/gut/gut.gd:605)
         [3] _test_the_scripts (res://addons/gut/gut.gd:818)
WARNING: [CaseManager] Validation: EvidenceData: discovery_method is required for evidence 'ev_prints'
     at: push_warning (core/variant/variant_utility.cpp:1034)
     GDScript backtrace (most recent call first):
         [0] load_case (res://scripts/managers/case_manager.gd:114)
         [1] before_each (res://tests/integration/test_theory_integration.gd:130)
         [2] _run_test (res://addons/gut/gut.gd:605)
         [3] _test_the_scripts (res://addons/gut/gut.gd:818)
WARNING: [CaseManager] Validation: EvidenceData: discovery_method is required for evidence 'ev_camera'
     at: push_warning (core/variant/variant_utility.cpp:1034)
     GDScript backtrace (most recent call first):
         [0] load_case (res://scripts/managers/case_manager.gd:114)
         [1] before_each (res://tests/integration/test_theory_integration.gd:130)
         [2] _run_test (res://addons/gut/gut.gd:605)
         [3] _test_the_scripts (res://addons/gut/gut.gd:818)
WARNING: [CaseManager] Validation: EvidenceData: discovery_method is required for evidence 'ev_knife'
     at: push_warning (core/variant/variant_utility.cpp:1034)
     GDScript backtrace (most recent call first):
         [0] load_case (res://scripts/managers/case_manager.gd:114)
         [1] test_full_theory_with_timeline_and_evidence (res://tests/integration/test_theory_integration.gd:324)
         [2] _run_test (res://addons/gut/gut.gd:615)
         [3] _test_the_scripts (res://addons/gut/gut.gd:818)
WARNING: [CaseManager] Validation: EvidenceData: discovery_method is required for evidence 'ev_prints'
     at: push_warning (core/variant/variant_utility.cpp:1034)
     GDScript backtrace (most recent call first):
         [0] load_case (res://scripts/managers/case_manager.gd:114)
         [1] test_full_theory_with_timeline_and_evidence (res://tests/integration/test_theory_integration.gd:324)
         [2] _run_test (res://addons/gut/gut.gd:615)
         [3] _test_the_scripts (res://addons/gut/gut.gd:818)
WARNING: [CaseManager] Validation: EvidenceData: discovery_method is required for evidence 'ev_camera'
     at: push_warning (core/variant/variant_utility.cpp:1034)
     GDScript backtrace (most recent call first):
         [0] load_case (res://scripts/managers/case_manager.gd:114)
         [1] test_full_theory_with_timeline_and_evidence (res://tests/integration/test_theory_integration.gd:324)
         [2] _run_test (res://addons/gut/gut.gd:615)
         [3] _test_the_scripts (res://addons/gut/gut.gd:818)
* test_screen_manager_has_theory_builder
WARNING: [CaseManager] Validation: EvidenceData: discovery_method is required for evidence 'ev_knife'
     at: push_warning (core/variant/variant_utility.cpp:1034)
     GDScript backtrace (most recent call first):
         [0] load_case (res://scripts/managers/case_manager.gd:114)
         [1] before_each (res://tests/integration/test_theory_integration.gd:130)
         [2] _run_test (res://addons/gut/gut.gd:605)
         [3] _test_the_scripts (res://addons/gut/gut.gd:818)
WARNING: [CaseManager] Validation: EvidenceData: discovery_method is required for evidence 'ev_prints'
     at: push_warning (core/variant/variant_utility.cpp:1034)
     GDScript backtrace (most recent call first):
         [0] load_case (res://scripts/managers/case_manager.gd:114)
         [1] before_each (res://tests/integration/test_theory_integration.gd:130)
         [2] _run_test (res://addons/gut/gut.gd:605)
         [3] _test_the_scripts (res://addons/gut/gut.gd:818)
WARNING: [CaseManager] Validation: EvidenceData: discovery_method is required for evidence 'ev_camera'
     at: push_warning (core/variant/variant_utility.cpp:1034)
     GDScript backtrace (most recent call first):
         [0] load_case (res://scripts/managers/case_manager.gd:114)
         [1] before_each (res://tests/integration/test_theory_integration.gd:130)
         [2] _run_test (res://addons/gut/gut.gd:605)
         [3] _test_the_scripts (res://addons/gut/gut.gd:818)
* test_screen_count_is_sixteen
WARNING: [CaseManager] Validation: EvidenceData: discovery_method is required for evidence 'ev_knife'
     at: push_warning (core/variant/variant_utility.cpp:1034)
     GDScript backtrace (most recent call first):
         [0] load_case (res://scripts/managers/case_manager.gd:114)
         [1] before_each (res://tests/integration/test_theory_integration.gd:130)
         [2] _run_test (res://addons/gut/gut.gd:605)
         [3] _test_the_scripts (res://addons/gut/gut.gd:818)
WARNING: [CaseManager] Validation: EvidenceData: discovery_method is required for evidence 'ev_prints'
     at: push_warning (core/variant/variant_utility.cpp:1034)
     GDScript backtrace (most recent call first):
         [0] load_case (res://scripts/managers/case_manager.gd:114)
         [1] before_each (res://tests/integration/test_theory_integration.gd:130)
         [2] _run_test (res://addons/gut/gut.gd:605)
         [3] _test_the_scripts (res://addons/gut/gut.gd:818)
WARNING: [CaseManager] Validation: EvidenceData: discovery_method is required for evidence 'ev_camera'
     at: push_warning (core/variant/variant_utility.cpp:1034)
     GDScript backtrace (most recent call first):
         [0] load_case (res://scripts/managers/case_manager.gd:114)
         [1] before_each (res://tests/integration/test_theory_integration.gd:130)
         [2] _run_test (res://addons/gut/gut.gd:605)
         [3] _test_the_scripts (res://addons/gut/gut.gd:818)
* test_theory_strength_enum_values
WARNING: [CaseManager] Validation: EvidenceData: discovery_method is required for evidence 'ev_knife'
     at: push_warning (core/variant/variant_utility.cpp:1034)
     GDScript backtrace (most recent call first):
         [0] load_case (res://scripts/managers/case_manager.gd:114)
         [1] before_each (res://tests/integration/test_theory_integration.gd:130)
         [2] _run_test (res://addons/gut/gut.gd:605)
         [3] _test_the_scripts (res://addons/gut/gut.gd:818)
WARNING: [CaseManager] Validation: EvidenceData: discovery_method is required for evidence 'ev_prints'
     at: push_warning (core/variant/variant_utility.cpp:1034)
     GDScript backtrace (most recent call first):
         [0] load_case (res://scripts/managers/case_manager.gd:114)
         [1] before_each (res://tests/integration/test_theory_integration.gd:130)
         [2] _run_test (res://addons/gut/gut.gd:605)
         [3] _test_the_scripts (res://addons/gut/gut.gd:818)
WARNING: [CaseManager] Validation: EvidenceData: discovery_method is required for evidence 'ev_camera'
     at: push_warning (core/variant/variant_utility.cpp:1034)
     GDScript backtrace (most recent call first):
         [0] load_case (res://scripts/managers/case_manager.gd:114)
         [1] before_each (res://tests/integration/test_theory_integration.gd:130)
         [2] _run_test (res://addons/gut/gut.gd:605)
         [3] _test_the_scripts (res://addons/gut/gut.gd:818)
[1m13/13 passed.
[0m[4m

res://tests/integration/test_timeline_integration.gd
[0m* test_event_place_attach_overlap_pipeline
WARNING: [CaseManager] Validation: EvidenceData: discovery_method is required for evidence 'ev_elevator'
     at: push_warning (core/variant/variant_utility.cpp:1034)
     GDScript backtrace (most recent call first):
         [0] load_case (res://scripts/managers/case_manager.gd:114)
         [1] before_each (res://tests/integration/test_timeline_integration.gd:84)
         [2] _run_test (res://addons/gut/gut.gd:605)
         [3] _test_the_scripts (res://addons/gut/gut.gd:818)
* test_game_manager_serialize_includes_timeline
WARNING: [CaseManager] Validation: EvidenceData: discovery_method is required for evidence 'ev_elevator'
     at: push_warning (core/variant/variant_utility.cpp:1034)
     GDScript backtrace (most recent call first):
         [0] load_case (res://scripts/managers/case_manager.gd:114)
         [1] before_each (res://tests/integration/test_timeline_integration.gd:84)
         [2] _run_test (res://addons/gut/gut.gd:605)
         [3] _test_the_scripts (res://addons/gut/gut.gd:818)
* test_game_manager_deserialize_restores_timeline
WARNING: [CaseManager] Validation: EvidenceData: discovery_method is required for evidence 'ev_elevator'
     at: push_warning (core/variant/variant_utility.cpp:1034)
     GDScript backtrace (most recent call first):
         [0] load_case (res://scripts/managers/case_manager.gd:114)
         [1] before_each (res://tests/integration/test_timeline_integration.gd:84)
         [2] _run_test (res://addons/gut/gut.gd:605)
         [3] _test_the_scripts (res://addons/gut/gut.gd:818)
WARNING: [CaseManager] Validation: EvidenceData: discovery_method is required for evidence 'ev_elevator'
     at: push_warning (core/variant/variant_utility.cpp:1034)
     GDScript backtrace (most recent call first):
         [0] load_case (res://scripts/managers/case_manager.gd:114)
         [1] test_game_manager_deserialize_restores_timeline (res://tests/integration/test_timeline_integration.gd:150)
         [2] _run_test (res://addons/gut/gut.gd:615)
         [3] _test_the_scripts (res://addons/gut/gut.gd:818)
[1m3/3 passed.
[0m[4m

res://tests/scenario/test_board_scenarios.gd
[0m* test_large_board_serialize_deserialize
* test_operations_after_deserialize_use_correct_ids
[1m2/2 passed.
[0m[4m

res://tests/scenario/test_edge_cases.gd
[0m* test_mandatory_actions_block_day
* test_completing_unknown_mandatory_action_returns_false
* test_duplicate_evidence_discovery_ignored
* test_duplicate_location_visit_ignored
* test_actions_cannot_go_negative
* test_hints_exhausted
* test_interrogation_limit_per_day
* test_interrogation_limit_resets_on_new_day
* test_day_does_not_exceed_total
* test_empty_report_submission
* test_double_report_submission
WARNING: [ConclusionManager] Report already submitted.
     at: push_warning (core/variant/variant_utility.cpp:1034)
     GDScript backtrace (most recent call first):
         [0] submit_report (res://scripts/managers/conclusion_manager.gd:92)
         [1] test_double_report_submission (res://tests/scenario/test_edge_cases.gd:191)
         [2] _run_test (res://addons/gut/gut.gd:615)
         [3] _test_the_scripts (res://addons/gut/gut.gd:818)
* test_warrant_denied_provides_feedback
* test_remove_nonexistent_board_node
WARNING: [BoardManager] Node not found: nonexistent_id
     at: push_warning (core/variant/variant_utility.cpp:1034)
     GDScript backtrace (most recent call first):
         [0] remove_node (res://scripts/managers/board_manager.gd:97)
         [1] test_remove_nonexistent_board_node (res://tests/scenario/test_edge_cases.gd:212)
         [2] _run_test (res://addons/gut/gut.gd:615)
         [3] _test_the_scripts (res://addons/gut/gut.gd:818)
* test_move_nonexistent_board_node
WARNING: [BoardManager] Node not found: nonexistent_id
     at: push_warning (core/variant/variant_utility.cpp:1034)
     GDScript backtrace (most recent call first):
         [0] move_node (res://scripts/managers/board_manager.gd:119)
         [1] test_move_nonexistent_board_node (res://tests/scenario/test_edge_cases.gd:217)
         [2] _run_test (res://addons/gut/gut.gd:615)
         [3] _test_the_scripts (res://addons/gut/gut.gd:818)
* test_connection_to_nonexistent_nodes
ERROR: [BoardManager] Source node not found: fake_from
   at: push_error (core/variant/variant_utility.cpp:1024)
   GDScript backtrace (most recent call first):
       [0] add_connection (res://scripts/managers/board_manager.gd:173)
       [1] test_connection_to_nonexistent_nodes (res://tests/scenario/test_edge_cases.gd:222)
       [2] _run_test (res://addons/gut/gut.gd:615)
       [3] _test_the_scripts (res://addons/gut/gut.gd:818)
[34m[ExpectedError][0mExpected push_error error containing '[BoardManager] Source node not found: fake_from'.  
* test_timeline_remove_nonexistent_entry
WARNING: [TimelineManager] Entry not found: nonexistent
     at: push_warning (core/variant/variant_utility.cpp:1034)
     GDScript backtrace (most recent call first):
         [0] remove_entry (res://scripts/managers/timeline_manager.gd:113)
         [1] test_timeline_remove_nonexistent_entry (res://tests/scenario/test_edge_cases.gd:232)
         [2] _run_test (res://addons/gut/gut.gd:615)
         [3] _test_the_scripts (res://addons/gut/gut.gd:818)
* test_timeline_move_nonexistent_entry
WARNING: [TimelineManager] Entry not found: nonexistent
     at: push_warning (core/variant/variant_utility.cpp:1034)
     GDScript backtrace (most recent call first):
         [0] move_entry (res://scripts/managers/timeline_manager.gd:127)
         [1] test_timeline_move_nonexistent_entry (res://tests/scenario/test_edge_cases.gd:237)
         [2] _run_test (res://addons/gut/gut.gd:615)
         [3] _test_the_scripts (res://addons/gut/gut.gd:818)
* test_timeline_duplicate_event_placement
* test_theory_operations_on_nonexistent
WARNING: [TheoryManager] Theory not found: fake_id
     at: push_warning (core/variant/variant_utility.cpp:1034)
     GDScript backtrace (most recent call first):
         [0] set_suspect (res://scripts/managers/theory_manager.gd:108)
         [1] test_theory_operations_on_nonexistent (res://tests/scenario/test_edge_cases.gd:253)
         [2] _run_test (res://addons/gut/gut.gd:615)
         [3] _test_the_scripts (res://addons/gut/gut.gd:818)
WARNING: [TheoryManager] Theory not found: fake_id
     at: push_warning (core/variant/variant_utility.cpp:1034)
     GDScript backtrace (most recent call first):
         [0] set_motive (res://scripts/managers/theory_manager.gd:118)
         [1] test_theory_operations_on_nonexistent (res://tests/scenario/test_edge_cases.gd:254)
         [2] _run_test (res://addons/gut/gut.gd:615)
         [3] _test_the_scripts (res://addons/gut/gut.gd:818)
WARNING: [TheoryManager] Theory not found: fake_id
     at: push_warning (core/variant/variant_utility.cpp:1034)
     GDScript backtrace (most recent call first):
         [0] set_method (res://scripts/managers/theory_manager.gd:139)
         [1] test_theory_operations_on_nonexistent (res://tests/scenario/test_edge_cases.gd:255)
         [2] _run_test (res://addons/gut/gut.gd:615)
         [3] _test_the_scripts (res://addons/gut/gut.gd:818)
WARNING: [TheoryManager] Theory not found: fake_id
     at: push_warning (core/variant/variant_utility.cpp:1034)
     GDScript backtrace (most recent call first):
         [0] set_time (res://scripts/managers/theory_manager.gd:128)
         [1] test_theory_operations_on_nonexistent (res://tests/scenario/test_edge_cases.gd:256)
         [2] _run_test (res://addons/gut/gut.gd:615)
         [3] _test_the_scripts (res://addons/gut/gut.gd:818)
WARNING: [TheoryManager] Theory not found: fake_id
     at: push_warning (core/variant/variant_utility.cpp:1034)
     GDScript backtrace (most recent call first):
         [0] remove_theory (res://scripts/managers/theory_manager.gd:77)
         [1] test_theory_operations_on_nonexistent (res://tests/scenario/test_edge_cases.gd:257)
         [2] _run_test (res://addons/gut/gut.gd:615)
         [3] _test_the_scripts (res://addons/gut/gut.gd:818)
* test_theory_incomplete_without_all_fields
* test_lab_cancel_nonexistent_request
WARNING: [LabManager] Request not found: nonexistent
     at: push_warning (core/variant/variant_utility.cpp:1034)
     GDScript backtrace (most recent call first):
         [0] cancel_request (res://scripts/managers/lab_manager.gd:168)
         [1] test_lab_cancel_nonexistent_request (res://tests/scenario/test_edge_cases.gd:272)
         [2] _run_test (res://addons/gut/gut.gd:615)
         [3] _test_the_scripts (res://addons/gut/gut.gd:818)
* test_lab_max_concurrent_requests
WARNING: [LabManager] Evidence already submitted for analysis: ev_weapon
     at: push_warning (core/variant/variant_utility.cpp:1034)
     GDScript backtrace (most recent call first):
         [0] _submit_request_internal (res://scripts/managers/lab_manager.gd:124)
         [1] submit_request (res://scripts/managers/lab_manager.gd:94)
         [2] test_lab_max_concurrent_requests (res://tests/scenario/test_edge_cases.gd:285)
         [3] _run_test (res://addons/gut/gut.gd:615)
         [4] _test_the_scripts (res://addons/gut/gut.gd:818)
* test_surveillance_max_concurrent
WARNING: [SurveillanceManager] Maximum concurrent surveillance reached (2).
     at: push_warning (core/variant/variant_utility.cpp:1034)
     GDScript backtrace (most recent call first):
         [0] install_surveillance (res://scripts/managers/surveillance_manager.gd:77)
         [1] test_surveillance_max_concurrent (res://tests/scenario/test_edge_cases.gd:301)
         [2] _run_test (res://addons/gut/gut.gd:615)
         [3] _test_the_scripts (res://addons/gut/gut.gd:818)
* test_save_load_mid_investigation
* test_new_game_resets_all_state
[1m25/25 passed.
[0m[4m

res://tests/scenario/test_evidence_lab_flow.gd
[0m* test_day1_morning_briefing_discovers_autopsy_report
* test_lab_request_lookup_by_evidence
* test_lab_request_lookup_returns_null_for_unknown
* test_lab_request_lookup_wine_glasses
* test_get_all_lab_requests
* test_shoe_print_raw_can_be_submitted_to_lab
* test_shoe_print_raw_submission_tracks_in_lab_manager
* test_lab_result_arrives_next_morning
* test_lab_result_clears_from_active_requests
* test_evidence_lab_status_not_submitted_initially
* test_evidence_lab_status_processing_after_submit
* test_evidence_lab_status_completed_after_result
* test_full_hallway_to_lab_to_interrogation
* test_multiple_lab_requests_concurrent
* test_hallway_completion_persists_after_revisit
* test_evidence_upgrade_replaces_raw_with_analyzed
* test_evidence_upgrade_no_duplicate_in_archive
* test_evidence_upgrade_preserves_position_in_array
* test_analyzed_evidence_hides_lab_status_when_results_exist
* test_raw_evidence_shows_lab_status_without_results
* test_shoe_print_lab_request_is_upgrade_transform
* test_desk_fingerprint_lab_request_is_upgrade_transform
* test_wine_glasses_lab_request_is_derive_transform
* test_derive_transform_keeps_input_evidence
* test_derive_transform_adds_output_evidence
* test_derive_transform_results_in_two_evidence_items
* test_derive_transform_stored_in_submitted_request
* test_upgrade_transform_stored_in_submitted_request
[1m28/28 passed.
[0m[4m

res://tests/scenario/test_evidence_value_data.gd
[0m* test_all_riverside_evidence_has_evidentiary_value_text
[1m1/1 passed.
[0m[4m

res://tests/scenario/test_full_playthrough.gd
[0m* test_correct_accusation_path
* test_wrong_suspect_path
* test_request_more_investigation_path
* test_review_evidence_path
* test_all_evidence_discoverable
* test_all_interrogation_triggers_fire
* test_day_progression_full_cycle
* test_action_economy_across_days
[1m8/8 passed.
[0m[4m

res://tests/scenario/test_hallway_investigation.gd
[0m* test_first_visit_starts_full_investigation
* test_hallway_floor_has_visual_inspection_action
* test_hallway_floor_inspection_discovers_shoe_print_raw
* test_hallway_floor_inspection_not_dead_end
* test_security_system_examination_discovers_camera
* test_security_system_examination_discovers_elevator_logs
* test_security_system_state_updates_after_examination
* test_maintenance_office_inspection_discovers_work_log
* test_maintenance_office_state_fully_examined
* test_all_hallway_objects_start_not_inspected
* test_completion_counts_update_after_inspections
* test_repeated_inspection_no_re_discovery
* test_object_states_persist_after_revisit
* test_full_hallway_evidence_chain
[1m14/14 passed.
[0m[4m

res://tests/scenario/test_interrogation_scenarios.gd
[0m* test_mark_interrogation_three_triggers
WARNING: [CaseManager] Validation: EvidenceData: discovery_method is required for evidence 'ev_parking_camera'
     at: push_warning (core/variant/variant_utility.cpp:1034)
     GDScript backtrace (most recent call first):
         [0] load_case (res://scripts/managers/case_manager.gd:114)
         [1] before_each (res://tests/scenario/test_interrogation_scenarios.gd:346)
         [2] _run_test (res://addons/gut/gut.gd:605)
         [3] _test_the_scripts (res://addons/gut/gut.gd:818)
WARNING: [CaseManager] Validation: EvidenceData: discovery_method is required for evidence 'ev_financial'
     at: push_warning (core/variant/variant_utility.cpp:1034)
     GDScript backtrace (most recent call first):
         [0] load_case (res://scripts/managers/case_manager.gd:114)
         [1] before_each (res://tests/scenario/test_interrogation_scenarios.gd:346)
         [2] _run_test (res://addons/gut/gut.gd:605)
         [3] _test_the_scripts (res://addons/gut/gut.gd:818)
WARNING: [CaseManager] Validation: EvidenceData: discovery_method is required for evidence 'ev_safe'
     at: push_warning (core/variant/variant_utility.cpp:1034)
     GDScript backtrace (most recent call first):
         [0] load_case (res://scripts/managers/case_manager.gd:114)
         [1] before_each (res://tests/scenario/test_interrogation_scenarios.gd:346)
         [2] _run_test (res://addons/gut/gut.gd:605)
         [3] _test_the_scripts (res://addons/gut/gut.gd:818)
WARNING: [CaseManager] Validation: EvidenceData: discovery_method is required for evidence 'ev_fingerprint'
     at: push_warning (core/variant/variant_utility.cpp:1034)
     GDScript backtrace (most recent call first):
         [0] load_case (res://scripts/managers/case_manager.gd:114)
         [1] before_each (res://tests/scenario/test_interrogation_scenarios.gd:346)
         [2] _run_test (res://addons/gut/gut.gd:605)
         [3] _test_the_scripts (res://addons/gut/gut.gd:818)
WARNING: [CaseManager] Validation: EvidenceData: discovery_method is required for evidence 'ev_elevator_log'
     at: push_warning (core/variant/variant_utility.cpp:1034)
     GDScript backtrace (most recent call first):
         [0] load_case (res://scripts/managers/case_manager.gd:114)
         [1] before_each (res://tests/scenario/test_interrogation_scenarios.gd:346)
         [2] _run_test (res://addons/gut/gut.gd:605)
         [3] _test_the_scripts (res://addons/gut/gut.gd:818)
WARNING: [CaseManager] Validation: EvidenceData: discovery_method is required for evidence 'ev_shoe_print'
     at: push_warning (core/variant/variant_utility.cpp:1034)
     GDScript backtrace (most recent call first):
         [0] load_case (res://scripts/managers/case_manager.gd:114)
         [1] before_each (res://tests/scenario/test_interrogation_scenarios.gd:346)
         [2] _run_test (res://addons/gut/gut.gd:605)
         [3] _test_the_scripts (res://addons/gut/gut.gd:818)
WARNING: [CaseManager] Validation: EvidenceData: discovery_method is required for evidence 'ev_journal'
     at: push_warning (core/variant/variant_utility.cpp:1034)
     GDScript backtrace (most recent call first):
         [0] load_case (res://scripts/managers/case_manager.gd:114)
         [1] before_each (res://tests/scenario/test_interrogation_scenarios.gd:346)
         [2] _run_test (res://addons/gut/gut.gd:605)
         [3] _test_the_scripts (res://addons/gut/gut.gd:818)
* test_julia_interrogation_reaching_break_point
WARNING: [CaseManager] Validation: EvidenceData: discovery_method is required for evidence 'ev_parking_camera'
     at: push_warning (core/variant/variant_utility.cpp:1034)
     GDScript backtrace (most recent call first):
         [0] load_case (res://scripts/managers/case_manager.gd:114)
         [1] before_each (res://tests/scenario/test_interrogation_scenarios.gd:346)
         [2] _run_test (res://addons/gut/gut.gd:605)
         [3] _test_the_scripts (res://addons/gut/gut.gd:818)
WARNING: [CaseManager] Validation: EvidenceData: discovery_method is required for evidence 'ev_financial'
     at: push_warning (core/variant/variant_utility.cpp:1034)
     GDScript backtrace (most recent call first):
         [0] load_case (res://scripts/managers/case_manager.gd:114)
         [1] before_each (res://tests/scenario/test_interrogation_scenarios.gd:346)
         [2] _run_test (res://addons/gut/gut.gd:605)
         [3] _test_the_scripts (res://addons/gut/gut.gd:818)
WARNING: [CaseManager] Validation: EvidenceData: discovery_method is required for evidence 'ev_safe'
     at: push_warning (core/variant/variant_utility.cpp:1034)
     GDScript backtrace (most recent call first):
         [0] load_case (res://scripts/managers/case_manager.gd:114)
         [1] before_each (res://tests/scenario/test_interrogation_scenarios.gd:346)
         [2] _run_test (res://addons/gut/gut.gd:605)
         [3] _test_the_scripts (res://addons/gut/gut.gd:818)
WARNING: [CaseManager] Validation: EvidenceData: discovery_method is required for evidence 'ev_fingerprint'
     at: push_warning (core/variant/variant_utility.cpp:1034)
     GDScript backtrace (most recent call first):
         [0] load_case (res://scripts/managers/case_manager.gd:114)
         [1] before_each (res://tests/scenario/test_interrogation_scenarios.gd:346)
         [2] _run_test (res://addons/gut/gut.gd:605)
         [3] _test_the_scripts (res://addons/gut/gut.gd:818)
WARNING: [CaseManager] Validation: EvidenceData: discovery_method is required for evidence 'ev_elevator_log'
     at: push_warning (core/variant/variant_utility.cpp:1034)
     GDScript backtrace (most recent call first):
         [0] load_case (res://scripts/managers/case_manager.gd:114)
         [1] before_each (res://tests/scenario/test_interrogation_scenarios.gd:346)
         [2] _run_test (res://addons/gut/gut.gd:605)
         [3] _test_the_scripts (res://addons/gut/gut.gd:818)
WARNING: [CaseManager] Validation: EvidenceData: discovery_method is required for evidence 'ev_shoe_print'
     at: push_warning (core/variant/variant_utility.cpp:1034)
     GDScript backtrace (most recent call first):
         [0] load_case (res://scripts/managers/case_manager.gd:114)
         [1] before_each (res://tests/scenario/test_interrogation_scenarios.gd:346)
         [2] _run_test (res://addons/gut/gut.gd:605)
         [3] _test_the_scripts (res://addons/gut/gut.gd:818)
WARNING: [CaseManager] Validation: EvidenceData: discovery_method is required for evidence 'ev_journal'
     at: push_warning (core/variant/variant_utility.cpp:1034)
     GDScript backtrace (most recent call first):
         [0] load_case (res://scripts/managers/case_manager.gd:114)
         [1] before_each (res://tests/scenario/test_interrogation_scenarios.gd:346)
         [2] _run_test (res://addons/gut/gut.gd:605)
         [3] _test_the_scripts (res://addons/gut/gut.gd:818)
[1m2/2 passed.
[0m[4m

res://tests/scenario/test_location_investigation_ui.gd
[0m* test_visual_inspection_triggers_and_discovers_clues
* test_visual_inspection_uses_correct_target
* test_repeated_inspection_no_duplicates
* test_inspection_on_completed_target_returns_empty
* test_target_selection_stable_after_inspection
* test_examine_device_works_correctly
* test_evidence_signals_emitted_during_inspection
* test_new_object_defaults_to_unexamined
* test_raw_clue_changes_to_fully_processed
* test_analyzed_result_completes_object
* test_empty_clue_state_before_inspection
* test_discovered_clues_available_after_inspection
* test_tool_unavailable_hints_available
* test_target_status_reflects_state
* test_badges_update_after_discovery
* test_badge_fully_processed_for_inspected_object
* test_cross_location_state_independence
* test_location_data_has_image_field
* test_location_scene_has_no_forensic_tools_section
[33m    37 Orphans[0m
[33m        * [LocationInvestigation:<Control#1841450465350>(location_investigation.gd)] + 31[0m
* test_multiple_locations_support
* test_full_investigation_flow
* test_refresh_ui_populates_detail_last
* test_examine_completes_object_without_tools
* test_sequential_object_selection_preserves_state
[1m24/24 passed.
[0m[4m

res://tests/scenario/test_map_happy_flow.gd
[0m* test_step_1_open_map_tab_displays_location_cards
* test_step_1_initial_locations_have_new_status
* test_step_1_initial_locations_show_unknown_evidence
* test_step_1_victim_office_not_visible_initially
* test_step_2_enter_victims_apartment
* test_step_2_apartment_has_four_targets
* test_step_2_entering_apartment_consumes_no_actions
* test_step_3_select_kitchen_target_shows_details
* test_step_3_kitchen_initial_state_not_inspected
* test_step_4_examine_kitchen_action_1_of_4
* test_step_4_kitchen_inspection_discovers_murder_weapon
* test_step_4_kitchen_inspection_discovers_knife_block
* test_step_4_kitchen_inspection_completes_target
* test_step_5_select_living_room_target_shows_details
* test_step_5_living_room_initial_state_not_inspected
* test_step_6_examine_living_room_action_2_of_4
* test_step_6_living_room_inspection_discovers_wine_glasses
* test_step_6_living_room_inspection_discovers_broken_frame
* test_step_6_living_room_inspection_discovers_wine_bottle
* test_step_6_living_room_fully_processed_after_inspection
* test_step_7_select_victims_phone_target_shows_details
* test_step_7_phone_initial_state_not_inspected
* test_step_8_examine_victims_phone_action_3_of_4
* test_step_8_phone_inspection_discovers_text_message
* test_step_8_phone_inspection_discovers_call_log
* test_step_8_discovering_mark_call_log_unlocks_office
* test_step_8_office_unlock_fires_location_unlocked_once
* test_step_8_evidence_notification_precedes_location_unlock_notification
* test_step_9_return_to_map_apartment_shows_open_status
* test_step_9_office_location_now_appears_on_map
* test_step_10_enter_building_hallway
* test_step_10_hallway_has_three_targets
* test_step_11_examine_hallway_floor_action_4_of_4
* test_step_11_hallway_floor_discovers_shoe_print
* test_step_11_hallway_floor_fully_processed_after_inspection
* test_step_12_verify_no_actions_remaining_button_disabled
WARNING: [LocationInvestigationManager] No actions remaining for inspection.
     at: push_warning (core/variant/variant_utility.cpp:1034)
     GDScript backtrace (most recent call first):
         [0] _consume_investigation_action (res://scripts/managers/location_investigation_manager.gd:507)
         [1] inspect_object (res://scripts/managers/location_investigation_manager.gd:146)
         [2] test_step_12_verify_no_actions_remaining_button_disabled (res://tests/scenario/test_map_happy_flow.gd:635)
         [3] _run_test (res://addons/gut/gut.gd:615)
         [4] _test_the_scripts (res://addons/gut/gut.gd:818)
* test_step_13_return_to_map_shows_all_locations
* test_step_14_end_day_1_transitions_to_day_2
* test_step_15_morning_lab_results_available
* test_step_16_hallway_floor_shows_completed_on_day_2
* test_step_16_security_system_still_not_inspected
* test_step_17_security_system_discovers_hallway_camera
* test_step_17_security_system_discovers_elevator_logs
* test_step_18_enter_parking_lot_has_one_target
* test_step_19_parking_camera_discovers_footage
* test_step_20_parking_lot_fully_examined_single_target
* test_step_21_enter_victims_office
* test_step_21_office_initially_has_visible_targets
* test_step_21_office_evidence_count_total_is_five
* test_step_22_office_desk_discovers_email
* test_step_23_file_cabinet_discovers_bank_transfer
* test_step_23_file_cabinet_discovers_accounting_files
* test_step_23_discovering_accounting_files_unlocks_bookshelf
* test_step_24_bookshelf_discovers_hidden_safe
* test_step_24_discovering_safe_unlocks_desk_drawer
* test_step_25_desk_drawer_discovers_personal_journal
* test_step_26_final_map_state_apartment_open_or_exhausted
* test_step_26_final_map_state_office_exhausted
[1m58/58 passed.
[0m[4m

res://tests/scenario/test_mark_bennett_interrogation.gd
[0m* test_initial_dialogue_creates_correct_statements
* test_base_topics_appear_on_start
* test_focus_updates_correctly_statement
* test_focus_updates_correctly_topic
* test_parking_camera_only_works_against_departure_focus
* test_parking_camera_works_against_departure_topic
* test_parking_camera_works_against_reinforced_statement
* test_parking_camera_creates_contradiction_and_pressure
* test_why_lie_topic_unlocks_after_first_contradiction
* test_bank_transfer_only_works_against_valid_focus
* test_bank_transfer_works_against_relationship_topic
* test_bank_transfer_works_against_why_lie_topic
* test_bank_transfer_increases_pressure_and_unlocks_missing_money
* test_apply_pressure_blocked_with_no_pressure
* test_apply_pressure_fails_at_one_pressure
* test_apply_pressure_triggers_break_at_two_pressure
* test_contradiction_history_stored_correctly
* test_incorrect_evidence_produces_rejection_text
* test_full_mark_interrogation_end_to_end
* test_sibling_triggers_share_fired_status
* test_topic_discussions_produce_dialogue
* test_interrogation_auto_starts_in_interrogation_phase
* test_present_evidence_requires_focus_and_evidence
* test_apply_pressure_works_regardless_of_phase
* test_why_lie_topic_produces_statement
* test_missing_money_topic_produces_statement
* test_who_else_knew_topic_produces_statement
* test_dialogue_only_topic_shows_dialogue
* test_topic_discussed_signal_emitted
* test_unlocked_topics_appear_immediately
* test_full_mark_flow_with_statement_logging
* test_e24_hidden_safe_blocked_before_break
* test_e24_hidden_safe_works_after_break
* test_apply_pressure_enables_at_exact_gate
* test_pressure_break_unlocks_who_else_knew
* test_apply_pressure_blocked_after_break
* test_phase_returns_to_interrogation_after_break
* test_who_else_knew_topic_is_discussable_after_break
* test_present_evidence_disabled_without_focus
* test_present_evidence_enabled_with_focus_and_evidence
* test_apply_pressure_disabled_then_enabled
* test_save_load_preserves_mark_progress
* test_save_load_preserves_mid_session_fired_evidence
* test_save_load_preserves_contradiction_markers
* test_save_load_preserves_unlocked_topics
[1m45/45 passed.
[0m[4m

res://tests/scenario/test_object_display_status.gd
[0m* test_initial_display_status_not_inspected
* test_status_fully_processed_after_raw_discovery
* test_status_stays_fully_processed_after_lab_submission
* test_status_fully_processed_after_lab_result
* test_clue_count_correct_before_lab
* test_clue_count_correct_after_lab_submission
* test_clue_count_correct_after_lab_completion
* test_location_no_lab_pending_after_completion
* test_object_without_lab_fully_processed
[1m9/9 passed.
[0m[4m

res://tests/scenario/test_phase11_scenarios.gd
[0m* test_scenario_evidence_to_arrest
* test_scenario_progressive_category_building
* test_scenario_parallel_suspect_investigation
* test_scenario_lab_capacity_management
WARNING: [LabManager] Maximum concurrent requests reached (3).
     at: push_warning (core/variant/variant_utility.cpp:1034)
     GDScript backtrace (most recent call first):
         [0] _submit_request_internal (res://scripts/managers/lab_manager.gd:129)
         [1] submit_request (res://scripts/managers/lab_manager.gd:94)
         [2] test_scenario_lab_capacity_management (res://tests/scenario/test_phase11_scenarios.gd:291)
         [3] _run_test (res://addons/gut/gut.gd:615)
         [4] _test_the_scripts (res://addons/gut/gut.gd:818)
* test_scenario_warrant_denial_and_retry
* test_scenario_state_persistence
[1m6/6 passed.
[0m[4m

res://tests/scenario/test_sarah_klein_interrogation.gd
[0m* test_session_initializes_correctly
* test_base_topics_appear_on_start
* test_what_heard_topic_adds_statement
* test_why_not_look_topic_adds_statement
* test_argue_often_topic_adds_statement
* test_wrong_evidence_does_not_fire
* test_correct_evidence_wrong_focus_does_not_fire
* test_hallway_camera_trigger_fires_correctly
* test_shoe_print_trigger_fires_correctly
* test_shoe_print_blocked_before_confronted
* test_pressure_increments_correctly
* test_apply_pressure_only_enables_at_threshold
* test_apply_pressure_only_works_once
* test_break_adds_witness_statement
* test_repeated_evidence_does_not_duplicate
* test_save_load_preserves_sarah_progress
* test_full_sarah_interrogation_end_to_end
* test_apply_pressure_blocked_with_no_pressure
* test_rejection_text_from_sarah_pool
* test_save_load_preserves_unlocked_topics
* test_topics_dont_leak_with_pre_discovered_evidence
* test_shoe_print_wrong_focus_returns_prerequisite_not_met
* test_shoe_print_fires_via_topic_focus
* test_full_sarah_path_via_topics
* test_correct_evidence_wrong_focus_returns_wrong_focus
* test_break_unlocked_topic_available_after_break
[1m26/26 passed.
[0m[4m

res://tests/scenario/test_theory_scenarios.gd
[0m* test_scenario_competing_theories
* test_scenario_progressive_building
* test_scenario_timeline_integrated_theory
* test_scenario_theory_revision
* test_scenario_full_investigation_with_persistence
* test_scenario_delete_and_recreate
[1m6/6 passed.
[0m[4m

res://tests/scenario/test_timeline_scenarios.gd
[0m* test_scenario_reconstruct_day1_full
* test_scenario_add_hypothesis_reveals_overlap
* test_scenario_multi_day_with_persistence
* test_scenario_complex_overlap_detection
* test_scenario_move_event_resolves_overlap
* test_scenario_clear_and_rebuild
[1m6/6 passed.
[0m



[33m==============================================
[0m[33m= Run Summary
[0m[33m==============================================
[0m[4m
res://tests/unit/test_evidence_archive_ui.gd
[0m- test_archive_card_shows_lab_badge_immediately_after_submit
[31m    [Failed]:  [0mExpected [ARRAY([])] to contain value:  ["LAB"]:  Evidence archive cards should refresh their LAB badge immediately after submission.
          at line 328

Totals
------
Scripts              65
Tests              1629
Passing Tests      1628
Failing Tests         1
Asserts           5129/5130
Time              53.774s


[31m---- 1 failing tests ----
[0m
